[13:58:09] STARTING a fresh run 2026-08-04_1358 (--fresh was given)
[13:58:09]   cache snapshot   : id_mapping_cache.json, enrichment_cache.json
[13:58:09] fetching papers (topics=topics_verify_B2c.txt, limit=none) ...
[13:58:09]   + PMC12096016  (43667 chars)  (untitled)
[13:58:09] planned 1 paper(s) x 1 mode(s) = 1 run(s); 0 candidate(s) skipped (see skipped.json)
[13:58:09] acquisition funnel: requested 1, examined 1, eligible 1, ineligible 0, no_full_text 0, accepted 1
[13:58:09] running 1 paper+mode pair(s) sequentially
[13:58:09] whole-night deadline : 10.0h from now
[13:58:09] [1/1] PMC12096016 / research -> starting (timeout 1800s)
[14:15:15] [1/1] PMC12096016 / research -> PASS WITH WARNINGS in 1025.2s (17m05s)
[14:15:15]     ! runtime-schema finding (informational, not blocking): [post_audit_contract_report.runtime_schema_report] entity_missing_mapping_meta @ /entities/subcellular_locations/4/mapping_meta: Mapped entity with a name is missing mapping_meta.
[14:15:15]     ! runtime-schema finding (informational, not blocking): [post_normalization_contract_report.runtime_schema_report] entity_missing_mapping_meta @ /entities/subcellular_locations/4/mapping_meta: Mapped entity with a name is missing mapping_meta.
[14:15:15]     ! strict gate error (research mode: review flag, not blocking): gate.protein_entb_is_missing_a_uniprot_or_drugbank_identifier @ /entities/proteins/0: Protein 'EntB' is missing a UniProt or DrugBank identifier.
[14:15:15]     ! strict gate error (research mode: review flag, not blocking): gate.protein_entc_is_missing_a_uniprot_or_drugbank_identifier @ /entities/proteins/1: Protein 'EntC' is missing a UniProt or DrugBank identifier.
[14:15:15]     ! strict gate error (research mode: review flag, not blocking): gate.protein_enta_is_missing_a_uniprot_or_drugbank_identifier @ /entities/proteins/2: Protein 'EntA' is missing a UniProt or DrugBank identifier.
[14:15:15]     ! strict gate error (research mode: review flag, not blocking): gate.protein_ente_is_missing_a_uniprot_or_drugbank_identifier @ /entities/proteins/3: Protein 'EntE' is missing a UniProt or DrugBank identifier.
[14:15:15]     ! strict gate error (research mode: review flag, not blocking): gate.protein_entf_is_missing_a_uniprot_or_drugbank_identifier @ /entities/proteins/4: Protein 'EntF' is missing a UniProt or DrugBank identifier.
[14:15:15]     ! strict gate error (research mode: review flag, not blocking): gate.protein_entd_is_missing_a_uniprot_or_drugbank_identifier @ /entities/proteins/5: Protein 'EntD' is missing a UniProt or DrugBank identifier.
[14:15:15]     ! strict gate error (research mode: review flag, not blocking): gate.protein_fur_is_missing_a_uniprot_or_drugbank_identifier @ /entities/proteins/6: Protein 'Fur' is missing a UniProt or DrugBank identifier.
[14:15:15]     ! strict gate error (research mode: review flag, not blocking): gate.protein_tolc_is_missing_a_uniprot_or_drugbank_identifier @ /entities/proteins/7: Protein 'TolC' is missing a UniProt or DrugBank identifier.
[14:15:15]     ! strict gate error (research mode: review flag, not blocking): gate.protein_tonb_is_missing_a_uniprot_or_drugbank_identifier @ /entities/proteins/8: Protein 'TonB' is missing a UniProt or DrugBank identifier.
[14:15:15]     ! strict gate error (research mode: review flag, not blocking): gate.protein_mend_is_missing_a_uniprot_or_drugbank_identifier @ /entities/proteins/9: Protein 'MenD' is missing a UniProt or DrugBank identifier.
[14:15:15]     ! strict gate error (research mode: review flag, not blocking): and 2 more gate error(s); all of them are in review_flags.json and the gate report files
[14:15:15]     1/1 done | strict 0 pass | research 1 pass | 1 NO DELIVERABLE
[14:15:15] run directory : C:\Users\Angad\Desktop\SummerBIOIN\Project14-T2PW\runs_verify\2026-08-04_1358
[14:15:15] summary       : C:\Users\Angad\Desktop\SummerBIOIN\Project14-T2PW\runs_verify\2026-08-04_1358\SUMMARY.txt
[14:15:15] fix-list      : C:\Users\Angad\Desktop\SummerBIOIN\Project14-T2PW\runs_verify\2026-08-04_1358\failures_by_code.txt
[14:15:15] PASSED WITH WARNINGS: 1 paper+mode run(s) passed but 1 produced no deliverable or lost an artifact on write -- see SUMMARY.txt
