[21:22:34] STARTING a fresh run 2026-07-28_2122 (--fresh was given)
[21:22:34]   cache snapshot   : id_mapping_cache.json, enrichment_cache.json
[21:22:34] fetching papers (topics=C:\Users\Angad\Desktop\SummerBIOIN\Project14-T2PW\topics.txt, limit=none) ...
[21:22:34]   + PMC12444477__the-regulation-of-lipid-a-biosynthesis  (82306 chars)  The regulation of lipid A biosynthesis.
[21:22:34]   + PMC13278307__an-overview-of-mobile-colistin-resistance-mcr-g  (50377 chars)  An Overview of Mobile Colistin Resistance (mcr) Genes in Gram-Negative Bacilli.
[21:22:34]   + PMC13231680__mechanistic-insights-into-phthalylsulfacetamide  (61997 chars)  Mechanistic insights into phthalylsulfacetamide-induced restoration of meropenem bactericidal activity in NDM-1-positive Escherichia coli.
[21:22:34]   + PMC12624714__membrane-proteins-clcb-ptsi-and-ycam-mediate-th  (45965 chars)  Membrane Proteins ClcB, PtsI, and YcaM Mediate the Bactericidal Effects of Colistin in &lt;i&gt;Escherichia coli&lt;/i&gt;.
[21:22:34]   + PMC12971581__ochrobactrum-anthropi-causing-fournier-s-gangre  (19327 chars)  Ochrobactrum anthropi Causing Fournier's Gangrene: A Report of a Rare Case.
[21:22:34]   + PMC13139079__environmental-resistome-of-culturable-gram-nega  (99400 chars)  Environmental resistome of culturable gram-negative bacilli from the Yaque del Norte River: baseline genomic evidence for one health surveillance.
[21:22:34]   + PMC12312563__structures-of-listeria-monocytogenes-mend-in-th  (47406 chars)  Structures of Listeria monocytogenes MenD in ThDP-bound and in-crystallo captured intermediate I-bound forms.
[21:22:34]   + PMC12657337__high-level-production-of-vitamin-k2-in-lt-i-gt  (57814 chars)  High-level production of vitamin K2 in &lt;i&gt;Escherichia coli&lt;/i&gt; via modular molecular engineering.
[21:22:34]   + PMC12935629__microbial-biofortification-of-fermented-foods-a  (82075 chars)  Microbial biofortification of fermented foods: a review of probiotic-mediated nutrient enhancement.
[21:22:34]   + PMC12421875__the-growth-benefits-and-toxicity-of-quinone-bio  (62985 chars)  The growth benefits and toxicity of quinone biosynthesis are balanced by a dual regulatory mechanism and substrate limitations.
[21:22:34]   + PMC11946230__a-high-throughput-screening-strategy-for-lt-i-g  (56775 chars)  A High-Throughput Screening Strategy for &lt;i&gt;Bacillus subtilis&lt;/i&gt; Producing Menaquinone-7 Based on Fluorescence-Activated Cell Sorting.
[21:22:34]   + PMC13264790__comprehensive-bioinformatics-and-experimental-a  (56880 chars)  Comprehensive bioinformatics and experimental analysis of PPOX reveals its carcinogenic effect in clear cell renal cell carcinoma.
[21:22:34]   + PMC12180156__update-of-the-sideroflexin-slc56-gene-family  (67304 chars)  Update of the sideroflexin (SLC56) gene family.
[21:22:34]   + PMC13233763__glycine-the-missing-link-between-carbohydrate-a  (63898 chars)  Glycine: The missing link between carbohydrate and xenobiotic metabolism in the maturing human hepatocyte.
[21:22:34]   + PMC12898691__cladeoscope-gsa-revealing-evolutionary-associat  (27668 chars)  CladeOScope-GSA: Revealing Evolutionary Associations Across Gene Sets.
[21:22:34]   + PMC12856317__a-reversible-feedback-mechanism-regulating-mito  (54436 chars)  A reversible feedback mechanism regulating mitochondrial heme synthesis.
[21:22:34]   + PMC12797059__association-of-gender-and-main-comorbidities-wi  (43542 chars)  Association of gender and main comorbidities with expression of lncRNAs and mRNAs in COVID-19 patients
[21:22:34]   + PMC12452463__enterobactin-a-key-player-in-bacterial-iron-acq  (68085 chars)  Enterobactin: A key player in bacterial iron acquisition and virulence and its implications for vaccine development and antimicrobial strategies.
[21:22:34]   + PMC12649316__genotypic-characterization-of-virulence-factors  (62488 chars)  Genotypic Characterization of Virulence Factors in Extended-Spectrum Beta-Lactamase (ESBL)-Producing &lt;i&gt;Escherichia coli&lt;/i&gt; Strains from Chickens in Hungary.
[21:22:34]   + PMC12096016__the-enterobactin-biosynthetic-intermediate-2-3  (43667 chars)  The enterobactin biosynthetic intermediate 2,3-dihydroxybenzoic acid is a competitive inhibitor of the Escherichia coli isochorismatase EntB.
[21:22:34]   + PMC13010160__despite-inducing-antioxidant-regulation-superox  (45117 chars)  Despite inducing antioxidant regulation, superoxide dismutase deficiency makes &lt;i&gt;Escherichia coli&lt;/i&gt; more sensitive to hydrogen peroxide.
[21:22:34]   + PMC12737783__virulence-gene-profiles-of-extended-spectrum-la  (82731 chars)  Virulence Gene Profiles of Extended-Spectrum β-Lactamase (ESBL)-Producing &lt;i&gt;Escherichia coli&lt;/i&gt; Isolated from Turkeys in Hungary: A Whole-Genome Sequencing Study.
[21:22:34]   + PMC12113831__in-vitro-evaluation-of-the-healing-potential-an  (71594 chars)  In Vitro Evaluation of the Healing Potential and Proteomic Study of &lt;i&gt;Quercus robur&lt;/i&gt; L. Leaf Extracts in Human Keratinocytes.
[21:22:34]   + PMC12993329__cd79a-cd40-intracellular-domain-uses-a-4-1bb-li  (66524 chars)  CD79A/CD40 intracellular domain uses a 4-1BB-like metabolic pathway driven by cholesterol biosynthesis.
[21:22:34]   + PMC12428349__cholesterol-regulates-airway-epithelial-cell-di  (70054 chars)  Cholesterol Regulates Airway Epithelial Cell Differentiation by Inhibiting p53 Nuclear Translocation.
[21:22:34]   + PMC12782028__cholesterol-and-steroid-synthesis-pathways-may  (43679 chars)  Cholesterol and steroid synthesis pathways may be involved in the inhibition of osteosarcoma cell viability by calcium-sensing receptor antagonism.
[21:22:34]   + PMC11385646__a-multi-layered-integrative-analysis-reveals-a  (47420 chars)  A multi-layered integrative analysis reveals a cholesterol metabolic program in outer radial glia with implications for human brain evolution.
[21:22:34]   + PMC12705669__histone-methyltransferase-prdm9-promotes-surviv  (107536 chars)  Histone methyltransferase PRDM9 promotes survival of drug-tolerant persister cells in glioblastoma.
[21:22:34] planned 28 paper(s) x 2 mode(s) = 56 run(s); 8 candidate(s) skipped (see skipped.json)
[21:22:34] running 56 paper+mode pair(s) sequentially
[21:22:34] whole-night deadline : 10.0h from now
[21:22:34] [1/56] PMC12444477__the-regulation-of-lipid-a-biosynthesis / strict -> starting (timeout 3600s)
[22:19:36] [1/56] PMC12444477__the-regulation-of-lipid-a-biosynthesis / strict -> FAIL (contract) in 3421.4s (57m01s)
[22:19:36]     ! runtime-schema finding (informational, not blocking): [post_audit_contract_report.runtime_schema_report] entity_missing_mapping_meta @ /entities/subcellular_locations/4/mapping_meta: Mapped entity with a name is missing mapping_meta.
[22:19:36]     ! runtime-schema finding (informational, not blocking): [post_audit_contract_report.runtime_schema_report] mapping_resolution_required @ /entities/compounds/53/mapping_meta/resolution: Mapping metadata must include a resolution object.
[22:19:36]     ! runtime-schema finding (informational, not blocking): [post_audit_contract_report.runtime_schema_report] entity_missing_mapping_meta @ /entities/compounds/54/mapping_meta: Mapped entity with a name is missing mapping_meta.
[22:19:36]     ! runtime-schema finding (informational, not blocking): [post_audit_contract_report.runtime_schema_report] entity_missing_mapping_meta @ /entities/compounds/55/mapping_meta: Mapped entity with a name is missing mapping_meta.
[22:19:36]     ! runtime-schema finding (informational, not blocking): [post_audit_contract_report.runtime_schema_report] mapping_resolution_required @ /entities/proteins/21/mapping_meta/resolution: Mapping metadata must include a resolution object.
[22:19:36]     ! runtime-schema finding (informational, not blocking): [post_normalization_contract_report.runtime_schema_report] entity_missing_mapping_meta @ /entities/subcellular_locations/4/mapping_meta: Mapped entity with a name is missing mapping_meta.
[22:19:36]     ! runtime-schema finding (informational, not blocking): [post_normalization_contract_report.runtime_schema_report] entity_missing_mapping_meta @ /entities/compounds/53/mapping_meta: Mapped entity with a name is missing mapping_meta.
[22:19:36]     ! runtime-schema finding (informational, not blocking): [post_normalization_contract_report.runtime_schema_report] entity_missing_mapping_meta @ /entities/compounds/54/mapping_meta: Mapped entity with a name is missing mapping_meta.
[22:19:36]     ! runtime-schema finding (informational, not blocking): [post_normalization_contract_report.runtime_schema_report] entity_missing_mapping_meta @ /entities/compounds/55/mapping_meta: Mapped entity with a name is missing mapping_meta.
[22:19:36]     ! runtime-schema finding (informational, not blocking): [post_normalization_contract_report.runtime_schema_report] entity_missing_mapping_meta @ /entities/proteins/22/mapping_meta: Mapped entity with a name is missing mapping_meta.
[22:19:36]     ! runtime-schema finding (informational, not blocking): and 1 more finding(s); all of them are in contract_reports.json
[22:19:36]     1/28 done | strict 0 pass 1 fail | research 0 pass
[22:19:36] [2/56] PMC12444477__the-regulation-of-lipid-a-biosynthesis / research -> starting (timeout 3600s)
[23:06:55] [2/56] PMC12444477__the-regulation-of-lipid-a-biosynthesis / research -> PASS WITH WARNINGS in 2838.5s (47m18s)
[23:06:55]     ! runtime-schema finding (informational, not blocking): [post_audit_contract_report.runtime_schema_report] entity_missing_mapping_meta @ /entities/subcellular_locations/5/mapping_meta: Mapped entity with a name is missing mapping_meta.
[23:06:55]     ! runtime-schema finding (informational, not blocking): [post_audit_contract_report.runtime_schema_report] entity_missing_mapping_meta @ /entities/proteins/21/mapping_meta: Mapped entity with a name is missing mapping_meta.
[23:06:55]     ! runtime-schema finding (informational, not blocking): [post_normalization_contract_report.runtime_schema_report] entity_missing_mapping_meta @ /entities/subcellular_locations/5/mapping_meta: Mapped entity with a name is missing mapping_meta.
[23:06:55]     ! runtime-schema finding (informational, not blocking): [post_normalization_contract_report.runtime_schema_report] entity_missing_mapping_meta @ /entities/proteins/21/mapping_meta: Mapped entity with a name is missing mapping_meta.
[23:06:55]     ! strict gate error (research mode: review flag, not blocking): gate.protein_lipoprotein_is_missing_species_organism @ /entities/proteins/21: Protein 'lipoprotein' is missing species/organism.
[23:06:55]     ! strict gate error (research mode: review flag, not blocking): gate.protein_lipoprotein_is_missing_a_uniprot_or_drugbank_identifier @ /entities/proteins/21: Protein 'lipoprotein' is missing a UniProt or DrugBank identifier.
[23:06:55]     1/28 done | strict 0 pass 1 fail | research 1 pass | 1 NO DELIVERABLE
[23:06:55] [3/56] PMC13278307__an-overview-of-mobile-colistin-resistance-mcr-g / strict -> starting (timeout 3600s)
[23:07:18] [3/56] PMC13278307__an-overview-of-mobile-colistin-resistance-mcr-g / strict -> FAIL (ambiguous_review_scope) in 22.2s
[23:07:18]     2/28 done | strict 0 pass 2 fail | research 1 pass | 1 NO DELIVERABLE
[23:07:18] [4/56] PMC13278307__an-overview-of-mobile-colistin-resistance-mcr-g / research -> starting (timeout 3600s)
[23:07:37] [4/56] PMC13278307__an-overview-of-mobile-colistin-resistance-mcr-g / research -> FAIL (ambiguous_review_scope) in 19.2s
[23:07:37]     2/28 done | strict 0 pass 2 fail | research 1 pass 1 fail | 1 NO DELIVERABLE | 1 RESEARCH DEFECT
[23:07:37] [5/56] PMC13231680__mechanistic-insights-into-phthalylsulfacetamide / strict -> starting (timeout 3600s)
[23:42:03] [5/56] PMC13231680__mechanistic-insights-into-phthalylsulfacetamide / strict -> FAIL (contract) in 2065.5s (34m25s)
[23:42:03]     ! runtime-schema finding (informational, not blocking): [post_audit_contract_report.runtime_schema_report] entity_missing_mapping_meta @ /entities/subcellular_locations/0/mapping_meta: Mapped entity with a name is missing mapping_meta.
[23:42:03]     ! runtime-schema finding (informational, not blocking): [post_normalization_contract_report.runtime_schema_report] entity_missing_mapping_meta @ /entities/proteins/14/mapping_meta: Mapped entity with a name is missing mapping_meta.
[23:42:03]     ! runtime-schema finding (informational, not blocking): [post_normalization_contract_report.runtime_schema_report] entity_missing_mapping_meta @ /entities/subcellular_locations/0/mapping_meta: Mapped entity with a name is missing mapping_meta.
[23:42:03]     3/28 done | strict 0 pass 3 fail | research 1 pass 1 fail | 1 NO DELIVERABLE | 1 RESEARCH DEFECT
[23:42:03] [6/56] PMC13231680__mechanistic-insights-into-phthalylsulfacetamide / research -> starting (timeout 3600s)
[23:43:10] [6/56] PMC13231680__mechanistic-insights-into-phthalylsulfacetamide / research -> FAIL (contract) in 65.7s
[23:43:10]     3/28 done | strict 0 pass 3 fail | research 1 pass 2 fail | 1 NO DELIVERABLE | 2 RESEARCH DEFECT
[23:43:10] [7/56] PMC12624714__membrane-proteins-clcb-ptsi-and-ycam-mediate-th / strict -> starting (timeout 3600s)
[00:04:11] [7/56] PMC12624714__membrane-proteins-clcb-ptsi-and-ycam-mediate-th / strict -> FAIL (no_reactions) in 1260.6s (21m00s)
[00:04:11]     4/28 done | strict 0 pass 4 fail | research 1 pass 2 fail | 1 NO DELIVERABLE | 2 RESEARCH DEFECT
[00:04:11] [8/56] PMC12624714__membrane-proteins-clcb-ptsi-and-ycam-mediate-th / research -> starting (timeout 3600s)
[00:38:18] [8/56] PMC12624714__membrane-proteins-clcb-ptsi-and-ycam-mediate-th / research -> PASS WITH WARNINGS in 2045.7s (34m05s)
[00:38:18]     ! runtime-schema finding (informational, not blocking): [post_audit_contract_report.runtime_schema_report] entity_missing_mapping_meta @ /entities/subcellular_locations/4/mapping_meta: Mapped entity with a name is missing mapping_meta.
[00:38:18]     ! runtime-schema finding (informational, not blocking): [post_normalization_contract_report.runtime_schema_report] entity_missing_mapping_meta @ /entities/subcellular_locations/4/mapping_meta: Mapped entity with a name is missing mapping_meta.
[00:38:18]     4/28 done | strict 0 pass 4 fail | research 2 pass 2 fail | 2 NO DELIVERABLE | 2 RESEARCH DEFECT
[00:38:18] [9/56] PMC12971581__ochrobactrum-anthropi-causing-fournier-s-gangre / strict -> starting (timeout 3600s)
[00:38:57] [9/56] PMC12971581__ochrobactrum-anthropi-causing-fournier-s-gangre / strict -> FAIL (contract) in 38.6s
[00:38:57]     5/28 done | strict 0 pass 5 fail | research 2 pass 2 fail | 2 NO DELIVERABLE | 2 RESEARCH DEFECT
[00:38:57] [10/56] PMC12971581__ochrobactrum-anthropi-causing-fournier-s-gangre / research -> starting (timeout 3600s)
[00:39:28] [10/56] PMC12971581__ochrobactrum-anthropi-causing-fournier-s-gangre / research -> FAIL (contract) in 29.5s
[00:39:28]     5/28 done | strict 0 pass 5 fail | research 2 pass 3 fail | 2 NO DELIVERABLE | 3 RESEARCH DEFECT
[00:39:28] [11/56] PMC13139079__environmental-resistome-of-culturable-gram-nega / strict -> starting (timeout 3600s)
[00:39:45] [11/56] PMC13139079__environmental-resistome-of-culturable-gram-nega / strict -> FAIL (contract) in 16.6s
[00:39:45]     6/28 done | strict 0 pass 6 fail | research 2 pass 3 fail | 2 NO DELIVERABLE | 3 RESEARCH DEFECT
[00:39:45] [12/56] PMC13139079__environmental-resistome-of-culturable-gram-nega / research -> starting (timeout 3600s)
[00:40:31] [12/56] PMC13139079__environmental-resistome-of-culturable-gram-nega / research -> FAIL (contract) in 44.2s
[00:40:31]     6/28 done | strict 0 pass 6 fail | research 2 pass 4 fail | 2 NO DELIVERABLE | 4 RESEARCH DEFECT
[00:40:31] [13/56] PMC12312563__structures-of-listeria-monocytogenes-mend-in-th / strict -> starting (timeout 3600s)
[01:03:17] [13/56] PMC12312563__structures-of-listeria-monocytogenes-mend-in-th / strict -> FAIL (contract) in 1364.8s (22m44s)
[01:03:17]     ! runtime-schema finding (informational, not blocking): [post_audit_contract_report.runtime_schema_report] entity_missing_mapping_meta @ /entities/subcellular_locations/1/mapping_meta: Mapped entity with a name is missing mapping_meta.
[01:03:17]     ! runtime-schema finding (informational, not blocking): [post_audit_contract_report.runtime_schema_report] entity_missing_mapping_meta @ /entities/compounds/13/mapping_meta: Mapped entity with a name is missing mapping_meta.
[01:03:17]     ! runtime-schema finding (informational, not blocking): [post_normalization_contract_report.runtime_schema_report] entity_missing_mapping_meta @ /entities/subcellular_locations/1/mapping_meta: Mapped entity with a name is missing mapping_meta.
[01:03:17]     ! runtime-schema finding (informational, not blocking): [post_normalization_contract_report.runtime_schema_report] entity_missing_mapping_meta @ /entities/compounds/13/mapping_meta: Mapped entity with a name is missing mapping_meta.
[01:03:17]     7/28 done | strict 0 pass 7 fail | research 2 pass 4 fail | 2 NO DELIVERABLE | 4 RESEARCH DEFECT
[01:03:17] [14/56] PMC12312563__structures-of-listeria-monocytogenes-mend-in-th / research -> starting (timeout 3600s)
[01:25:04] [14/56] PMC12312563__structures-of-listeria-monocytogenes-mend-in-th / research -> PASS WITH WARNINGS in 1305.8s (21m45s)
[01:25:04]     ! runtime-schema finding (informational, not blocking): [post_audit_contract_report.runtime_schema_report] entity_missing_mapping_meta @ /entities/subcellular_locations/1/mapping_meta: Mapped entity with a name is missing mapping_meta.
[01:25:04]     ! runtime-schema finding (informational, not blocking): [post_normalization_contract_report.runtime_schema_report] entity_missing_mapping_meta @ /entities/subcellular_locations/1/mapping_meta: Mapped entity with a name is missing mapping_meta.
[01:25:04]     7/28 done | strict 0 pass 7 fail | research 3 pass 4 fail | 3 NO DELIVERABLE | 4 RESEARCH DEFECT
[01:25:04] [15/56] PMC12657337__high-level-production-of-vitamin-k2-in-lt-i-gt / strict -> starting (timeout 3600s)
[02:07:49] [15/56] PMC12657337__high-level-production-of-vitamin-k2-in-lt-i-gt / strict -> FAIL (contract) in 2563.3s (42m43s)
[02:07:49]     ! runtime-schema finding (informational, not blocking): [post_audit_contract_report.runtime_schema_report] entity_missing_mapping_meta @ /entities/subcellular_locations/2/mapping_meta: Mapped entity with a name is missing mapping_meta.
[02:07:49]     ! runtime-schema finding (informational, not blocking): [post_normalization_contract_report.runtime_schema_report] entity_missing_mapping_meta @ /entities/subcellular_locations/2/mapping_meta: Mapped entity with a name is missing mapping_meta.
[02:07:49]     8/28 done | strict 0 pass 8 fail | research 3 pass 4 fail | 3 NO DELIVERABLE | 4 RESEARCH DEFECT
[02:07:49] [16/56] PMC12657337__high-level-production-of-vitamin-k2-in-lt-i-gt / research -> starting (timeout 3600s)
[03:03:14] [16/56] PMC12657337__high-level-production-of-vitamin-k2-in-lt-i-gt / research -> PASS WITH WARNINGS in 3323.6s (55m23s)
[03:03:14]     ! runtime-schema finding (informational, not blocking): [post_audit_contract_report.runtime_schema_report] entity_missing_mapping_meta @ /entities/compounds/102/mapping_meta: Mapped entity with a name is missing mapping_meta.
[03:03:14]     ! runtime-schema finding (informational, not blocking): [post_audit_contract_report.runtime_schema_report] entity_missing_mapping_meta @ /entities/subcellular_locations/0/mapping_meta: Mapped entity with a name is missing mapping_meta.
[03:03:14]     ! runtime-schema finding (informational, not blocking): [post_normalization_contract_report.runtime_schema_report] entity_missing_mapping_meta @ /entities/compounds/102/mapping_meta: Mapped entity with a name is missing mapping_meta.
[03:03:14]     ! runtime-schema finding (informational, not blocking): [post_normalization_contract_report.runtime_schema_report] entity_missing_mapping_meta @ /entities/subcellular_locations/0/mapping_meta: Mapped entity with a name is missing mapping_meta.
[03:03:14]     ! strict gate error (research mode: review flag, not blocking): gate.protein_ecmena_is_missing_a_uniprot_or_drugbank_identifier @ /entities/proteins/0: Protein 'EcMenA' is missing a UniProt or DrugBank identifier.
[03:03:14]     ! strict gate error (research mode: review flag, not blocking): gate.protein_bsubie_is_missing_a_uniprot_or_drugbank_identifier @ /entities/proteins/1: Protein 'BsUbiE' is missing a UniProt or DrugBank identifier.
[03:03:14]     ! strict gate error (research mode: review flag, not blocking): gate.protein_bsheppps_is_missing_a_uniprot_or_drugbank_identifier @ /entities/proteins/2: Protein 'BsHepPPS' is missing a UniProt or DrugBank identifier.
[03:03:14]     ! strict gate error (research mode: review flag, not blocking): gate.protein_ecidi_is_missing_a_uniprot_or_drugbank_identifier @ /entities/proteins/3: Protein 'ECidi' is missing a UniProt or DrugBank identifier.
[03:03:14]     ! strict gate error (research mode: review flag, not blocking): gate.protein_efmvae_is_missing_a_uniprot_or_drugbank_identifier @ /entities/proteins/4: Protein 'EfmvaE' is missing a UniProt or DrugBank identifier.
[03:03:14]     ! strict gate error (research mode: review flag, not blocking): gate.protein_efmvas_is_missing_a_uniprot_or_drugbank_identifier @ /entities/proteins/5: Protein 'EfmvaS' is missing a UniProt or DrugBank identifier.
[03:03:14]     ! strict gate error (research mode: review flag, not blocking): gate.protein_mmmvk_is_missing_a_uniprot_or_drugbank_identifier @ /entities/proteins/6: Protein 'MmmvK' is missing a UniProt or DrugBank identifier.
[03:03:14]     ! strict gate error (research mode: review flag, not blocking): gate.protein_scpmk_is_missing_a_uniprot_or_drugbank_identifier @ /entities/proteins/7: Protein 'ScpmK' is missing a UniProt or DrugBank identifier.
[03:03:14]     ! strict gate error (research mode: review flag, not blocking): gate.protein_scmvd_is_missing_a_uniprot_or_drugbank_identifier @ /entities/proteins/8: Protein 'ScmvD' is missing a UniProt or DrugBank identifier.
[03:03:14]     ! strict gate error (research mode: review flag, not blocking): gate.protein_amino_deoxychorismate_adc_synthase_is_missing_a_uniprot_ @ /entities/proteins/16: Protein '4-amino-4-deoxychorismate (ADC) synthase' is missing a UniProt or DrugBank identifier.
[03:03:14]     ! strict gate error (research mode: review flag, not blocking): and 7 more gate error(s); all of them are in review_flags.json and the gate report files
[03:03:14]     8/28 done | strict 0 pass 8 fail | research 4 pass 4 fail | 4 NO DELIVERABLE | 4 RESEARCH DEFECT
[03:03:14] [17/56] PMC12935629__microbial-biofortification-of-fermented-foods-a / strict -> starting (timeout 3600s)
[03:04:13] [17/56] PMC12935629__microbial-biofortification-of-fermented-foods-a / strict -> FAIL (ambiguous_review_scope) in 57.4s
[03:04:13]     9/28 done | strict 0 pass 9 fail | research 4 pass 4 fail | 4 NO DELIVERABLE | 4 RESEARCH DEFECT
[03:04:13] [18/56] PMC12935629__microbial-biofortification-of-fermented-foods-a / research -> starting (timeout 3600s)
[03:04:57] [18/56] PMC12935629__microbial-biofortification-of-fermented-foods-a / research -> FAIL (ambiguous_review_scope) in 43.6s
[03:04:57]     9/28 done | strict 0 pass 9 fail | research 4 pass 5 fail | 4 NO DELIVERABLE | 5 RESEARCH DEFECT
[03:04:57] [19/56] PMC12421875__the-growth-benefits-and-toxicity-of-quinone-bio / strict -> starting (timeout 3600s)
[03:57:02] [19/56] PMC12421875__the-growth-benefits-and-toxicity-of-quinone-bio / strict -> FAIL (contract) in 3123.7s (52m03s)
[03:57:02]     ! runtime-schema finding (informational, not blocking): [post_audit_contract_report.runtime_schema_report] entity_missing_mapping_meta @ /entities/subcellular_locations/2/mapping_meta: Mapped entity with a name is missing mapping_meta.
[03:57:02]     ! runtime-schema finding (informational, not blocking): [post_audit_contract_report.runtime_schema_report] entity_missing_mapping_meta @ /entities/compounds/21/mapping_meta: Mapped entity with a name is missing mapping_meta.
[03:57:02]     ! runtime-schema finding (informational, not blocking): [post_audit_contract_report.runtime_schema_report] entity_missing_mapping_meta @ /entities/compounds/22/mapping_meta: Mapped entity with a name is missing mapping_meta.
[03:57:02]     ! runtime-schema finding (informational, not blocking): [post_normalization_contract_report.runtime_schema_report] entity_missing_mapping_meta @ /entities/subcellular_locations/2/mapping_meta: Mapped entity with a name is missing mapping_meta.
[03:57:02]     ! runtime-schema finding (informational, not blocking): [post_normalization_contract_report.runtime_schema_report] entity_missing_mapping_meta @ /entities/compounds/21/mapping_meta: Mapped entity with a name is missing mapping_meta.
[03:57:02]     ! runtime-schema finding (informational, not blocking): [post_normalization_contract_report.runtime_schema_report] entity_missing_mapping_meta @ /entities/compounds/22/mapping_meta: Mapped entity with a name is missing mapping_meta.
[03:57:02]     10/28 done | strict 0 pass 10 fail | research 4 pass 5 fail | 4 NO DELIVERABLE | 5 RESEARCH DEFECT
[03:57:02] [20/56] PMC12421875__the-growth-benefits-and-toxicity-of-quinone-bio / research -> starting (timeout 3600s)
[04:33:02] [20/56] PMC12421875__the-growth-benefits-and-toxicity-of-quinone-bio / research -> PASS WITH WARNINGS in 2158.6s (35m58s)
[04:33:02]     ! runtime-schema finding (informational, not blocking): [post_audit_contract_report.runtime_schema_report] entity_missing_mapping_meta @ /entities/compounds/45/mapping_meta: Mapped entity with a name is missing mapping_meta.
[04:33:02]     ! runtime-schema finding (informational, not blocking): [post_audit_contract_report.runtime_schema_report] entity_missing_mapping_meta @ /entities/compounds/46/mapping_meta: Mapped entity with a name is missing mapping_meta.
[04:33:02]     ! runtime-schema finding (informational, not blocking): [post_audit_contract_report.runtime_schema_report] entity_missing_mapping_meta @ /entities/subcellular_locations/0/mapping_meta: Mapped entity with a name is missing mapping_meta.
[04:33:02]     ! runtime-schema finding (informational, not blocking): [post_normalization_contract_report.runtime_schema_report] entity_missing_mapping_meta @ /entities/compounds/45/mapping_meta: Mapped entity with a name is missing mapping_meta.
[04:33:02]     ! runtime-schema finding (informational, not blocking): [post_normalization_contract_report.runtime_schema_report] entity_missing_mapping_meta @ /entities/compounds/46/mapping_meta: Mapped entity with a name is missing mapping_meta.
[04:33:02]     ! runtime-schema finding (informational, not blocking): [post_normalization_contract_report.runtime_schema_report] entity_missing_mapping_meta @ /entities/subcellular_locations/0/mapping_meta: Mapped entity with a name is missing mapping_meta.
[04:33:02]     ! strict gate error (research mode: review flag, not blocking): gate.protein_geranyltranstransferase_is_missing_a_uniprot_or_drugbank @ /entities/proteins/12: Protein 'geranyltranstransferase' is missing a UniProt or DrugBank identifier.
[04:33:02]     ! strict gate error (research mode: review flag, not blocking): gate.protein_geranyltranstransferase_ispa_is_missing_a_uniprot_or_dru @ /entities/proteins/13: Protein 'geranyltranstransferase ( ispA )' is missing a UniProt or DrugBank identifier.
[04:33:02]     ! strict gate error (research mode: review flag, not blocking): gate.protein_llmg_is_missing_a_uniprot_or_drugbank_identifier @ /entities/proteins/22: Protein 'llmg_0196' is missing a UniProt or DrugBank identifier.
[04:33:02]     ! strict gate error (research mode: review flag, not blocking): gate.protein_mendhceb_is_missing_a_uniprot_or_drugbank_identifier @ /entities/proteins/24: Protein 'menDHCEB' is missing a UniProt or DrugBank identifier.
[04:33:02]     10/28 done | strict 0 pass 10 fail | research 5 pass 5 fail | 5 NO DELIVERABLE | 5 RESEARCH DEFECT
[04:33:02] [21/56] PMC11946230__a-high-throughput-screening-strategy-for-lt-i-g / strict -> starting (timeout 3600s)
[04:34:05] [21/56] PMC11946230__a-high-throughput-screening-strategy-for-lt-i-g / strict -> FAIL (contract) in 62.5s
[04:34:05]     11/28 done | strict 0 pass 11 fail | research 5 pass 5 fail | 5 NO DELIVERABLE | 5 RESEARCH DEFECT
[04:34:05] [22/56] PMC11946230__a-high-throughput-screening-strategy-for-lt-i-g / research -> starting (timeout 3600s)
[04:35:41] [22/56] PMC11946230__a-high-throughput-screening-strategy-for-lt-i-g / research -> FAIL (contract) in 95.8s (1m35s)
[04:35:41]     11/28 done | strict 0 pass 11 fail | research 5 pass 6 fail | 5 NO DELIVERABLE | 6 RESEARCH DEFECT
[04:35:41] [23/56] PMC13264790__comprehensive-bioinformatics-and-experimental-a / strict -> starting (timeout 3600s)
[04:39:39] [23/56] PMC13264790__comprehensive-bioinformatics-and-experimental-a / strict -> FAIL (contract) in 237.2s (3m57s)
[04:39:39]     12/28 done | strict 0 pass 12 fail | research 5 pass 6 fail | 5 NO DELIVERABLE | 6 RESEARCH DEFECT
[04:39:39] [24/56] PMC13264790__comprehensive-bioinformatics-and-experimental-a / research -> starting (timeout 3600s)
[04:40:44] [24/56] PMC13264790__comprehensive-bioinformatics-and-experimental-a / research -> FAIL (contract) in 64.2s
[04:40:44]     12/28 done | strict 0 pass 12 fail | research 5 pass 7 fail | 5 NO DELIVERABLE | 7 RESEARCH DEFECT
[04:40:44] [25/56] PMC12180156__update-of-the-sideroflexin-slc56-gene-family / strict -> starting (timeout 3600s)
[05:15:25] [25/56] PMC12180156__update-of-the-sideroflexin-slc56-gene-family / strict -> FAIL (contract) in 2080.5s (34m40s)
[05:15:25]     ! runtime-schema finding (informational, not blocking): [post_audit_contract_report.runtime_schema_report] entity_missing_mapping_meta @ /entities/subcellular_locations/2/mapping_meta: Mapped entity with a name is missing mapping_meta.
[05:15:25]     ! runtime-schema finding (informational, not blocking): [post_audit_contract_report.runtime_schema_report] mapping_resolution_required @ /entities/proteins/7/mapping_meta/resolution: Mapping metadata must include a resolution object.
[05:15:25]     ! runtime-schema finding (informational, not blocking): [post_normalization_contract_report.runtime_schema_report] entity_missing_mapping_meta @ /entities/subcellular_locations/2/mapping_meta: Mapped entity with a name is missing mapping_meta.
[05:15:25]     ! runtime-schema finding (informational, not blocking): [post_normalization_contract_report.runtime_schema_report] entity_missing_mapping_meta @ /entities/proteins/7/mapping_meta: Mapped entity with a name is missing mapping_meta.
[05:15:25]     13/28 done | strict 0 pass 13 fail | research 5 pass 7 fail | 5 NO DELIVERABLE | 7 RESEARCH DEFECT
[05:15:25] [26/56] PMC12180156__update-of-the-sideroflexin-slc56-gene-family / research -> starting (timeout 3600s)
[05:55:23] [26/56] PMC12180156__update-of-the-sideroflexin-slc56-gene-family / research -> PASS WITH WARNINGS in 2397.1s (39m57s)
[05:55:23]     ! runtime-schema finding (informational, not blocking): [post_audit_contract_report.runtime_schema_report] entity_missing_mapping_meta @ /entities/compounds/15/mapping_meta: Mapped entity with a name is missing mapping_meta.
[05:55:23]     ! runtime-schema finding (informational, not blocking): [post_audit_contract_report.runtime_schema_report] entity_missing_mapping_meta @ /entities/proteins/10/mapping_meta: Mapped entity with a name is missing mapping_meta.
[05:55:23]     ! runtime-schema finding (informational, not blocking): [post_audit_contract_report.runtime_schema_report] entity_missing_mapping_meta @ /entities/proteins/11/mapping_meta: Mapped entity with a name is missing mapping_meta.
[05:55:23]     ! runtime-schema finding (informational, not blocking): [post_audit_contract_report.runtime_schema_report] entity_missing_mapping_meta @ /entities/subcellular_locations/0/mapping_meta: Mapped entity with a name is missing mapping_meta.
[05:55:23]     ! runtime-schema finding (informational, not blocking): [post_normalization_contract_report.runtime_schema_report] entity_missing_mapping_meta @ /entities/compounds/15/mapping_meta: Mapped entity with a name is missing mapping_meta.
[05:55:23]     ! runtime-schema finding (informational, not blocking): [post_normalization_contract_report.runtime_schema_report] entity_missing_mapping_meta @ /entities/proteins/10/mapping_meta: Mapped entity with a name is missing mapping_meta.
[05:55:23]     ! runtime-schema finding (informational, not blocking): [post_normalization_contract_report.runtime_schema_report] entity_missing_mapping_meta @ /entities/proteins/11/mapping_meta: Mapped entity with a name is missing mapping_meta.
[05:55:23]     ! runtime-schema finding (informational, not blocking): [post_normalization_contract_report.runtime_schema_report] entity_missing_mapping_meta @ /entities/subcellular_locations/0/mapping_meta: Mapped entity with a name is missing mapping_meta.
[05:55:23]     ! strict gate error (research mode: review flag, not blocking): gate.protein_aminolevulinic_acid_synthase_alas_is_missing_a_uniprot_o @ /entities/proteins/4: Protein 'aminolevulinic acid synthase (ALAS)' is missing a UniProt or DrugBank identifier.
[05:55:23]     ! strict gate error (research mode: review flag, not blocking): gate.protein_gsa_aminotransferase_is_missing_a_uniprot_or_drugbank_id @ /entities/proteins/6: Protein 'GSA aminotransferase' is missing a UniProt or DrugBank identifier.
[05:55:23]     ! strict gate error (research mode: review flag, not blocking): gate.protein_slc25a1_cic_is_missing_a_uniprot_or_drugbank_identifier @ /entities/proteins/9: Protein 'SLC25A1/CIC' is missing a UniProt or DrugBank identifier.
[05:55:23]     ! strict gate error (research mode: review flag, not blocking): gate.protein_succinyl_coenzyme_a_is_missing_species_organism @ /entities/proteins/10: Protein 'succinyl-coenzyme A' is missing species/organism.
[05:55:23]     ! strict gate error (research mode: review flag, not blocking): gate.protein_succinyl_coenzyme_a_is_missing_a_uniprot_or_drugbank_ide @ /entities/proteins/10: Protein 'succinyl-coenzyme A' is missing a UniProt or DrugBank identifier.
[05:55:23]     ! strict gate error (research mode: review flag, not blocking): gate.protein_succinyl_coenzyme_a_is_missing_species_organism @ /entities/proteins/11: Protein 'succinyl coenzyme A' is missing species/organism.
[05:55:23]     ! strict gate error (research mode: review flag, not blocking): gate.protein_succinyl_coenzyme_a_is_missing_a_uniprot_or_drugbank_ide @ /entities/proteins/11: Protein 'succinyl coenzyme A' is missing a UniProt or DrugBank identifier.
[05:55:23]     13/28 done | strict 0 pass 13 fail | research 6 pass 7 fail | 6 NO DELIVERABLE | 7 RESEARCH DEFECT
[05:55:23] [27/56] PMC13233763__glycine-the-missing-link-between-carbohydrate-a / strict -> starting (timeout 3600s)
[05:55:46] [27/56] PMC13233763__glycine-the-missing-link-between-carbohydrate-a / strict -> FAIL (contract) in 23.2s
[05:55:46]     14/28 done | strict 0 pass 14 fail | research 6 pass 7 fail | 6 NO DELIVERABLE | 7 RESEARCH DEFECT
[05:55:46] [28/56] PMC13233763__glycine-the-missing-link-between-carbohydrate-a / research -> starting (timeout 3600s)
[06:43:51] [28/56] PMC13233763__glycine-the-missing-link-between-carbohydrate-a / research -> PASS WITH WARNINGS in 2883.8s (48m03s)
[06:43:51]     ! runtime-schema finding (informational, not blocking): [post_audit_contract_report.runtime_schema_report] entity_missing_mapping_meta @ /entities/subcellular_locations/2/mapping_meta: Mapped entity with a name is missing mapping_meta.
[06:43:51]     ! runtime-schema finding (informational, not blocking): [post_audit_contract_report.runtime_schema_report] entity_missing_mapping_meta @ /entities/compounds/43/mapping_meta: Mapped entity with a name is missing mapping_meta.
[06:43:51]     ! runtime-schema finding (informational, not blocking): [post_audit_contract_report.runtime_schema_report] entity_missing_mapping_meta @ /entities/compounds/44/mapping_meta: Mapped entity with a name is missing mapping_meta.
[06:43:51]     ! runtime-schema finding (informational, not blocking): [post_audit_contract_report.runtime_schema_report] entity_missing_mapping_meta @ /entities/compounds/45/mapping_meta: Mapped entity with a name is missing mapping_meta.
[06:43:51]     ! runtime-schema finding (informational, not blocking): [post_normalization_contract_report.runtime_schema_report] entity_missing_mapping_meta @ /entities/subcellular_locations/2/mapping_meta: Mapped entity with a name is missing mapping_meta.
[06:43:51]     ! runtime-schema finding (informational, not blocking): [post_normalization_contract_report.runtime_schema_report] entity_missing_mapping_meta @ /entities/compounds/43/mapping_meta: Mapped entity with a name is missing mapping_meta.
[06:43:51]     ! runtime-schema finding (informational, not blocking): [post_normalization_contract_report.runtime_schema_report] entity_missing_mapping_meta @ /entities/compounds/44/mapping_meta: Mapped entity with a name is missing mapping_meta.
[06:43:51]     ! strict gate error (research mode: review flag, not blocking): gate.protein_ala_synthase_alas_is_missing_a_uniprot_or_drugbank_ident @ /entities/proteins/5: Protein 'ALA synthase (ALAS)' is missing a UniProt or DrugBank identifier.
[06:43:51]     ! strict gate error (research mode: review flag, not blocking): gate.protein_aminolevulinic_acid_synthase_alas_is_missing_a_uniprot_o @ /entities/proteins/6: Protein 'aminolevulinic acid synthase (ALAS)' is missing a UniProt or DrugBank identifier.
[06:43:51]     ! strict gate error (research mode: review flag, not blocking): gate.protein_cc_hl_cyt2_is_missing_a_uniprot_or_drugbank_identifier @ /entities/proteins/7: Protein 'CC 1 HL (Cyt2)' is missing a UniProt or DrugBank identifier.
[06:43:51]     ! strict gate error (research mode: review flag, not blocking): gate.protein_cchl_cyc3_is_missing_a_uniprot_or_drugbank_identifier @ /entities/proteins/8: Protein 'CCHL (Cyc3)' is missing a UniProt or DrugBank identifier.
[06:43:51]     ! strict gate error (research mode: review flag, not blocking): gate.protein_cytochrome_c_lyas_is_missing_a_uniprot_or_drugbank_ident @ /entities/proteins/12: Protein 'cytochrome c lyas' is missing a UniProt or DrugBank identifier.
[06:43:51]     ! strict gate error (research mode: review flag, not blocking): gate.protein_cytochrome_c_lyases_is_missing_a_uniprot_or_drugbank_ide @ /entities/proteins/13: Protein 'cytochrome c lyases' is missing a UniProt or DrugBank identifier.
[06:43:51]     ! strict gate error (research mode: review flag, not blocking): gate.protein_heme_o_synthase_is_missing_a_uniprot_or_drugbank_identif @ /entities/proteins/19: Protein 'heme o synthase' is missing a UniProt or DrugBank identifier.
[06:43:51]     ! strict gate error (research mode: review flag, not blocking): gate.protein_porphobilinogen_synthase_pbgs_is_missing_a_uniprot_or_dr @ /entities/proteins/22: Protein 'Porphobilinogen synthase (PBGS)' is missing a UniProt or DrugBank identifier.
[06:43:51]     14/28 done | strict 0 pass 14 fail | research 7 pass 7 fail | 7 NO DELIVERABLE | 7 RESEARCH DEFECT
[06:43:51] [29/56] PMC12898691__cladeoscope-gsa-revealing-evolutionary-associat / strict -> starting (timeout 3600s)
[06:46:55] [29/56] PMC12898691__cladeoscope-gsa-revealing-evolutionary-associat / strict -> FAIL (contract) in 182.5s (3m02s)
[06:46:55]     15/28 done | strict 0 pass 15 fail | research 7 pass 7 fail | 7 NO DELIVERABLE | 7 RESEARCH DEFECT
[06:46:55] [30/56] PMC12898691__cladeoscope-gsa-revealing-evolutionary-associat / research -> starting (timeout 3600s)
[06:47:36] [30/56] PMC12898691__cladeoscope-gsa-revealing-evolutionary-associat / research -> FAIL (contract) in 41.0s
[06:47:36]     15/28 done | strict 0 pass 15 fail | research 7 pass 8 fail | 7 NO DELIVERABLE | 8 RESEARCH DEFECT
[06:47:36] [31/56] PMC12856317__a-reversible-feedback-mechanism-regulating-mito / strict -> starting (timeout 3600s)
[07:14:26] [31/56] PMC12856317__a-reversible-feedback-mechanism-regulating-mito / strict -> FAIL (contract) in 1609.0s (26m48s)
[07:14:26]     ! runtime-schema finding (informational, not blocking): [post_audit_contract_report.runtime_schema_report] entity_missing_mapping_meta @ /entities/subcellular_locations/1/mapping_meta: Mapped entity with a name is missing mapping_meta.
[07:14:26]     ! runtime-schema finding (informational, not blocking): [post_audit_contract_report.runtime_schema_report] entity_missing_mapping_meta @ /entities/proteins/8/mapping_meta: Mapped entity with a name is missing mapping_meta.
[07:14:26]     ! runtime-schema finding (informational, not blocking): [post_audit_contract_report.runtime_schema_report] entity_missing_mapping_meta @ /entities/proteins/9/mapping_meta: Mapped entity with a name is missing mapping_meta.
[07:14:26]     ! runtime-schema finding (informational, not blocking): [post_normalization_contract_report.runtime_schema_report] entity_missing_mapping_meta @ /entities/subcellular_locations/1/mapping_meta: Mapped entity with a name is missing mapping_meta.
[07:14:26]     ! runtime-schema finding (informational, not blocking): [post_normalization_contract_report.runtime_schema_report] entity_missing_mapping_meta @ /entities/proteins/8/mapping_meta: Mapped entity with a name is missing mapping_meta.
[07:14:26]     ! runtime-schema finding (informational, not blocking): [post_normalization_contract_report.runtime_schema_report] entity_missing_mapping_meta @ /entities/proteins/9/mapping_meta: Mapped entity with a name is missing mapping_meta.
[07:14:26]     16/28 done | strict 0 pass 16 fail | research 7 pass 8 fail | 7 NO DELIVERABLE | 8 RESEARCH DEFECT
[07:14:26] [32/56] PMC12856317__a-reversible-feedback-mechanism-regulating-mito / research -> starting (timeout 3600s)
[07:36:38] [32/56] PMC12856317__a-reversible-feedback-mechanism-regulating-mito / research -> PASS WITH WARNINGS in 1330.3s (22m10s)
[07:36:38]     ! runtime-schema finding (informational, not blocking): [post_audit_contract_report.runtime_schema_report] entity_missing_mapping_meta @ /entities/subcellular_locations/2/mapping_meta: Mapped entity with a name is missing mapping_meta.
[07:36:38]     ! runtime-schema finding (informational, not blocking): [post_audit_contract_report.runtime_schema_report] entity_missing_mapping_meta @ /entities/proteins/6/mapping_meta: Mapped entity with a name is missing mapping_meta.
[07:36:38]     ! runtime-schema finding (informational, not blocking): [post_normalization_contract_report.runtime_schema_report] entity_missing_mapping_meta @ /entities/subcellular_locations/2/mapping_meta: Mapped entity with a name is missing mapping_meta.
[07:36:38]     ! runtime-schema finding (informational, not blocking): [post_normalization_contract_report.runtime_schema_report] entity_missing_mapping_meta @ /entities/proteins/6/mapping_meta: Mapped entity with a name is missing mapping_meta.
[07:36:38]     ! strict gate error (research mode: review flag, not blocking): gate.protein_aminolevulinic_acid_synthase_alas_is_missing_a_uniprot_o @ /entities/proteins/4: Protein 'aminolevulinic acid synthase (ALAS)' is missing a UniProt or DrugBank identifier.
[07:36:38]     ! strict gate error (research mode: review flag, not blocking): gate.protein_succinyl_coenzyme_a_scoa_is_missing_species_organism @ /entities/proteins/6: Protein 'succinyl-Coenzyme A (SCoA)' is missing species/organism.
[07:36:38]     ! strict gate error (research mode: review flag, not blocking): gate.protein_succinyl_coenzyme_a_scoa_is_missing_a_uniprot_or_drugban @ /entities/proteins/6: Protein 'succinyl-Coenzyme A (SCoA)' is missing a UniProt or DrugBank identifier.
[07:36:38]     16/28 done | strict 0 pass 16 fail | research 8 pass 8 fail | 8 NO DELIVERABLE | 8 RESEARCH DEFECT
[07:36:38] deadline reached, 24 pair(s) not attempted (after 10.2h of a 10.0h budget)
[07:36:38] run directory : C:\Users\Angad\Desktop\SummerBIOIN\Project14-T2PW\runs\2026-07-28_2122
[07:36:38] summary       : C:\Users\Angad\Desktop\SummerBIOIN\Project14-T2PW\runs\2026-07-28_2122\SUMMARY.txt
[07:36:38] fix-list      : C:\Users\Angad\Desktop\SummerBIOIN\Project14-T2PW\runs\2026-07-28_2122\failures_by_code.txt
[07:36:38] DEADLINE REACHED with 24 pair(s) still pending; the run is resumable -- rerun the same command to finish it
