[17:24:35] STARTING a fresh run 2026-08-01_1724 (--fresh was given)
[17:24:35]   cache snapshot   : id_mapping_cache.json, enrichment_cache.json
[17:24:35] fetching papers (topics=bench\pinned_topics.txt, limit=none) ...
[17:24:51]   + PMC12444477  (82306 chars)  (untitled)
[17:24:51]   + PMC13231680  (61997 chars)  (untitled)
[17:24:51]   + PMC12657337  (57814 chars)  (untitled)
[17:24:51]   + PMC12421875  (62985 chars)  (untitled)
[17:24:51]   + PMC12312563  (47406 chars)  (untitled)
[17:24:51]   + PMC12856317  (54436 chars)  (untitled)
[17:24:51]   + PMC12180156  (67304 chars)  (untitled)
[17:24:51]   + PMC12096016  (43667 chars)  (untitled)
[17:24:51]   + PMC12452463  (68085 chars)  (untitled)
[17:24:51]   + PMC12782028  (43679 chars)  (untitled)
[17:24:51] planned 10 paper(s) x 2 mode(s) = 20 run(s); 0 candidate(s) skipped (see skipped.json)
[17:24:51] acquisition funnel: requested 10, examined 10, eligible 10, ineligible 0, no_full_text 0, accepted 10
[17:24:51] running 20 paper+mode pair(s) sequentially
[17:24:51] whole-night deadline : 0.0h from now
[17:24:51] deadline reached, 20 pair(s) not attempted (after 0.0h of a 0.0h budget)
[17:24:51] run directory : C:\Users\Angad\Desktop\SummerBIOIN\Project14-T2PW\runs\2026-08-01_1724
[17:24:51] summary       : C:\Users\Angad\Desktop\SummerBIOIN\Project14-T2PW\runs\2026-08-01_1724\SUMMARY.txt
[17:24:51] fix-list      : C:\Users\Angad\Desktop\SummerBIOIN\Project14-T2PW\runs\2026-08-01_1724\failures_by_code.txt
[17:24:51] DEADLINE REACHED with 20 pair(s) still pending; the run is resumable -- rerun the same command to finish it
