[20:00:23] STARTING a fresh run 2026-08-01_2000 (--fresh was given)
[20:00:23]   cache snapshot   : id_mapping_cache.json, enrichment_cache.json
[20:00:23] fetching papers (topics=bench\pinned_topics.txt, limit=none) ...
[20:00:23]   + PMC12444477  (82306 chars)  (untitled)
[20:00:23]   + PMC13231680  (61997 chars)  (untitled)
[20:00:23]   + PMC12657337  (57814 chars)  (untitled)
[20:00:23]   + PMC12421875  (62985 chars)  (untitled)
[20:00:23]   + PMC12312563  (47406 chars)  (untitled)
[20:00:23]   + PMC12856317  (54436 chars)  (untitled)
[20:00:23]   + PMC12180156  (67304 chars)  (untitled)
[20:00:23]   + PMC12096016  (43667 chars)  (untitled)
[20:00:23]   + PMC12452463  (68085 chars)  (untitled)
[20:00:23]   + PMC12782028  (43679 chars)  (untitled)
[20:00:23] planned 10 paper(s) x 2 mode(s) = 20 run(s); 0 candidate(s) skipped (see skipped.json)
[20:00:23] acquisition funnel: requested 10, examined 10, eligible 10, ineligible 0, no_full_text 0, accepted 10
[20:00:23] running 20 paper+mode pair(s) sequentially
[20:00:23] whole-night deadline : 0.0h from now
[20:00:23] deadline reached, 20 pair(s) not attempted (after 0.0h of a 0.0h budget)
[20:00:23] run directory : C:\Users\Angad\Desktop\SummerBIOIN\Project14-T2PW\runs\2026-08-01_2000
[20:00:23] summary       : C:\Users\Angad\Desktop\SummerBIOIN\Project14-T2PW\runs\2026-08-01_2000\SUMMARY.txt
[20:00:23] fix-list      : C:\Users\Angad\Desktop\SummerBIOIN\Project14-T2PW\runs\2026-08-01_2000\failures_by_code.txt
[20:00:23] DEADLINE REACHED with 20 pair(s) still pending; the run is resumable -- rerun the same command to finish it
