[09:19:08] STARTING a fresh run 2026-07-28_0919 (--fresh was given)
[09:19:08]   cache snapshot   : id_mapping_cache.json, enrichment_cache.json
[09:19:08] fetching papers (topics=C:\Users\Angad\Desktop\SummerBIOIN\Project14-T2PW\topics.txt, limit=none) ...
[09:19:08]   + PMC12444477__the-regulation-of-lipid-a-biosynthesis  (82306 chars)  The regulation of lipid A biosynthesis.
[09:19:08]   + PMC13278307__an-overview-of-mobile-colistin-resistance-mcr-g  (50377 chars)  An Overview of Mobile Colistin Resistance (mcr) Genes in Gram-Negative Bacilli.
[09:19:08]   + PMC13231680__mechanistic-insights-into-phthalylsulfacetamide  (61997 chars)  Mechanistic insights into phthalylsulfacetamide-induced restoration of meropenem bactericidal activity in NDM-1-positive Escherichia coli.
[09:19:08]   + PMC12624714__membrane-proteins-clcb-ptsi-and-ycam-mediate-th  (45965 chars)  Membrane Proteins ClcB, PtsI, and YcaM Mediate the Bactericidal Effects of Colistin in &lt;i&gt;Escherichia coli&lt;/i&gt;.
[09:19:08]   + PMC12971581__ochrobactrum-anthropi-causing-fournier-s-gangre  (19327 chars)  Ochrobactrum anthropi Causing Fournier's Gangrene: A Report of a Rare Case.
[09:19:08]   + PMC13139079__environmental-resistome-of-culturable-gram-nega  (99400 chars)  Environmental resistome of culturable gram-negative bacilli from the Yaque del Norte River: baseline genomic evidence for one health surveillance.
[09:19:08]   + PMC12312563__structures-of-listeria-monocytogenes-mend-in-th  (47406 chars)  Structures of Listeria monocytogenes MenD in ThDP-bound and in-crystallo captured intermediate I-bound forms.
[09:19:08]   + PMC12657337__high-level-production-of-vitamin-k2-in-lt-i-gt  (57814 chars)  High-level production of vitamin K2 in &lt;i&gt;Escherichia coli&lt;/i&gt; via modular molecular engineering.
[09:19:08]   + PMC12935629__microbial-biofortification-of-fermented-foods-a  (82075 chars)  Microbial biofortification of fermented foods: a review of probiotic-mediated nutrient enhancement.
[09:19:08]   + PMC12421875__the-growth-benefits-and-toxicity-of-quinone-bio  (62985 chars)  The growth benefits and toxicity of quinone biosynthesis are balanced by a dual regulatory mechanism and substrate limitations.
[09:19:08]   + PMC11946230__a-high-throughput-screening-strategy-for-lt-i-g  (56775 chars)  A High-Throughput Screening Strategy for &lt;i&gt;Bacillus subtilis&lt;/i&gt; Producing Menaquinone-7 Based on Fluorescence-Activated Cell Sorting.
[09:19:08]   + PMC13264790__comprehensive-bioinformatics-and-experimental-a  (56880 chars)  Comprehensive bioinformatics and experimental analysis of PPOX reveals its carcinogenic effect in clear cell renal cell carcinoma.
[09:19:08]   + PMC12180156__update-of-the-sideroflexin-slc56-gene-family  (67304 chars)  Update of the sideroflexin (SLC56) gene family.
[09:19:08]   + PMC13233763__glycine-the-missing-link-between-carbohydrate-a  (63898 chars)  Glycine: The missing link between carbohydrate and xenobiotic metabolism in the maturing human hepatocyte.
[09:19:08]   + PMC12898691__cladeoscope-gsa-revealing-evolutionary-associat  (27668 chars)  CladeOScope-GSA: Revealing Evolutionary Associations Across Gene Sets.
[09:19:08]   + PMC12856317__a-reversible-feedback-mechanism-regulating-mito  (54436 chars)  A reversible feedback mechanism regulating mitochondrial heme synthesis.
[09:19:08]   + PMC12797059__association-of-gender-and-main-comorbidities-wi  (43542 chars)  Association of gender and main comorbidities with expression of lncRNAs and mRNAs in COVID-19 patients
[09:19:08]   + PMC12452463__enterobactin-a-key-player-in-bacterial-iron-acq  (68085 chars)  Enterobactin: A key player in bacterial iron acquisition and virulence and its implications for vaccine development and antimicrobial strategies.
[09:19:08]   + PMC12649316__genotypic-characterization-of-virulence-factors  (62488 chars)  Genotypic Characterization of Virulence Factors in Extended-Spectrum Beta-Lactamase (ESBL)-Producing &lt;i&gt;Escherichia coli&lt;/i&gt; Strains from Chickens in Hungary.
[09:19:08]   + PMC12096016__the-enterobactin-biosynthetic-intermediate-2-3  (43667 chars)  The enterobactin biosynthetic intermediate 2,3-dihydroxybenzoic acid is a competitive inhibitor of the Escherichia coli isochorismatase EntB.
[09:19:08]   + PMC13010160__despite-inducing-antioxidant-regulation-superox  (45117 chars)  Despite inducing antioxidant regulation, superoxide dismutase deficiency makes &lt;i&gt;Escherichia coli&lt;/i&gt; more sensitive to hydrogen peroxide.
[09:19:08]   + PMC12737783__virulence-gene-profiles-of-extended-spectrum-la  (82731 chars)  Virulence Gene Profiles of Extended-Spectrum β-Lactamase (ESBL)-Producing &lt;i&gt;Escherichia coli&lt;/i&gt; Isolated from Turkeys in Hungary: A Whole-Genome Sequencing Study.
[09:19:08]   + PMC12113831__in-vitro-evaluation-of-the-healing-potential-an  (71594 chars)  In Vitro Evaluation of the Healing Potential and Proteomic Study of &lt;i&gt;Quercus robur&lt;/i&gt; L. Leaf Extracts in Human Keratinocytes.
[09:19:08]   + PMC12993329__cd79a-cd40-intracellular-domain-uses-a-4-1bb-li  (66524 chars)  CD79A/CD40 intracellular domain uses a 4-1BB-like metabolic pathway driven by cholesterol biosynthesis.
[09:19:08]   + PMC12428349__cholesterol-regulates-airway-epithelial-cell-di  (70054 chars)  Cholesterol Regulates Airway Epithelial Cell Differentiation by Inhibiting p53 Nuclear Translocation.
[09:19:08]   + PMC12782028__cholesterol-and-steroid-synthesis-pathways-may  (43679 chars)  Cholesterol and steroid synthesis pathways may be involved in the inhibition of osteosarcoma cell viability by calcium-sensing receptor antagonism.
[09:19:08]   + PMC11385646__a-multi-layered-integrative-analysis-reveals-a  (47420 chars)  A multi-layered integrative analysis reveals a cholesterol metabolic program in outer radial glia with implications for human brain evolution.
[09:19:08]   + PMC12705669__histone-methyltransferase-prdm9-promotes-surviv  (107536 chars)  Histone methyltransferase PRDM9 promotes survival of drug-tolerant persister cells in glioblastoma.
[09:19:08] planned 28 paper(s) x 2 mode(s) = 56 run(s); 8 candidate(s) skipped (see skipped.json)
[09:19:08] running 56 paper+mode pair(s) sequentially
[09:19:08] whole-night deadline : 10.0h from now
[09:19:08] [1/56] PMC12444477__the-regulation-of-lipid-a-biosynthesis / strict -> starting (timeout 3600s)
[10:08:57] [1/56] PMC12444477__the-regulation-of-lipid-a-biosynthesis / strict -> PASS WITH WARNINGS in 2988.2s (49m48s)
[10:08:57]     ! runtime-schema finding (informational, not blocking): [post_audit_contract_report.runtime_schema_report] entity_missing_mapping_meta @ /entities/subcellular_locations/4/mapping_meta: Mapped entity with a name is missing mapping_meta.
[10:08:57]     ! runtime-schema finding (informational, not blocking): [post_audit_contract_report.runtime_schema_report] entity_missing_mapping_meta @ /entities/compounds/43/mapping_meta: Mapped entity with a name is missing mapping_meta.
[10:08:57]     ! runtime-schema finding (informational, not blocking): [post_normalization_contract_report.runtime_schema_report] entity_missing_mapping_meta @ /entities/subcellular_locations/4/mapping_meta: Mapped entity with a name is missing mapping_meta.
[10:08:57]     ! runtime-schema finding (informational, not blocking): [post_normalization_contract_report.runtime_schema_report] entity_missing_mapping_meta @ /entities/compounds/43/mapping_meta: Mapped entity with a name is missing mapping_meta.
[10:08:57]     1/28 done | strict 1 pass | research 0 pass | 1 NO DELIVERABLE
[10:08:57] [2/56] PMC12444477__the-regulation-of-lipid-a-biosynthesis / research -> starting (timeout 3600s)
[10:55:15] [2/56] PMC12444477__the-regulation-of-lipid-a-biosynthesis / research -> FAIL (contract) in 2777.8s (46m17s)
[10:55:15]     ! runtime-schema finding (informational, not blocking): [post_audit_contract_report.runtime_schema_report] runtime_schema_value_error @ /entities/protein_complexes/0/generation_reason: Expected a 'single_protein_pathwhiz_wrapper'.
[10:55:15]     ! runtime-schema finding (informational, not blocking): [post_audit_contract_report.runtime_schema_report] runtime_schema_value_error @ /entities/protein_complexes/1/generation_reason: Expected a 'single_protein_pathwhiz_wrapper'.
[10:55:15]     ! runtime-schema finding (informational, not blocking): [post_audit_contract_report.runtime_schema_report] entity_missing_mapping_meta @ /entities/subcellular_locations/4/mapping_meta: Mapped entity with a name is missing mapping_meta.
[10:55:15]     ! runtime-schema finding (informational, not blocking): [post_audit_contract_report.runtime_schema_report] entity_missing_mapping_meta @ /entities/protein_complexes/0/mapping_meta: Mapped entity with a name is missing mapping_meta.
[10:55:15]     ! runtime-schema finding (informational, not blocking): [post_audit_contract_report.runtime_schema_report] entity_missing_mapping_meta @ /entities/protein_complexes/1/mapping_meta: Mapped entity with a name is missing mapping_meta.
[10:55:15]     ! runtime-schema finding (informational, not blocking): [post_enrichment_runtime_schema_report] runtime_schema_value_error @ /entities/protein_complexes/0/generation_reason: Expected a 'single_protein_pathwhiz_wrapper'.
[10:55:15]     ! runtime-schema finding (informational, not blocking): [post_enrichment_runtime_schema_report] runtime_schema_value_error @ /entities/protein_complexes/1/generation_reason: Expected a 'single_protein_pathwhiz_wrapper'.
[10:55:15]     ! runtime-schema finding (informational, not blocking): [post_enrichment_runtime_schema_report] generated_wrapper_reason_invalid @ /entities/protein_complexes/0/generation_reason: Generated wrapper rows must use the supported generation reason.
[10:55:15]     ! runtime-schema finding (informational, not blocking): [post_enrichment_runtime_schema_report] generated_wrapper_reason_invalid @ /entities/protein_complexes/1/generation_reason: Generated wrapper rows must use the supported generation reason.
[10:55:15]     ! runtime-schema finding (informational, not blocking): [post_normalization_contract_report.runtime_schema_report] runtime_schema_value_error @ /entities/protein_complexes/0/generation_reason: Expected a 'single_protein_pathwhiz_wrapper'.
[10:55:15]     ! runtime-schema finding (informational, not blocking): and 12 more finding(s); all of them are in contract_reports.json
[10:55:15]     1/28 done | strict 1 pass | research 0 pass 1 fail | 1 NO DELIVERABLE | 1 RESEARCH DEFECT
[10:55:15] [3/56] PMC13278307__an-overview-of-mobile-colistin-resistance-mcr-g / strict -> starting (timeout 3600s)
[11:30:14] [3/56] PMC13278307__an-overview-of-mobile-colistin-resistance-mcr-g / strict -> PASS WITH WARNINGS in 2098.2s (34m58s)
[11:30:14]     ! runtime-schema finding (informational, not blocking): [post_audit_contract_report.runtime_schema_report] entity_missing_mapping_meta @ /entities/subcellular_locations/1/mapping_meta: Mapped entity with a name is missing mapping_meta.
[11:30:14]     ! runtime-schema finding (informational, not blocking): [post_audit_contract_report.runtime_schema_report] mapping_resolution_required @ /entities/compounds/19/mapping_meta/resolution: Mapping metadata must include a resolution object.
[11:30:14]     ! runtime-schema finding (informational, not blocking): [post_normalization_contract_report.runtime_schema_report] entity_missing_mapping_meta @ /entities/subcellular_locations/1/mapping_meta: Mapped entity with a name is missing mapping_meta.
[11:30:14]     2/28 done | strict 2 pass | research 0 pass 1 fail | 2 NO DELIVERABLE | 1 RESEARCH DEFECT
[11:30:14] [4/56] PMC13278307__an-overview-of-mobile-colistin-resistance-mcr-g / research -> starting (timeout 3600s)
[11:32:32] [4/56] PMC13278307__an-overview-of-mobile-colistin-resistance-mcr-g / research -> FAIL (contract) in 137.1s (2m17s)
[11:32:32]     2/28 done | strict 2 pass | research 0 pass 2 fail | 2 NO DELIVERABLE | 2 RESEARCH DEFECT
[11:32:32] [5/56] PMC13231680__mechanistic-insights-into-phthalylsulfacetamide / strict -> starting (timeout 3600s)
[11:33:27] [5/56] PMC13231680__mechanistic-insights-into-phthalylsulfacetamide / strict -> FAIL (contract) in 54.7s
[11:33:27]     3/28 done | strict 2 pass 1 fail | research 0 pass 2 fail | 2 NO DELIVERABLE | 2 RESEARCH DEFECT
[11:33:27] [6/56] PMC13231680__mechanistic-insights-into-phthalylsulfacetamide / research -> starting (timeout 3600s)
[11:49:05] interrupted by Ctrl+C -- the manifest is valid and this run is resumable
[11:49:05] run directory : C:\Users\Angad\Desktop\SummerBIOIN\Project14-T2PW\runs\2026-07-28_0919
[11:49:05] summary       : C:\Users\Angad\Desktop\SummerBIOIN\Project14-T2PW\runs\2026-07-28_0919\SUMMARY.txt
[11:49:05] fix-list      : C:\Users\Angad\Desktop\SummerBIOIN\Project14-T2PW\runs\2026-07-28_0919\failures_by_code.txt
[11:49:05] INTERRUPTED with 51 pair(s) still pending; rerun the same command to continue
