T2PW: C:\t\c083base\src\t2pw\__init__.py
FFFFF.FF.FFF                                                             [100%]
================================== FAILURES ===================================
________ test_g9_the_lost_t105_strict_leg_now_says_which_clock_ran_out ________

    def test_g9_the_lost_t105_strict_leg_now_says_which_clock_ran_out() -> None:
        """G9: replaying the stored T-105 strict ``detail``, the row states the reason.
    
        On the base the same call classifies ``operation_timeout`` onto the outcome
        and ``to_dict()`` returns a row with no such key -- exactly what is on disk at
        ``runs_verify/2026-08-22_2147``. Fails there with ``'termination_reason' not
        in row``, which is a behavioural failure of the record, not a missing symbol.
        """
    
        row = _inner_row(T105_STRICT_DETAIL)
    
>       assert "termination_reason" in row, (
            "the INNER timeout row does not carry the stop reason it computed "
            f"(keys: {sorted(row)})"
        )
E       AssertionError: the INNER timeout row does not carry the stop reason it computed (keys: ['counts', 'detail', 'failure_kind', 'files', 'issue_codes', 'message', 'mode', 'paper_id', 'seconds', 'stage', 'status', 'warnings'])
E       assert 'termination_reason' in {'counts': {}, 'detail': 'AppTest script run timed out after 471.9942160999999(s)', 'failure_kind': 'timeout', 'files': [], ...}

tests\test_c083_inner_timeout_row.py:100: AssertionError
______ test_g9_the_other_stored_inner_timeout_is_classified_the_same_way ______

    def test_g9_the_other_stored_inner_timeout_is_classified_the_same_way() -> None:
        """G9: the research leg at ``2026-08-21_1822`` -- same defect, same repair."""
    
        row = _inner_row(T105_RESEARCH_DETAIL)
>       assert row["termination_reason"] == OPERATION_TIMEOUT
               ^^^^^^^^^^^^^^^^^^^^^^^^^
E       KeyError: 'termination_reason'

tests\test_c083_inner_timeout_row.py:115: KeyError
_______ test_g9_a_spent_leg_budget_reaches_the_row_as_budget_exhausted ________

    def test_g9_a_spent_leg_budget_reaches_the_row_as_budget_exhausted() -> None:
        """G9: the OTHER inner verdict survives too, and is not collapsed into one.
    
        ``_run_app`` refuses to start an interaction once the whole-run clock is gone
        and says so in ``detail``. The classifier reads that marker. Both verdicts
        must reach the row, or the row has merely traded one undifferentiated label
        for another.
        """
    
        spent = _inner_row(f"{BUDGET_SPENT_MARKER} 3600s was already spent")
        overran = _inner_row(T105_STRICT_DETAIL)
    
>       assert spent["termination_reason"] == BUDGET_EXHAUSTED
               ^^^^^^^^^^^^^^^^^^^^^^^^^^^
E       KeyError: 'termination_reason'

tests\test_c083_inner_timeout_row.py:131: KeyError
_________ test_g9_an_explicit_caller_supplied_reason_reaches_the_row __________

    def test_g9_an_explicit_caller_supplied_reason_reaches_the_row() -> None:
        """G9: the ``reason=`` channel C-042 will use is serialized, not just stored."""
    
        row = _inner_row("anything at all", reason=BUDGET_EXHAUSTED)
>       assert row["termination_reason"] == BUDGET_EXHAUSTED
               ^^^^^^^^^^^^^^^^^^^^^^^^^
E       KeyError: 'termination_reason'

tests\test_c083_inner_timeout_row.py:141: KeyError
_ test_the_inner_row_records_that_it_has_no_budget_rather_than_inventing_one __

    def test_the_inner_row_records_that_it_has_no_budget_rather_than_inventing_one() -> None:
        """PRODUCT_CONTRACT section 9 wants the budget too; this seam cannot state it.
    
        ``_finalize_timeout`` is handed the message, the detail and the codes -- never
        the ``_Budget`` -- and the ceiling it would need is ``run_one``'s ``timeout=``
        argument, which no ``RunOutcome`` field records. Defaulting it to
        ``LEG_TIMEOUT_SECONDS`` would write "3600s" into rows whose leg ran with a
        different ceiling, so the gap is stated instead.
        """
    
        row = _inner_row(T105_STRICT_DETAIL)
    
        assert "budget" not in row, (
            "the INNER row must not publish a 'budget' key: the OUTER row's 'budget' "
            "is a measured record and the two shapes must not collide under one name"
        )
>       note = row["budget_unrecorded"]
               ^^^^^^^^^^^^^^^^^^^^^^^^
E       KeyError: 'budget_unrecorded'

tests\test_c083_inner_timeout_row.py:164: KeyError
___________ test_both_timeout_paths_publish_the_same_two_key_names ____________

    def test_both_timeout_paths_publish_the_same_two_key_names() -> None:
        """A consumer must not need two names for one fact.
    
        ``runner._timeout_row`` and ``deadline.Admission.to_dict`` already say
        ``termination_reason`` / ``operational_failure``. The INNER row joins them
        rather than introducing ``termination_is_operational`` as a third spelling --
        that stays the ATTRIBUTE name, which is what the classifier writes.
        """
    
        inner = _inner_row(T105_STRICT_DETAIL)
        outer = runner._timeout_row(slug="PMC12444477__a", mode="strict", paper=PAPER,
                                    seconds=400.0, timeout=3600.0, tail="")
    
        shared = {"termination_reason", "operational_failure"}
>       assert shared <= set(inner) and shared <= set(outer)
E       AssertionError: assert ({'operational...ation_reason'} <= {'counts', 'd...message', ...}
E         
E         Extra items in the left set:
E         'termination_reason'
E         'operational_failure')

tests\test_c083_inner_timeout_row.py:197: AssertionError
________ test_a_stopped_clock_in_the_row_is_never_a_biological_verdict ________

    def test_a_stopped_clock_in_the_row_is_never_a_biological_verdict() -> None:
        """D-005's sharpest invariant, now enforceable from the manifest alone."""
    
        for detail in (T105_STRICT_DETAIL, T105_RESEARCH_DETAIL,
                       f"{BUDGET_SPENT_MARKER} 3600s was already spent", "timed out"):
            row = _inner_row(detail)
>           assert row["termination_reason"] in OPERATIONAL_TERMINATION_REASONS
                   ^^^^^^^^^^^^^^^^^^^^^^^^^
E           KeyError: 'termination_reason'

tests\test_c083_inner_timeout_row.py:212: KeyError
________ test_the_timeout_row_adds_exactly_three_keys_and_removes_none ________

    def test_the_timeout_row_adds_exactly_three_keys_and_removes_none() -> None:
        """The re-baselined pin, stated as a set difference so it cannot rot.
    
        This is what makes the golden move auditable: an unintended fourth key fails
        here, and a key silently dropped to stabilise a digest fails here too.
        """
    
        before = copy.deepcopy(driver.RunOutcome(paper_id="PMC12444477", mode="strict").to_dict())
        row = _inner_row(T105_STRICT_DETAIL)
    
>       assert sorted(set(row) - set(before)) == [
            "budget_unrecorded", "operational_failure", "termination_reason",
        ], f"exactly three keys are added, no more and no fewer (got {sorted(row)})"
E       AssertionError: exactly three keys are added, no more and no fewer (got ['counts', 'detail', 'failure_kind', 'files', 'issue_codes', 'message', 'mode', 'paper_id', 'seconds', 'stage', 'status', 'warnings'])
E       assert [] == ['budget_unre...ation_reason']
E         
E         Right contains 3 more items, first extra item: 'budget_unrecorded'
E         Use -v to get more diff

tests\test_c083_inner_timeout_row.py:242: AssertionError
__________________ test_the_row_survives_json_round_tripping __________________

    def test_the_row_survives_json_round_tripping() -> None:
        """A manifest row is JSON Lines: the three new values must serialize."""
    
        import json
    
        row = _inner_row(T105_STRICT_DETAIL)
        rehydrated = json.loads(json.dumps(row))
>       assert rehydrated["termination_reason"] == OPERATION_TIMEOUT
               ^^^^^^^^^^^^^^^^^^^^^^^^^^^^^^^^
E       KeyError: 'termination_reason'

tests\test_c083_inner_timeout_row.py:256: KeyError
__________ test_the_manifest_row_consumers_tolerate_the_widened_row ___________

    def test_the_manifest_row_consumers_tolerate_the_widened_row() -> None:
        """``batch/report.py`` reads the row by ``.get``; three more keys change nothing.
    
        Charter step 3.4: confirm the row consumers are not strict about the key set.
        ``report._to_run`` builds its leg record field by field with ``row.get(...)``
        and ``runner._relocate_files`` rewrites ``files`` alone, so neither reads the
        new keys and neither can be surprised by them.
        """
    
        from t2pw.batch import report
    
        row = runner._identify(_inner_row(T105_STRICT_DETAIL), PAPER, "PMC12444477__a", "strict")
    
        run = report._to_run(row)
        assert run.status == "timeout" and run.failure_kind == "timeout"
        assert run.mode == "strict"
        triage = report.group_papers([row])
        assert len(triage) == 1
    
        relocated = runner._relocate_files(row, "pmc12444477", "strict")
>       assert relocated["termination_reason"] == OPERATION_TIMEOUT
               ^^^^^^^^^^^^^^^^^^^^^^^^^^^^^^^
E       KeyError: 'termination_reason'

tests\test_c083_inner_timeout_row.py:281: KeyError
=========================== short test summary info ===========================
FAILED tests/test_c083_inner_timeout_row.py::test_g9_the_lost_t105_strict_leg_now_says_which_clock_ran_out
FAILED tests/test_c083_inner_timeout_row.py::test_g9_the_other_stored_inner_timeout_is_classified_the_same_way
FAILED tests/test_c083_inner_timeout_row.py::test_g9_a_spent_leg_budget_reaches_the_row_as_budget_exhausted
FAILED tests/test_c083_inner_timeout_row.py::test_g9_an_explicit_caller_supplied_reason_reaches_the_row
FAILED tests/test_c083_inner_timeout_row.py::test_the_inner_row_records_that_it_has_no_budget_rather_than_inventing_one
FAILED tests/test_c083_inner_timeout_row.py::test_both_timeout_paths_publish_the_same_two_key_names
FAILED tests/test_c083_inner_timeout_row.py::test_a_stopped_clock_in_the_row_is_never_a_biological_verdict
FAILED tests/test_c083_inner_timeout_row.py::test_the_timeout_row_adds_exactly_three_keys_and_removes_none
FAILED tests/test_c083_inner_timeout_row.py::test_the_row_survives_json_round_tripping
FAILED tests/test_c083_inner_timeout_row.py::test_the_manifest_row_consumers_tolerate_the_widened_row
10 failed, 2 passed in 0.22s

================ CLEANUP REPORT ================
report schema version   : 1
wrapper build           : sha256:83d139543d4c01b33984b6ca9fb0943db461d0ee5f85091623089a548b8abed0
wrapper path (executed) : C:\t\c083\docs\pwml_recovery_sprint\evidence\bounded_run.py
wrapper vs HEAD         : clean  @ 2f2a70842662715f194c9dfef9f63a1733d33b66  [git, worktree dirty=True]
label                   : c083-base-g9-log
command                 : c:\Users\Angad\Desktop\SummerBIOIN\Project14-T2PW\.venv\Scripts\python.exe C:/t/c083base/docs/pwml_recovery_sprint/evidence/pinned_pytest.py --expect-tree C:/t/c083base --pin-verdict C:/t/c083/docs/pwml_recovery_sprint/evidence/c083_base_pin_verdict.json tests/test_c083_inner_timeout_row.py --basetemp=C:/t/c083tmp/bt/j08 -q -rf
cwd                     : C:/t/c083base
root PID / process group: 63724 / None
isolation               : windows_job_object(KILL_ON_JOB_CLOSE)
timeout                 : 600 s
duration                : 0.68 s
exit reason             : nonzero
exit code (real)        : 1
returned code           : 1
descendants observed    : 1  63736:python.exe
descendants terminated  : 1  63736
graceful attempted      : False
forced                  : False
FINAL SURVIVING COUNT   : 0
cleanup                 : success
json report             : C:/t/c083/docs/pwml_recovery_sprint/evidence/g11/C-083/08-c083-base-g9-log.json
json report written     : True
pre-existing (reported, NEVER killed): 4
================================================
