T2PW: C:\t\c083base\src\t2pw\__init__.py
F                                                                        [100%]
================================== FAILURES ===================================
_______ test_the_message_names_the_problem_the_interpreter_and_the_cure _______

    def test_the_message_names_the_problem_the_interpreter_and_the_cure() -> None:
        """The wrong-interpreter case: the one that actually happened.
    
        The cure has to be a command, not advice. "Use the venv" is not actionable at
        2am; ``C:\\...\\.venv\\Scripts\\python.exe scripts\\batch_run.py`` is, and the
        root cause -- ``py.exe`` ignoring the active virtualenv -- has to be named or
        the operator fixes it once and hits it again next week.
        """
    
        venv = runner.venv_python()
>       assert venv is not None, "this project ships a .venv; the test assumes it"
E       AssertionError: this project ships a .venv; the test assumes it
E       assert None is not None

tests\test_batch_preflight.py:616: AssertionError
=========================== short test summary info ===========================
FAILED tests/test_batch_preflight.py::test_the_message_names_the_problem_the_interpreter_and_the_cure
1 failed in 0.25s

================ CLEANUP REPORT ================
report schema version   : 1
wrapper build           : sha256:83d139543d4c01b33984b6ca9fb0943db461d0ee5f85091623089a548b8abed0
wrapper path (executed) : C:\t\c083\docs\pwml_recovery_sprint\evidence\bounded_run.py
wrapper vs HEAD         : clean  @ 1009c234380186558881d58ab616c237ae97e222  [git, worktree dirty=False]
label                   : c083-preflight-base
command                 : c:\Users\Angad\Desktop\SummerBIOIN\Project14-T2PW\.venv\Scripts\python.exe C:/t/c083base/docs/pwml_recovery_sprint/evidence/pinned_pytest.py --expect-tree C:/t/c083base --pin-verdict C:/t/c083/docs/pwml_recovery_sprint/evidence/c083_preflight_base_pin.json tests/test_batch_preflight.py::test_the_message_names_the_problem_the_interpreter_and_the_cure --basetemp=C:/t/c083tmp/bt/j21 -q
cwd                     : C:/t/c083base
root PID / process group: 69660 / None
isolation               : windows_job_object(KILL_ON_JOB_CLOSE)
timeout                 : 300 s
duration                : 0.70 s
exit reason             : nonzero
exit code (real)        : 1
returned code           : 1
descendants observed    : 1  73744:python.exe
descendants terminated  : 1  73744
graceful attempted      : False
forced                  : False
FINAL SURVIVING COUNT   : 0
cleanup                 : success
json report             : C:/t/c083/docs/pwml_recovery_sprint/evidence/g11/C-083/21-c083-preflight-base.json
json report written     : True
pre-existing (reported, NEVER killed): 4
================================================
