2026-08-25 17:16:11.564 WARNING streamlit.runtime.scriptrunner_utils.script_run_context: Thread 'MainThread': missing ScriptRunContext! This warning can be ignored when running in bare mode.
2026-08-25 17:16:15.812 Thread 'MainThread': missing ScriptRunContext! This warning can be ignored when running in bare mode.
2026-08-25 17:16:15.973 Thread 'MainThread': missing ScriptRunContext! This warning can be ignored when running in bare mode.
2026-08-25 17:16:16.188 Thread 'MainThread': missing ScriptRunContext! This warning can be ignored when running in bare mode.
2026-08-25 17:16:16.350 Thread 'MainThread': missing ScriptRunContext! This warning can be ignored when running in bare mode.
2026-08-25 17:16:16.511 Thread 'MainThread': missing ScriptRunContext! This warning can be ignored when running in bare mode.
2026-08-25 17:16:16.679 Thread 'MainThread': missing ScriptRunContext! This warning can be ignored when running in bare mode.
2026-08-25 17:16:16.839 Thread 'MainThread': missing ScriptRunContext! This warning can be ignored when running in bare mode.
wrote C:\t\c083\docs\pwml_recovery_sprint\evidence\c083_golden_tip.json

================ CLEANUP REPORT ================
report schema version   : 1
wrapper build           : sha256:83d139543d4c01b33984b6ca9fb0943db461d0ee5f85091623089a548b8abed0
wrapper path (executed) : C:\t\c083\docs\pwml_recovery_sprint\evidence\bounded_run.py
wrapper vs HEAD         : clean  @ 937b3dff4a59a008df37c9504d691a8314406f08  [git, worktree dirty=False]
label                   : c083-golden-tipcap
command                 : c:\Users\Angad\Desktop\SummerBIOIN\Project14-T2PW\.venv\Scripts\python.exe C:/t/c083/docs/pwml_recovery_sprint/evidence/c083_golden_capture.py C:/t/c083/docs/pwml_recovery_sprint/evidence/c083_golden_tip.json C:/t/c083tmp/goldtip
cwd                     : C:/t/c083
root PID / process group: 54196 / None
isolation               : windows_job_object(KILL_ON_JOB_CLOSE)
timeout                 : 900 s
duration                : 10.13 s
exit reason             : completed
exit code (real)        : 0
returned code           : 0
descendants observed    : 1  65320:python.exe
descendants terminated  : 1  65320
graceful attempted      : False
forced                  : False
FINAL SURVIVING COUNT   : 0
cleanup                 : success
json report             : C:/t/c083/docs/pwml_recovery_sprint/evidence/g11/C-083/10-c083-golden-tipcap.json
json report written     : True
heavy lock              : C:\t\heavylock  holder=C-083  acquired=True  released=True
pre-existing (reported, NEVER killed): 4
================================================
