........................................................................ [ 15%]
........................................................................ [ 30%]
........................................................................ [ 45%]
........................................................................ [ 60%]
........................................................................ [ 76%]
........................................................................ [ 91%]
.........................................                                [100%]
473 passed in 35.80s

================ CLEANUP REPORT ================
report schema version   : 1
wrapper build           : sha256:83d139543d4c01b33984b6ca9fb0943db461d0ee5f85091623089a548b8abed0
wrapper path (executed) : C:\t\c083\docs\pwml_recovery_sprint\evidence\bounded_run.py
wrapper vs HEAD         : clean  @ c41fabb8fd3d53feadb65a0cfaf5a06bfd1953e7  [git, worktree dirty=False]
label                   : c083-smoke-gate
command                 : c:\Users\Angad\Desktop\SummerBIOIN\Project14-T2PW\.venv\Scripts\python.exe -m pytest -q --basetemp=C:/t/c083tmp/bt/smoke tests/test_reference_repair.py tests/test_strict_quarantine.py tests/test_strict_quarantine_contract_alignment.py tests/test_strict_quarantine_locks_and_scope.py tests/test_strict_quarantine_versioning.py tests/test_empty_extraction_payload.py tests/test_bench_goldset_and_semantic.py tests/test_bench_acquisition_and_artifacts.py tests/test_bench_controls.py tests/test_completeness_audit.py tests/test_batch_driver.py tests/test_stage3_gate_report_lifecycle.py tests/test_rag_admission_production_path.py tests/test_rag_gap_admission.py tests/test_rag_triage_orchestration.py tests/test_rag_provenance_gates.py tests/test_pipeline_reaction_rag_provenance.py tests/test_research_mode_orchestration.py tests/test_map_ids_name_gate.py tests/test_db_candidate_species_evidence.py
cwd                     : C:\t\c083
root PID / process group: 88292 / None
isolation               : windows_job_object(KILL_ON_JOB_CLOSE)
timeout                 : 480 s
duration                : 36.91 s
exit reason             : completed
exit code (real)        : 0
returned code           : 0
descendants observed    : 9  93356:python.exe, 89152:python.exe, 94136:python.exe, 90308:python.exe, 93328:python.exe, 93044:python.exe, 93404:python.exe, 92620:python.exe, 93312:python.exe
descendants terminated  : 9  89152, 90308, 92620, 93044, 93312, 93328, 93356, 93404, 94136
graceful attempted      : False
forced                  : False
FINAL SURVIVING COUNT   : 0
cleanup                 : success
json report             : C:/t/c083/docs/pwml_recovery_sprint/evidence/g11/C-083/28-c083-smoke-gate.json
json report written     : True
heavy lock              : C:\t\heavylock  holder=C-083  acquired=True  released=True
pre-existing (reported, NEVER killed): 4
================================================
