........................................................................ [ 15%]
........................................................................ [ 30%]
........................................................................ [ 45%]
........................................................................ [ 60%]
........................................................................ [ 76%]
........................................................................ [ 91%]
.........................................                                [100%]
473 passed in 34.38s

================ CLEANUP REPORT ================
report schema version   : 1
wrapper build           : sha256:83d139543d4c01b33984b6ca9fb0943db461d0ee5f85091623089a548b8abed0
wrapper path (executed) : C:\t\c102\docs\pwml_recovery_sprint\evidence\bounded_run.py
wrapper vs HEAD         : clean  @ 9250b61286a9fe43a41685e97a406b7c344f7f3b  [git, worktree dirty=False]
label                   : c102-smoke-tip
command                 : c:\Users\Angad\Desktop\SummerBIOIN\Project14-T2PW\.venv\Scripts\python.exe -m pytest tests/test_reference_repair.py tests/test_strict_quarantine.py tests/test_strict_quarantine_contract_alignment.py tests/test_strict_quarantine_locks_and_scope.py tests/test_strict_quarantine_versioning.py tests/test_empty_extraction_payload.py tests/test_bench_goldset_and_semantic.py tests/test_bench_acquisition_and_artifacts.py tests/test_bench_controls.py tests/test_completeness_audit.py tests/test_batch_driver.py tests/test_stage3_gate_report_lifecycle.py tests/test_rag_admission_production_path.py tests/test_rag_gap_admission.py tests/test_rag_triage_orchestration.py tests/test_rag_provenance_gates.py tests/test_pipeline_reaction_rag_provenance.py tests/test_research_mode_orchestration.py tests/test_map_ids_name_gate.py tests/test_db_candidate_species_evidence.py -q --no-header -rf --basetemp=C:/t/bt/c102s
cwd                     : C:\t\c102
root PID / process group: 496364 / None
isolation               : windows_job_object(KILL_ON_JOB_CLOSE)
timeout                 : 1800 s
duration                : 35.65 s
exit reason             : completed
exit code (real)        : 0
returned code           : 0
descendants observed    : 9  496376:python.exe, 496568:python.exe, 496604:python.exe, 495700:python.exe, 495712:python.exe, 495856:python.exe, 495884:python.exe, 496116:python.exe, 496188:python.exe
descendants terminated  : 9  495700, 495712, 495856, 495884, 496116, 496188, 496376, 496568, 496604
graceful attempted      : False
forced                  : False
FINAL SURVIVING COUNT   : 0
cleanup                 : success
json report             : C:\t\c102\docs\pwml_recovery_sprint\evidence\g11\C-102\09-smoke-tip.json
json report written     : True
heavy lock              : C:\t\heavylock  holder=C-102  acquired=True  released=True
pre-existing (reported, NEVER killed): 4
================================================
