T2PW: C:\t\c102\src\t2pw\__init__.py
...........                                                              [100%]
11 passed in 2.05s

================ CLEANUP REPORT ================
report schema version   : 1
wrapper build           : sha256:83d139543d4c01b33984b6ca9fb0943db461d0ee5f85091623089a548b8abed0
wrapper path (executed) : C:\t\c102\docs\pwml_recovery_sprint\evidence\bounded_run.py
wrapper vs HEAD         : clean  @ cc5f102dde9dfd17596a55df12b18202e9992cbf  [git, worktree dirty=False]
label                   : c102-focused-final
command                 : c:\Users\Angad\Desktop\SummerBIOIN\Project14-T2PW\.venv\Scripts\python.exe docs/pwml_recovery_sprint/evidence/c045_pinned_pytest.py --pin-verdict docs/pwml_recovery_sprint/evidence/g11/pin/C-102/01-tip-focused.pin.json -q --no-header -rf --basetemp=C:/t/bt/c102ff tests/test_c102_coverage_denominator.py
cwd                     : C:\t\c102
root PID / process group: 495480 / None
isolation               : windows_job_object(KILL_ON_JOB_CLOSE)
timeout                 : 900 s
duration                : 2.74 s
exit reason             : completed
exit code (real)        : 0
returned code           : 0
descendants observed    : 1  494484:python.exe
descendants terminated  : 1  494484
graceful attempted      : False
forced                  : False
FINAL SURVIVING COUNT   : 0
cleanup                 : success
json report             : C:\t\c102\docs\pwml_recovery_sprint\evidence\g11\C-102\11-focused-final.json
json report written     : True
pre-existing (reported, NEVER killed): 4
================================================
