T2PW: C:\t\c102\src\t2pw\__init__.py
........................................................................ [ 15%]
........................................................................ [ 30%]
........................................................................ [ 45%]
........................................................................ [ 60%]
........................................................................ [ 76%]
........................................................................ [ 91%]
.........................................                                [100%]
473 passed in 33.66s

================ CLEANUP REPORT ================
report schema version   : 1
wrapper build           : sha256:83d139543d4c01b33984b6ca9fb0943db461d0ee5f85091623089a548b8abed0
wrapper path (executed) : C:\t\c102\docs\pwml_recovery_sprint\evidence\bounded_run.py
wrapper vs HEAD         : clean  @ c244ad20f48ea224d994ef8e7fea7ce11a85cbbc  [git, worktree dirty=False]
label                   : c102-smoke-r1-final
command                 : c:\Users\Angad\Desktop\SummerBIOIN\Project14-T2PW\.venv\Scripts\python.exe docs/pwml_recovery_sprint/evidence/c045_pinned_pytest.py --pin-verdict docs/pwml_recovery_sprint/evidence/g11/pin/C-102/06-r1-tip-smoke.pin.json -q --no-header -rf --basetemp=C:/t/bt/c102s1 tests/test_reference_repair.py tests/test_strict_quarantine.py tests/test_strict_quarantine_contract_alignment.py tests/test_strict_quarantine_locks_and_scope.py tests/test_strict_quarantine_versioning.py tests/test_empty_extraction_payload.py tests/test_bench_goldset_and_semantic.py tests/test_bench_acquisition_and_artifacts.py tests/test_bench_controls.py tests/test_completeness_audit.py tests/test_batch_driver.py tests/test_stage3_gate_report_lifecycle.py tests/test_rag_admission_production_path.py tests/test_rag_gap_admission.py tests/test_rag_triage_orchestration.py tests/test_rag_provenance_gates.py tests/test_pipeline_reaction_rag_provenance.py tests/test_research_mode_orchestration.py tests/test_map_ids_name_gate.py tests/test_db_candidate_species_evidence.py
cwd                     : C:\t\c102
root PID / process group: 504096 / None
isolation               : windows_job_object(KILL_ON_JOB_CLOSE)
timeout                 : 1800 s
duration                : 34.92 s
exit reason             : completed
exit code (real)        : 0
returned code           : 0
descendants observed    : 9  507052:python.exe, 512660:python.exe, 513432:python.exe, 508280:python.exe, 513468:python.exe, 511560:python.exe, 517032:python.exe, 517180:python.exe, 517200:python.exe
descendants terminated  : 9  507052, 508280, 511560, 512660, 513432, 513468, 517032, 517180, 517200
graceful attempted      : False
forced                  : False
FINAL SURVIVING COUNT   : 0
cleanup                 : success
json report             : C:\t\c102\docs\pwml_recovery_sprint\evidence\g11\C-102\25-smoke-r1-final.json
json report written     : True
heavy lock              : C:\t\heavylock  holder=C-102  acquired=True  released=True
pre-existing (reported, NEVER killed): 4
================================================
