2026-08-18_1328/PMC12096016:research                 raw 12/19=0.632   accepted 12/15=0.800   below_min raw=False accepted=False
      withheld 'NADH'  kind=placeholder_product  matched_in_raw=False
      withheld 'EntH'  kind=heading_or_prose  matched_in_raw=False
      withheld 'MenD'  kind=heading_or_prose  matched_in_raw=False
      withheld 'LDH'  kind=heading_or_prose  matched_in_raw=False
2026-08-18_1328/PMC12096016:strict                   raw 14/17=0.824   accepted 12/15=0.800   below_min raw=False accepted=False
      withheld 'NADH'  kind=placeholder_product  matched_in_raw=True
      withheld 'MenD (competitive isochorismate-utilizing enzyme)'  kind=heading_or_prose  matched_in_raw=True
2026-08-18_1328/PMC12452463:strict                   raw  9/16=0.562   accepted  9/15=0.600   below_min raw=False accepted=False
      withheld 'RyhB'  kind=regulator_as_metabolite  matched_in_raw=False
2026-08-21_1822/PMC12782028:strict                   raw  7/25=0.280   accepted  7/21=0.333   below_min raw=True accepted=True
      withheld 'LBR'  kind=heading_or_prose  matched_in_raw=False
      withheld 'LIPA'  kind=heading_or_prose  matched_in_raw=False
      withheld 'SREBF1'  kind=regulator_as_metabolite  matched_in_raw=False
      withheld 'SREBF2'  kind=regulator_as_metabolite  matched_in_raw=False
2026-08-21_2014/PMC12312563:research                 raw  0/10=0.000   accepted  0/6 =0.000   below_min raw=True accepted=True
      withheld 'ThDP'  kind=cofactor_as_protein  matched_in_raw=False
      withheld 'intermediate I'  kind=placeholder_product  matched_in_raw=False
      withheld 'intermediate II'  kind=placeholder_product  matched_in_raw=False
      withheld 'DHNA'  kind=heading_or_prose  matched_in_raw=False
2026-08-21_2014/PMC12312563:strict                   raw  7/10=0.700   accepted  6/7 =0.857   below_min raw=False accepted=False
      withheld 'thiamine diphosphate (ThDP)'  kind=cofactor_as_protein  matched_in_raw=True
      withheld 'intermediate I'  kind=placeholder_product  matched_in_raw=False
      withheld 'intermediate II'  kind=placeholder_product  matched_in_raw=False
2026-08-21_2057/PMC12096016:research                 raw 13/16=0.812   accepted 12/14=0.857   below_min raw=False accepted=False
      withheld 'NADH'  kind=placeholder_product  matched_in_raw=True
      withheld 'MenD'  kind=heading_or_prose  matched_in_raw=False
2026-08-21_2057/PMC12096016:strict                   raw 15/18=0.833   accepted 14/16=0.875   below_min raw=False accepted=False
      withheld 'NADH'  kind=placeholder_product  matched_in_raw=True
      withheld 'MenD (2-succinyl-5-enolpyruvyl-6-hydroxy-3-cyclohexene-1-carboxylate synthase)'  kind=heading_or_prose  matched_in_raw=False
2026-08-21_2057/PMC12452463:research                 raw 11/14=0.786   accepted 11/13=0.846   below_min raw=False accepted=False
      withheld 'RyhB'  kind=regulator_as_metabolite  matched_in_raw=False
2026-08-21_2057/PMC12452463:strict                   raw 12/14=0.857   accepted 12/13=0.923   below_min raw=False accepted=False
      withheld 'EntA'  kind=placeholder_product  matched_in_raw=False
2026-08-21_2239/PMC12096016:research                 raw 12/18=0.667   accepted 12/15=0.800   below_min raw=False accepted=False
      withheld 'NADH'  kind=placeholder_product  matched_in_raw=False
      withheld 'EntH'  kind=heading_or_prose  matched_in_raw=False
      withheld 'MenD'  kind=heading_or_prose  matched_in_raw=False
2026-08-21_2239/PMC12096016:strict                   raw 12/17=0.706   accepted 12/15=0.800   below_min raw=False accepted=False
      withheld 'NADH'  kind=placeholder_product  matched_in_raw=False
      withheld 'NAD+'  kind=placeholder_product  matched_in_raw=False
2026-08-21_2239/PMC12452463:research                 raw  9/15=0.600   accepted  9/14=0.643   below_min raw=False accepted=False
      withheld 'RyhB'  kind=regulator_as_metabolite  matched_in_raw=False
2026-08-21_2239/PMC12452463:strict                   raw 12/15=0.800   accepted 12/14=0.857   below_min raw=False accepted=False
      withheld 'RyhB'  kind=regulator_as_metabolite  matched_in_raw=False
2026-08-21_2239/PMC12856317:research                 raw  6/7 =0.857   accepted  5/5 =1.000   below_min raw=False accepted=False
      withheld 'pyridoxal 5-phosphate'  kind=cofactor_as_protein  matched_in_raw=True
      withheld 'hemin'  kind=placeholder_product  matched_in_raw=False
2026-08-21_2239/PMC12856317:strict                   raw  6/6 =1.000   accepted  5/5 =1.000   below_min raw=False accepted=False
      withheld 'pyridoxal 5-phosphate (PLP)'  kind=cofactor_as_protein  matched_in_raw=True
2026-08-22_1821/PMC12452463:strict                   raw 10/15=0.667   accepted 10/14=0.714   below_min raw=False accepted=False
      withheld 'RyhB (small RNA)'  kind=regulator_as_metabolite  matched_in_raw=False
2026-08-22_2017/PMC12452463:research                 raw 11/14=0.786   accepted 11/13=0.846   below_min raw=False accepted=False
      withheld 'RyhB (small RNA)'  kind=regulator_as_metabolite  matched_in_raw=False
2026-08-22_2017/PMC12856317:research                 raw  5/7 =0.714   accepted  5/6 =0.833   below_min raw=False accepted=False
      withheld 'hemin'  kind=placeholder_product  matched_in_raw=False
2026-08-22_2017/PMC12856317:strict                   raw  6/6 =1.000   accepted  5/5 =1.000   below_min raw=False accepted=False
      withheld "pyridoxal 5'-phosphate (PLP)"  kind=cofactor_as_protein  matched_in_raw=True
2026-08-22_2147/PMC12096016:research                 raw 12/17=0.706   accepted 12/15=0.800   below_min raw=False accepted=False
      withheld 'NADH'  kind=placeholder_product  matched_in_raw=False
      withheld 'MenD (2-succinyl-5-enolpyruvyl-6-hydroxy-3-cyclohexene-1-carboxylate synthase)'  kind=heading_or_prose  matched_in_raw=False
2026-08-22_2147/PMC12096016:strict                   raw 12/14=0.857   accepted 11/13=0.846   below_min raw=False accepted=False
      withheld 'NADH'  kind=placeholder_product  matched_in_raw=True
2026-08-22_2147/PMC12452463:research                 raw 11/16=0.688   accepted 11/14=0.786   below_min raw=False accepted=False
      withheld 'salmochelin'  kind=placeholder_product  matched_in_raw=False
      withheld 'RyhB (small RNA)'  kind=regulator_as_metabolite  matched_in_raw=False
2026-08-22_2147/PMC12452463:strict                   raw 11/14=0.786   accepted 11/13=0.846   below_min raw=False accepted=False
      withheld 'EntA'  kind=placeholder_product  matched_in_raw=False
2026-08-22_2147/PMC12782028:strict                   raw  8/27=0.296   accepted  8/24=0.333   below_min raw=True accepted=True
      withheld 'LBR'  kind=heading_or_prose  matched_in_raw=False
      withheld 'SREBF1'  kind=regulator_as_metabolite  matched_in_raw=False
      withheld 'SREBF2'  kind=regulator_as_metabolite  matched_in_raw=False
2026-08-22_2147/PMC12856317:research                 raw  5/10=0.500   accepted  5/8 =0.625   below_min raw=False accepted=False
      withheld 'hemin'  kind=placeholder_product  matched_in_raw=False
      withheld 'pyridoxal 5-phosphate (PLP)'  kind=cofactor_as_protein  matched_in_raw=False
2026-08-22_2147/PMC12856317:strict                   raw  6/6 =1.000   accepted  5/5 =1.000   below_min raw=False accepted=False
      withheld 'pyridoxal 5-phosphate'  kind=cofactor_as_protein  matched_in_raw=True
2026-08-22_2147/PMC13231680:research                 raw  6/6 =1.000   accepted  5/5 =1.000   below_min raw=False accepted=False
      withheld 'Zn2+'  kind=cofactor_as_protein  matched_in_raw=True
2026-08-22_2147/PMC13231680:strict                   raw  6/6 =1.000   accepted  5/5 =1.000   below_min raw=False accepted=False
      withheld 'Zn2+'  kind=cofactor_as_protein  matched_in_raw=True
2026-08-24_1203/PMC12096016:research                 raw 14/16=0.875   accepted 13/15=0.867   below_min raw=False accepted=False
      withheld 'NADH'  kind=placeholder_product  matched_in_raw=True
2026-08-24_1203/PMC12096016:strict                   raw 15/19=0.789   accepted 14/16=0.875   below_min raw=False accepted=False
      withheld 'NADH'  kind=placeholder_product  matched_in_raw=True
      withheld 'MenD'  kind=heading_or_prose  matched_in_raw=False
      withheld 'LDH'  kind=heading_or_prose  matched_in_raw=False
2026-08-24_1203/PMC12452463:strict                   raw  8/12=0.667   accepted  8/11=0.727   below_min raw=False accepted=False
      withheld 'EntA'  kind=placeholder_product  matched_in_raw=False
2026-08-24_1203/PMC12856317:research                 raw  6/6 =1.000   accepted  5/5 =1.000   below_min raw=False accepted=False
      withheld 'pyridoxal 5′-phosphate (PLP)'  kind=cofactor_as_protein  matched_in_raw=True
2026-08-24_1203/PMC12856317:strict                   raw  9/11=0.818   accepted  8/8 =1.000   below_min raw=False accepted=False
      withheld 'pyridoxal 5-phosphate'  kind=cofactor_as_protein  matched_in_raw=True
      withheld 'hemin'  kind=placeholder_product  matched_in_raw=False
      withheld 'PLP'  kind=cofactor_as_protein  matched_in_raw=False
2026-08-24_1203/PMC13231680:strict                   raw  4/5 =0.800   accepted  3/4 =0.750   below_min raw=False accepted=False
      withheld 'Zn2+'  kind=cofactor_as_protein  matched_in_raw=True
2026-08-24_1402/PMC12782028:research                 raw  8/26=0.308   accepted  8/23=0.348   below_min raw=True accepted=True
      withheld 'LBR'  kind=heading_or_prose  matched_in_raw=False
      withheld 'SREBF1'  kind=regulator_as_metabolite  matched_in_raw=False
      withheld 'SREBF2'  kind=regulator_as_metabolite  matched_in_raw=False
2026-08-24_1428/PMC12096016:research                 raw 13/18=0.722   accepted 11/13=0.846   below_min raw=False accepted=False
      withheld 'NADH'  kind=placeholder_product  matched_in_raw=True
      withheld 'NAD+'  kind=placeholder_product  matched_in_raw=True
      withheld 'MenD'  kind=heading_or_prose  matched_in_raw=False
      withheld 'holo-Fur'  kind=modification_state  matched_in_raw=False
      withheld 'apo-Fur'  kind=modification_state  matched_in_raw=False
2026-08-24_1428/PMC12096016:strict                   raw 13/17=0.765   accepted 13/15=0.867   below_min raw=False accepted=False
      withheld 'NADH'  kind=placeholder_product  matched_in_raw=False
      withheld 'MenD (2-succinyl-5-enolpyruvyl-6-hydroxy-3-cyclohexene-1-carboxylate synthase)'  kind=heading_or_prose  matched_in_raw=False
2026-08-24_1428/PMC12444477:strict                   raw 17/26=0.654   accepted 16/23=0.696   below_min raw=False accepted=False
      withheld 'acyl carrier protein (ACP)'  kind=cofactor_as_protein  matched_in_raw=False
      withheld 'CoA'  kind=cofactor_as_protein  matched_in_raw=False
      withheld 'Lpt system'  kind=heading_or_prose  matched_in_raw=True
2026-08-24_1428/PMC12452463:research                 raw 13/15=0.867   accepted 13/14=0.929   below_min raw=False accepted=False
      withheld 'RyhB (small regulatory RNA)'  kind=regulator_as_metabolite  matched_in_raw=False
2026-08-24_1428/PMC12782028:strict                   raw  6/27=0.222   accepted  6/23=0.261   below_min raw=True accepted=True
      withheld 'LBR'  kind=heading_or_prose  matched_in_raw=False
      withheld 'LIPA'  kind=heading_or_prose  matched_in_raw=False
      withheld 'SREBF1'  kind=regulator_as_metabolite  matched_in_raw=False
      withheld 'SREBF2'  kind=regulator_as_metabolite  matched_in_raw=False
2026-08-24_1428/PMC12856317:research                 raw  7/9 =0.778   accepted  6/8 =0.750   below_min raw=False accepted=False
      withheld 'pyridoxal 5-phosphate'  kind=cofactor_as_protein  matched_in_raw=True
2026-08-24_1428/PMC12856317:strict                   raw  8/11=0.727   accepted  7/8 =0.875   below_min raw=False accepted=False
      withheld 'pyridoxal 5-phosphate'  kind=cofactor_as_protein  matched_in_raw=True
      withheld 'hemin'  kind=placeholder_product  matched_in_raw=False
      withheld 'PLP'  kind=cofactor_as_protein  matched_in_raw=False
2026-08-25_1216/PMC12444477:strict                   raw 11/19=0.579   accepted 10/18=0.556   below_min raw=False accepted=False
      withheld '(p)ppGpp'  kind=heading_or_prose  matched_in_raw=True
2026-08-25_1216/PMC12856317:strict                   raw  6/6 =1.000   accepted  5/5 =1.000   below_min raw=False accepted=False
      withheld 'pyridoxal 5-phosphate (PLP)'  kind=cofactor_as_protein  matched_in_raw=True
2026-08-27_1341/PMC12096016:strict                   raw 14/18=0.778   accepted 12/16=0.750   below_min raw=False accepted=False
      withheld 'NADH'  kind=placeholder_product  matched_in_raw=True
      withheld 'MenD (competing isochorismate-utilizing enzyme)'  kind=heading_or_prose  matched_in_raw=True
2026-08-27_1341/PMC12782028:strict                   raw  9/28=0.321   accepted  9/24=0.375   below_min raw=True accepted=True
      withheld 'LIPA (lipase A, lysosomal acid type)'  kind=heading_or_prose  matched_in_raw=False
      withheld 'LBR (lamin B receptor)'  kind=heading_or_prose  matched_in_raw=False
      withheld 'SREBF1 (sterol regulatory element binding transcription factor 1)'  kind=regulator_as_metabolite  matched_in_raw=False
      withheld 'SREBF2 (sterol regulatory element binding transcription factor 2)'  kind=regulator_as_metabolite  matched_in_raw=False

================ C-102 A/B, pre-change vs post-change ================
legs with a coverage block            : 62
legs carrying >=1 gold-forbidden term : 47
requested-core terms drawn, total     : 860
gold-forbidden terms withheld         : 92
legs CLEARED by the reconciliation    : 0  []
legs still below the unchanged minimum: 6
legs with an UNDEFINED accepted rate   : 0  []

per paper (the six F-132 papers first, then any other paper that shows one):
  PMC12096016    legs=13  forbidden_terms=31
  PMC12312563    legs= 2  forbidden_terms= 7
  PMC12444477    legs= 2  forbidden_terms= 4
  PMC12452463    legs=11  forbidden_terms=12
  PMC12782028    legs= 5  forbidden_terms=18
  PMC12856317    legs=11  forbidden_terms=17
  PMC13231680    legs= 3  forbidden_terms= 3   <- NOT in the ORCH-702 population

ratio deltas, every affected leg, pre -> post:
  2026-08-18_1328/PMC12096016:research                 0.6316 -> 0.8000
  2026-08-18_1328/PMC12096016:strict                   0.8235 -> 0.8000
  2026-08-18_1328/PMC12452463:strict                   0.5625 -> 0.6000
  2026-08-21_1822/PMC12782028:strict                   0.2800 -> 0.3333
  2026-08-21_2014/PMC12312563:research                 0.0000 -> 0.0000
  2026-08-21_2014/PMC12312563:strict                   0.7000 -> 0.8571
  2026-08-21_2057/PMC12096016:research                 0.8125 -> 0.8571
  2026-08-21_2057/PMC12096016:strict                   0.8333 -> 0.8750
  2026-08-21_2057/PMC12452463:research                 0.7857 -> 0.8462
  2026-08-21_2057/PMC12452463:strict                   0.8571 -> 0.9231
  2026-08-21_2239/PMC12096016:research                 0.6667 -> 0.8000
  2026-08-21_2239/PMC12096016:strict                   0.7059 -> 0.8000
  2026-08-21_2239/PMC12452463:research                 0.6000 -> 0.6429
  2026-08-21_2239/PMC12452463:strict                   0.8000 -> 0.8571
  2026-08-21_2239/PMC12856317:research                 0.8571 -> 1.0000
  2026-08-21_2239/PMC12856317:strict                   1.0000 -> 1.0000
  2026-08-22_1821/PMC12452463:strict                   0.6667 -> 0.7143
  2026-08-22_2017/PMC12452463:research                 0.7857 -> 0.8462
  2026-08-22_2017/PMC12856317:research                 0.7143 -> 0.8333
  2026-08-22_2017/PMC12856317:strict                   1.0000 -> 1.0000
  2026-08-22_2147/PMC12096016:research                 0.7059 -> 0.8000
  2026-08-22_2147/PMC12096016:strict                   0.8571 -> 0.8462
  2026-08-22_2147/PMC12452463:research                 0.6875 -> 0.7857
  2026-08-22_2147/PMC12452463:strict                   0.7857 -> 0.8462
  2026-08-22_2147/PMC12782028:strict                   0.2963 -> 0.3333
  2026-08-22_2147/PMC12856317:research                 0.5000 -> 0.6250
  2026-08-22_2147/PMC12856317:strict                   1.0000 -> 1.0000
  2026-08-22_2147/PMC13231680:research                 1.0000 -> 1.0000
  2026-08-22_2147/PMC13231680:strict                   1.0000 -> 1.0000
  2026-08-24_1203/PMC12096016:research                 0.8750 -> 0.8667
  2026-08-24_1203/PMC12096016:strict                   0.7895 -> 0.8750
  2026-08-24_1203/PMC12452463:strict                   0.6667 -> 0.7273
  2026-08-24_1203/PMC12856317:research                 1.0000 -> 1.0000
  2026-08-24_1203/PMC12856317:strict                   0.8182 -> 1.0000
  2026-08-24_1203/PMC13231680:strict                   0.8000 -> 0.7500
  2026-08-24_1402/PMC12782028:research                 0.3077 -> 0.3478
  2026-08-24_1428/PMC12096016:research                 0.7222 -> 0.8462
  2026-08-24_1428/PMC12096016:strict                   0.7647 -> 0.8667
  2026-08-24_1428/PMC12444477:strict                   0.6538 -> 0.6957
  2026-08-24_1428/PMC12452463:research                 0.8667 -> 0.9286
  2026-08-24_1428/PMC12782028:strict                   0.2222 -> 0.2609
  2026-08-24_1428/PMC12856317:research                 0.7778 -> 0.7500
  2026-08-24_1428/PMC12856317:strict                   0.7273 -> 0.8750
  2026-08-25_1216/PMC12444477:strict                   0.5789 -> 0.5556
  2026-08-25_1216/PMC12856317:strict                   1.0000 -> 1.0000
  2026-08-27_1341/PMC12096016:strict                   0.7778 -> 0.7500
  2026-08-27_1341/PMC12782028:strict                   0.3214 -> 0.3750

================ CLEANUP REPORT ================
report schema version   : 1
wrapper build           : sha256:83d139543d4c01b33984b6ca9fb0943db461d0ee5f85091623089a548b8abed0
wrapper path (executed) : C:\t\c102\docs\pwml_recovery_sprint\evidence\bounded_run.py
wrapper vs HEAD         : clean  @ bcf9a23d293c90195cedd96725807599fb670000  [git, worktree dirty=True]
label                   : c102-f132-coverage-ab-tip
command                 : c:\Users\Angad\Desktop\SummerBIOIN\Project14-T2PW\.venv\Scripts\python.exe docs/pwml_recovery_sprint/evidence/c102_f132_coverage_ab.py C:/t/c102
cwd                     : C:\t\c102
root PID / process group: 491960 / None
isolation               : windows_job_object(KILL_ON_JOB_CLOSE)
timeout                 : 300 s
duration                : 0.84 s
exit reason             : completed
exit code (real)        : 0
returned code           : 0
descendants observed    : 1  491972:python.exe
descendants terminated  : 1  491972
graceful attempted      : False
forced                  : False
FINAL SURVIVING COUNT   : 0
cleanup                 : success
json report             : C:\t\c102\docs\pwml_recovery_sprint\evidence\g11\C-102\02-f132-coverage-ab-tip.json
json report written     : True
pre-existing (reported, NEVER killed): 4
================================================
