  File "C:\t\c102\docs\pwml_recovery_sprint\evidence\c102_mutation_attack.py", line 88
    "    accepted_matched = [str(t) for t in matched if str(t) not in excluded_terms]
    ^
SyntaxError: unterminated string literal (detected at line 88)

================ CLEANUP REPORT ================
report schema version   : 1
wrapper build           : sha256:83d139543d4c01b33984b6ca9fb0943db461d0ee5f85091623089a548b8abed0
wrapper path (executed) : C:\t\c102\docs\pwml_recovery_sprint\evidence\bounded_run.py
wrapper vs HEAD         : clean  @ 5b21fc40b6dcbcc69ac11b57bd1263a638523e1c  [git, worktree dirty=False]
label                   : c102-mutation-attack-r1
command                 : c:\Users\Angad\Desktop\SummerBIOIN\Project14-T2PW\.venv\Scripts\python.exe docs/pwml_recovery_sprint/evidence/c102_mutation_attack.py C:/t/c102
cwd                     : C:\t\c102
root PID / process group: 511960 / None
isolation               : windows_job_object(KILL_ON_JOB_CLOSE)
timeout                 : 900 s
duration                : 0.28 s
exit reason             : nonzero
exit code (real)        : 1
returned code           : 1
descendants observed    : 0
descendants terminated  : 0
graceful attempted      : False
forced                  : False
FINAL SURVIVING COUNT   : 0
cleanup                 : success
json report             : C:\t\c102\docs\pwml_recovery_sprint\evidence\g11\C-102\17-mutation-attack-r1.json
json report written     : True
pre-existing (reported, NEVER killed): 4
================================================
