Traceback (most recent call last):
  File "C:\t\c102\docs\pwml_recovery_sprint\evidence\c102_mutation_attack.py", line 108, in <module>
    assert git("status", "--porcelain") == "", "the tree must be clean before the attack"
           ^^^^^^^^^^^^^^^^^^^^^^^^^^^^^^^^^^
AssertionError: the tree must be clean before the attack

================ CLEANUP REPORT ================
report schema version   : 1
wrapper build           : sha256:83d139543d4c01b33984b6ca9fb0943db461d0ee5f85091623089a548b8abed0
wrapper path (executed) : C:\t\c102\docs\pwml_recovery_sprint\evidence\bounded_run.py
wrapper vs HEAD         : clean  @ 9250b61286a9fe43a41685e97a406b7c344f7f3b  [git, worktree dirty=False]
label                   : c102-mutation-attack
command                 : c:\Users\Angad\Desktop\SummerBIOIN\Project14-T2PW\.venv\Scripts\python.exe docs/pwml_recovery_sprint/evidence/c102_mutation_attack.py C:/t/c102
cwd                     : C:\t\c102
root PID / process group: 494068 / None
isolation               : windows_job_object(KILL_ON_JOB_CLOSE)
timeout                 : 900 s
duration                : 0.27 s
exit reason             : nonzero
exit code (real)        : 1
returned code           : 1
descendants observed    : 1  486036:python.exe
descendants terminated  : 1  486036
graceful attempted      : False
forced                  : False
FINAL SURVIVING COUNT   : 0
cleanup                 : success
json report             : C:\t\c102\docs\pwml_recovery_sprint\evidence\g11\C-102\05-mutation-attack.json
json report written     : True
pre-existing (reported, NEVER killed): 4
================================================
