2026-08-18_1328    PMC12096016 research  coverage=0.631579 4/7 unmatched are GOLD-FORBIDDEN
      'NADH'  kind=placeholder_product
      'EntH'  kind=heading_or_prose
      'MenD'  kind=heading_or_prose
      'LDH'  kind=heading_or_prose
2026-08-18_1328    PMC12452463 strict    coverage=0.5625 1/7 unmatched are GOLD-FORBIDDEN
      'RyhB'  kind=regulator_as_metabolite
2026-08-21_1822    PMC12782028 strict    coverage=0.28 4/18 unmatched are GOLD-FORBIDDEN
      'LBR'  kind=heading_or_prose
      'LIPA'  kind=heading_or_prose
      'SREBF1'  kind=regulator_as_metabolite
      'SREBF2'  kind=regulator_as_metabolite
2026-08-21_2014    PMC12312563 research  coverage=0.0 4/10 unmatched are GOLD-FORBIDDEN
      'ThDP'  kind=cofactor_as_protein
      'intermediate I'  kind=placeholder_product
      'intermediate II'  kind=placeholder_product
      'DHNA'  kind=heading_or_prose
2026-08-21_2014    PMC12312563 strict    coverage=0.7 2/3 unmatched are GOLD-FORBIDDEN
      'intermediate I'  kind=placeholder_product
      'intermediate II'  kind=placeholder_product
2026-08-21_2057    PMC12096016 research  coverage=0.8125 1/3 unmatched are GOLD-FORBIDDEN
      'MenD'  kind=heading_or_prose
2026-08-21_2057    PMC12096016 strict    coverage=0.833333 1/3 unmatched are GOLD-FORBIDDEN
      'MenD (2-succinyl-5-enolpyruvyl-6-hydroxy-3-cyclohexene-1-carboxylate synthase)'  kind=heading_or_prose
2026-08-21_2057    PMC12452463 research  coverage=0.785714 1/3 unmatched are GOLD-FORBIDDEN
      'RyhB'  kind=regulator_as_metabolite
2026-08-21_2057    PMC12452463 strict    coverage=0.857143 1/2 unmatched are GOLD-FORBIDDEN
      'EntA'  kind=placeholder_product
2026-08-21_2239    PMC12096016 research  coverage=0.666667 3/6 unmatched are GOLD-FORBIDDEN
      'NADH'  kind=placeholder_product
      'EntH'  kind=heading_or_prose
      'MenD'  kind=heading_or_prose
2026-08-21_2239    PMC12096016 strict    coverage=0.705882 2/5 unmatched are GOLD-FORBIDDEN
      'NADH'  kind=placeholder_product
      'NAD+'  kind=placeholder_product
2026-08-21_2239    PMC12452463 research  coverage=0.6 1/6 unmatched are GOLD-FORBIDDEN
      'RyhB'  kind=regulator_as_metabolite
2026-08-21_2239    PMC12452463 strict    coverage=0.8 1/3 unmatched are GOLD-FORBIDDEN
      'RyhB'  kind=regulator_as_metabolite
2026-08-21_2239    PMC12856317 research  coverage=0.857143 1/1 unmatched are GOLD-FORBIDDEN
      'hemin'  kind=placeholder_product
2026-08-22_1821    PMC12452463 strict    coverage=0.666667 1/5 unmatched are GOLD-FORBIDDEN
      'RyhB (small RNA)'  kind=regulator_as_metabolite
2026-08-22_2017    PMC12452463 research  coverage=0.785714 1/3 unmatched are GOLD-FORBIDDEN
      'RyhB (small RNA)'  kind=regulator_as_metabolite
2026-08-22_2017    PMC12856317 research  coverage=0.714286 1/2 unmatched are GOLD-FORBIDDEN
      'hemin'  kind=placeholder_product
2026-08-22_2147    PMC12096016 research  coverage=0.705882 2/5 unmatched are GOLD-FORBIDDEN
      'NADH'  kind=placeholder_product
      'MenD (2-succinyl-5-enolpyruvyl-6-hydroxy-3-cyclohexene-1-carboxylate synthase)'  kind=heading_or_prose
2026-08-22_2147    PMC12452463 research  coverage=0.6875 2/5 unmatched are GOLD-FORBIDDEN
      'salmochelin'  kind=placeholder_product
      'RyhB (small RNA)'  kind=regulator_as_metabolite
2026-08-22_2147    PMC12452463 strict    coverage=0.785714 1/3 unmatched are GOLD-FORBIDDEN
      'EntA'  kind=placeholder_product
2026-08-22_2147    PMC12782028 strict    coverage=0.296296 3/19 unmatched are GOLD-FORBIDDEN
      'LBR'  kind=heading_or_prose
      'SREBF1'  kind=regulator_as_metabolite
      'SREBF2'  kind=regulator_as_metabolite
2026-08-22_2147    PMC12856317 research  coverage=0.5 2/5 unmatched are GOLD-FORBIDDEN
      'hemin'  kind=placeholder_product
      'pyridoxal 5-phosphate (PLP)'  kind=cofactor_as_protein
2026-08-24_1203    PMC12096016 strict    coverage=0.789474 2/4 unmatched are GOLD-FORBIDDEN
      'MenD'  kind=heading_or_prose
      'LDH'  kind=heading_or_prose
2026-08-24_1203    PMC12452463 strict    coverage=0.666667 1/4 unmatched are GOLD-FORBIDDEN
      'EntA'  kind=placeholder_product
2026-08-24_1203    PMC12856317 strict    coverage=0.818182 2/2 unmatched are GOLD-FORBIDDEN
      'hemin'  kind=placeholder_product
      'PLP'  kind=cofactor_as_protein
2026-08-24_1402    PMC12782028 research  coverage=0.307692 3/18 unmatched are GOLD-FORBIDDEN
      'LBR'  kind=heading_or_prose
      'SREBF1'  kind=regulator_as_metabolite
      'SREBF2'  kind=regulator_as_metabolite
2026-08-24_1428    PMC12096016 research  coverage=0.722222 3/5 unmatched are GOLD-FORBIDDEN
      'MenD'  kind=heading_or_prose
      'holo-Fur'  kind=modification_state
      'apo-Fur'  kind=modification_state
2026-08-24_1428    PMC12096016 strict    coverage=0.764706 2/4 unmatched are GOLD-FORBIDDEN
      'NADH'  kind=placeholder_product
      'MenD (2-succinyl-5-enolpyruvyl-6-hydroxy-3-cyclohexene-1-carboxylate synthase)'  kind=heading_or_prose
2026-08-24_1428    PMC12444477 strict    coverage=0.653846 2/9 unmatched are GOLD-FORBIDDEN
      'acyl carrier protein (ACP)'  kind=cofactor_as_protein
      'CoA'  kind=cofactor_as_protein
2026-08-24_1428    PMC12452463 research  coverage=0.866667 1/2 unmatched are GOLD-FORBIDDEN
      'RyhB (small regulatory RNA)'  kind=regulator_as_metabolite
2026-08-24_1428    PMC12782028 strict    coverage=0.222222 4/21 unmatched are GOLD-FORBIDDEN
      'LBR'  kind=heading_or_prose
      'LIPA'  kind=heading_or_prose
      'SREBF1'  kind=regulator_as_metabolite
      'SREBF2'  kind=regulator_as_metabolite
2026-08-24_1428    PMC12856317 strict    coverage=0.727273 2/3 unmatched are GOLD-FORBIDDEN
      'hemin'  kind=placeholder_product
      'PLP'  kind=cofactor_as_protein
2026-08-27_1341    PMC12782028 strict    coverage=0.321429 4/19 unmatched are GOLD-FORBIDDEN
      'LIPA (lipase A, lysosomal acid type)'  kind=heading_or_prose
      'LBR (lamin B receptor)'  kind=heading_or_prose
      'SREBF1 (sterol regulatory element binding transcription factor 1)'  kind=regulator_as_metabolite
      'SREBF2 (sterol regulatory element binding transcription factor 2)'  kind=regulator_as_metabolite

legs with unmatched terms: 54   unmatched terms total: 304   of which gold-forbidden: 66

================ CLEANUP REPORT ================
report schema version   : 1
wrapper build           : sha256:83d139543d4c01b33984b6ca9fb0943db461d0ee5f85091623089a548b8abed0
wrapper path (executed) : C:\t\c102\docs\pwml_recovery_sprint\evidence\bounded_run.py
wrapper vs HEAD         : clean  @ 9250b61286a9fe43a41685e97a406b7c344f7f3b  [git, worktree dirty=True]
label                   : c102-orch702-replay
command                 : c:\Users\Angad\Desktop\SummerBIOIN\Project14-T2PW\.venv\Scripts\python.exe docs/pwml_recovery_sprint/evidence/orch702_f132_forbidden_anchors.py C:/t/c102
cwd                     : C:\t\c102
root PID / process group: 496020 / None
isolation               : windows_job_object(KILL_ON_JOB_CLOSE)
timeout                 : 300 s
duration                : 0.42 s
exit reason             : completed
exit code (real)        : 0
returned code           : 0
descendants observed    : 1  496904:python.exe
descendants terminated  : 1  496904
graceful attempted      : False
forced                  : False
FINAL SURVIVING COUNT   : 0
cleanup                 : success
json report             : C:\t\c102\docs\pwml_recovery_sprint\evidence\g11\C-102\10-orch702-replay.json
json report written     : True
pre-existing (reported, NEVER killed): 4
================================================
