2026-08-04_1207    bytes=  49681  legs_with_coverage_block= 0  corpus_key=present  corpus_bytes=   246  priority_copies=[284, 284]
2026-08-24_1428    bytes= 224607  legs_with_coverage_block=10  corpus_key=present  corpus_bytes= 12288  priority_copies=[379, 379]

================ CLEANUP REPORT ================
report schema version   : 1
wrapper build           : sha256:83d139543d4c01b33984b6ca9fb0943db461d0ee5f85091623089a548b8abed0
wrapper path (executed) : C:\t\c102\docs\pwml_recovery_sprint\evidence\bounded_run.py
wrapper vs HEAD         : clean  @ 60968517c66722fa67c63c2dee01222a7a447dd3  [git, worktree dirty=True]
label                   : c102-report-size-tip
command                 : c:\Users\Angad\Desktop\SummerBIOIN\Project14-T2PW\.venv\Scripts\python.exe docs/pwml_recovery_sprint/evidence/c102_report_size.py C:/t/c102
cwd                     : C:\t\c102
root PID / process group: 508864 / None
isolation               : windows_job_object(KILL_ON_JOB_CLOSE)
timeout                 : 300 s
duration                : 1.80 s
exit reason             : completed
exit code (real)        : 0
returned code           : 0
descendants observed    : 1  510480:python.exe
descendants terminated  : 1  510480
graceful attempted      : False
forced                  : False
FINAL SURVIVING COUNT   : 0
cleanup                 : success
json report             : C:\t\c102\docs\pwml_recovery_sprint\evidence\g11\C-102\16-report-size-tip.json
json report written     : True
pre-existing (reported, NEVER killed): 4
================================================
