MEASURING THE PRE-F5 SHAPE: priority entries carry the corpus record whole
2026-08-04_1207    bytes=  49605  legs_with_coverage_block= 0  corpus_key=present  corpus_bytes=   246  priority_copies=[246, 246]
2026-08-24_1428    bytes= 248425  legs_with_coverage_block=10  corpus_key=present  corpus_bytes= 12288  priority_copies=[12288, 12288]

================ CLEANUP REPORT ================
report schema version   : 1
wrapper build           : sha256:83d139543d4c01b33984b6ca9fb0943db461d0ee5f85091623089a548b8abed0
wrapper path (executed) : C:\t\c102\docs\pwml_recovery_sprint\evidence\bounded_run.py
wrapper vs HEAD         : clean  @ d0a3204afc190fa533bc3373a66f3de6f24e9e7e  [git, worktree dirty=True]
label                   : c102-report-size-uncompacted
command                 : c:\Users\Angad\Desktop\SummerBIOIN\Project14-T2PW\.venv\Scripts\python.exe docs/pwml_recovery_sprint/evidence/c102_report_size.py C:/t/c102 --as-if-uncompacted
cwd                     : C:\t\c102
root PID / process group: 513512 / None
isolation               : windows_job_object(KILL_ON_JOB_CLOSE)
timeout                 : 300 s
duration                : 1.82 s
exit reason             : completed
exit code (real)        : 0
returned code           : 0
descendants observed    : 1  509996:python.exe
descendants terminated  : 1  509996
graceful attempted      : False
forced                  : False
FINAL SURVIVING COUNT   : 0
cleanup                 : success
json report             : C:\t\c102\docs\pwml_recovery_sprint\evidence\g11\C-102\22-report-size-uncompacted.json
json report written     : True
pre-existing (reported, NEVER killed): 4
================================================
