T2PW: C:\t\c104\src\t2pw\__init__.py
........................................................................ [ 15%]
........................................................................ [ 30%]
........................................................................ [ 45%]
........................................................................ [ 60%]
........................................................................ [ 76%]
........................................................................ [ 91%]
.........................................                                [100%]
473 passed in 34.57s

================ CLEANUP REPORT ================
report schema version   : 1
wrapper build           : sha256:83d139543d4c01b33984b6ca9fb0943db461d0ee5f85091623089a548b8abed0
wrapper path (executed) : C:\t\c104\docs\pwml_recovery_sprint\evidence\bounded_run.py
wrapper vs HEAD         : clean  @ 36f773c627fda333b2afe7b1e0fd9294c11d3817  [git, worktree dirty=True]
label                   : c104-smoke
command                 : c:\Users\Angad\Desktop\SummerBIOIN\Project14-T2PW\.venv\Scripts\python.exe -u docs/pwml_recovery_sprint/evidence/pinned_pytest.py --expect-tree C:/t/c104 --pin-verdict docs/pwml_recovery_sprint/evidence/g11/pin/C-104/07-smoke.pin.json -q --no-header -rf --basetemp=C:/t/btc104/smoke tests/test_reference_repair.py tests/test_strict_quarantine.py tests/test_strict_quarantine_contract_alignment.py tests/test_strict_quarantine_locks_and_scope.py tests/test_strict_quarantine_versioning.py tests/test_empty_extraction_payload.py tests/test_bench_goldset_and_semantic.py tests/test_bench_acquisition_and_artifacts.py tests/test_bench_controls.py tests/test_completeness_audit.py tests/test_batch_driver.py tests/test_stage3_gate_report_lifecycle.py tests/test_rag_admission_production_path.py tests/test_rag_gap_admission.py tests/test_rag_triage_orchestration.py tests/test_rag_provenance_gates.py tests/test_pipeline_reaction_rag_provenance.py tests/test_research_mode_orchestration.py tests/test_map_ids_name_gate.py tests/test_db_candidate_species_evidence.py
cwd                     : C:\t\c104
root PID / process group: 418576 / None
isolation               : windows_job_object(KILL_ON_JOB_CLOSE)
timeout                 : 300 s
duration                : 35.82 s
exit reason             : completed
exit code (real)        : 0
returned code           : 0
descendants observed    : 8  426780:python.exe, 398788:python.exe, 431360:python.exe, 431660:python.exe, 426080:python.exe, 430864:python.exe, 430720:python.exe, 430816:python.exe
descendants terminated  : 8  398788, 426080, 426780, 430720, 430816, 430864, 431360, 431660
graceful attempted      : False
forced                  : False
FINAL SURVIVING COUNT   : 0
cleanup                 : success
json report             : C:\t\c104\docs\pwml_recovery_sprint\evidence\g11\C-104\07-smoke.json
json report written     : True
heavy lock              : C:\t\heavylock  holder=C-104  acquired=True  released=True
pre-existing (reported, NEVER killed): 4
================================================
