T2PW: C:\t\c104\src\t2pw\__init__.py
........................................................................ [ 15%]
........................................................................ [ 31%]
........................................................................ [ 46%]
........................................................................ [ 62%]
........................ss...s..sss.ss.................................. [ 77%]
........................................................................ [ 93%]
................................                                         [100%]
456 passed, 8 skipped in 29.54s

================ CLEANUP REPORT ================
report schema version   : 1
wrapper build           : sha256:83d139543d4c01b33984b6ca9fb0943db461d0ee5f85091623089a548b8abed0
wrapper path (executed) : C:\t\c104\docs\pwml_recovery_sprint\evidence\bounded_run.py
wrapper vs HEAD         : clean  @ 36f773c627fda333b2afe7b1e0fd9294c11d3817  [git, worktree dirty=True]
label                   : c104-goldreaders
command                 : c:\Users\Angad\Desktop\SummerBIOIN\Project14-T2PW\.venv\Scripts\python.exe -u docs/pwml_recovery_sprint/evidence/pinned_pytest.py --expect-tree C:/t/c104 --pin-verdict docs/pwml_recovery_sprint/evidence/g11/pin/C-104/08-goldreaders.pin.json -q --no-header -rf --basetemp=C:/t/btc104/gold tests/test_protein_export_policy.py tests/test_c056b_semantic_denominators.py tests/test_batch_pwml_artifact_naming.py tests/test_c074_strict_core_floor.py tests/test_c076_alias_holo_apo_identity.py tests/test_c077_stage0_conflict_disposition.py tests/test_c081_cofactor_role_identity.py tests/test_c085_priority2_honesty.py tests/test_c088_extracted_not_serialized_disposition.py tests/test_cofactor_policy.py tests/test_rag_multi_relation_spans.py tests/test_release_status_classification.py tests/test_semantic_production_no_gold.py tests/test_strict_failure_replay.py tests/test_batch_driver_quarantine_artifacts.py tests/test_c056c_semantic_evaluability.py tests/test_c071_actor_evidence_gate.py tests/test_c080_production_gate_kind_aware.py tests/test_c089_participant_schema.py tests/test_c090_wrapper_identity_actor_evidence.py tests/test_c097_semantic_name_keys.py tests/test_semantic_release_gating.py
cwd                     : C:\t\c104
root PID / process group: 426164 / None
isolation               : windows_job_object(KILL_ON_JOB_CLOSE)
timeout                 : 300 s
duration                : 30.40 s
exit reason             : completed
exit code (real)        : 0
returned code           : 0
descendants observed    : 7  432632:python.exe, 433112:git.exe, 432388:git.exe, 429504:git.exe, 432820:git.exe, 424156:python.exe, 428596:python.exe
descendants terminated  : 7  424156, 428596, 429504, 432388, 432632, 432820, 433112
graceful attempted      : False
forced                  : False
FINAL SURVIVING COUNT   : 0
cleanup                 : success
json report             : C:\t\c104\docs\pwml_recovery_sprint\evidence\g11\C-104\08-goldreaders.json
json report written     : True
heavy lock              : C:\t\heavylock  holder=C-104  acquired=True  released=True
pre-existing (reported, NEVER killed): 4
================================================
