 1. tests/test_protein_export_policy.py                            passed= 63 failed=0 skipped=0 errors=0  exit=0
 2. tests/test_c056b_semantic_denominators.py                      passed= 10 failed=0 skipped=0 errors=0  exit=0
 3. tests/test_batch_pwml_artifact_naming.py                       passed= 13 failed=0 skipped=0 errors=0  exit=0
 4. tests/test_c074_strict_core_floor.py                           passed= 31 failed=0 skipped=0 errors=0  exit=0
 5. tests/test_c076_alias_holo_apo_identity.py                     passed= 28 failed=0 skipped=0 errors=0  exit=0
 6. tests/test_c077_stage0_conflict_disposition.py                 passed= 14 failed=0 skipped=0 errors=0  exit=0
 7. tests/test_c081_cofactor_role_identity.py                      passed= 25 failed=0 skipped=0 errors=0  exit=0
 8. tests/test_c085_priority2_honesty.py                           passed= 11 failed=0 skipped=0 errors=0  exit=0
 9. tests/test_c088_extracted_not_serialized_disposition.py        passed= 20 failed=0 skipped=0 errors=0  exit=0
10. tests/test_cofactor_policy.py                                  passed= 36 failed=0 skipped=0 errors=0  exit=0
11. tests/test_rag_multi_relation_spans.py                         passed= 19 failed=0 skipped=0 errors=0  exit=0
12. tests/test_release_status_classification.py                    passed= 12 failed=0 skipped=0 errors=0  exit=0
13. tests/test_semantic_production_no_gold.py                      passed=  8 failed=0 skipped=0 errors=0  exit=0
14. tests/test_strict_failure_replay.py                            passed= 40 failed=0 skipped=8 errors=0  exit=0
15. tests/test_batch_driver_quarantine_artifacts.py                passed=  8 failed=0 skipped=0 errors=0  exit=0
16. tests/test_c056c_semantic_evaluability.py                      passed= 11 failed=0 skipped=0 errors=0  exit=0
17. tests/test_c071_actor_evidence_gate.py                         passed=  8 failed=0 skipped=0 errors=0  exit=0
18. tests/test_c080_production_gate_kind_aware.py                  passed= 19 failed=0 skipped=0 errors=0  exit=0
19. tests/test_c089_participant_schema.py                          passed= 31 failed=0 skipped=0 errors=0  exit=0
20. tests/test_c090_wrapper_identity_actor_evidence.py             passed=  8 failed=0 skipped=0 errors=0  exit=0
21. tests/test_c097_semantic_name_keys.py                          passed= 16 failed=0 skipped=0 errors=0  exit=0
22. tests/test_semantic_release_gating.py                          passed= 25 failed=0 skipped=0 errors=0  exit=0

files run    : 22
split totals : 456 passed, 0 failed, 8 skipped, 0 errors
reds (0):

================ CLEANUP REPORT ================
report schema version   : 1
wrapper build           : sha256:83d139543d4c01b33984b6ca9fb0943db461d0ee5f85091623089a548b8abed0
wrapper path (executed) : C:\t\c104\docs\pwml_recovery_sprint\evidence\bounded_run.py
wrapper vs HEAD         : clean  @ 36f773c627fda333b2afe7b1e0fd9294c11d3817  [git, worktree dirty=True]
label                   : c104-goldreaders-split
command                 : c:\Users\Angad\Desktop\SummerBIOIN\Project14-T2PW\.venv\Scripts\python.exe -u docs/pwml_recovery_sprint/evidence/c102_goldreaders_split.py C:/t/c104 C:/t/btc104/split
cwd                     : C:\t\c104
root PID / process group: 430228 / None
isolation               : windows_job_object(KILL_ON_JOB_CLOSE)
timeout                 : 420 s
duration                : 57.50 s
exit reason             : completed
exit code (real)        : 0
returned code           : 0
descendants observed    : 53  430240:python.exe, 430260:python.exe, 430280:python.exe, 430376:python.exe, 430396:python.exe, 430856:python.exe, 430876:python.exe, 430328:python.exe, 430504:python.exe, 430684:git.exe, 430660:git.exe, 430404:git.exe, 430180:git.exe, 430196:git.exe, 430344:git.exe, 429644:python.exe, 430680:python.exe, 418424:python.exe, 429176:python.exe, 428228:python.exe, 430272:python.exe, 429380:python.exe, 429444:python.exe, 430768:python.exe, 430900:python.exe, 429468:python.exe, 430112:python.exe, 429908:python.exe, 430384:python.exe, 430316:python.exe, 431188:python.exe, 431212:python.exe, 431228:python.exe, 431428:python.exe, 431476:python.exe, 431584:python.exe, 431612:python.exe, 431568:python.exe, 431652:python.exe, 431108:python.exe, 431148:python.exe, 429084:python.exe, 431028:python.exe, 431504:python.exe, 431536:python.exe, 430732:python.exe, 431788:python.exe, 431604:python.exe, 431896:python.exe, 431216:python.exe, 431916:python.exe, 424684:python.exe, 431436:python.exe
descendants terminated  : 53  418424, 424684, 428228, 429084, 429176, 429380, 429444, 429468, 429644, 429908, 430112, 430180, 430196, 430240, 430260, 430272, 430280, 430316, 430328, 430344, 430376, 430384, 430396, 430404, 430504, 430660, 430680, 430684, 430732, 430768, 430856, 430876, 430900, 431028, 431108, 431148, 431188, 431212, 431216, 431228, 431428, 431436, 431476, 431504, 431536, 431568, 431584, 431604, 431612, 431652, 431788, 431896, 431916
graceful attempted      : False
forced                  : False
FINAL SURVIVING COUNT   : 0
cleanup                 : success
json report             : C:\t\c104\docs\pwml_recovery_sprint\evidence\g11\C-104\06-goldreaders-split.json
json report written     : True
heavy lock              : C:\t\heavylock  holder=C-104  acquired=True  released=True
pre-existing (reported, NEVER killed): 4
================================================
