..............                                                           [100%]
14 passed in 3.49s

================ CLEANUP REPORT ================
report schema version   : 1
wrapper build           : sha256:83d139543d4c01b33984b6ca9fb0943db461d0ee5f85091623089a548b8abed0
wrapper path (executed) : C:\t\c106\docs\pwml_recovery_sprint\evidence\bounded_run.py
wrapper vs HEAD         : clean  @ c7fb5c541b282c18c5e45df67f0d52b9a926ecd3  [git, worktree dirty=True]
label                   : c102-tip-green
command                 : c:\Users\Angad\Desktop\SummerBIOIN\Project14-T2PW\.venv\Scripts\python.exe -m pytest tests/test_c102_coverage_denominator.py -q --no-header -rf --basetemp=C:/t/bt/c106b
cwd                     : C:\t\c106
root PID / process group: 50312 / None
isolation               : windows_job_object(KILL_ON_JOB_CLOSE)
timeout                 : 300 s
duration                : 4.22 s
exit reason             : completed
exit code (real)        : 0
returned code           : 0
descendants observed    : 1  50324:python.exe
descendants terminated  : 1  50324
graceful attempted      : False
forced                  : False
FINAL SURVIVING COUNT   : 0
cleanup                 : success
json report             : C:\t\c106\docs\pwml_recovery_sprint\evidence\g11\C-106\03-c102-tip-green.json
json report written     : True
heavy lock              : C:\t\heavylock  holder=C-106  acquired=True  released=True
pre-existing (reported, NEVER killed): 4
================================================
