................                                                         [100%]
16 passed in 0.17s

================ CLEANUP REPORT ================
report schema version   : 1
wrapper build           : sha256:83d139543d4c01b33984b6ca9fb0943db461d0ee5f85091623089a548b8abed0
wrapper path (executed) : C:\t\c106\docs\pwml_recovery_sprint\evidence\bounded_run.py
wrapper vs HEAD         : clean  @ c7fb5c541b282c18c5e45df67f0d52b9a926ecd3  [git, worktree dirty=True]
label                   : c106-new-focused
command                 : c:\Users\Angad\Desktop\SummerBIOIN\Project14-T2PW\.venv\Scripts\python.exe -m pytest tests/test_c106_mutation_harness_executable.py -q --no-header -rf --basetemp=C:/t/bt/c106c
cwd                     : C:\t\c106
root PID / process group: 55464 / None
isolation               : windows_job_object(KILL_ON_JOB_CLOSE)
timeout                 : 300 s
duration                : 0.69 s
exit reason             : completed
exit code (real)        : 0
returned code           : 0
descendants observed    : 1  55476:python.exe
descendants terminated  : 1  55476
graceful attempted      : False
forced                  : False
FINAL SURVIVING COUNT   : 0
cleanup                 : success
json report             : C:\t\c106\docs\pwml_recovery_sprint\evidence\g11\C-106\10-c106-new-focused.json
json report written     : True
heavy lock              : C:\t\heavylock  holder=C-106  acquired=True  released=True
pre-existing (reported, NEVER killed): 4
================================================
