ON DISK          : bytes=79745  crlf=1673  bare_lf=0  sha256=70a642cac41f3624
git status       : ''

AFTER TEXT WRITE : bytes=78072  crlf=0  bare_lf=1673  sha256=dbbef4341f393fa0
  identical to disk? False
  git status       : 'M src/t2pw/bench/acceptance.py'
  ^ the mutation content was the IDENTITY. Every byte of this delta is
    line endings, introduced by the harness on a file it did not change.

AFTER git checkout --: bytes=79745  crlf=1673  bare_lf=0  sha256=70a642cac41f3624
  git status       : ''
  byte-identical to the pre-probe file? True
  ^ THIS is why the damage survived a card. `git status --porcelain == ""`
    is exactly what the broken loop produced, which is why C-106's new
    guard asserts sha256 and a CRLF count instead.

DELIBERATE DAMAGE: bytes=78072  crlf=0  bare_lf=1673  sha256=dbbef4341f393fa0
SAVED-BYTES RESTORE: bytes=79745  crlf=1673  bare_lf=0  sha256=70a642cac41f3624
  byte-identical: True   crlf preserved: True
  git status     : ''

PROBE CLEAN: tree byte-identical to where it started.

================ CLEANUP REPORT ================
report schema version   : 1
wrapper build           : sha256:83d139543d4c01b33984b6ca9fb0943db461d0ee5f85091623089a548b8abed0
wrapper path (executed) : C:\t\c106\docs\pwml_recovery_sprint\evidence\bounded_run.py
wrapper vs HEAD         : clean  @ c7fb5c541b282c18c5e45df67f0d52b9a926ecd3  [git, worktree dirty=True]
label                   : d084-probe
command                 : c:\Users\Angad\Desktop\SummerBIOIN\Project14-T2PW\.venv\Scripts\python.exe -u docs/pwml_recovery_sprint/evidence/c106_d084_probe.py C:/t/c106
cwd                     : C:\t\c106
root PID / process group: 50892 / None
isolation               : windows_job_object(KILL_ON_JOB_CLOSE)
timeout                 : 300 s
duration                : 0.36 s
exit reason             : completed
exit code (real)        : 0
returned code           : 0
descendants observed    : 2  48828:python.exe, 48600:git.exe
descendants terminated  : 2  48600, 48828
graceful attempted      : False
forced                  : False
FINAL SURVIVING COUNT   : 0
cleanup                 : success
json report             : C:\t\c106\docs\pwml_recovery_sprint\evidence\g11\C-106\04-d084-probe.json
json report written     : True
heavy lock              : C:\t\heavylock  holder=C-106  acquired=True  released=True
pre-existing (reported, NEVER killed): 4
================================================
