====================================================================================================
SECTION A -- REV-105's 29-case battery, through apply_patch_with_policy
====================================================================================================
ACCEPT  (want ACCEPT)     author's own catalysis span
ACCEPT  (want ACCEPT)     hyphenated adjectival: P-catalyzed
ACCEPT  (want ACCEPT)     hyphenated adjectival: P-mediated
ACCEPT  (want ACCEPT)     'is the enzyme responsible for'
ACCEPT  (want ACCEPT)     passive: 'A is converted to B by P'
ACCEPT  (want ACCEPT)     passive: 'catalysed by P'
ACCEPT  (want ACCEPT)     'P converts A into B'
ACCEPT  (want ACCEPT)     'P hydrolyses A'
ACCEPT  (want ACCEPT)     'P acts on A to give B'
ACCEPT  (want ACCEPT)     'P breaks down A'
ACCEPT  (want ACCEPT)     'P is an enzyme that acts upon A'
ACCEPT  (want ACCEPT)     'P was shown to catalyse this step'
ACCEPT  (want ACCEPT)     multi-word name, exact in span
ACCEPT  (want ACCEPT)     registry name vs paper symbol
ACCEPT  (want ACCEPT)     systematic name vs gene symbol
ACCEPT  (want ACCEPT)     ' complex' suffix, symbol in span
ACCEPT  (want ACCEPT)     hyphenated NAME, exact in span
ACCEPT  (want ACCEPT)     hyphenated NAME + hyphenated cue
REFUSE  (want REFUSE)     cue >80 chars from the name
           reason: unevidenced_actor_role: no evidence span names 'P' performing the catalysis role of enzymes; an actor role may not be added to satisfy payload structu
ACCEPT  (want ACCEPT)     dict row w/ own evidence
ACCEPT  (want ACCEPT)     transport, plain
ACCEPT  (want ACCEPT)     transport, 'P is the importer of A'
ACCEPT  (want ACCEPT)     modifier inhibitor, evidenced
ACCEPT  (want ACCEPT)     modifier activator, evidenced
REFUSE  (want ACCEPT) << MISMATCH  modifier cofactor (role outside vocab)
           reason: unevidenced_actor_role: no evidence span names 'P' performing the other role of modifiers; an actor role may not be added to satisfy payload structure
REFUSE  (want REFUSE)     B2 DEFECT: inhibitor span for enzymes
           reason: unevidenced_actor_role: no evidence span names 'P' performing the catalysis role of enzymes; an actor role may not be added to satisfy payload structu
REFUSE  (want REFUSE)     B3 structural rationale
           reason: unevidenced_actor_role: no evidence span names 'P' performing the catalysis role of enzymes; an actor role may not be added to satisfy payload structu
REFUSE  (want REFUSE)     no evidence at all
           reason: unevidenced_actor_role: add of 'P' to enzymes carries no evidence span.
REFUSE  (want REFUSE)     span names a DIFFERENT protein
           reason: unevidenced_actor_role: no evidence span names 'P' performing the catalysis role of enzymes; an actor role may not be added to satisfy payload structu

BATTERY MISMATCHES: 1 / 29
BATTERY MISMATCH LABELS: ['modifier cofactor (role outside vocab)']

====================================================================================================
SECTION B -- F-146 PINNED PATCH.  Must print REJECTED.
====================================================================================================
  accepted_count = 0   enzymes after = []
  reason         = unevidenced_actor_role: no evidence span names 'NDM-1' performing the catalysis role of enzymes; an actor role may not be added to satisfy payload structure.
  F-146 VERDICT  : REJECTED  <-- REQUIRED

====================================================================================================
SECTION C1 -- 1a REJECTION: each near-synonym in a window that ALSO carries a
real catalysis cue ('mediated'). At the C-106 base every one of these is ADMITTED.
====================================================================================================
  blockade         ADMITTED <<   'the blockade of NDM-1 activity is mediated by PSA'
  impairment       ADMITTED <<   'the impairment of NDM-1 activity is mediated by PSA'
  disruption       ADMITTED <<   'the disruption of NDM-1 activity is mediated by PSA'
  reduction        ADMITTED <<   'the reduction of NDM-1 activity is mediated by PSA'
  loss             ADMITTED <<   'the loss of NDM-1 activity is mediated by PSA'
  silencing        ADMITTED <<   'the silencing of NDM-1 activity is mediated by PSA'
  sequestration    ADMITTED <<   'the sequestration of NDM-1 activity is mediated by PSA'
  depletion        ADMITTED <<   'the depletion of NDM-1 activity is mediated by PSA'
  ablation         ADMITTED <<   'the ablation of NDM-1 activity is mediated by PSA'
  interference     ADMITTED <<   'the interference of NDM-1 activity is mediated by PSA'
  quenching        ADMITTED <<   'the quenching of NDM-1 activity is mediated by PSA'
  C1 ADMITTED (want 0): 11 / 11

====================================================================================================
SECTION C2 -- 1a PRESERVATION: redox chemistry must keep licensing (REV-107 B2)
====================================================================================================
  licensed     'NADH-dependent reduction of the substrate by P'
  licensed     'ferrochelatase reduces the substrate in this step'
  licensed     'P catalyses the reduction of the quinone to the quinol'
  licensed     'the reduction of A to B is carried out by P'
  licensed     'P reduces nitrite to nitric oxide'
  licensed     'reducing equivalents are transferred by P during the reduction of the disulfide'
  C2 REFUSED (want 0): 0 / 6

====================================================================================================
SECTION C3 -- 1b passive-with-agent: the agent must BE the actor
====================================================================================================
  ACCEPT (want REFUSE) << MISMATCH  'A is converted to B by Q, and P was also detected in the assay'
  ACCEPT (want REFUSE) << MISMATCH  'A is produced by Q while P remained bound to the membrane'
  ACCEPT (want REFUSE) << MISMATCH  'B is formed by Q; P is unrelated to this step'
  ACCEPT (want ACCEPT)              'A is converted to B by P in the intestine'
  ACCEPT (want ACCEPT)              'A is produced by P during the second step'
  ACCEPT (want ACCEPT)              'the reaction is catalyzed by serine hydroxymethyltransferase'
  ACCEPT (want ACCEPT)              'isochorismate is converted to 2,3-dihydro-2,3-dihydroxybenzoate and pyruvate by EntB isochorismatase activity'
  ACCEPT (want ACCEPT)              'the beta-lactam ring is converted to the open form by NDM-1'
  C3 MISMATCHES (want 0): 3 / 8

====================================================================================================
SECTION C4 -- 1c the -ase stoplist: plural bypass closed, real enzymes preserved
====================================================================================================
  ACCEPT (want REFUSE) << MISMATCH  'LpxA appears in three purchases recorded in the supplement'
  ACCEPT (want REFUSE) << MISMATCH  'LpxA appears beside two showcases in the exhibition'
  ACCEPT (want REFUSE) << MISMATCH  'LpxA was photographed on the staircases of the institute'
  ACCEPT (want REFUSE) << MISMATCH  'LpxA was left in one of the briefcases'
  ACCEPT (want REFUSE) << MISMATCH  'LpxA pleases the reviewers of this manuscript'
  ACCEPT (want REFUSE) << MISMATCH  'LpxA was found in the suitcases of the courier'
  ACCEPT (want REFUSE) << MISMATCH  'LpxA was noted beside the grease on the bench'
  ACCEPT (want REFUSE) << MISMATCH  'LpxA paraphrases the earlier report'
  REFUSE (want REFUSE)              'LpxA was noted while the incidence of disease did not increase after release of the database'
  ACCEPT (want ACCEPT)              'LpxA is the acyltransferase for this step'
  ACCEPT (want ACCEPT)              'P and its paralogues are hydrolases of the same family'
  ACCEPT (want ACCEPT)              'P belongs to the kinases described earlier'
  ACCEPT (want ACCEPT)              'P is the lyase for this step'
  ACCEPT (want ACCEPT)              'EndA is the DNase for this step'
  C4 MISMATCHES (want 0): 8 / 14

====================================================================================================
SECTION C5 -- 1d transport, and 1e cofactor
====================================================================================================
  REFUSE (want ACCEPT) << MISMATCH  'MsbA is the flippase for lipid A'
  REFUSE (want ACCEPT) << MISMATCH  'P is the translocase of the inner membrane'
  ACCEPT (want ACCEPT)              'P is the permease for this substrate'
  ACCEPT (want ACCEPT)              'P transports A across the inner membrane'
  REFUSE (want REFUSE)              'P was detected in the membrane fraction'
  ACCEPT (want REFUSE) << MISMATCH  'add P as a transporter to resolve the structural inconsistency'
  REFUSE (want REFUSE)              'A significantly inhibited P activity in the assay'
  REFUSE (want ACCEPT) << MISMATCH  cofactor: 'P is a required cofactor for the step'
  REFUSE (want ACCEPT) << MISMATCH  cofactor: 'the reaction requires P as a cofactor'
  REFUSE (want ACCEPT) << MISMATCH  cofactor: 'the enzyme is dependent on P for activity'
  REFUSE (want ACCEPT) << MISMATCH  cofactor: 'the conversion proceeds only in the presence of P'
  ACCEPT (want ACCEPT)              cofactor: 'P is the coenzyme of this reaction'
  REFUSE (want REFUSE)              cofactor: 'P was purchased from a commercial supplier'
  REFUSE (want REFUSE)              cofactor: 'add P as a cofactor to resolve the structural inconsistency'
  C5 MISMATCHES (want 0): 7 / 14

====================================================================================================
SECTION C6 -- 1f 'mediat' anchoring
====================================================================================================
  ACCEPT (want REFUSE) << MISMATCH  'EntB is an intermediate carrier in this pathway'
  ACCEPT (want REFUSE) << MISMATCH  'EntB accumulates as one of the intermediates'
  ACCEPT (want ACCEPT)              'ALAS2 mediates the condensation of glycine and succinyl-CoA'
  ACCEPT (want ACCEPT)              'P-mediated hydrolysis of A yields B'
  ACCEPT (want ACCEPT)              'the step is mediated by P'
  C6 MISMATCHES (want 0): 2 / 5

====================================================================================================
TOTALS  battery=1/29  F146=REJECTED  C1=11 C2=0 C3=3 C4=8 C5=7 C6=2
====================================================================================================

================ CLEANUP REPORT ================
report schema version   : 1
wrapper build           : sha256:83d139543d4c01b33984b6ca9fb0943db461d0ee5f85091623089a548b8abed0
wrapper path (executed) : C:\t\c107\docs\pwml_recovery_sprint\evidence\bounded_run.py
wrapper vs HEAD         : clean  @ 33a99e7c6a06ca8ee3cffe013f8484bcfb417f27  [git, worktree dirty=False]
label                   : base-battery
command                 : c:\Users\Angad\Desktop\SummerBIOIN\Project14-T2PW\.venv\Scripts\python.exe -u docs/pwml_recovery_sprint/evidence/c107_battery.py C:/t/c107
cwd                     : C:\t\c107
root PID / process group: 80196 / None
isolation               : windows_job_object(KILL_ON_JOB_CLOSE)
timeout                 : 300 s
duration                : 0.15 s
exit reason             : completed
exit code (real)        : 0
returned code           : 0
descendants observed    : 1  79612:python.exe
descendants terminated  : 1  79612
graceful attempted      : False
forced                  : False
FINAL SURVIVING COUNT   : 0
cleanup                 : success
json report             : C:\t\c107\docs\pwml_recovery_sprint\evidence\g11\C-107\03-base-battery.json
json report written     : True
heavy lock              : C:\t\heavylock  holder=C-107  acquired=True  released=True
pre-existing (reported, NEVER killed): 4
================================================
