........................................................................ [ 15%]
........................................................................ [ 31%]
........................................................................ [ 46%]
........................................................................ [ 62%]
........................................................................ [ 77%]
........................................................................ [ 93%]
...............................                                          [100%]
463 passed in 6.88s

================ CLEANUP REPORT ================
report schema version   : 1
wrapper build           : sha256:83d139543d4c01b33984b6ca9fb0943db461d0ee5f85091623089a548b8abed0
wrapper path (executed) : C:\t\c107\docs\pwml_recovery_sprint\evidence\bounded_run.py
wrapper vs HEAD         : clean  @ 2007c2493ab8b4947db0a2cb227462487f60a4d6  [git, worktree dirty=False]
label                   : r2-affected-seam
command                 : c:\Users\Angad\Desktop\SummerBIOIN\Project14-T2PW\.venv\Scripts\python.exe -m pytest -q --no-header -rf --basetemp=C:/t/bt/c107seam tests/test_apply_audit_patch_lineage.py tests/test_apply_audit_patch_lock_policy.py tests/test_apply_audit_patch_referential_integrity.py tests/test_audit_json_llm_payload.py tests/test_curation_patch_transaction.py tests/test_curator_offline_mode.py tests/test_interactive_curator.py tests/test_streamlit_stage2_orchestration.py tests/test_focused_repair.py tests/test_gap_resolver.py tests/test_gap_resolver_agent_tools.py tests/test_gap_resolver_biological_state_resolution.py tests/test_gap_resolver_lineage.py tests/test_gap_resolver_stage3_issues.py tests/test_adversarial_actor_entity_type.py tests/test_transport_actor_guards.py tests/test_c071_actor_evidence_gate.py tests/test_c090_wrapper_identity_actor_evidence.py tests/test_c081_cofactor_role_identity.py tests/test_cofactor_policy.py tests/test_c105_actor_role_evidence.py tests/test_c107_actor_cue_calibration.py
cwd                     : C:\t\c107
root PID / process group: 121604 / None
isolation               : windows_job_object(KILL_ON_JOB_CLOSE)
timeout                 : 400 s
duration                : 7.62 s
exit reason             : completed
exit code (real)        : 0
returned code           : 0
descendants observed    : 1  118652:python.exe
descendants terminated  : 1  118652
graceful attempted      : False
forced                  : False
FINAL SURVIVING COUNT   : 0
cleanup                 : success
json report             : C:\t\c107\docs\pwml_recovery_sprint\evidence\g11\C-107\61-r2-affected-seam.json
json report written     : True
heavy lock              : C:\t\heavylock  holder=C-107  acquired=True  released=True
pre-existing (reported, NEVER killed): 4
================================================
