........................................................................ [ 38%]
........................................................................ [ 77%]
.........................................                                [100%]
185 passed in 0.31s

================ CLEANUP REPORT ================
report schema version   : 1
wrapper build           : sha256:83d139543d4c01b33984b6ca9fb0943db461d0ee5f85091623089a548b8abed0
wrapper path (executed) : C:\t\c107\docs\pwml_recovery_sprint\evidence\bounded_run.py
wrapper vs HEAD         : clean  @ b569205e0361d0734cd3d2085ecc49a9078e2972  [git, worktree dirty=True]
label                   : r2-focused
command                 : c:\Users\Angad\Desktop\SummerBIOIN\Project14-T2PW\.venv\Scripts\python.exe -m pytest tests/test_c107_actor_cue_calibration.py tests/test_c105_actor_role_evidence.py -q --no-header -rf --basetemp=C:/t/bt/c107focus
cwd                     : C:\t\c107
root PID / process group: 119420 / None
isolation               : windows_job_object(KILL_ON_JOB_CLOSE)
timeout                 : 380 s
duration                : 0.87 s
exit reason             : completed
exit code (real)        : 0
returned code           : 0
descendants observed    : 1  119428:python.exe
descendants terminated  : 1  119428
graceful attempted      : False
forced                  : False
FINAL SURVIVING COUNT   : 0
cleanup                 : success
json report             : C:\t\c107\docs\pwml_recovery_sprint\evidence\g11\C-107\51-r2-focused.json
json report written     : True
heavy lock              : C:\t\heavylock  holder=C-107  acquired=True  released=True
pre-existing (reported, NEVER killed): 4
================================================
