==============================================================================
1a. INHIBITION NEAR-SYNONYMS
==============================================================================
  word             contra fires  also catalysis cue  
  blockade         False         False               
  impairment       False         False               
  disruption       False         False               
  reduction        False         False               
  loss             False         False               
  silencing        False         False               
  sequestration    False         False               
  depletion        False         False               
  ablation         False         False               
  interference     False         False               
  quenching        False         False               
  inhibition       True          False               
  11 of 12 defeat the contra-cue at word level

  Through the REAL seam, F-146 paraphrase shape 'the <word> of NDM-1 activity by PSA' -- True == the defect is admitted:
      blockade         licensed as CATALYST: False
      impairment       licensed as CATALYST: False
      disruption       licensed as CATALYST: False
      reduction        licensed as CATALYST: True
      loss             licensed as CATALYST: False
      silencing        licensed as CATALYST: False
      sequestration    licensed as CATALYST: False
      depletion        licensed as CATALYST: False
      ablation         licensed as CATALYST: False
      interference     licensed as CATALYST: False
      quenching        licensed as CATALYST: False

  The three sentences the Lead measured:
      _span_licenses_actor -> True   seam -> True   'the reduction of NDM-1 activity by PSA'
      _span_licenses_actor -> False  seam -> False  'PSA significantly inhibited NDM-1 enzyme activity'
      _span_licenses_actor -> True   seam -> True   'NDM-1 catalyses the hydrolysis of meropenem'

  REDOX, which must KEEP licensing (C-107 1a trap / REV-107 B2):
      licensed=True   'NADH-dependent reduction of the substrate by P'
      licensed=True   'ferrochelatase reduces the substrate in this step'
      licensed=True   'P catalyses the reduction of the quinone to the quinol'
      licensed=True   'the reduction of A to B is carried out by P'

==============================================================================
1b. PASSIVE-WITH-AGENT FIRES WHEN THE AGENT IS SOMEBODY ELSE
==============================================================================
  licensed=True   actor='P'
      span='A is converted to B by Q, and P was also detected in the assay'
  licensed=False  actor='NDM-1'
      span='the beta-lactam is produced by decomposition, and NDM-1 is an inhibitor target'
  licensed=True   actor='P'
      span='A is converted to B by P in the intestine'
  licensed=True   actor='Serine hydroxymethyltransferase, mitochondrial'
      span='the reaction is catalyzed by serine hydroxymethyltransferase'

==============================================================================
1c. THE -ase STOPLIST
==============================================================================
  stoplist entries              : 33
  entries with NO plural listed : 13
      briefcase ceased chase decreased erase increased lease please purchase released showcase staircase vase
  plurals that BYPASS           : 5  briefcases pleases purchases showcases staircases

  ordinary English words probed : 62
  OVER-ACCEPTING as enzyme noun : 14
      briefcases purchases pleases showcases staircases suitcase suitcases grease greases appease appeases crease creases upstase

  real enzyme nouns that must KEEP licensing:
      hydrolase          cue=True
      hydrolases         cue=True
      lipase             cue=True
      lipases            cue=True
      kinase             cue=True
      kinases            cue=True
      transferase        cue=True
      transferases       cue=True
      isochorismatase    cue=True
      flippase           cue=True
      lyase              cue=True
      dnase              cue=True
      rnase              cue=True
      polymerases        cue=True

==============================================================================
1d. TRANSPORT FAMILY HAS NO ENZYME-NOUN RULE
==============================================================================
  licensed=False  a real transporter, named by its family noun
      'MsbA is the flippase for lipid A'
  licensed=True   control: the verb form
      'MsbA transports lipid A across the membrane'
  licensed=True   the one-off stem that IS listed
      'P is the permease for this substrate'
  licensed=False  NON-transporter, must refuse
      'P was detected in the membrane fraction'

==============================================================================
1e. ROLE 'cofactor'
==============================================================================
  _actor_role_family('modifiers', {role: 'cofactor'}) -> 'other'
  is there a 'cofactor' key in _ROLE_FAMILY_BY_ROLE? False
Traceback (most recent call last):
  File "C:\t\c107\docs\pwml_recovery_sprint\evidence\c107_claims_reproduce.py", line 176, in <module>
    f"{bool(M._ANY_ROLE_CUE_RE.search(M._match_fold(span))):5s}"
      ^^^^^^^^^^^^^^^^^^^^^^^^^^^^^^^^^^^^^^^^^^^^^^^^^^^^^^^^^
ValueError: Unknown format code 's' for object of type 'bool'

================ CLEANUP REPORT ================
report schema version   : 1
wrapper build           : sha256:83d139543d4c01b33984b6ca9fb0943db461d0ee5f85091623089a548b8abed0
wrapper path (executed) : C:\t\c107\docs\pwml_recovery_sprint\evidence\bounded_run.py
wrapper vs HEAD         : clean  @ 33a99e7c6a06ca8ee3cffe013f8484bcfb417f27  [git, worktree dirty=False]
label                   : base-claims
command                 : c:\Users\Angad\Desktop\SummerBIOIN\Project14-T2PW\.venv\Scripts\python.exe -u docs/pwml_recovery_sprint/evidence/c107_claims_reproduce.py C:/t/c107
cwd                     : C:\t\c107
root PID / process group: 79444 / None
isolation               : windows_job_object(KILL_ON_JOB_CLOSE)
timeout                 : 300 s
duration                : 0.27 s
exit reason             : nonzero
exit code (real)        : 1
returned code           : 1
descendants observed    : 1  75308:python.exe
descendants terminated  : 1  75308
graceful attempted      : False
forced                  : False
FINAL SURVIVING COUNT   : 0
cleanup                 : success
json report             : C:/t/c107/docs/pwml_recovery_sprint/evidence/g11/C-107/01-base-claims.json
json report written     : True
heavy lock              : C:\t\heavylock  holder=C-107  acquired=True  released=True
pre-existing (reported, NEVER killed): 4
================================================
