...................................                                      [100%]
35 passed in 0.10s

================ CLEANUP REPORT ================
report schema version   : 1
wrapper build           : sha256:83d139543d4c01b33984b6ca9fb0943db461d0ee5f85091623089a548b8abed0
wrapper path (executed) : C:\t\c107\docs\pwml_recovery_sprint\evidence\bounded_run.py
wrapper vs HEAD         : clean  @ 5db928f56f1b15e654a558b3bc948b8c68c3e8e6  [git, worktree dirty=True]
label                   : focused-split-c105
command                 : c:\Users\Angad\Desktop\SummerBIOIN\Project14-T2PW\.venv\Scripts\python.exe -m pytest tests/test_c105_actor_role_evidence.py -q --no-header -rf --basetemp=C:/t/bt/c107split
cwd                     : C:\t\c107
root PID / process group: 92540 / None
isolation               : windows_job_object(KILL_ON_JOB_CLOSE)
timeout                 : 300 s
duration                : 0.61 s
exit reason             : completed
exit code (real)        : 0
returned code           : 0
descendants observed    : 1  92472:python.exe
descendants terminated  : 1  92472
graceful attempted      : False
forced                  : False
FINAL SURVIVING COUNT   : 0
cleanup                 : success
json report             : C:\t\c107\docs\pwml_recovery_sprint\evidence\g11\C-107\27-focused-split-c105.json
json report written     : True
heavy lock              : C:\t\heavylock  holder=C-107  acquired=True  released=True
pre-existing (reported, NEVER killed): 4
================================================
