==============================================================================
B10. SPANS CARRYING BOTH HALVES OF THE CANCELLING PAIR
==============================================================================

  [enzymes/reactions] actor='CDP-DAG synthase complex'  span=143520 chars
      file    : PMC12444477__the-regulation-of-lipid-a-biosynthesis/strict
      verdict : ACCEPTED
      reason  : 
      mediat-in-word: ...he pgsa gene whose product catalyzes the condensation of cdp dag with g3p to form the intermediate pg phosphate pgp which is then dephosphorylated by pgp phosphatases to produce pg figure...
      suppressor    : ...ty of strains lacking either waaa kdo transferase or lpxm myristoyl acyltransferase 19 as suppressors that overcome the synthetic lethality of clsa lpxm mapped to msba lps flippase it was pr...
      token 'cdp': 174 occurrence(s) in the folded span
      token 'dag': 174 occurrence(s) in the folded span
      token 'synthase': 58 occurrence(s) in the folded span
      token 'complex': 58 occurrence(s) in the folded span

  [enzymes/reactions] actor='CDP-diglyceride synthetase'  span=143520 chars
      file    : PMC12444477__the-regulation-of-lipid-a-biosynthesis/strict
      verdict : ACCEPTED
      reason  : 
      mediat-in-word: ...he pgsa gene whose product catalyzes the condensation of cdp dag with g3p to form the intermediate pg phosphate pgp which is then dephosphorylated by pgp phosphatases to produce pg figure...
      suppressor    : ...ty of strains lacking either waaa kdo transferase or lpxm myristoyl acyltransferase 19 as suppressors that overcome the synthetic lethality of clsa lpxm mapped to msba lps flippase it was pr...
      token 'cdp': 174 occurrence(s) in the folded span
      token 'diglyceride': 0 occurrence(s) in the folded span
      token 'synthetase': 29 occurrence(s) in the folded span

  [modifiers/reactions] actor='CDP-DAG synthase complex'  span=143520 chars
      file    : PMC12444477__the-regulation-of-lipid-a-biosynthesis/strict
      verdict : ACCEPTED
      reason  : 
      mediat-in-word: ...he pgsa gene whose product catalyzes the condensation of cdp dag with g3p to form the intermediate pg phosphate pgp which is then dephosphorylated by pgp phosphatases to produce pg figure...
      suppressor    : ...ty of strains lacking either waaa kdo transferase or lpxm myristoyl acyltransferase 19 as suppressors that overcome the synthetic lethality of clsa lpxm mapped to msba lps flippase it was pr...
      token 'cdp': 174 occurrence(s) in the folded span
      token 'dag': 174 occurrence(s) in the folded span
      token 'synthase': 58 occurrence(s) in the folded span
      token 'complex': 58 occurrence(s) in the folded span

  [modifiers/reactions] actor='CDP-diglyceride synthetase'  span=143520 chars
      file    : PMC12444477__the-regulation-of-lipid-a-biosynthesis/strict
      verdict : ACCEPTED
      reason  : 
      mediat-in-word: ...he pgsa gene whose product catalyzes the condensation of cdp dag with g3p to form the intermediate pg phosphate pgp which is then dephosphorylated by pgp phosphatases to produce pg figure...
      suppressor    : ...ty of strains lacking either waaa kdo transferase or lpxm myristoyl acyltransferase 19 as suppressors that overcome the synthetic lethality of clsa lpxm mapped to msba lps flippase it was pr...
      token 'cdp': 174 occurrence(s) in the folded span
      token 'diglyceride': 0 occurrence(s) in the folded span
      token 'synthetase': 29 occurrence(s) in the folded span

  [enzymes/reactions] actor='phosphatidylglycerophosphate synthase'  span=143520 chars
      file    : PMC12444477__the-regulation-of-lipid-a-biosynthesis/strict
      verdict : ACCEPTED
      reason  : 
      mediat-in-word: ...he pgsa gene whose product catalyzes the condensation of cdp dag with g3p to form the intermediate pg phosphate pgp which is then dephosphorylated by pgp phosphatases to produce pg figure...
      suppressor    : ...ty of strains lacking either waaa kdo transferase or lpxm myristoyl acyltransferase 19 as suppressors that overcome the synthetic lethality of clsa lpxm mapped to msba lps flippase it was pr...
      token 'phosphatidylglycerophosphate': 0 occurrence(s) in the folded span
      token 'synthase': 58 occurrence(s) in the folded span

  [modifiers/reactions] actor='phosphatidylglycerophosphate synthase'  span=143520 chars
      file    : PMC12444477__the-regulation-of-lipid-a-biosynthesis/strict
      verdict : ACCEPTED
      reason  : 
      mediat-in-word: ...he pgsa gene whose product catalyzes the condensation of cdp dag with g3p to form the intermediate pg phosphate pgp which is then dephosphorylated by pgp phosphatases to produce pg figure...
      suppressor    : ...ty of strains lacking either waaa kdo transferase or lpxm myristoyl acyltransferase 19 as suppressors that overcome the synthetic lethality of clsa lpxm mapped to msba lps flippase it was pr...
      token 'phosphatidylglycerophosphate': 0 occurrence(s) in the folded span
      token 'synthase': 58 occurrence(s) in the folded span

  [enzymes/reactions] actor='phosphatidylglycerophosphatase'  span=143520 chars
      file    : PMC12444477__the-regulation-of-lipid-a-biosynthesis/strict
      verdict : REFUSED
      reason  : unevidenced_actor_role: no evidence span names 'phosphatidylglycerophosphatase' performing the catalysis role of enzymes; an actor role may not be added to satisfy payload structur
      mediat-in-word: ...he pgsa gene whose product catalyzes the condensation of cdp dag with g3p to form the intermediate pg phosphate pgp which is then dephosphorylated by pgp phosphatases to produce pg figure...
      suppressor    : ...ty of strains lacking either waaa kdo transferase or lpxm myristoyl acyltransferase 19 as suppressors that overcome the synthetic lethality of clsa lpxm mapped to msba lps flippase it was pr...
      token 'phosphatidylglycerophosphatase': 0 occurrence(s) in the folded span

  [modifiers/reactions] actor='phosphatidylglycerophosphatase'  span=143520 chars
      file    : PMC12444477__the-regulation-of-lipid-a-biosynthesis/strict
      verdict : REFUSED
      reason  : unevidenced_actor_role: no evidence span names 'phosphatidylglycerophosphatase' performing the catalysis role of modifiers; an actor role may not be added to satisfy payload struct
      mediat-in-word: ...he pgsa gene whose product catalyzes the condensation of cdp dag with g3p to form the intermediate pg phosphate pgp which is then dephosphorylated by pgp phosphatases to produce pg figure...
      suppressor    : ...ty of strains lacking either waaa kdo transferase or lpxm myristoyl acyltransferase 19 as suppressors that overcome the synthetic lethality of clsa lpxm mapped to msba lps flippase it was pr...
      token 'phosphatidylglycerophosphatase': 0 occurrence(s) in the folded span

  [enzymes/reactions] actor='glycerol-3-phosphate acyltransferase'  span=140214 chars
      file    : PMC12444477__the-regulation-of-lipid-a-biosynthesis/strict
      verdict : ACCEPTED
      reason  : 
      mediat-in-word: ...ynthesis occurs via the condensation of cdp dag with g3p mediated by pgsa to form the intermediate pg phosphate which is then dephosphorylated by pgp phosphatase to form pg 50 another set...
      suppressor    : ...ed of only kdo 2 lipid a due to the lack of heptosyltransferase waac 13 14 we showed that suppressors that bypass the lethality of lapd lpxm and lapd waac map to either various subunits of t...
      token 'glycerol': 0 occurrence(s) in the folded span
      token 'phosphate': 29 occurrence(s) in the folded span
      token 'acyltransferase': 29 occurrence(s) in the folded span

  [enzymes/reactions] actor='1-acylglycerol-3-phosphate O-acyltransferase'  span=140214 chars
      file    : PMC12444477__the-regulation-of-lipid-a-biosynthesis/strict
      verdict : ACCEPTED
      reason  : 
      mediat-in-word: ...ynthesis occurs via the condensation of cdp dag with g3p mediated by pgsa to form the intermediate pg phosphate which is then dephosphorylated by pgp phosphatase to form pg 50 another set...
      suppressor    : ...ed of only kdo 2 lipid a due to the lack of heptosyltransferase waac 13 14 we showed that suppressors that bypass the lethality of lapd lpxm and lapd waac map to either various subunits of t...
      token 'acylglycerol': 0 occurrence(s) in the folded span
      token 'phosphate': 29 occurrence(s) in the folded span
      token 'acyltransferase': 29 occurrence(s) in the folded span

  [modifiers/reactions] actor='glycerol-3-phosphate acyltransferase'  span=140214 chars
      file    : PMC12444477__the-regulation-of-lipid-a-biosynthesis/strict
      verdict : ACCEPTED
      reason  : 
      mediat-in-word: ...ynthesis occurs via the condensation of cdp dag with g3p mediated by pgsa to form the intermediate pg phosphate which is then dephosphorylated by pgp phosphatase to form pg 50 another set...
      suppressor    : ...ed of only kdo 2 lipid a due to the lack of heptosyltransferase waac 13 14 we showed that suppressors that bypass the lethality of lapd lpxm and lapd waac map to either various subunits of t...
      token 'glycerol': 0 occurrence(s) in the folded span
      token 'phosphate': 29 occurrence(s) in the folded span
      token 'acyltransferase': 29 occurrence(s) in the folded span

  [modifiers/reactions] actor='1-acylglycerol-3-phosphate O-acyltransferase'  span=140214 chars
      file    : PMC12444477__the-regulation-of-lipid-a-biosynthesis/strict
      verdict : ACCEPTED
      reason  : 
      mediat-in-word: ...ynthesis occurs via the condensation of cdp dag with g3p mediated by pgsa to form the intermediate pg phosphate which is then dephosphorylated by pgp phosphatase to form pg 50 another set...
      suppressor    : ...ed of only kdo 2 lipid a due to the lack of heptosyltransferase waac 13 14 we showed that suppressors that bypass the lethality of lapd lpxm and lapd waac map to either various subunits of t...
      token 'acylglycerol': 0 occurrence(s) in the folded span
      token 'phosphate': 29 occurrence(s) in the folded span
      token 'acyltransferase': 29 occurrence(s) in the folded span

  [enzymes/reactions] actor='phosphatidylglycerophosphate synthase'  span=140214 chars
      file    : PMC12444477__the-regulation-of-lipid-a-biosynthesis/strict
      verdict : ACCEPTED
      reason  : 
      mediat-in-word: ...ynthesis occurs via the condensation of cdp dag with g3p mediated by pgsa to form the intermediate pg phosphate which is then dephosphorylated by pgp phosphatase to form pg 50 another set...
      suppressor    : ...ed of only kdo 2 lipid a due to the lack of heptosyltransferase waac 13 14 we showed that suppressors that bypass the lethality of lapd lpxm and lapd waac map to either various subunits of t...
      token 'phosphatidylglycerophosphate': 29 occurrence(s) in the folded span
      token 'synthase': 29 occurrence(s) in the folded span

  [modifiers/reactions] actor='phosphatidylglycerophosphate synthase'  span=140214 chars
      file    : PMC12444477__the-regulation-of-lipid-a-biosynthesis/strict
      verdict : ACCEPTED
      reason  : 
      mediat-in-word: ...ynthesis occurs via the condensation of cdp dag with g3p mediated by pgsa to form the intermediate pg phosphate which is then dephosphorylated by pgp phosphatase to form pg 50 another set...
      suppressor    : ...ed of only kdo 2 lipid a due to the lack of heptosyltransferase waac 13 14 we showed that suppressors that bypass the lethality of lapd lpxm and lapd waac map to either various subunits of t...
      token 'phosphatidylglycerophosphate': 29 occurrence(s) in the folded span
      token 'synthase': 29 occurrence(s) in the folded span

  [enzymes/reactions] actor='Pgp phosphatase complex'  span=140214 chars
      file    : PMC12444477__the-regulation-of-lipid-a-biosynthesis/strict
      verdict : REFUSED
      reason  : unevidenced_actor_role: no evidence span names 'Pgp phosphatase complex' performing the catalysis role of enzymes; an actor role may not be added to satisfy payload structure.
      mediat-in-word: ...ynthesis occurs via the condensation of cdp dag with g3p mediated by pgsa to form the intermediate pg phosphate which is then dephosphorylated by pgp phosphatase to form pg 50 another set...
      suppressor    : ...ed of only kdo 2 lipid a due to the lack of heptosyltransferase waac 13 14 we showed that suppressors that bypass the lethality of lapd lpxm and lapd waac map to either various subunits of t...
      token 'pgp': 29 occurrence(s) in the folded span
      token 'phosphatase': 29 occurrence(s) in the folded span
      token 'complex': 0 occurrence(s) in the folded span

  [modifiers/reactions] actor='Pgp phosphatase complex'  span=140214 chars
      file    : PMC12444477__the-regulation-of-lipid-a-biosynthesis/strict
      verdict : REFUSED
      reason  : unevidenced_actor_role: no evidence span names 'Pgp phosphatase complex' performing the catalysis role of modifiers; an actor role may not be added to satisfy payload structure.
      mediat-in-word: ...ynthesis occurs via the condensation of cdp dag with g3p mediated by pgsa to form the intermediate pg phosphate which is then dephosphorylated by pgp phosphatase to form pg 50 another set...
      suppressor    : ...ed of only kdo 2 lipid a due to the lack of heptosyltransferase waac 13 14 we showed that suppressors that bypass the lethality of lapd lpxm and lapd waac map to either various subunits of t...
      token 'pgp': 29 occurrence(s) in the folded span
      token 'phosphatase': 29 occurrence(s) in the folded span
      token 'complex': 0 occurrence(s) in the folded span

  spans carrying both artefacts: 16

==============================================================================
B10 (wider). EVERY span where 'mediat' occurs ONLY inside a longer word
==============================================================================
  rows whose span carries 'mediat' ONLY inside a longer word: 36
  of those, ACCEPTED at this SHA: 28   REFUSED: 8
      REFUSE  [enzymes/reactions] 'MenD complex' (52 chars)
      REFUSE  [modifiers/reactions] 'MenD complex' (52 chars)
      ACCEPT  [enzymes/reactions] 'MenD complex' (108335 chars)
      ACCEPT  [modifiers/reactions] 'MenD complex' (108335 chars)
      ACCEPT  [enzymes/reactions] 'LMRG_02730 complex' (35029 chars)
      ACCEPT  [enzymes/reactions] 'MenI complex' (35029 chars)
      ACCEPT  [modifiers/reactions] 'LMRG_02730 complex' (35029 chars)
      ACCEPT  [modifiers/reactions] 'MenI complex' (35029 chars)
      ACCEPT  [enzymes/reactions] 'lipid A disaccharide synthase' (79 chars)
      ACCEPT  [modifiers/reactions] 'lipid A disaccharide synthase' (79 chars)
      ACCEPT  [enzymes/reactions] 'KDO transferase' (139576 chars)
      ACCEPT  [modifiers/reactions] 'KDO transferase' (139576 chars)
      ACCEPT  [enzymes/reactions] 'acetyl-CoA carboxylase' (139576 chars)
      ACCEPT  [modifiers/reactions] 'acetyl-CoA carboxylase' (139576 chars)
      ACCEPT  [enzymes/reactions] 'glycerol-3-phosphate acyltransferase' (139576 chars)

==============================================================================
1g. WHICH STAGE PRODUCES THE OVERSIZED SPANS  (registered, NOT fixed)
==============================================================================
  rows with a span > 5,000 chars : 62 of 692
  longest                        : 176375

  PMC12312563__structures-of-listeria-monocytogenes-mend-in-th/strict
      sibling artifacts: RESULT.txt, contract_reports.json, final_mapped.json, merged_payload.json, pathway.pwml, pwml_ir.json, pwml_ir_report.json, pwml_ir_validation.json, pwml_qa.json, pwml_required_field_gate_report.json, pwml_validation_report.json, stage1_payload.json
      final_mapped.json        longest string = 108335

  PMC12444477__the-regulation-of-lipid-a-biosynthesis/strict
      sibling artifacts: RESULT.txt, contract_reports.json, final_mapped.json, merged_payload.json, pathway.pwml, pwml_ir.json, pwml_ir_report.json, pwml_ir_validation.json, pwml_qa.json, pwml_required_field_gate_report.json, pwml_validation_report.json, stage1_payload.json
      final_mapped.json        longest string = 283097

  PMC13278307__an-overview-of-mobile-colistin-resistance-mcr-g/strict
      sibling artifacts: RESULT.txt, contract_reports.json, final_mapped.json, merged_payload.json, pathway.pwml, pwml_ir.json, pwml_ir_report.json, pwml_ir_validation.json, pwml_qa.json, pwml_required_field_gate_report.json, pwml_validation_report.json, stage1_payload.json
      final_mapped.json        longest string = 176375

  PMC12096016/research
      sibling artifacts: RESULT.txt, audit_iteration_summary.json, contract_reports.json, final_mapped.json, final_stage3_gate_report.json, gap_iteration_summary.json, gate_fail_report.json, merged_payload.json, rag_admission_report.json, research_pathway_citations.json, research_pathway_elements.csv, research_pathway_report.txt, review_flags.json, stage1_payload.json
      final_mapped.json        longest string = 5802

  PMC12096016/strict
      sibling artifacts: RESULT.txt, audit_iteration_summary.json, contract_reports.json, final_mapped.json, gap_iteration_summary.json, gate_fail_report.json, initial_stage3_gate_report.json, merged_payload.json, rag_admission_report.json, stage1_payload.json
      final_mapped.json        longest string = 5802

================ CLEANUP REPORT ================
report schema version   : 1
wrapper build           : sha256:83d139543d4c01b33984b6ca9fb0943db461d0ee5f85091623089a548b8abed0
wrapper path (executed) : C:\t\c107\docs\pwml_recovery_sprint\evidence\bounded_run.py
wrapper vs HEAD         : clean  @ 0764ec41f52c1edaccab22438f6a0612ac2b7c69  [git, worktree dirty=True]
label                   : tip-b10
command                 : c:\Users\Angad\Desktop\SummerBIOIN\Project14-T2PW\.venv\Scripts\python.exe -u docs/pwml_recovery_sprint/evidence/c107_b10_cancelling_pair.py C:/t/c107
cwd                     : C:\t\c107
root PID / process group: 80856 / None
isolation               : windows_job_object(KILL_ON_JOB_CLOSE)
timeout                 : 380 s
duration                : 1.04 s
exit reason             : completed
exit code (real)        : 0
returned code           : 0
descendants observed    : 1  82140:python.exe
descendants terminated  : 1  82140
graceful attempted      : False
forced                  : False
FINAL SURVIVING COUNT   : 0
cleanup                 : success
json report             : C:\t\c107\docs\pwml_recovery_sprint\evidence\g11\C-107\13-tip-b10.json
json report written     : True
heavy lock              : C:\t\heavylock  holder=C-107  acquired=True  released=True
pre-existing (reported, NEVER killed): 4
================================================
