==============================================================================
1g. STAGE ATTRIBUTION FOR THE OVERSIZED SPANS
==============================================================================

PMC12444477/strict

PMC12444477/strict
  extraction_boundary_report.json              longest=    223  at $.boundaries[0].raw_preview
  stage0_attempts.json                         longest=     31  at $.attempts[0].detail

PMC12444477/strict

PMC12444477/strict

PMC12444477/strict
  cleaning_report.json                         longest=     31  at $.passes[0].discarded_sample.reaction_no_usable_participants[1].name
  extraction_boundary_report.json              longest=     26  at $.boundaries[0].model
  merged_payload.json                          longest=    157  at $.processes.reactions[0].evidence
  rag_admission_report.json                    longest=    321  at $.rejected[88].evidence.span
  stage0_attempts.json                         longest=     31  at $.attempts[0].detail
  stage1_payload.json                          longest=    157  at $.processes.reactions[0].evidence

PMC12444477/strict
  audit_iteration_summary.json                 longest=    261  at $.rounds[0].llm_repair_rationale
  contract_reports.json                        longest=     50  at $.post_normalization_contract_report.warnings[0].message
  coverage_summary.json                        longest=    167  at $.requested_context.candidate_examples[7].evidence
  final_mapped.json                            longest=  79586  at $.source_text_index.normalized  <<< OVERSIZED
  final_stage3_gate_report.json                longest=     64  at $.payload_sha256
  gap_iteration_summary.json                   longest=    259  at $.rounds[0].stage3.executions[6].id_choice.reason
  gate_fail_report.json                        longest=     89  at $.errors[0].detail.provenance_lineage[0].reason
  graph_closure_iterations.json                longest=     36  at $.iterations[0].removed_locations[0].bucket
  initial_stage3_gate_report.json              longest=     89  at $.errors[0].detail.provenance_lineage[0].reason
  merged_payload.json                          longest=  79586  at $.source_text_index.normalized  <<< OVERSIZED
  pwml_ir.json                                 longest=    127  at $.entities.compounds[5].synonyms[2]
  pwml_ir_report.json                          longest=    163  at $.warnings[0].message
  pwml_ir_validation.json                      longest=      0  at 
  pwml_qa.json                                 longest=     48  at $.warnings[0]
  pwml_required_field_gate_report.json         longest=    100  at $.warnings[3].message
  pwml_validation_report.json                  longest=     84  at $.signature.pv_path
  quarantine_report.json                       longest=    261  at $.release.expansion_blocked_reason
  rag_admission_report.json                    longest=    321  at $.rejected[197].evidence.span
  removed_entity_report.json                   longest=     36  at $.removed_locations[0].bucket
  stage1_payload.json                          longest=    163  at $.entities.protein_complexes[0].provenance_lineage[0].uncertainty

PMC12444477/strict
  audit_iteration_summary.json                 longest=     81  at $.rounds[0].top_errors[0]
  contract_reports.json                        longest=    183  at $.post_normalization_contract_report.errors[9].reason
  coverage_summary.json                        longest=    176  at $.requested_context.candidate_examples[1].evidence
  final_mapped.json                            longest=  79586  at $.source_text_index.normalized  <<< OVERSIZED
  final_stage3_gate_report.json                longest=     64  at $.payload_sha256
  gap_iteration_summary.json                   longest=      0  at 
  gate_fail_report.json                        longest=    183  at $.errors[9].reason
  graph_closure_iterations.json                longest=     36  at $.iterations[0].removed_locations[0].bucket
  initial_stage3_gate_report.json              longest=    183  at $.errors[9].reason
  merged_payload.json                          longest=  79586  at $.source_text_index.normalized  <<< OVERSIZED
  quarantine_report.json                       longest=    283  at $.release.expansion_blocked_reason
  rag_admission_report.json                    longest=    244  at $.rejected[6].evidence.span
  removed_entity_report.json                   longest=     36  at $.removed_locations[0].bucket
  stage1_payload.json                          longest=    134  at $.element_locations.compound_locations[0].evidence

PMC12444477/strict

PMC12312563/strict
  cleaning_report.json                         longest=     23  at $.run_id
  extraction_boundary_report.json              longest=     26  at $.boundaries[0].model
  merged_payload.json                          longest=    107  at $.element_locations.compound_locations[5].evidence
  rag_admission_report.json                    longest=    271  at $.rejected[0].evidence.span
  scope_conflict.json                          longest=     90  at $.conflicts[0]
  stage0_attempts.json                         longest=     31  at $.attempts[0].detail
  stage1_payload.json                          longest=     92  at $.processes.reactions[0].enzymes[0].evidence

PMC12312563/strict
  audit_iteration_summary.json                 longest=    260  at $.rounds[0].llm_repair_rationale
  contract_reports.json                        longest=     50  at $.post_normalization_contract_report.warnings[0].message
  coverage_summary.json                        longest=     73  at $.requested_context.main_subprocesses[2]
  final_mapped.json                            longest=    245  at $.entities.compounds[2].provenance_lineage[1].uncertainty
  final_stage3_gate_report.json                longest=     64  at $.payload_sha256
  gap_iteration_summary.json                   longest=    261  at $.rounds[0].stage3.executions[2].id_choice.reason
  gate_fail_report.json                        longest=     89  at $.errors[0].detail.provenance_lineage[0].reason
  graph_closure_iterations.json                longest=     35  at $.iterations[0].removed_locations[0].bucket
  initial_stage3_gate_report.json              longest=     89  at $.errors[0].detail.provenance_lineage[0].reason
  merged_payload.json                          longest=    160  at $.processes.reactions[0].evidence
  pwml_required_field_gate_report.json         longest=    159  at $.warnings[3].message
  quarantine_report.json                       longest=    116  at $.release.semantic_check_evaluability[3].inapplicable_reason
  rag_admission_report.json                    longest=    242  at $.rejected[3].evidence.span
  removed_entity_report.json                   longest=     35  at $.removed_locations[0].bucket
  stage1_payload.json                          longest=    160  at $.processes.reactions[0].evidence

PMC12312563/strict
  cleaning_report.json                         longest=     23  at $.run_id
  extraction_boundary_report.json              longest=     32  at $.boundaries[0].note
  merged_payload.json                          longest=     99  at $.processes.interactions[2].evidence
  rag_admission_report.json                    longest=    320  at $.rejected[10].evidence.span
  scope_conflict.json                          longest=     90  at $.conflicts[0]
  stage0_attempts.json                         longest=     31  at $.attempts[0].detail
  stage1_payload.json                          longest=     92  at $.processes.reactions[0].evidence

PMC12312563/strict
  cleaning_report.json                         longest=     23  at $.run_id
  extraction_boundary_report.json              longest=     26  at $.boundaries[0].model
  merged_payload.json                          longest=    106  at $.element_locations.compound_locations[3].evidence
  rag_admission_report.json                    longest=    320  at $.rejected[6].evidence.span
  scope_conflict.json                          longest=     90  at $.conflicts[0]
  stage0_attempts.json                         longest=     31  at $.attempts[0].detail
  stage1_payload.json                          longest=    106  at $.element_locations.compound_locations[3].evidence

PMC12312563/strict
  cleaning_report.json                         longest=     23  at $.run_id
  extraction_boundary_report.json              longest=     26  at $.boundaries[0].model
  merged_payload.json                          longest=  43720  at $.source_text_index.normalized  <<< OVERSIZED
  rag_admission_report.json                    longest=    271  at $.rejected[2].evidence.span
  scope_conflict.json                          longest=    106  at $.conflicts[0]
  stage0_attempts.json                         longest=     31  at $.attempts[0].detail
  stage1_payload.json                          longest=    160  at $.processes.reactions[0].evidence

PMC12312563/strict
  cleaning_report.json                         longest=     23  at $.run_id
  extraction_boundary_report.json              longest=     26  at $.boundaries[0].model
  merged_payload.json                          longest=  43720  at $.source_text_index.normalized  <<< OVERSIZED
  rag_admission_report.json                    longest=    205  at $.rules[8].requires
  scope_conflict.json                          longest=     90  at $.conflicts[0]
  stage0_attempts.json                         longest=     31  at $.attempts[0].detail
  stage1_payload.json                          longest=     96  at $.processes.reactions[1].evidence

================ CLEANUP REPORT ================
report schema version   : 1
wrapper build           : sha256:83d139543d4c01b33984b6ca9fb0943db461d0ee5f85091623089a548b8abed0
wrapper path (executed) : C:\t\c107\docs\pwml_recovery_sprint\evidence\bounded_run.py
wrapper vs HEAD         : clean  @ 0764ec41f52c1edaccab22438f6a0612ac2b7c69  [git, worktree dirty=True]
label                   : g1-attrib
command                 : c:\Users\Angad\Desktop\SummerBIOIN\Project14-T2PW\.venv\Scripts\python.exe -u docs/pwml_recovery_sprint/evidence/c107_1g_stage_attribution.py C:/t/c107
cwd                     : C:\t\c107
root PID / process group: 84732 / None
isolation               : windows_job_object(KILL_ON_JOB_CLOSE)
timeout                 : 300 s
duration                : 0.60 s
exit reason             : completed
exit code (real)        : 0
returned code           : 0
descendants observed    : 1  84744:python.exe
descendants terminated  : 1  84744
graceful attempted      : False
forced                  : False
FINAL SURVIVING COUNT   : 0
cleanup                 : success
json report             : C:\t\c107\docs\pwml_recovery_sprint\evidence\g11\C-107\14-g1-attrib.json
json report written     : True
heavy lock              : C:\t\heavylock  holder=C-107  acquired=True  released=True
pre-existing (reported, NEVER killed): 4
================================================
