rows: 692  accepted: 397  refused: 295

================ CLEANUP REPORT ================
report schema version   : 1
wrapper build           : sha256:83d139543d4c01b33984b6ca9fb0943db461d0ee5f85091623089a548b8abed0
wrapper path (executed) : C:\t\c107\docs\pwml_recovery_sprint\evidence\bounded_run.py
wrapper vs HEAD         : clean  @ 33a99e7c6a06ca8ee3cffe013f8484bcfb417f27  [git, worktree dirty=False]
label                   : base-corpus
command                 : c:\Users\Angad\Desktop\SummerBIOIN\Project14-T2PW\.venv\Scripts\python.exe -u docs/pwml_recovery_sprint/evidence/c107_corpus_verdicts.py C:/t/c107 C:/t/c107scratch/corpus_base.json
cwd                     : C:\t\c107
root PID / process group: 76308 / None
isolation               : windows_job_object(KILL_ON_JOB_CLOSE)
timeout                 : 380 s
duration                : 0.60 s
exit reason             : completed
exit code (real)        : 0
returned code           : 0
descendants observed    : 1  71044:python.exe
descendants terminated  : 1  71044
graceful attempted      : False
forced                  : False
FINAL SURVIVING COUNT   : 0
cleanup                 : success
json report             : C:\t\c107\docs\pwml_recovery_sprint\evidence\g11\C-107\04-base-corpus.json
json report written     : True
heavy lock              : C:\t\heavylock  holder=C-107  acquired=True  released=True
pre-existing (reported, NEVER killed): 4
================================================
