........................................................................ [ 15%]
........................................................................ [ 31%]
........................................................................ [ 46%]
........................................................................ [ 62%]
........................ss...s..sss.ss.................................. [ 77%]
........................................................................ [ 93%]
................................                                         [100%]
456 passed, 8 skipped in 30.92s

================ CLEANUP REPORT ================
report schema version   : 1
wrapper build           : sha256:83d139543d4c01b33984b6ca9fb0943db461d0ee5f85091623089a548b8abed0
wrapper path (executed) : C:\t\c107\docs\pwml_recovery_sprint\evidence\bounded_run.py
wrapper vs HEAD         : clean  @ 5db928f56f1b15e654a558b3bc948b8c68c3e8e6  [git, worktree dirty=True]
label                   : goldreaders22
command                 : c:\Users\Angad\Desktop\SummerBIOIN\Project14-T2PW\.venv\Scripts\python.exe -m pytest -q --no-header -rf --basetemp=C:/t/bt/c107gold tests/test_protein_export_policy.py tests/test_c056b_semantic_denominators.py tests/test_batch_pwml_artifact_naming.py tests/test_c074_strict_core_floor.py tests/test_c076_alias_holo_apo_identity.py tests/test_c077_stage0_conflict_disposition.py tests/test_c081_cofactor_role_identity.py tests/test_c085_priority2_honesty.py tests/test_c088_extracted_not_serialized_disposition.py tests/test_cofactor_policy.py tests/test_rag_multi_relation_spans.py tests/test_release_status_classification.py tests/test_semantic_production_no_gold.py tests/test_strict_failure_replay.py tests/test_batch_driver_quarantine_artifacts.py tests/test_c056c_semantic_evaluability.py tests/test_c071_actor_evidence_gate.py tests/test_c080_production_gate_kind_aware.py tests/test_c089_participant_schema.py tests/test_c090_wrapper_identity_actor_evidence.py tests/test_c097_semantic_name_keys.py tests/test_semantic_release_gating.py
cwd                     : C:\t\c107
root PID / process group: 88660 / None
isolation               : windows_job_object(KILL_ON_JOB_CLOSE)
timeout                 : 400 s
duration                : 31.74 s
exit reason             : completed
exit code (real)        : 0
returned code           : 0
descendants observed    : 7  88672:python.exe, 88252:git.exe, 88600:git.exe, 88628:git.exe, 88748:git.exe, 85744:python.exe, 85896:python.exe
descendants terminated  : 7  85744, 85896, 88252, 88600, 88628, 88672, 88748
graceful attempted      : False
forced                  : False
FINAL SURVIVING COUNT   : 0
cleanup                 : success
json report             : C:\t\c107\docs\pwml_recovery_sprint\evidence\g11\C-107\22-goldreaders22.json
json report written     : True
heavy lock              : C:\t\heavylock  holder=C-107  acquired=True  released=True
pre-existing (reported, NEVER killed): 4
================================================
