=== BASELINE (unmutated tip) === exit=0
    185 passed in 0.29s

=== M1: 1f: the 'mediat' anchor is reverted, so it matches inside 'intermediate'
    before: bytes=118352 crlf=2426 sha256=67e55210305ddbc3
    after : bytes=118352 crlf=2426 sha256=67e55210305ddbc3
    suite : exit=1  RED (guard is tested)
        1 failed, 184 passed in 0.35s
        RED: test_mediat_inside_intermediate_does_not_license_catalysis

=== M2: 1a: the contra-cue is switched off entirely for the catalysis family
    before: bytes=118352 crlf=2426 sha256=67e55210305ddbc3
    after : bytes=118352 crlf=2426 sha256=67e55210305ddbc3
    suite : exit=1  RED (guard is tested)
        3 failed, 182 passed in 0.37s
        RED: test_inhibition_cue_in_the_same_window_cannot_license_catalysis
        RED: test_unlicensed_actor_adds_are_still_refused

=== M3: 1a F1: the attenuation word stops being bound to the actor
    before: bytes=118352 crlf=2426 sha256=67e55210305ddbc3
    after : bytes=118352 crlf=2426 sha256=67e55210305ddbc3
    suite : exit=1  RED (guard is tested)
        22 failed, 163 passed in 0.44s
        RED: test_a_real_attenuation_word_still_refuses_after_the_anchoring
        RED: test_each_inhibition_near_synonym_refuses_a_catalysis_promotion
        RED: test_the_distinction_is_the_object_not_the_word

=== M4: 1c: the stoplist exclusion loses its optional plural, reopening the bypass
    before: bytes=118352 crlf=2426 sha256=67e55210305ddbc3
    after : bytes=118352 crlf=2426 sha256=67e55210305ddbc3
    suite : exit=1  RED (guard is tested)
        10 failed, 175 passed in 0.40s
        RED: test_no_singular_only_stoplist_entry_can_be_bypassed_by_its_plural
        RED: test_ordinary_english_ase_words_do_not_license_an_enzyme

=== M5: 1d: the transport family loses the enzyme-family noun rule again
    before: bytes=118352 crlf=2426 sha256=67e55210305ddbc3
    after : bytes=118352 crlf=2426 sha256=67e55210305ddbc3
    suite : exit=1  RED (guard is tested)
        2 failed, 183 passed in 0.36s
        RED: test_a_transporter_named_by_its_family_noun_licenses

=== M6: 1e: the cofactor role loses its family entry and falls back to 'other'
    before: bytes=118352 crlf=2426 sha256=67e55210305ddbc3
    after : bytes=118352 crlf=2426 sha256=67e55210305ddbc3
    suite : exit=1  RED (guard is tested)
        5 failed, 180 passed in 0.38s
        RED: test_a_refused_cofactor_row_is_reported_against_the_cofactor_family
        RED: test_an_evidenced_cofactor_row_is_licensed
        RED: test_the_cofactor_family_itself_still_licenses_the_same_spans

=== M6b: 1e: the cofactor VOCABULARY is emptied -- the guard M6 turned out not to be
    before: bytes=118352 crlf=2426 sha256=67e55210305ddbc3
    after : bytes=118352 crlf=2426 sha256=67e55210305ddbc3
    suite : exit=1  RED (guard is tested)
        1 failed, 184 passed in 0.35s
        RED: test_an_evidenced_cofactor_row_is_licensed

=== M7: 1b: the passive-agent gap accepts ANY token, so a bystander inherits agency
    before: bytes=118352 crlf=2426 sha256=67e55210305ddbc3
    after : bytes=118352 crlf=2426 sha256=67e55210305ddbc3
    suite : exit=1  RED (guard is tested)
        6 failed, 179 passed in 0.37s
        RED: test_a_structural_rationale_cannot_license_the_cofactor_role
        RED: test_passive_with_agent_does_not_license_a_bystander
        RED: test_redox_catalysis_still_licenses

=== M8: 1b: the passive-agent route is removed outright -- a PRESERVATION attack
    before: bytes=118352 crlf=2426 sha256=67e55210305ddbc3
    after : bytes=118352 crlf=2426 sha256=67e55210305ddbc3
    suite : exit=1  RED (guard is tested)
        5 failed, 180 passed in 0.37s
        RED: test_evidenced_actor_adds_survive_the_guard
        RED: test_passive_with_agent_still_licenses_the_real_agent

=== M9: 1a: 'reduction of' is deleted from catalysis -- the trap the card names
    before: bytes=118352 crlf=2426 sha256=67e55210305ddbc3
    after : bytes=118352 crlf=2426 sha256=67e55210305ddbc3
    suite : exit=1  RED (guard is tested)
        5 failed, 180 passed in 0.37s
        RED: test_redox_catalysis_still_licenses

=== M10: 1a F2: the object-before-stem ordering stops being matched
    before: bytes=118352 crlf=2426 sha256=67e55210305ddbc3
    after : bytes=118352 crlf=2426 sha256=67e55210305ddbc3
    suite : exit=1  RED (guard is tested)
        6 failed, 179 passed in 0.39s
        RED: test_a_real_attenuation_word_still_refuses_after_the_anchoring
        RED: test_each_inhibition_near_synonym_refuses_a_catalysis_promotion

=== M11: 1a: the whole actor-anchored contra is switched off
    before: bytes=118352 crlf=2426 sha256=67e55210305ddbc3
    after : bytes=118352 crlf=2426 sha256=67e55210305ddbc3
    suite : exit=1  RED (guard is tested)
        28 failed, 157 passed in 0.46s
        RED: test_a_real_attenuation_word_still_refuses_after_the_anchoring
        RED: test_each_inhibition_near_synonym_refuses_a_catalysis_promotion
        RED: test_the_distinction_is_the_object_not_the_word

=== M12: 1e: the cofactor dependence gap accepts ANY token, reopening the rationale route
    before: bytes=118352 crlf=2426 sha256=67e55210305ddbc3
    after : bytes=118352 crlf=2426 sha256=67e55210305ddbc3
    suite : exit=1  RED (guard is tested)
        1 failed, 184 passed in 0.35s
        RED: test_a_structural_rationale_cannot_license_the_cofactor_role

=== M13: 1e: the loose dependence terms go back into the FAMILY, widening the fallback
    before: bytes=118352 crlf=2426 sha256=67e55210305ddbc3
    after : bytes=118352 crlf=2426 sha256=67e55210305ddbc3
    suite : exit=1  RED (guard is tested)
        7 failed, 178 passed in 0.39s
        RED: test_a_structural_rationale_cannot_license_the_cofactor_role
        RED: test_the_cofactor_dependence_route_is_scoped_to_the_cofactor_family
        RED: test_the_other_fallback_did_not_widen_for_an_unmapped_role

=== M14: 1e SCOPE: the dependence route goes family-wide again (REV-107's V9)
    before: bytes=118352 crlf=2426 sha256=67e55210305ddbc3
    after : bytes=118352 crlf=2426 sha256=67e55210305ddbc3
    suite : exit=1  RED (guard is tested)
        8 failed, 177 passed in 0.39s
        RED: test_the_cofactor_dependence_route_is_scoped_to_the_cofactor_family

=== M15: A: one attenuation WORD reverts to an open stem, so 'reduc' eats 'reductase'
    before: bytes=118352 crlf=2426 sha256=67e55210305ddbc3
    after : bytes=118352 crlf=2426 sha256=67e55210305ddbc3
    suite : exit=1  RED (guard is tested)
        3 failed, 182 passed in 0.36s
        RED: test_an_enzyme_noun_containing_an_attenuation_word_still_licenses

=== M16: A: this card's six inhibition additions revert to bare unanchored stems
    before: bytes=118352 crlf=2426 sha256=67e55210305ddbc3
    after : bytes=118352 crlf=2426 sha256=67e55210305ddbc3
    suite : exit=1  RED (guard is tested)
        1 failed, 184 passed in 0.36s
        RED: test_an_enzyme_noun_containing_an_attenuation_word_still_licenses

==============================================================================
MUTATIONS: 17   SURVIVORS: 0 []
==============================================================================
final target: bytes=118352 crlf=2426 sha256=67e55210305ddbc3d2f10e247b1e25df0947a4bb1b59aa6f18d3c8603502dd2e
git status --porcelain -- src/t2pw/curation/apply_audit_patch.py: 'M src/t2pw/curation/apply_audit_patch.py' (additional signal only -- sha256 and CRLF above are the check)

================ CLEANUP REPORT ================
report schema version   : 1
wrapper build           : sha256:83d139543d4c01b33984b6ca9fb0943db461d0ee5f85091623089a548b8abed0
wrapper path (executed) : C:\t\c107\docs\pwml_recovery_sprint\evidence\bounded_run.py
wrapper vs HEAD         : clean  @ b569205e0361d0734cd3d2085ecc49a9078e2972  [git, worktree dirty=True]
label                   : r2-mutation
command                 : c:\Users\Angad\Desktop\SummerBIOIN\Project14-T2PW\.venv\Scripts\python.exe -u docs/pwml_recovery_sprint/evidence/c107_mutation_attack.py C:/t/c107
cwd                     : C:\t\c107
root PID / process group: 120352 / None
isolation               : windows_job_object(KILL_ON_JOB_CLOSE)
timeout                 : 400 s
duration                : 15.64 s
exit reason             : completed
exit code (real)        : 0
returned code           : 0
descendants observed    : 37  120364:python.exe, 120384:python.exe, 120404:python.exe, 120424:python.exe, 120444:python.exe, 120464:python.exe, 120484:python.exe, 120596:python.exe, 120616:python.exe, 120640:python.exe, 120660:python.exe, 120752:python.exe, 120772:python.exe, 120796:python.exe, 120816:python.exe, 115368:python.exe, 119824:python.exe, 119848:python.exe, 119952:python.exe, 120004:python.exe, 120024:python.exe, 119992:python.exe, 120108:python.exe, 120148:python.exe, 120240:python.exe, 120288:python.exe, 120308:python.exe, 119220:python.exe, 120396:python.exe, 120440:python.exe, 120520:python.exe, 120556:python.exe, 120576:python.exe, 120664:python.exe, 120696:python.exe, 120716:python.exe, 120736:python.exe
descendants terminated  : 37  115368, 119220, 119824, 119848, 119952, 119992, 120004, 120024, 120108, 120148, 120240, 120288, 120308, 120364, 120384, 120396, 120404, 120424, 120440, 120444, 120464, 120484, 120520, 120556, 120576, 120596, 120616, 120640, 120660, 120664, 120696, 120716, 120736, 120752, 120772, 120796, 120816
graceful attempted      : False
forced                  : False
FINAL SURVIVING COUNT   : 0
cleanup                 : success
json report             : C:\t\c107\docs\pwml_recovery_sprint\evidence\g11\C-107\56-r2-mutation.json
json report written     : True
heavy lock              : C:\t\heavylock  holder=C-107  acquired=True  released=True
pre-existing (reported, NEVER killed): 4
================================================
