==============================================================================
1g. STAGE ATTRIBUTION FOR THE OVERSIZED ACTOR-EVIDENCE SPANS
==============================================================================
run directories contributing an oversized actor span: 14

papers / PMC12312563__structures-of-listeria-monocytogenes-mend-in-th / strict
  stage1_payload.json      rows=   2  longest=     87  over5k=  0   Stage 1 extraction
  merged_payload.json      rows=  15  longest= 108335  over5k=  5   merge / normalize  <<< ALREADY OVERSIZED
  final.json                 (absent)   post-audit
  final.audited.json         (absent)   post-audit
  final_mapped.json        rows=  23  longest= 108335  over5k=  8   post-mapping (the corpus artifact)  <<< ALREADY OVERSIZED

papers / PMC12444477__the-regulation-of-lipid-a-biosynthesis / strict
  stage1_payload.json      rows=  21  longest=    157  over5k=  0   Stage 1 extraction
  merged_payload.json      rows= 234  longest= 283097  over5k= 33   merge / normalize  <<< ALREADY OVERSIZED
  final.json                 (absent)   post-audit
  final.audited.json         (absent)   post-audit
  final_mapped.json        rows= 436  longest= 283097  over5k= 48   post-mapping (the corpus artifact)  <<< ALREADY OVERSIZED

papers / PMC13278307__an-overview-of-mobile-colistin-resistance-mcr-g / strict
  stage1_payload.json      rows=   2  longest=     78  over5k=  0   Stage 1 extraction
  merged_payload.json      rows=  89  longest= 176375  over5k= 22   merge / normalize  <<< ALREADY OVERSIZED
  final.json                 (absent)   post-audit
  final.audited.json         (absent)   post-audit
  final_mapped.json        rows= 164  longest= 176375  over5k= 33   post-mapping (the corpus artifact)  <<< ALREADY OVERSIZED

papers / PMC12096016 / research
  stage1_payload.json      rows=   8  longest=    115  over5k=  0   Stage 1 extraction
  merged_payload.json      rows=  16  longest=   5802  over5k=  2   merge / normalize  <<< ALREADY OVERSIZED
  final.json                 (absent)   post-audit
  final.audited.json         (absent)   post-audit
  final_mapped.json        rows=  23  longest=   5802  over5k=  3   post-mapping (the corpus artifact)  <<< ALREADY OVERSIZED

papers / PMC12452463 / strict
  stage1_payload.json      rows=   8  longest=    114  over5k=  0   Stage 1 extraction
  merged_payload.json      rows=  13  longest=   5802  over5k=  2   merge / normalize  <<< ALREADY OVERSIZED
  final.json                 (absent)   post-audit
  final.audited.json         (absent)   post-audit
  final_mapped.json        rows=  16  longest=   5802  over5k=  3   post-mapping (the corpus artifact)  <<< ALREADY OVERSIZED

papers / PMC12096016 / research
  stage1_payload.json      rows=  14  longest=    121  over5k=  0   Stage 1 extraction
  merged_payload.json      rows=  19  longest=   5802  over5k=  2   merge / normalize  <<< ALREADY OVERSIZED
  final.json                 (absent)   post-audit
  final.audited.json         (absent)   post-audit
  final_mapped.json        rows=  28  longest=   5802  over5k=  3   post-mapping (the corpus artifact)  <<< ALREADY OVERSIZED

papers / PMC12452463 / research
  stage1_payload.json      rows=  10  longest=    162  over5k=  0   Stage 1 extraction
  merged_payload.json      rows=  16  longest=   5802  over5k=  2   merge / normalize  <<< ALREADY OVERSIZED
  final.json                 (absent)   post-audit
  final.audited.json         (absent)   post-audit
  final_mapped.json        rows=  22  longest=   5802  over5k=  3   post-mapping (the corpus artifact)  <<< ALREADY OVERSIZED

papers / PMC12096016 / research
  stage1_payload.json      rows=  13  longest=    121  over5k=  0   Stage 1 extraction
  merged_payload.json      rows=  19  longest=   5802  over5k=  2   merge / normalize  <<< ALREADY OVERSIZED
  final.json                 (absent)   post-audit
  final.audited.json         (absent)   post-audit
  final_mapped.json        rows=  32  longest=   5802  over5k=  3   post-mapping (the corpus artifact)  <<< ALREADY OVERSIZED

papers / PMC12096016 / research
  stage1_payload.json      rows=  12  longest=     87  over5k=  0   Stage 1 extraction
  merged_payload.json      rows=  18  longest=   5802  over5k=  2   merge / normalize  <<< ALREADY OVERSIZED
  final.json                 (absent)   post-audit
  final.audited.json         (absent)   post-audit
  final_mapped.json        rows=  26  longest=   5802  over5k=  3   post-mapping (the corpus artifact)  <<< ALREADY OVERSIZED

papers / PMC12096016 / strict
  stage1_payload.json      rows=  12  longest=    115  over5k=  0   Stage 1 extraction
  merged_payload.json      rows=  18  longest=   5802  over5k=  2   merge / normalize  <<< ALREADY OVERSIZED
  final.json                 (absent)   post-audit
  final.audited.json         (absent)   post-audit
  final_mapped.json        rows=  24  longest=   5802  over5k=  3   post-mapping (the corpus artifact)  <<< ALREADY OVERSIZED

papers / PMC12452463 / research
  stage1_payload.json      rows=   8  longest=    214  over5k=  0   Stage 1 extraction
  merged_payload.json      rows=  10  longest=   5802  over5k=  2   merge / normalize  <<< ALREADY OVERSIZED
  final.json                 (absent)   post-audit
  final.audited.json         (absent)   post-audit
  final_mapped.json        rows=  15  longest=   5802  over5k=  3   post-mapping (the corpus artifact)  <<< ALREADY OVERSIZED

papers / PMC12452463 / strict
  stage1_payload.json      rows=  12  longest=    161  over5k=  0   Stage 1 extraction
  merged_payload.json      rows=  17  longest=   5802  over5k=  2   merge / normalize  <<< ALREADY OVERSIZED
  final.json                 (absent)   post-audit
  final.audited.json         (absent)   post-audit
  final_mapped.json        rows=  23  longest=   5802  over5k=  3   post-mapping (the corpus artifact)  <<< ALREADY OVERSIZED

papers / PMC12096016 / strict
  stage1_payload.json      rows=  12  longest=     70  over5k=  0   Stage 1 extraction
  merged_payload.json      rows=  16  longest=   5802  over5k=  2   merge / normalize  <<< ALREADY OVERSIZED
  final.json                 (absent)   post-audit
  final.audited.json         (absent)   post-audit
  final_mapped.json        rows=  22  longest=   5802  over5k=  3   post-mapping (the corpus artifact)  <<< ALREADY OVERSIZED

papers / PMC12452463 / strict
  stage1_payload.json      rows=  10  longest=    162  over5k=  0   Stage 1 extraction
  merged_payload.json      rows=  17  longest=   5802  over5k=  2   merge / normalize  <<< ALREADY OVERSIZED
  final.json                 (absent)   post-audit
  final.audited.json         (absent)   post-audit
  final_mapped.json        rows=  23  longest=   5802  over5k=  3   post-mapping (the corpus artifact)  <<< ALREADY OVERSIZED

================ CLEANUP REPORT ================
report schema version   : 1
wrapper build           : sha256:83d139543d4c01b33984b6ca9fb0943db461d0ee5f85091623089a548b8abed0
wrapper path (executed) : C:\t\c107\docs\pwml_recovery_sprint\evidence\bounded_run.py
wrapper vs HEAD         : clean  @ 0764ec41f52c1edaccab22438f6a0612ac2b7c69  [git, worktree dirty=True]
label                   : g1-attrib-2
command                 : c:\Users\Angad\Desktop\SummerBIOIN\Project14-T2PW\.venv\Scripts\python.exe -u docs/pwml_recovery_sprint/evidence/c107_1g_stage_attribution.py C:/t/c107
cwd                     : C:\t\c107
root PID / process group: 82888 / None
isolation               : windows_job_object(KILL_ON_JOB_CLOSE)
timeout                 : 380 s
duration                : 0.49 s
exit reason             : completed
exit code (real)        : 0
returned code           : 0
descendants observed    : 1  77380:python.exe
descendants terminated  : 1  77380
graceful attempted      : False
forced                  : False
FINAL SURVIVING COUNT   : 0
cleanup                 : success
json report             : C:\t\c107\docs\pwml_recovery_sprint\evidence\g11\C-107\15-g1-attrib-2.json
json report written     : True
heavy lock              : C:\t\heavylock  holder=C-107  acquired=True  released=True
pre-existing (reported, NEVER killed): 4
================================================
