........................................................................ [ 14%]
........................................................................ [ 28%]
........................................................................ [ 42%]
........................................................................ [ 57%]
........................................................................ [ 71%]
........................................................................ [ 85%]
.......................................................................  [100%]
503 passed in 41.93s

================ CLEANUP REPORT ================
report schema version   : 1
wrapper build           : sha256:83d139543d4c01b33984b6ca9fb0943db461d0ee5f85091623089a548b8abed0
wrapper path (executed) : C:\t\c107\docs\pwml_recovery_sprint\evidence\bounded_run.py
wrapper vs HEAD         : clean  @ 17bc6b076674ed8faeb74f2ad19d568a11f5cb16  [git, worktree dirty=False]
label                   : r1-smoke22
command                 : c:\Users\Angad\Desktop\SummerBIOIN\Project14-T2PW\.venv\Scripts\python.exe -m pytest -q --no-header -rf --basetemp=C:/t/bt/c107smoke tests/test_reference_repair.py tests/test_strict_quarantine.py tests/test_strict_quarantine_contract_alignment.py tests/test_strict_quarantine_locks_and_scope.py tests/test_strict_quarantine_versioning.py tests/test_empty_extraction_payload.py tests/test_bench_goldset_and_semantic.py tests/test_bench_acquisition_and_artifacts.py tests/test_bench_controls.py tests/test_completeness_audit.py tests/test_batch_driver.py tests/test_stage3_gate_report_lifecycle.py tests/test_rag_admission_production_path.py tests/test_rag_gap_admission.py tests/test_rag_triage_orchestration.py tests/test_rag_provenance_gates.py tests/test_pipeline_reaction_rag_provenance.py tests/test_research_mode_orchestration.py tests/test_map_ids_name_gate.py tests/test_db_candidate_species_evidence.py tests/test_c102_coverage_denominator.py tests/test_c106_mutation_harness_executable.py
cwd                     : C:\t\c107
root PID / process group: 107292 / None
isolation               : windows_job_object(KILL_ON_JOB_CLOSE)
timeout                 : 400 s
duration                : 43.64 s
exit reason             : completed
exit code (real)        : 0
returned code           : 0
descendants observed    : 10  107308:python.exe, 107008:python.exe, 107228:python.exe, 102136:python.exe, 107140:python.exe, 102528:python.exe, 106884:python.exe, 103164:python.exe, 107344:python.exe, 106856:git.exe
descendants terminated  : 10  102136, 102528, 103164, 106856, 106884, 107008, 107140, 107228, 107308, 107344
graceful attempted      : False
forced                  : False
FINAL SURVIVING COUNT   : 0
cleanup                 : success
json report             : C:\t\c107\docs\pwml_recovery_sprint\evidence\g11\C-107\44-r1-smoke22.json
json report written     : True
heavy lock              : C:\t\heavylock  holder=C-107  acquired=True  released=True
pre-existing (reported, NEVER killed): 4
================================================
