code loaded from: C:\t\c108\src\t2pw\curation\apply_audit_patch.py
============================================================================================
[enzymes/reactions role='catalyst' fam=catalysis] actor='Pgp phosphatase complex'  span 140214 chars
  needle='pgp'
    window       : 'by pgsa to form the intermediate pg phosphate which is then dephosphorylated by pgp phosphatase to form pg 50 another set of suppressor mutations was mapped to the'
    cue window   : 'by pgsa to form the intermediate pg phosphate which is then dephosphorylated by                 to form pg 50 another set of suppressor mutations was mapped to the'
    cue in window: 'phosphorylat'
  needle='pgp'
    window       : 'by pgsa to form the intermediate pg phosphate which is then dephosphorylated by pgp phosphatase to form pg 50 another set of suppressor mutations was mapped to the'
    cue window   : 'by pgsa to form the intermediate pg phosphate which is then dephosphorylated by                 to form pg 50 another set of suppressor mutations was mapped to the'
    cue in window: 'phosphorylat'
  needle='pgp'
    window       : 'by pgsa to form the intermediate pg phosphate which is then dephosphorylated by pgp phosphatase to form pg 50 another set of suppressor mutations was mapped to the'
    cue window   : 'by pgsa to form the intermediate pg phosphate which is then dephosphorylated by                 to form pg 50 another set of suppressor mutations was mapped to the'
    cue in window: 'phosphorylat'
  needle='pgp'
    window       : 'by pgsa to form the intermediate pg phosphate which is then dephosphorylated by pgp phosphatase to form pg 50 another set of suppressor mutations was mapped to the'
    cue window   : 'by pgsa to form the intermediate pg phosphate which is then dephosphorylated by                 to form pg 50 another set of suppressor mutations was mapped to the'
    cue in window: 'phosphorylat'
============================================================================================
[modifiers/reactions role='catalyst' fam=catalysis] actor='Pgp phosphatase complex'  span 140214 chars
  needle='pgp'
    window       : 'by pgsa to form the intermediate pg phosphate which is then dephosphorylated by pgp phosphatase to form pg 50 another set of suppressor mutations was mapped to the'
    cue window   : 'by pgsa to form the intermediate pg phosphate which is then dephosphorylated by                 to form pg 50 another set of suppressor mutations was mapped to the'
    cue in window: 'phosphorylat'
  needle='pgp'
    window       : 'by pgsa to form the intermediate pg phosphate which is then dephosphorylated by pgp phosphatase to form pg 50 another set of suppressor mutations was mapped to the'
    cue window   : 'by pgsa to form the intermediate pg phosphate which is then dephosphorylated by                 to form pg 50 another set of suppressor mutations was mapped to the'
    cue in window: 'phosphorylat'
  needle='pgp'
    window       : 'by pgsa to form the intermediate pg phosphate which is then dephosphorylated by pgp phosphatase to form pg 50 another set of suppressor mutations was mapped to the'
    cue window   : 'by pgsa to form the intermediate pg phosphate which is then dephosphorylated by                 to form pg 50 another set of suppressor mutations was mapped to the'
    cue in window: 'phosphorylat'
  needle='pgp'
    window       : 'by pgsa to form the intermediate pg phosphate which is then dephosphorylated by pgp phosphatase to form pg 50 another set of suppressor mutations was mapped to the'
    cue window   : 'by pgsa to form the intermediate pg phosphate which is then dephosphorylated by                 to form pg 50 another set of suppressor mutations was mapped to the'
    cue in window: 'phosphorylat'

================ CLEANUP REPORT ================
report schema version   : 1
wrapper build           : sha256:83d139543d4c01b33984b6ca9fb0943db461d0ee5f85091623089a548b8abed0
wrapper path (executed) : C:\t\c108\docs\pwml_recovery_sprint\evidence\bounded_run.py
wrapper vs HEAD         : clean  @ 6c20879d6b286d42c8c822bcd09d323623fd1bd8  [git, worktree dirty=True]
label                   : mover-window-admitted
command                 : C:\Users\Angad\Desktop\SummerBIOIN\Project14-T2PW\.venv\Scripts\python.exe -u docs/pwml_recovery_sprint/evidence/c108_mover_windows.py C:/t/c108 C:/t/c108scratch/flat_tip_r1.json C:/t/c108scratch/movers_admitted_1.txt
cwd                     : C:\t\c108
root PID / process group: 151672 / None
isolation               : windows_job_object(KILL_ON_JOB_CLOSE)
timeout                 : 300 s
duration                : 0.19 s
exit reason             : completed
exit code (real)        : 0
returned code           : 0
descendants observed    : 1  158008:python.exe
descendants terminated  : 1  158008
graceful attempted      : False
forced                  : False
FINAL SURVIVING COUNT   : 0
cleanup                 : success
json report             : C:\t\c108\docs\pwml_recovery_sprint\evidence\g11\C-108\18-mover-window-admitted.json
json report written     : True
heavy lock              : C:\t\heavylock  holder=C-108  acquired=True  released=True
pre-existing (reported, NEVER killed): 4
================================================
