code loaded from: C:\t\c108base\src\t2pw\curation\apply_audit_patch.py
------------------------------------------------------------------------------------------
  CUE ONLY INSIDE THE ACTOR NAME  [enzymes role='catalyst' fam=catalysis] actor='phosphatidylglycerophosphate synthase'
      cue='synthase'  name-occurrences=29
      span: 'Discussion The outer membrane of Gram-negative bacteria is primarily composed of lipopolysaccharides and phospholipids. In E . coli , FASII generates two products, acyl-ACP and β-hydroxyacyl-ACP, which are components of LPS and PLs biosynthesis. Acyl-ACPs are used by PlsB and PlsC enzymes to generat'
------------------------------------------------------------------------------------------
  CUE ONLY INSIDE THE ACTOR NAME  [modifiers role='catalyst' fam=catalysis] actor='phosphatidylglycerophosphate synthase'
      cue='synthase'  name-occurrences=29
      span: 'Discussion The outer membrane of Gram-negative bacteria is primarily composed of lipopolysaccharides and phospholipids. In E . coli , FASII generates two products, acyl-ACP and β-hydroxyacyl-ACP, which are components of LPS and PLs biosynthesis. Acyl-ACPs are used by PlsB and PlsC enzymes to generat'
------------------------------------------------------------------------------------------
  CUE ONLY INSIDE THE ACTOR NAME  [enzymes role='catalyst' fam=catalysis] actor='glycerol-3-phosphate acyltransferase'
      cue='acyltransferase'  name-occurrences=4
      span: '). These data are consistent with the restoration of PL levels and fatty acid composition by such suppressor mutations. Taken together, the bacterial synthetic lethality of Δ( lapD clsA ) and the sick phenotypes under permissive growth conditions are due to changes in fatty acid composition concomit'
------------------------------------------------------------------------------------------
  CUE ONLY INSIDE THE ACTOR NAME  [modifiers role='catalyst' fam=catalysis] actor='glycerol-3-phosphate acyltransferase'
      cue='acyltransferase'  name-occurrences=4
      span: '). These data are consistent with the restoration of PL levels and fatty acid composition by such suppressor mutations. Taken together, the bacterial synthetic lethality of Δ( lapD clsA ) and the sick phenotypes under permissive growth conditions are due to changes in fatty acid composition concomit'
------------------------------------------------------------------------------------------
  CUE ONLY INSIDE THE ACTOR NAME  [enzymes role='catalyst' fam=catalysis] actor='Isochorismate synthase'
      cue='synthase'  name-occurrences=1
      span: 'EntC (isochorismate synthase; EC 5.4.4.2)'
------------------------------------------------------------------------------------------
  CUE ONLY INSIDE THE ACTOR NAME  [modifiers role='catalyst' fam=catalysis] actor='Isochorismate synthase'
      cue='synthase'  name-occurrences=1
      span: 'EntC (isochorismate synthase; EC 5.4.4.2)'
------------------------------------------------------------------------------------------
  CUE ONLY INSIDE THE ACTOR NAME  [enzymes role='catalyst' fam=catalysis] actor='isochorismatase'
      cue='isochorismatase'  name-occurrences=1
      span: 'EntB (isochorismatase/aryl carrier protein)'
------------------------------------------------------------------------------------------
  CUE ONLY INSIDE THE ACTOR NAME  [modifiers role='catalyst' fam=catalysis] actor='isochorismatase'
      cue='isochorismatase'  name-occurrences=1
      span: 'EntB (isochorismatase/aryl carrier protein)'
------------------------------------------------------------------------------------------
  CUE ONLY INSIDE THE ACTOR NAME  [enzymes role='catalyst' fam=catalysis] actor='enterobactin synthase'
      cue='synthase'  name-occurrences=2
      span: 'EntF (enterobactin synthase) EntF enterobactin synthase reaction EntF-catalyzed cycles of condensation with L-serine'
------------------------------------------------------------------------------------------
  CUE ONLY INSIDE THE ACTOR NAME  [modifiers role='catalyst' fam=catalysis] actor='enterobactin synthase'
      cue='synthase'  name-occurrences=2
      span: 'EntF (enterobactin synthase) EntF enterobactin synthase reaction EntF-catalyzed cycles of condensation with L-serine'
------------------------------------------------------------------------------------------
  CUE ONLY INSIDE THE ACTOR NAME  [enzymes role='catalyst' fam=catalysis] actor='isochorismatase'
      cue='isochorismatase'  name-occurrences=1
      span: 'Isochorismatase (EntB) converts isochorismate into 2,3-dihydro-2,3-dihydroxybenzoate'
------------------------------------------------------------------------------------------
  CUE ONLY INSIDE THE ACTOR NAME  [modifiers role='catalyst' fam=catalysis] actor='isochorismatase'
      cue='isochorismatase'  name-occurrences=1
      span: 'Isochorismatase (EntB) converts isochorismate into 2,3-dihydro-2,3-dihydroxybenzoate'
------------------------------------------------------------------------------------------
  CUE ONLY INSIDE THE ACTOR NAME  [enzymes role='catalyst' fam=catalysis] actor='isochorismatase'
      cue='isochorismatase'  name-occurrences=1
      span: 'N-terminal isochorismatase (IC) domain of EntB (EC 3.3.2.1)'
------------------------------------------------------------------------------------------
  CUE ONLY INSIDE THE ACTOR NAME  [modifiers role='catalyst' fam=catalysis] actor='isochorismatase'
      cue='isochorismatase'  name-occurrences=1
      span: 'N-terminal isochorismatase (IC) domain of EntB (EC 3.3.2.1)'
------------------------------------------------------------------------------------------
  CUE ONLY INSIDE THE ACTOR NAME  [enzymes role='catalyst' fam=catalysis] actor='enterobactin synthase'
      cue='synthase'  name-occurrences=1
      span: 'EntF (enterobactin synthase)'
------------------------------------------------------------------------------------------
  CUE ONLY INSIDE THE ACTOR NAME  [modifiers role='catalyst' fam=catalysis] actor='enterobactin synthase'
      cue='synthase'  name-occurrences=1
      span: 'EntF (enterobactin synthase)'
------------------------------------------------------------------------------------------
  CUE ONLY INSIDE THE ACTOR NAME  [enzymes role='catalyst' fam=catalysis] actor='isochorismatase'
      cue='isochorismatase'  name-occurrences=1
      span: 'EntB isochorismatase activity'
------------------------------------------------------------------------------------------
  CUE ONLY INSIDE THE ACTOR NAME  [modifiers role='catalyst' fam=catalysis] actor='isochorismatase'
      cue='isochorismatase'  name-occurrences=1
      span: 'EntB isochorismatase activity'
------------------------------------------------------------------------------------------
  CUE ONLY INSIDE THE ACTOR NAME  [enzymes role='catalyst' fam=catalysis] actor='isochorismatase'
      cue='isochorismatase'  name-occurrences=1
      span: 'Isochorismatase (EntB) converts isochorismate into 2,3-dihydro-2,3-dihydroxybenzoate (DHB)'
------------------------------------------------------------------------------------------
  CUE ONLY INSIDE THE ACTOR NAME  [modifiers role='catalyst' fam=catalysis] actor='isochorismatase'
      cue='isochorismatase'  name-occurrences=1
      span: 'Isochorismatase (EntB) converts isochorismate into 2,3-dihydro-2,3-dihydroxybenzoate (DHB)'
------------------------------------------------------------------------------------------
  CUE ONLY INSIDE THE ACTOR NAME  [enzymes role='catalyst' fam=catalysis] actor='isochorismatase'
      cue='isochorismatase'  name-occurrences=1
      span: 'isochorismate is converted to 2,3-diDHB and pyruvate by EntB isochorismatase activity'
------------------------------------------------------------------------------------------
  CUE ONLY INSIDE THE ACTOR NAME  [modifiers role='catalyst' fam=catalysis] actor='isochorismatase'
      cue='isochorismatase'  name-occurrences=1
      span: 'isochorismate is converted to 2,3-diDHB and pyruvate by EntB isochorismatase activity'
------------------------------------------------------------------------------------------
  CUE ONLY INSIDE THE ACTOR NAME  [enzymes role='catalyst' fam=catalysis] actor='enterobactin synthase'
      cue='synthase'  name-occurrences=1
      span: 'EntF (enterobactin synthase) EntF-catalyzed enterobactin synthesis Enterobactin production from activated 2,3-DHB then involves'
------------------------------------------------------------------------------------------
  CUE ONLY INSIDE THE ACTOR NAME  [modifiers role='catalyst' fam=catalysis] actor='enterobactin synthase'
      cue='synthase'  name-occurrences=1
      span: 'EntF (enterobactin synthase) EntF-catalyzed enterobactin synthesis Enterobactin production from activated 2,3-DHB then involves'
------------------------------------------------------------------------------------------
  CUE ONLY INSIDE THE ACTOR NAME  [enzymes role='catalyst' fam=catalysis] actor='ferrochelatase'
      cue='ferrochelatase'  name-occurrences=1
      span: 'modulating ferrochelatase levels'
------------------------------------------------------------------------------------------
  CUE ONLY INSIDE THE ACTOR NAME  [modifiers role='catalyst' fam=catalysis] actor='ferrochelatase'
      cue='ferrochelatase'  name-occurrences=1
      span: 'modulating ferrochelatase levels'
------------------------------------------------------------------------------------------
  CUE ONLY INSIDE THE ACTOR NAME  [enzymes role='catalyst' fam=catalysis] actor='Lanosterol synthase'
      cue='synthase'  name-occurrences=1
      span: 'LSS (Lanosterol synthase) catalyzes one of the earliest steps'
------------------------------------------------------------------------------------------
  CUE ONLY INSIDE THE ACTOR NAME  [modifiers role='catalyst' fam=catalysis] actor='Lanosterol synthase'
      cue='synthase'  name-occurrences=1
      span: 'LSS (Lanosterol synthase) catalyzes one of the earliest steps'
------------------------------------------------------------------------------------------
  CUE ONLY INSIDE THE ACTOR NAME  [enzymes role='catalyst' fam=catalysis] actor='enterobactin synthase complex'
      cue='synthase'  name-occurrences=1
      span: 'enterobactin synthase complex, which includes EntD, EntE, and EntF'
------------------------------------------------------------------------------------------
  CUE ONLY INSIDE THE ACTOR NAME  [modifiers role='catalyst' fam=catalysis] actor='enterobactin synthase complex'
      cue='synthase'  name-occurrences=1
      span: 'enterobactin synthase complex, which includes EntD, EntE, and EntF'
------------------------------------------------------------------------------------------
  CUE ONLY INSIDE THE ACTOR NAME  [enzymes role='catalyst' fam=catalysis] actor='isochorismatase'
      cue='isochorismatase'  name-occurrences=1
      span: 'isochorismate is converted to 2,3-dihydro-2,3-dihydroxybenzoate and pyruvate by EntB isochorismatase activity'
------------------------------------------------------------------------------------------
  CUE ONLY INSIDE THE ACTOR NAME  [modifiers role='catalyst' fam=catalysis] actor='isochorismatase'
      cue='isochorismatase'  name-occurrences=1
      span: 'isochorismate is converted to 2,3-dihydro-2,3-dihydroxybenzoate and pyruvate by EntB isochorismatase activity'
------------------------------------------------------------------------------------------
  CUE ONLY INSIDE THE ACTOR NAME  [enzymes role='catalyst' fam=catalysis] actor='isochorismatase'
      cue='isochorismatase'  name-occurrences=1
      span: 'isochorismate is converted to 2,3-dihydro-2,3-dihydroxybenzoate (2,3-diDHB) and pyruvate by EntB isochorismatase activity'
------------------------------------------------------------------------------------------
  CUE ONLY INSIDE THE ACTOR NAME  [modifiers role='catalyst' fam=catalysis] actor='isochorismatase'
      cue='isochorismatase'  name-occurrences=1
      span: 'isochorismate is converted to 2,3-dihydro-2,3-dihydroxybenzoate (2,3-diDHB) and pyruvate by EntB isochorismatase activity'

ACCEPTED rows whose cue occurs ONLY inside the actor name: 34 of 401

================ CLEANUP REPORT ================
report schema version   : 1
wrapper build           : sha256:83d139543d4c01b33984b6ca9fb0943db461d0ee5f85091623089a548b8abed0
wrapper path (executed) : C:\t\c108\docs\pwml_recovery_sprint\evidence\bounded_run.py
wrapper vs HEAD         : clean  @ 6c20879d6b286d42c8c822bcd09d323623fd1bd8  [git, worktree dirty=False]
label                   : base-namecue
command                 : C:\Users\Angad\Desktop\SummerBIOIN\Project14-T2PW\.venv\Scripts\python.exe -u docs/pwml_recovery_sprint/evidence/c108_guard_attribution.py C:/t/c108base namecue C:/t/c108scratch/flat_base.json
cwd                     : C:\t\c108
root PID / process group: 148788 / None
isolation               : windows_job_object(KILL_ON_JOB_CLOSE)
timeout                 : 600 s
duration                : 0.65 s
exit reason             : completed
exit code (real)        : 0
returned code           : 0
descendants observed    : 1  148840:python.exe
descendants terminated  : 1  148840
graceful attempted      : False
forced                  : False
FINAL SURVIVING COUNT   : 0
cleanup                 : success
json report             : C:\t\c108\docs\pwml_recovery_sprint\evidence\g11\C-108\07-base-namecue.json
json report written     : True
heavy lock              : C:\t\heavylock  holder=C-108  acquired=True  released=True
pre-existing (reported, NEVER killed): 4
================================================
