........................................................................ [ 14%]
........................................................................ [ 28%]
........................................................................ [ 43%]
........................................................................ [ 57%]
........................................................................ [ 72%]
........................................................................ [ 86%]
...................................................................      [100%]
499 passed in 1.87s

================ CLEANUP REPORT ================
report schema version   : 1
wrapper build           : sha256:83d139543d4c01b33984b6ca9fb0943db461d0ee5f85091623089a548b8abed0
wrapper path (executed) : C:\t\c108\docs\pwml_recovery_sprint\evidence\bounded_run.py
wrapper vs HEAD         : clean  @ 34fe2ced1b44c0ab6f801c16be19f632f788850e  [git, worktree dirty=True]
label                   : r2-affected-seam
command                 : C:\Users\Angad\Desktop\SummerBIOIN\Project14-T2PW\.venv\Scripts\python.exe -u -m pytest -q --no-header -rf --basetemp=C:/t/bt/c108seam tests/test_apply_audit_patch_lineage.py tests/test_apply_audit_patch_lock_policy.py tests/test_apply_audit_patch_referential_integrity.py tests/test_audit_json_llm_payload.py tests/test_c105_actor_role_evidence.py tests/test_c107_actor_cue_calibration.py tests/test_c108_f155_class.py tests/test_curation_patch_transaction.py tests/test_interactive_curator.py tests/test_c071_actor_evidence_gate.py tests/test_c090_wrapper_identity_actor_evidence.py
cwd                     : C:\t\c108
root PID / process group: 236228 / None
isolation               : windows_job_object(KILL_ON_JOB_CLOSE)
timeout                 : 900 s
duration                : 2.59 s
exit reason             : completed
exit code (real)        : 0
returned code           : 0
descendants observed    : 1  229768:python.exe
descendants terminated  : 1  229768
graceful attempted      : False
forced                  : False
FINAL SURVIVING COUNT   : 0
cleanup                 : success
json report             : C:\t\c108\docs\pwml_recovery_sprint\evidence\g11\C-108\95-r2-affected-seam.json
json report written     : True
heavy lock              : C:\t\heavylock  holder=C-108  acquired=True  released=True
pre-existing (reported, NEVER killed): 4
================================================
