
BOUNDED_RUN_HEAVY_LOCK_HELD path=C:\t\heavylock holder_attempted=C-108 reason=held
---- current holder file (C:\t\heavylock\holder.json) ----
{
  "token": "REV-109:171092:4e3ffacf129ad0d9",
  "holder": "REV-109",
  "label": "rev109-goldreaders",
  "pid": 171092,
  "command": [
    "C:/Users/Angad/Desktop/SummerBIOIN/Project14-T2PW/.venv/Scripts/python.exe",
    "-m",
    "pytest",
    "-q",
    "--basetemp=C:/t/btr109/gold",
    "tests/test_protein_export_policy.py",
    "tests/test_c056b_semantic_denominators.py",
    "tests/test_batch_pwml_artifact_naming.py",
    "tests/test_c074_strict_core_floor.py",
    "tests/test_c076_alias_holo_apo_identity.py",
    "tests/test_c077_stage0_conflict_disposition.py",
    "tests/test_c081_cofactor_role_identity.py",
    "tests/test_c085_priority2_honesty.py",
    "tests/test_c088_extracted_not_serialized_disposition.py",
    "tests/test_cofactor_policy.py",
    "tests/test_rag_multi_relation_spans.py",
    "tests/test_release_status_classification.py",
    "tests/test_semantic_production_no_gold.py",
    "tests/test_strict_failure_replay.py",
    "tests/test_batch_driver_quarantine_artifacts.py",
    "tests/test_c056c_semantic_evaluability.py",
    "tests/test_c071_actor_evidence_gate.py",
    "tests/test_c080_production_gate_kind_aware.py",
    "tests/test_c089_participant_schema.py",
    "tests/test_c090_wrapper_identity_actor_evidence.py",
    "tests/test_c097_semantic_name_keys.py",
    "tests/test_semantic_release_gating.py"
  ],
  "cwd": "C:\\t\\rev109",
  "acquired_at": "2026-09-01T03:07:08+00:00"
}
---- the child was NOT started; nothing was removed ----
