 1. tests/test_protein_export_policy.py                            passed= 63 failed=0 skipped=0 errors=0  exit=0
 2. tests/test_c056b_semantic_denominators.py                      passed= 10 failed=0 skipped=0 errors=0  exit=0
 3. tests/test_batch_pwml_artifact_naming.py                       passed= 13 failed=0 skipped=0 errors=0  exit=0
 4. tests/test_c074_strict_core_floor.py                           passed= 31 failed=0 skipped=0 errors=0  exit=0
 5. tests/test_c076_alias_holo_apo_identity.py                     passed= 28 failed=0 skipped=0 errors=0  exit=0
 6. tests/test_c077_stage0_conflict_disposition.py                 passed= 14 failed=0 skipped=0 errors=0  exit=0
 7. tests/test_c081_cofactor_role_identity.py                      passed= 25 failed=0 skipped=0 errors=0  exit=0
 8. tests/test_c085_priority2_honesty.py                           passed= 11 failed=0 skipped=0 errors=0  exit=0
 9. tests/test_c088_extracted_not_serialized_disposition.py        passed= 20 failed=0 skipped=0 errors=0  exit=0
10. tests/test_cofactor_policy.py                                  passed= 36 failed=0 skipped=0 errors=0  exit=0
11. tests/test_rag_multi_relation_spans.py                         passed= 19 failed=0 skipped=0 errors=0  exit=0
12. tests/test_release_status_classification.py                    passed= 12 failed=0 skipped=0 errors=0  exit=0
13. tests/test_semantic_production_no_gold.py                      passed=  8 failed=0 skipped=0 errors=0  exit=0
14. tests/test_strict_failure_replay.py                            passed= 40 failed=0 skipped=8 errors=0  exit=0
15. tests/test_batch_driver_quarantine_artifacts.py                passed=  8 failed=0 skipped=0 errors=0  exit=0
16. tests/test_c056c_semantic_evaluability.py                      passed= 11 failed=0 skipped=0 errors=0  exit=0
17. tests/test_c071_actor_evidence_gate.py                         passed=  8 failed=0 skipped=0 errors=0  exit=0
18. tests/test_c080_production_gate_kind_aware.py                  passed= 19 failed=0 skipped=0 errors=0  exit=0
19. tests/test_c089_participant_schema.py                          passed= 31 failed=0 skipped=0 errors=0  exit=0
20. tests/test_c090_wrapper_identity_actor_evidence.py             passed=  8 failed=0 skipped=0 errors=0  exit=0
21. tests/test_c097_semantic_name_keys.py                          passed= 16 failed=0 skipped=0 errors=0  exit=0
22. tests/test_semantic_release_gating.py                          passed= 25 failed=0 skipped=0 errors=0  exit=0

files run    : 22
split totals : 456 passed, 0 failed, 8 skipped, 0 errors
reds (0):

================ CLEANUP REPORT ================
report schema version   : 1
wrapper build           : sha256:83d139543d4c01b33984b6ca9fb0943db461d0ee5f85091623089a548b8abed0
wrapper path (executed) : C:\t\c108\docs\pwml_recovery_sprint\evidence\bounded_run.py
wrapper vs HEAD         : clean  @ e263be9d134c272bd471415026eb1f8cb750c972  [git, worktree dirty=False]
label                   : goldreaders-split
command                 : C:\Users\Angad\Desktop\SummerBIOIN\Project14-T2PW\.venv\Scripts\python.exe -u docs/pwml_recovery_sprint/evidence/c102_goldreaders_split.py C:/t/c108 C:/t/bt/c108gs
cwd                     : C:\t\c108
root PID / process group: 168272 / None
isolation               : windows_job_object(KILL_ON_JOB_CLOSE)
timeout                 : 1200 s
duration                : 60.89 s
exit reason             : completed
exit code (real)        : 0
returned code           : 0
descendants observed    : 51  168240:python.exe, 162680:python.exe, 168592:python.exe, 164312:python.exe, 168104:python.exe, 168956:python.exe, 168024:python.exe, 169004:python.exe, 169024:python.exe, 169192:git.exe, 169304:git.exe, 169444:git.exe, 169556:git.exe, 169816:python.exe, 169836:python.exe, 169936:python.exe, 169956:python.exe, 169408:python.exe, 169440:python.exe, 169452:python.exe, 169488:python.exe, 169696:python.exe, 169716:python.exe, 161448:python.exe, 161844:python.exe, 165476:python.exe, 168004:python.exe, 165992:python.exe, 169428:python.exe, 165520:python.exe, 169536:python.exe, 169496:python.exe, 169624:python.exe, 145936:python.exe, 166712:python.exe, 169820:python.exe, 169912:python.exe, 169232:python.exe, 169320:python.exe, 166680:python.exe, 169628:python.exe, 163044:python.exe, 169700:python.exe, 154616:python.exe, 165580:python.exe, 169108:python.exe, 169132:python.exe, 165884:python.exe, 169288:python.exe, 154856:python.exe, 168684:python.exe
descendants terminated  : 51  145936, 154616, 154856, 161448, 161844, 162680, 163044, 164312, 165476, 165520, 165580, 165884, 165992, 166680, 166712, 168004, 168024, 168104, 168240, 168592, 168684, 168956, 169004, 169024, 169108, 169132, 169192, 169232, 169288, 169304, 169320, 169408, 169428, 169440, 169444, 169452, 169488, 169496, 169536, 169556, 169624, 169628, 169696, 169700, 169716, 169816, 169820, 169836, 169912, 169936, 169956
graceful attempted      : False
forced                  : False
FINAL SURVIVING COUNT   : 0
cleanup                 : success
json report             : C:\t\c108\docs\pwml_recovery_sprint\evidence\g11\C-108\35-goldreaders-split.json
json report written     : True
heavy lock              : C:\t\heavylock  holder=C-108  acquired=True  released=True
pre-existing (reported, NEVER killed): 4
================================================
