target sha256 before anything: dfd5b7c7a769515ebc1ee6bd9cc631e0d37243e928b7c645fadeee359f3852b9
target CRLF count            : 0

BASELINE (unmutated): exit=0  358 passed in 0.70s

============================================================================================
N1 [expect RED] (a): the transport stem may complete as its agent noun again
============================================================================================
  result: RED  (exit=1)  10 failed, 348 passed in 0.78s
  tests red: tests/test_c108_f155_class.py::test_a_a_transport_schema_noun_cannot_license_the_row_it_asks_for[P, tests/test_c108_f155_class.py::test_a_a_transport_schema_noun_cannot_license_the_row_it_asks_for[P,, tests/test_c108_f155_class.py::test_a_a_transport_schema_noun_cannot_license_the_row_it_asks_for[add, tests/test_c108_f155_class.py::test_a_a_transport_schema_noun_cannot_license_the_row_it_asks_for[adding, tests/test_c108_f155_class.py::test_a_a_transport_schema_noun_cannot_license_the_row_it_asks_for[assign, tests/test_c108_f155_class.py::test_a_a_transport_schema_noun_cannot_license_the_row_it_asks_for[listing
  OK

============================================================================================
N2 [expect RED] (a): the catalysis stem may complete as 'catalyst' again
============================================================================================
  result: RED  (exit=1)  5 failed, 353 passed in 0.76s
  tests red: tests/test_c108_f155_class.py::test_a_a_catalysis_schema_noun_cannot_license_the_row_it_asks_for[P, tests/test_c108_f155_class.py::test_a_a_catalysis_schema_noun_cannot_license_the_row_it_asks_for[add
  OK

============================================================================================
N3 [expect RED] (c): the actor-name mask is a no-op, so a name licenses itself again
============================================================================================
  result: RED  (exit=1)  13 failed, 345 passed in 0.78s
  tests red: tests/test_c108_f155_class.py::test_c_an_actors_own_name_is_not_evidence_about_the_actor[LpxC, tests/test_c108_f155_class.py::test_c_an_actors_own_name_is_not_evidence_about_the_actor[MurA, tests/test_c108_f155_class.py::test_c_an_actors_own_name_is_not_evidence_about_the_actor[P, tests/test_c108_f155_class.py::test_c_an_actors_own_name_is_not_evidence_about_the_actor[enterobactin, tests/test_c108_f155_class.py::test_c_an_actors_own_name_is_not_evidence_about_the_actor[ferrochelatase-modulating
  OK

============================================================================================
N4 [expect RED] (a): the agent-noun predication set is emptied, so nothing is re-admitted -- an OVER-REFUSAL attack on the same fix
============================================================================================
  result: RED  (exit=1)  1 failed, 357 passed in 0.74s
  tests red: tests/test_c108_f155_class.py::test_a_the_transport_verb_and_every_predication_still_license[P
  OK

============================================================================================
N5 [expect RED] (c): the mask takes TOKENS instead of contiguous RUNS -- the over-refusal trap the card names explicitly
============================================================================================
  result: RED  (exit=1)  6 failed, 352 passed in 0.76s
  tests red: tests/test_c108_f155_class.py::test_c_a_predication_beside_the_name_still_licenses[LpxC, tests/test_c108_f155_class.py::test_c_a_predication_beside_the_name_still_licenses[P, tests/test_c108_f155_class.py::test_c_a_predication_beside_the_name_still_licenses[acyltransferase, tests/test_c108_f155_class.py::test_c_the_over_refusal_trap_the_card_names_explicitly
  OK

============================================================================================
N6 [expect RED] (c): the agentive-'by' exemption is switched off, so an agent phrase is masked as if it were a naming
============================================================================================
  result: RED  (exit=1)  1 failed, 357 passed in 0.75s
  tests red: tests/test_c108_f155_class.py::test_c_the_agentive_by_is_a_predication_not_a_naming
  OK

============================================================================================
N7 [expect RED] (c): the cofactor dependence route reads the MASKED window, so the frame loses the needle it is built around
============================================================================================
  result: RED  (exit=1)  5 failed, 353 passed in 0.80s
  tests red: tests/test_c107_actor_cue_calibration.py::test_an_evidenced_cofactor_row_is_licensed[the, tests/test_c107_actor_cue_calibration.py::test_the_cofactor_family_itself_still_licenses_the_same_spans, tests/test_c108_f155_class.py::test_c_the_cofactor_dependence_route_is_not_masked
  OK

============================================================================================
N8 [expect RED] (d): the contra goes back to being a bare alias of the cue
============================================================================================
  result: RED  (exit=1)  16 failed, 342 passed in 0.81s
  tests red: tests/test_c108_f155_class.py::test_d_an_appositive_agent_noun_is_not_evidence_the_actor_is_shut_down[P4X,, tests/test_c108_f155_class.py::test_d_an_appositive_agent_noun_is_not_evidence_the_actor_is_shut_down[inhibitor, tests/test_c108_f155_class.py::test_d_an_appositive_agent_noun_is_not_evidence_the_actor_is_shut_down[the, tests/test_c108_f155_class.py::test_p2_the_inhibition_cue_is_untouched_so_the_other_fallback_cannot_move
  OK

============================================================================================
N9 [expect RED] (d) MERGE RULE 6: the F3 target frame is removed, so 'the inhibitor of P' no longer refuses
============================================================================================
  result: RED  (exit=1)  9 failed, 349 passed in 0.78s
  tests red: tests/test_c108_f155_class.py::test_b_new_the_gap_construct_is_a_length_bound_only, tests/test_c108_f155_class.py::test_d_the_contra_still_refuses_every_attenuation_aimed_at_the_actor[an, tests/test_c108_f155_class.py::test_d_the_contra_still_refuses_every_attenuation_aimed_at_the_actor[inhibitors, tests/test_c108_f155_class.py::test_d_the_contra_still_refuses_every_attenuation_aimed_at_the_actor[the
  OK

============================================================================================
N10 [expect RED] (d) MERGE RULE 6: the F4 head-final frame is removed, so 'the P inhibitor' no longer refuses
============================================================================================
  result: RED  (exit=1)  4 failed, 354 passed in 0.77s
  tests red: tests/test_c108_f155_class.py::test_d_the_contra_still_refuses_every_attenuation_aimed_at_the_actor[P, tests/test_c108_f155_class.py::test_d_the_contra_still_refuses_every_attenuation_aimed_at_the_actor[the
  OK

============================================================================================
N11 [expect RED] (d): the contra anchor becomes a WORD anchor, which also stops 'inhibitory' and 'repression' firing
============================================================================================
  result: RED  (exit=1)  15 failed, 343 passed in 0.81s
  tests red: tests/test_c105_actor_role_evidence.py::test_inhibition_cue_in_the_same_window_cannot_license_catalysis, tests/test_c105_actor_role_evidence.py::test_unlicensed_actor_adds_are_still_refused[inhibition, tests/test_c108_f155_class.py::test_d_only_the_agent_noun_is_withheld_from_the_contra[P, tests/test_c108_f155_class.py::test_d_only_the_agent_noun_is_withheld_from_the_contra[the, tests/test_c108_f155_class.py::test_d_the_contra_still_refuses_every_attenuation_aimed_at_the_actor[P, tests/test_c108_f155_class.py::test_d_the_contra_still_refuses_every_attenuation_aimed_at_the_actor[Q
  OK

============================================================================================
N12 [expect BEHAVIOURALLY-GREEN] (b) EXPECTED SURVIVOR: the folded character class reverts to '[^.]'. Every BEHAVIOURAL arm must stay green; only the structural pin on the spelling may go red. Any other red would mean member (b) moved behaviour and was mislabelled as code honesty.
============================================================================================
  result: RED  (exit=1)  1 failed, 357 passed in 0.75s
  tests red: tests/test_c108_f155_class.py::test_b_new_the_folded_character_class_is_the_spelling_that_says_so
  OK -- every behavioural arm survived; the only red is the structural pin on the spelling

============================================================================================
target sha256 after everything: dfd5b7c7a769515ebc1ee6bd9cc631e0d37243e928b7c645fadeee359f3852b9
byte-identical to the start   : True
CRLF count preserved          : True
C108 OWN-MUTATION FAILURES: 0 of 12  (must be 0)
============================================================================================

================ CLEANUP REPORT ================
report schema version   : 1
wrapper build           : sha256:83d139543d4c01b33984b6ca9fb0943db461d0ee5f85091623089a548b8abed0
wrapper path (executed) : C:\t\c108\docs\pwml_recovery_sprint\evidence\bounded_run.py
wrapper vs HEAD         : clean  @ e263be9d134c272bd471415026eb1f8cb750c972  [git, worktree dirty=True]
label                   : own-mutations-r2
command                 : C:\Users\Angad\Desktop\SummerBIOIN\Project14-T2PW\.venv\Scripts\python.exe -u docs/pwml_recovery_sprint/evidence/c108_own_mutations.py C:/t/c108
cwd                     : C:\t\c108
root PID / process group: 163180 / None
isolation               : windows_job_object(KILL_ON_JOB_CLOSE)
timeout                 : 1800 s
duration                : 16.29 s
exit reason             : completed
exit code (real)        : 0
returned code           : 0
descendants observed    : 27  169244:python.exe, 170336:python.exe, 171180:python.exe, 171072:python.exe, 171560:python.exe, 170572:python.exe, 171356:python.exe, 167940:python.exe, 169412:python.exe, 151664:python.exe, 171060:python.exe, 166424:python.exe, 167752:python.exe, 163884:python.exe, 171128:python.exe, 164628:python.exe, 168872:python.exe, 168904:python.exe, 168996:python.exe, 167172:python.exe, 168736:python.exe, 169580:python.exe, 170528:python.exe, 164852:python.exe, 170516:python.exe, 166288:python.exe, 171084:python.exe
descendants terminated  : 27  151664, 163884, 164628, 164852, 166288, 166424, 167172, 167752, 167940, 168736, 168872, 168904, 168996, 169244, 169412, 169580, 170336, 170516, 170528, 170572, 171060, 171072, 171084, 171128, 171180, 171356, 171560
graceful attempted      : False
forced                  : False
FINAL SURVIVING COUNT   : 0
cleanup                 : success
json report             : C:\t\c108\docs\pwml_recovery_sprint\evidence\g11\C-108\37-own-mutations-r2.json
json report written     : True
heavy lock              : C:\t\heavylock  holder=C-108  acquired=True  released=True
pre-existing (reported, NEVER killed): 4
================================================
