code loaded from: C:\t\c108\src\t2pw\curation\apply_audit_patch.py
============================================================================================
[enzymes/reactions role='catalyst' fam=catalysis] actor='Isochorismate synthase'  span 41 chars
  needle='isochorismate'
    window       : 'entc isochorismate synthase ec 5 4 4 2'
    cue window   : 'entc                        ec 5 4 4 2'
    cue in window: None
  needle='synthase'
    window       : 'entc isochorismate synthase ec 5 4 4 2'
    cue window   : 'entc                        ec 5 4 4 2'
    cue in window: None
============================================================================================
[enzymes/reactions role='catalyst' fam=catalysis] actor='UDP-3-O-acyl-N-acetylglucosamine deacetylase'  span 82 chars
  needle='udp'
    window       : 'udp 3 o r 3 hydroxymyristoyl n acetylglucosamine deacetylase in escherichia coli'
    cue window   : '        r 3 hydroxymyristoyl                                 in escherichia coli'
    cue in window: None
  needle='acetylglucosamine'
    window       : 'udp 3 o r 3 hydroxymyristoyl n acetylglucosamine deacetylase in escherichia coli'
    cue window   : '        r 3 hydroxymyristoyl                                 in escherichia coli'
    cue in window: None
  needle='deacetylase'
    window       : 'udp 3 o r 3 hydroxymyristoyl n acetylglucosamine deacetylase in escherichia coli'
    cue window   : '        r 3 hydroxymyristoyl                                 in escherichia coli'
    cue in window: None
============================================================================================
[enzymes/reactions role='catalyst' fam=catalysis] actor='enterobactin synthase complex'  span 66 chars
  needle='enterobactin'
    window       : 'enterobactin synthase complex which includes entd ente and entf'
    cue window   : '                              which includes entd ente and entf'
    cue in window: None
  needle='synthase'
    window       : 'enterobactin synthase complex which includes entd ente and entf'
    cue window   : '                              which includes entd ente and entf'
    cue in window: None
  needle='complex'
    window       : 'enterobactin synthase complex which includes entd ente and entf'
    cue window   : '                              which includes entd ente and entf'
    cue in window: None
============================================================================================
[enzymes/reactions role='catalyst' fam=catalysis] actor='enterobactin synthase'  span 28 chars
  needle='enterobactin'
    window       : 'entf enterobactin synthase'
    cue window   : 'entf                      '
    cue in window: None
  needle='synthase'
    window       : 'entf enterobactin synthase'
    cue window   : 'entf                      '
    cue in window: None
============================================================================================
[enzymes/reactions role='catalyst' fam=catalysis] actor='ferrochelatase'  span 32 chars
  needle='ferrochelatase'
    window       : 'modulating ferrochelatase levels'
    cue window   : 'modulating                levels'
    cue in window: None
============================================================================================
[enzymes/reactions role='catalyst' fam=catalysis] actor='isochorismatase'  span 43 chars
  needle='isochorismatase'
    window       : 'entb isochorismatase aryl carrier protein'
    cue window   : 'entb                 aryl carrier protein'
    cue in window: None
============================================================================================
[enzymes/reactions role='catalyst' fam=catalysis] actor='isochorismatase'  span 29 chars
  needle='isochorismatase'
    window       : 'entb isochorismatase activity'
    cue window   : 'entb                 activity'
    cue in window: None
============================================================================================
[enzymes/reactions role='catalyst' fam=catalysis] actor='isochorismatase'  span 59 chars
  needle='isochorismatase'
    window       : 'n terminal isochorismatase ic domain of entb ec 3 3 2 1'
    cue window   : 'n terminal                 ic domain of entb ec 3 3 2 1'
    cue in window: None
============================================================================================
[enzymes/reactions role='catalyst' fam=catalysis] actor='isochorismatase'  span 85 chars
  needle='isochorismatase'
    window       : 'isochorismate is converted to 2 3 didhb and pyruvate by entb isochorismatase activity'
    cue window   : 'isochorismate is converted to 2 3 didhb and pyruvate by entb                 activity'
    cue in window: None
============================================================================================
[enzymes/reactions role='catalyst' fam=catalysis] actor='isochorismatase'  span 121 chars
  needle='isochorismatase'
    window       : 's converted to 2 3 dihydro 2 3 dihydroxybenzoate 2 3 didhb and pyruvate by entb isochorismatase activity'
    cue window   : 's converted to 2 3 dihydro 2 3 dihydroxybenzoate 2 3 didhb and pyruvate by entb                 activity'
    cue in window: None
============================================================================================
[enzymes/reactions role='catalyst' fam=catalysis] actor='isochorismatase'  span 109 chars
  needle='isochorismatase'
    window       : 'orismate is converted to 2 3 dihydro 2 3 dihydroxybenzoate and pyruvate by entb isochorismatase activity'
    cue window   : 'orismate is converted to 2 3 dihydro 2 3 dihydroxybenzoate and pyruvate by entb                 activity'
    cue in window: None
============================================================================================
[enzymes/reactions role='catalyst' fam=catalysis] actor="tetraacyldisaccharide 4'-kinase"  span 52 chars
  needle='kinase'
    window       : 'gene encoding the escherichia coli lipid a 4 kinase'
    cue window   : 'gene encoding the escherichia coli lipid a         '
    cue in window: None
============================================================================================
[modifiers/reactions role='catalyst' fam=catalysis] actor='Isochorismate synthase'  span 41 chars
  needle='isochorismate'
    window       : 'entc isochorismate synthase ec 5 4 4 2'
    cue window   : 'entc                        ec 5 4 4 2'
    cue in window: None
  needle='synthase'
    window       : 'entc isochorismate synthase ec 5 4 4 2'
    cue window   : 'entc                        ec 5 4 4 2'
    cue in window: None
============================================================================================
[modifiers/reactions role='catalyst' fam=catalysis] actor='UDP-3-O-acyl-N-acetylglucosamine deacetylase'  span 82 chars
  needle='udp'
    window       : 'udp 3 o r 3 hydroxymyristoyl n acetylglucosamine deacetylase in escherichia coli'
    cue window   : '        r 3 hydroxymyristoyl                                 in escherichia coli'
    cue in window: None
  needle='acetylglucosamine'
    window       : 'udp 3 o r 3 hydroxymyristoyl n acetylglucosamine deacetylase in escherichia coli'
    cue window   : '        r 3 hydroxymyristoyl                                 in escherichia coli'
    cue in window: None
  needle='deacetylase'
    window       : 'udp 3 o r 3 hydroxymyristoyl n acetylglucosamine deacetylase in escherichia coli'
    cue window   : '        r 3 hydroxymyristoyl                                 in escherichia coli'
    cue in window: None
============================================================================================
[modifiers/reactions role='catalyst' fam=catalysis] actor='enterobactin synthase complex'  span 66 chars
  needle='enterobactin'
    window       : 'enterobactin synthase complex which includes entd ente and entf'
    cue window   : '                              which includes entd ente and entf'
    cue in window: None
  needle='synthase'
    window       : 'enterobactin synthase complex which includes entd ente and entf'
    cue window   : '                              which includes entd ente and entf'
    cue in window: None
  needle='complex'
    window       : 'enterobactin synthase complex which includes entd ente and entf'
    cue window   : '                              which includes entd ente and entf'
    cue in window: None
============================================================================================
[modifiers/reactions role='catalyst' fam=catalysis] actor='enterobactin synthase'  span 28 chars
  needle='enterobactin'
    window       : 'entf enterobactin synthase'
    cue window   : 'entf                      '
    cue in window: None
  needle='synthase'
    window       : 'entf enterobactin synthase'
    cue window   : 'entf                      '
    cue in window: None
============================================================================================
[modifiers/reactions role='catalyst' fam=catalysis] actor='ferrochelatase'  span 32 chars
  needle='ferrochelatase'
    window       : 'modulating ferrochelatase levels'
    cue window   : 'modulating                levels'
    cue in window: None
============================================================================================
[modifiers/reactions role='catalyst' fam=catalysis] actor='isochorismatase'  span 43 chars
  needle='isochorismatase'
    window       : 'entb isochorismatase aryl carrier protein'
    cue window   : 'entb                 aryl carrier protein'
    cue in window: None
============================================================================================
[modifiers/reactions role='catalyst' fam=catalysis] actor='isochorismatase'  span 29 chars
  needle='isochorismatase'
    window       : 'entb isochorismatase activity'
    cue window   : 'entb                 activity'
    cue in window: None
============================================================================================
[modifiers/reactions role='catalyst' fam=catalysis] actor='isochorismatase'  span 59 chars
  needle='isochorismatase'
    window       : 'n terminal isochorismatase ic domain of entb ec 3 3 2 1'
    cue window   : 'n terminal                 ic domain of entb ec 3 3 2 1'
    cue in window: None
============================================================================================
[modifiers/reactions role='catalyst' fam=catalysis] actor='isochorismatase'  span 85 chars
  needle='isochorismatase'
    window       : 'isochorismate is converted to 2 3 didhb and pyruvate by entb isochorismatase activity'
    cue window   : 'isochorismate is converted to 2 3 didhb and pyruvate by entb                 activity'
    cue in window: None
============================================================================================
[modifiers/reactions role='catalyst' fam=catalysis] actor='isochorismatase'  span 121 chars
  needle='isochorismatase'
    window       : 's converted to 2 3 dihydro 2 3 dihydroxybenzoate 2 3 didhb and pyruvate by entb isochorismatase activity'
    cue window   : 's converted to 2 3 dihydro 2 3 dihydroxybenzoate 2 3 didhb and pyruvate by entb                 activity'
    cue in window: None
============================================================================================
[modifiers/reactions role='catalyst' fam=catalysis] actor='isochorismatase'  span 109 chars
  needle='isochorismatase'
    window       : 'orismate is converted to 2 3 dihydro 2 3 dihydroxybenzoate and pyruvate by entb isochorismatase activity'
    cue window   : 'orismate is converted to 2 3 dihydro 2 3 dihydroxybenzoate and pyruvate by entb                 activity'
    cue in window: None
============================================================================================
[modifiers/reactions role='catalyst' fam=catalysis] actor="tetraacyldisaccharide 4'-kinase"  span 52 chars
  needle='kinase'
    window       : 'gene encoding the escherichia coli lipid a 4 kinase'
    cue window   : 'gene encoding the escherichia coli lipid a         '
    cue in window: None
============================================================================================
[transporters/transports role='None' fam=transport] actor='MsbA'  span 33 chars
  needle='msba'
    window       : 'msba an abc transporter paradigm'
    cue window   : '     an abc transporter paradigm'
    cue in window: None

================ CLEANUP REPORT ================
report schema version   : 1
wrapper build           : sha256:83d139543d4c01b33984b6ca9fb0943db461d0ee5f85091623089a548b8abed0
wrapper path (executed) : C:\t\c108\docs\pwml_recovery_sprint\evidence\bounded_run.py
wrapper vs HEAD         : clean  @ 6c20879d6b286d42c8c822bcd09d323623fd1bd8  [git, worktree dirty=True]
label                   : mover-window-refused-tip
command                 : C:\Users\Angad\Desktop\SummerBIOIN\Project14-T2PW\.venv\Scripts\python.exe -u docs/pwml_recovery_sprint/evidence/c108_mover_windows.py C:/t/c108 C:/t/c108scratch/flat_tip_r1.json C:/t/c108scratch/movers_refused.txt
cwd                     : C:\t\c108
root PID / process group: 157548 / None
isolation               : windows_job_object(KILL_ON_JOB_CLOSE)
timeout                 : 300 s
duration                : 0.19 s
exit reason             : completed
exit code (real)        : 0
returned code           : 0
descendants observed    : 1  156316:python.exe
descendants terminated  : 1  156316
graceful attempted      : False
forced                  : False
FINAL SURVIVING COUNT   : 0
cleanup                 : success
json report             : C:\t\c108\docs\pwml_recovery_sprint\evidence\g11\C-108\19-mover-window-refused-tip.json
json report written     : True
heavy lock              : C:\t\heavylock  holder=C-108  acquired=True  released=True
pre-existing (reported, NEVER killed): 4
================================================
