........................................................................ [ 32%]
........................................................................ [ 65%]
........................................................................ [ 98%]
....                                                                     [100%]
220 passed in 0.51s

================ CLEANUP REPORT ================
report schema version   : 1
wrapper build           : sha256:83d139543d4c01b33984b6ca9fb0943db461d0ee5f85091623089a548b8abed0
wrapper path (executed) : C:\t\c108\docs\pwml_recovery_sprint\evidence\bounded_run.py
wrapper vs HEAD         : clean  @ 34fe2ced1b44c0ab6f801c16be19f632f788850e  [git, worktree dirty=True]
label                   : r2-split-c108
command                 : C:\Users\Angad\Desktop\SummerBIOIN\Project14-T2PW\.venv\Scripts\python.exe -u -m pytest -q --no-header -rf --basetemp=C:/t/bt/c108s3 tests/test_c108_f155_class.py
cwd                     : C:\t\c108
root PID / process group: 231032 / None
isolation               : windows_job_object(KILL_ON_JOB_CLOSE)
timeout                 : 600 s
duration                : 1.07 s
exit reason             : completed
exit code (real)        : 0
returned code           : 0
descendants observed    : 1  231680:python.exe
descendants terminated  : 1  231680
graceful attempted      : False
forced                  : False
FINAL SURVIVING COUNT   : 0
cleanup                 : success
json report             : C:\t\c108\docs\pwml_recovery_sprint\evidence\g11\C-108\98-r2-split-c108.json
json report written     : True
heavy lock              : C:\t\heavylock  holder=C-108  acquired=True  released=True
pre-existing (reported, NEVER killed): 4
================================================
