code loaded from: C:\t\c108\src\t2pw\curation\apply_audit_patch.py
final_mapped.json files: 104
ROWS: 692  ACCEPTED: 384  REFUSED: 308
SPANS OVER 5000 CHARS: 62  MAX SPAN: 176375

================ CLEANUP REPORT ================
report schema version   : 1
wrapper build           : sha256:83d139543d4c01b33984b6ca9fb0943db461d0ee5f85091623089a548b8abed0
wrapper path (executed) : C:\t\c108\docs\pwml_recovery_sprint\evidence\bounded_run.py
wrapper vs HEAD         : clean  @ e263be9d134c272bd471415026eb1f8cb750c972  [git, worktree dirty=True]
label                   : tip-corpus-final
command                 : C:\Users\Angad\Desktop\SummerBIOIN\Project14-T2PW\.venv\Scripts\python.exe -u docs/pwml_recovery_sprint/evidence/rev107_corpus.py C:/t/c108base C:/t/c108 C:/t/c108scratch/corpus_tip_final.json
cwd                     : C:\t\c108
root PID / process group: 174344 / None
isolation               : windows_job_object(KILL_ON_JOB_CLOSE)
timeout                 : 600 s
duration                : 1.03 s
exit reason             : completed
exit code (real)        : 0
returned code           : 0
descendants observed    : 1  171628:python.exe
descendants terminated  : 1  171628
graceful attempted      : False
forced                  : False
FINAL SURVIVING COUNT   : 0
cleanup                 : success
json report             : C:\t\c108\docs\pwml_recovery_sprint\evidence\g11\C-108\44-tip-corpus-final.json
json report written     : True
heavy lock              : C:\t\heavylock  holder=C-108  acquired=True  released=True
pre-existing (reported, NEVER killed): 4
================================================
