 1. tests/test_protein_export_policy.py                            passed= 63 failed=0 skipped=0 errors=0  exit=0
 2. tests/test_c056b_semantic_denominators.py                      passed= 10 failed=0 skipped=0 errors=0  exit=0
 3. tests/test_batch_pwml_artifact_naming.py                       passed= 13 failed=0 skipped=0 errors=0  exit=0
 4. tests/test_c074_strict_core_floor.py                           passed= 31 failed=0 skipped=0 errors=0  exit=0
 5. tests/test_c076_alias_holo_apo_identity.py                     passed= 28 failed=0 skipped=0 errors=0  exit=0
 6. tests/test_c077_stage0_conflict_disposition.py                 passed= 14 failed=0 skipped=0 errors=0  exit=0
 7. tests/test_c081_cofactor_role_identity.py                      passed= 25 failed=0 skipped=0 errors=0  exit=0
 8. tests/test_c085_priority2_honesty.py                           passed= 11 failed=0 skipped=0 errors=0  exit=0
 9. tests/test_c088_extracted_not_serialized_disposition.py        passed= 20 failed=0 skipped=0 errors=0  exit=0
10. tests/test_cofactor_policy.py                                  passed= 36 failed=0 skipped=0 errors=0  exit=0
11. tests/test_rag_multi_relation_spans.py                         passed= 19 failed=0 skipped=0 errors=0  exit=0
12. tests/test_release_status_classification.py                    passed= 12 failed=0 skipped=0 errors=0  exit=0
13. tests/test_semantic_production_no_gold.py                      passed=  8 failed=0 skipped=0 errors=0  exit=0
14. tests/test_strict_failure_replay.py                            passed= 40 failed=0 skipped=8 errors=0  exit=0
15. tests/test_batch_driver_quarantine_artifacts.py                passed=  8 failed=0 skipped=0 errors=0  exit=0
16. tests/test_c056c_semantic_evaluability.py                      passed= 11 failed=0 skipped=0 errors=0  exit=0
17. tests/test_c071_actor_evidence_gate.py                         passed=  8 failed=0 skipped=0 errors=0  exit=0
18. tests/test_c080_production_gate_kind_aware.py                  passed= 19 failed=0 skipped=0 errors=0  exit=0
19. tests/test_c089_participant_schema.py                          passed= 31 failed=0 skipped=0 errors=0  exit=0
20. tests/test_c090_wrapper_identity_actor_evidence.py             passed=  8 failed=0 skipped=0 errors=0  exit=0
21. tests/test_c097_semantic_name_keys.py                          passed= 16 failed=0 skipped=0 errors=0  exit=0
22. tests/test_semantic_release_gating.py                          passed= 25 failed=0 skipped=0 errors=0  exit=0

files run    : 22
split totals : 456 passed, 0 failed, 8 skipped, 0 errors
reds (0):

================ CLEANUP REPORT ================
report schema version   : 1
wrapper build           : sha256:83d139543d4c01b33984b6ca9fb0943db461d0ee5f85091623089a548b8abed0
wrapper path (executed) : C:\t\c108\docs\pwml_recovery_sprint\evidence\bounded_run.py
wrapper vs HEAD         : clean  @ fbf2047e69fa0464c7c128978f12c636a1455431  [git, worktree dirty=True]
label                   : r1-goldreaders-split
command                 : C:\Users\Angad\Desktop\SummerBIOIN\Project14-T2PW\.venv\Scripts\python.exe -u docs/pwml_recovery_sprint/evidence/c102_goldreaders_split.py C:/t/c108 C:/t/bt/c108gs
cwd                     : C:\t\c108
root PID / process group: 207140 / None
isolation               : windows_job_object(KILL_ON_JOB_CLOSE)
timeout                 : 1200 s
duration                : 56.50 s
exit reason             : completed
exit code (real)        : 0
returned code           : 0
descendants observed    : 52  206092:python.exe, 202532:python.exe, 205568:python.exe, 207264:python.exe, 207244:python.exe, 200784:python.exe, 202428:python.exe, 206552:python.exe, 206968:python.exe, 194756:git.exe, 207748:git.exe, 206876:git.exe, 206892:git.exe, 206996:git.exe, 206028:python.exe, 207324:python.exe, 206320:python.exe, 207548:python.exe, 207468:python.exe, 207576:python.exe, 207464:python.exe, 207624:python.exe, 201136:python.exe, 207720:python.exe, 198564:python.exe, 207168:python.exe, 202608:python.exe, 206464:python.exe, 205836:python.exe, 207052:python.exe, 191400:python.exe, 207072:python.exe, 200344:python.exe, 206116:python.exe, 181532:python.exe, 207516:python.exe, 207000:python.exe, 207076:python.exe, 189080:python.exe, 207252:python.exe, 190060:python.exe, 207192:python.exe, 184472:python.exe, 207188:python.exe, 207904:python.exe, 207924:python.exe, 207948:python.exe, 207968:python.exe, 208088:python.exe, 208108:python.exe, 208128:python.exe, 208148:python.exe
descendants terminated  : 52  181532, 184472, 189080, 190060, 191400, 194756, 198564, 200344, 200784, 201136, 202428, 202532, 202608, 205568, 205836, 206028, 206092, 206116, 206320, 206464, 206552, 206876, 206892, 206968, 206996, 207000, 207052, 207072, 207076, 207168, 207188, 207192, 207244, 207252, 207264, 207324, 207464, 207468, 207516, 207548, 207576, 207624, 207720, 207748, 207904, 207924, 207948, 207968, 208088, 208108, 208128, 208148
graceful attempted      : False
forced                  : False
FINAL SURVIVING COUNT   : 0
cleanup                 : success
json report             : C:\t\c108\docs\pwml_recovery_sprint\evidence\g11\C-108\75-r1-goldreaders-split.json
json report written     : True
heavy lock              : C:\t\heavylock  holder=C-108  acquired=True  released=True
pre-existing (reported, NEVER killed): 4
================================================
