........................................................................ [ 34%]
........................................................................ [ 68%]
...................................................................      [100%]
211 passed in 0.46s

================ CLEANUP REPORT ================
report schema version   : 1
wrapper build           : sha256:83d139543d4c01b33984b6ca9fb0943db461d0ee5f85091623089a548b8abed0
wrapper path (executed) : C:\t\c108\docs\pwml_recovery_sprint\evidence\bounded_run.py
wrapper vs HEAD         : clean  @ fbf2047e69fa0464c7c128978f12c636a1455431  [git, worktree dirty=True]
label                   : r1-focused
command                 : C:\Users\Angad\Desktop\SummerBIOIN\Project14-T2PW\.venv\Scripts\python.exe -u -m pytest -q --no-header -rf --basetemp=C:/t/bt/c108foc tests/test_c108_f155_class.py
cwd                     : C:\t\c108
root PID / process group: 204568 / None
isolation               : windows_job_object(KILL_ON_JOB_CLOSE)
timeout                 : 900 s
duration                : 1.03 s
exit reason             : completed
exit code (real)        : 0
returned code           : 0
descendants observed    : 1  203884:python.exe
descendants terminated  : 1  203884
graceful attempted      : False
forced                  : False
FINAL SURVIVING COUNT   : 0
cleanup                 : success
json report             : C:\t\c108\docs\pwml_recovery_sprint\evidence\g11\C-108\64-r1-focused.json
json report written     : True
heavy lock              : C:\t\heavylock  holder=C-108  acquired=True  released=True
pre-existing (reported, NEVER killed): 4
================================================
