code loaded from: C:\t\c108\src\t2pw\curation\apply_audit_patch.py
final_mapped.json files: 104
ROWS: 692  ACCEPTED: 382  REFUSED: 310
SPANS OVER 5000 CHARS: 62  MAX SPAN: 176375

================ CLEANUP REPORT ================
report schema version   : 1
wrapper build           : sha256:83d139543d4c01b33984b6ca9fb0943db461d0ee5f85091623089a548b8abed0
wrapper path (executed) : C:\t\c108\docs\pwml_recovery_sprint\evidence\bounded_run.py
wrapper vs HEAD         : clean  @ 34fe2ced1b44c0ab6f801c16be19f632f788850e  [git, worktree dirty=True]
label                   : r2-corpus
command                 : C:\Users\Angad\Desktop\SummerBIOIN\Project14-T2PW\.venv\Scripts\python.exe -u docs/pwml_recovery_sprint/evidence/rev107_corpus.py C:/t/c108base C:/t/c108 C:/t/c108scratch/corpus_r2.json
cwd                     : C:\t\c108
root PID / process group: 233900 / None
isolation               : windows_job_object(KILL_ON_JOB_CLOSE)
timeout                 : 600 s
duration                : 1.07 s
exit reason             : completed
exit code (real)        : 0
returned code           : 0
descendants observed    : 1  234248:python.exe
descendants terminated  : 1  234248
graceful attempted      : False
forced                  : False
FINAL SURVIVING COUNT   : 0
cleanup                 : success
json report             : C:\t\c108\docs\pwml_recovery_sprint\evidence\g11\C-108\89-r2-corpus.json
json report written     : True
heavy lock              : C:\t\heavylock  holder=C-108  acquired=True  released=True
pre-existing (reported, NEVER killed): 4
================================================
