code loaded from: C:\t\c108base\src\t2pw\curation\apply_audit_patch.py

MIRROR DIVERGENCES vs the real seam: 0  (must be 0)

ACCEPTED rows by family: {'catalysis': 378, 'transport': 17, 'inhibition': 4, 'activation': 2}
ACCEPTED rows by route : {'window': 399, 'passive-agent': 2}

ACCEPTED rows by (family, matched cue text) -- descending:
    100  catalysis  'catalyz'
     44  catalysis  'synthase'
     36  catalysis  'isochorismatase'
     24  catalysis  'synthesis'
     24  catalysis  'mediat'
     18  catalysis  'acylat'
     12  catalysis  'ligase'
     10  catalysis  'transferase'
     10  catalysis  'transferases'
      9  transport  'transport'
      8  catalysis  'adds a number of kdo residue'
      8  catalysis  'kinase'
      8  catalysis  'adenylat'
      8  catalysis  'conversion of'
      6  catalysis  'catalys'
      6  catalysis  'deacetylase'
      6  catalysis  'dehydrogenase'
      6  catalysis  'hydroly'
      6  catalysis  'ferrochelatase'
      6  catalysis  'demethylase'
      4  catalysis  'thioesterase'
      4  catalysis  'cleav'
      4  catalysis  'phosphorylat'
      4  catalysis  'converts'
      4  catalysis  'reductase'
      3  transport  'flippase'
      3  inhibition 'inhibit'
      2  catalysis  'synthesiz'
      2  catalysis  'catalytic'
      2  catalysis  'acyltransferase'
      2  catalysis  'synthetase'
      2  catalysis  'addition of the next acyl group'
      2  transport  'import'
      2  activation 'stimulat'
      2  catalysis  '<passive-agent>'
      1  transport  'secret'
      1  inhibition 'silencing'
      1  transport  'efflux'
      1  transport  'uptake'

================ CLEANUP REPORT ================
report schema version   : 1
wrapper build           : sha256:83d139543d4c01b33984b6ca9fb0943db461d0ee5f85091623089a548b8abed0
wrapper path (executed) : C:\t\c108\docs\pwml_recovery_sprint\evidence\bounded_run.py
wrapper vs HEAD         : clean  @ 6c20879d6b286d42c8c822bcd09d323623fd1bd8  [git, worktree dirty=False]
label                   : base-census
command                 : C:\Users\Angad\Desktop\SummerBIOIN\Project14-T2PW\.venv\Scripts\python.exe -u docs/pwml_recovery_sprint/evidence/c108_guard_attribution.py C:/t/c108base census C:/t/c108scratch/flat_base.json
cwd                     : C:\t\c108
root PID / process group: 146760 / None
isolation               : windows_job_object(KILL_ON_JOB_CLOSE)
timeout                 : 600 s
duration                : 0.65 s
exit reason             : completed
exit code (real)        : 0
returned code           : 0
descendants observed    : 1  146780:python.exe
descendants terminated  : 1  146780
graceful attempted      : False
forced                  : False
FINAL SURVIVING COUNT   : 0
cleanup                 : success
json report             : C:\t\c108\docs\pwml_recovery_sprint\evidence\g11\C-108\05-base-census.json
json report written     : True
heavy lock              : C:\t\heavylock  holder=C-108  acquired=True  released=True
pre-existing (reported, NEVER killed): 4
================================================
