code loaded from: C:\t\c108\src\t2pw\curation\apply_audit_patch.py

MIRROR DIVERGENCES vs the real seam: 0  (must be 0)

ACCEPTED rows by family: {'catalysis': 360, 'transport': 16, 'inhibition': 4, 'activation': 2}
ACCEPTED rows by route : {'window': 380, 'passive-agent': 2}

ACCEPTED rows by (family, matched cue text) -- descending:
    114  catalysis  'catalyz'
     30  catalysis  'synthase'
     28  catalysis  'synthesis'
     26  catalysis  'isochorismatase'
     24  catalysis  'mediat'
     18  catalysis  'acylat'
     12  catalysis  'ligase'
     10  catalysis  'transferase'
      8  catalysis  'adds a number of kdo residue'
      8  catalysis  'adenylat'
      8  catalysis  'conversion of'
      8  catalysis  'converts'
      7  transport  'transport'
      6  catalysis  'catalys'
      6  catalysis  'transferases'
      6  catalysis  'phosphorylat'
      6  catalysis  'dehydrogenase'
      6  catalysis  'hydroly'
      4  catalysis  'thioesterase'
      4  catalysis  'deacetylase'
      4  catalysis  'kinase'
      4  catalysis  'cleav'
      4  catalysis  'ferrochelatase'
      4  catalysis  'reductase'
      3  transport  'flippase'
      3  inhibition 'inhibit'
      2  catalysis  'synthesiz'
      2  catalysis  'catalytic'
      2  catalysis  'synthetase'
      2  catalysis  'addition of the next acyl group'
      2  transport  'import'
      2  catalysis  'demethylase'
      2  activation 'stimulat'
      2  catalysis  '<passive-agent>'
      1  transport  'secret'
      1  inhibition 'silencing'
      1  transport  'efflux'
      1  transport  'uptake'
      1  transport  'transporter for'

================ CLEANUP REPORT ================
report schema version   : 1
wrapper build           : sha256:83d139543d4c01b33984b6ca9fb0943db461d0ee5f85091623089a548b8abed0
wrapper path (executed) : C:\t\c108\docs\pwml_recovery_sprint\evidence\bounded_run.py
wrapper vs HEAD         : clean  @ fbf2047e69fa0464c7c128978f12c636a1455431  [git, worktree dirty=True]
label                   : r1-census
command                 : C:\Users\Angad\Desktop\SummerBIOIN\Project14-T2PW\.venv\Scripts\python.exe -u docs/pwml_recovery_sprint/evidence/c108_guard_attribution.py C:/t/c108 census C:/t/c108scratch/flat_r1.json
cwd                     : C:\t\c108
root PID / process group: 200912 / None
isolation               : windows_job_object(KILL_ON_JOB_CLOSE)
timeout                 : 600 s
duration                : 0.68 s
exit reason             : completed
exit code (real)        : 0
returned code           : 0
descendants observed    : 1  202096:python.exe
descendants terminated  : 1  202096
graceful attempted      : False
forced                  : False
FINAL SURVIVING COUNT   : 0
cleanup                 : success
json report             : C:\t\c108\docs\pwml_recovery_sprint\evidence\g11\C-108\62-r1-census.json
json report written     : True
heavy lock              : C:\t\heavylock  holder=C-108  acquired=True  released=True
pre-existing (reported, NEVER killed): 4
================================================
