........................................................................ [ 15%]
........................................................................ [ 31%]
........................................................................ [ 46%]
........................................................................ [ 62%]
........................ss...s..sss.ss.................................. [ 77%]
........................................................................ [ 93%]
................................                                         [100%]
456 passed, 8 skipped in 32.82s

================ CLEANUP REPORT ================
report schema version   : 1
wrapper build           : sha256:83d139543d4c01b33984b6ca9fb0943db461d0ee5f85091623089a548b8abed0
wrapper path (executed) : C:\t\c108\docs\pwml_recovery_sprint\evidence\bounded_run.py
wrapper vs HEAD         : clean  @ 34fe2ced1b44c0ab6f801c16be19f632f788850e  [git, worktree dirty=True]
label                   : r2-goldreaders22
command                 : C:\Users\Angad\Desktop\SummerBIOIN\Project14-T2PW\.venv\Scripts\python.exe -u -m pytest -q --no-header -rf --basetemp=C:/t/bt/c108gold tests/test_protein_export_policy.py tests/test_c056b_semantic_denominators.py tests/test_batch_pwml_artifact_naming.py tests/test_c074_strict_core_floor.py tests/test_c076_alias_holo_apo_identity.py tests/test_c077_stage0_conflict_disposition.py tests/test_c081_cofactor_role_identity.py tests/test_c085_priority2_honesty.py tests/test_c088_extracted_not_serialized_disposition.py tests/test_cofactor_policy.py tests/test_rag_multi_relation_spans.py tests/test_release_status_classification.py tests/test_semantic_production_no_gold.py tests/test_strict_failure_replay.py tests/test_batch_driver_quarantine_artifacts.py tests/test_c056c_semantic_evaluability.py tests/test_c071_actor_evidence_gate.py tests/test_c080_production_gate_kind_aware.py tests/test_c089_participant_schema.py tests/test_c090_wrapper_identity_actor_evidence.py tests/test_c097_semantic_name_keys.py tests/test_semantic_release_gating.py
cwd                     : C:\t\c108
root PID / process group: 237396 / None
isolation               : windows_job_object(KILL_ON_JOB_CLOSE)
timeout                 : 900 s
duration                : 33.74 s
exit reason             : completed
exit code (real)        : 0
returned code           : 0
descendants observed    : 6  236204:python.exe, 224324:git.exe, 237140:git.exe, 237844:git.exe, 215608:git.exe, 236428:python.exe
descendants terminated  : 6  215608, 224324, 236204, 236428, 237140, 237844
graceful attempted      : False
forced                  : False
FINAL SURVIVING COUNT   : 0
cleanup                 : success
json report             : C:\t\c108\docs\pwml_recovery_sprint\evidence\g11\C-108\101-r2-goldreaders22.json
json report written     : True
heavy lock              : C:\t\heavylock  holder=C-108  acquired=True  released=True
pre-existing (reported, NEVER killed): 4
================================================
