........................................................................ [ 41%]
........................................................................ [ 83%]
.............................                                            [100%]
173 passed in 0.50s

================ CLEANUP REPORT ================
report schema version   : 1
wrapper build           : sha256:83d139543d4c01b33984b6ca9fb0943db461d0ee5f85091623089a548b8abed0
wrapper path (executed) : C:\t\c108\docs\pwml_recovery_sprint\evidence\bounded_run.py
wrapper vs HEAD         : clean  @ 6c20879d6b286d42c8c822bcd09d323623fd1bd8  [git, worktree dirty=True]
label                   : focused-c108-r2
command                 : C:\Users\Angad\Desktop\SummerBIOIN\Project14-T2PW\.venv\Scripts\python.exe -u -m pytest -q --no-header -rf --basetemp=C:/t/bt/c108foc tests/test_c108_f155_class.py
cwd                     : C:\t\c108
root PID / process group: 165196 / None
isolation               : windows_job_object(KILL_ON_JOB_CLOSE)
timeout                 : 900 s
duration                : 1.15 s
exit reason             : completed
exit code (real)        : 0
returned code           : 0
descendants observed    : 1  165208:python.exe
descendants terminated  : 1  165208
graceful attempted      : False
forced                  : False
FINAL SURVIVING COUNT   : 0
cleanup                 : success
json report             : C:\t\c108\docs\pwml_recovery_sprint\evidence\g11\C-108\27-focused-c108-r2.json
json report written     : True
heavy lock              : C:\t\heavylock  holder=C-108  acquired=True  released=True
pre-existing (reported, NEVER killed): 4
================================================
