...................................                                      [100%]
35 passed in 0.15s

================ CLEANUP REPORT ================
report schema version   : 1
wrapper build           : sha256:83d139543d4c01b33984b6ca9fb0943db461d0ee5f85091623089a548b8abed0
wrapper path (executed) : C:\t\c108\docs\pwml_recovery_sprint\evidence\bounded_run.py
wrapper vs HEAD         : clean  @ e263be9d134c272bd471415026eb1f8cb750c972  [git, worktree dirty=True]
label                   : split-c105-final
command                 : C:\Users\Angad\Desktop\SummerBIOIN\Project14-T2PW\.venv\Scripts\python.exe -u -m pytest -q --no-header -rf --basetemp=C:/t/bt/c108s1 tests/test_c105_actor_role_evidence.py
cwd                     : C:\t\c108
root PID / process group: 176012 / None
isolation               : windows_job_object(KILL_ON_JOB_CLOSE)
timeout                 : 600 s
duration                : 0.68 s
exit reason             : completed
exit code (real)        : 0
returned code           : 0
descendants observed    : 1  176020:python.exe
descendants terminated  : 1  176020
graceful attempted      : False
forced                  : False
FINAL SURVIVING COUNT   : 0
cleanup                 : success
json report             : C:\t\c108\docs\pwml_recovery_sprint\evidence\g11\C-108\49-split-c105-final.json
json report written     : True
heavy lock              : C:\t\heavylock  holder=C-108  acquired=True  released=True
pre-existing (reported, NEVER killed): 4
================================================
