 1. tests/test_protein_export_policy.py                            passed= 63 failed=0 skipped=0 errors=0  exit=0
 2. tests/test_c056b_semantic_denominators.py                      passed= 10 failed=0 skipped=0 errors=0  exit=0
 3. tests/test_batch_pwml_artifact_naming.py                       passed= 13 failed=0 skipped=0 errors=0  exit=0
 4. tests/test_c074_strict_core_floor.py                           passed= 31 failed=0 skipped=0 errors=0  exit=0
 5. tests/test_c076_alias_holo_apo_identity.py                     passed= 28 failed=0 skipped=0 errors=0  exit=0
 6. tests/test_c077_stage0_conflict_disposition.py                 passed= 14 failed=0 skipped=0 errors=0  exit=0
 7. tests/test_c081_cofactor_role_identity.py                      passed= 25 failed=0 skipped=0 errors=0  exit=0
 8. tests/test_c085_priority2_honesty.py                           passed= 11 failed=0 skipped=0 errors=0  exit=0
 9. tests/test_c088_extracted_not_serialized_disposition.py        passed= 20 failed=0 skipped=0 errors=0  exit=0
10. tests/test_cofactor_policy.py                                  passed= 36 failed=0 skipped=0 errors=0  exit=0
11. tests/test_rag_multi_relation_spans.py                         passed= 19 failed=0 skipped=0 errors=0  exit=0
12. tests/test_release_status_classification.py                    passed= 12 failed=0 skipped=0 errors=0  exit=0
13. tests/test_semantic_production_no_gold.py                      passed=  8 failed=0 skipped=0 errors=0  exit=0
14. tests/test_strict_failure_replay.py                            passed= 40 failed=0 skipped=8 errors=0  exit=0
15. tests/test_batch_driver_quarantine_artifacts.py                passed=  8 failed=0 skipped=0 errors=0  exit=0
16. tests/test_c056c_semantic_evaluability.py                      passed= 11 failed=0 skipped=0 errors=0  exit=0
17. tests/test_c071_actor_evidence_gate.py                         passed=  8 failed=0 skipped=0 errors=0  exit=0
18. tests/test_c080_production_gate_kind_aware.py                  passed= 19 failed=0 skipped=0 errors=0  exit=0
19. tests/test_c089_participant_schema.py                          passed= 31 failed=0 skipped=0 errors=0  exit=0
20. tests/test_c090_wrapper_identity_actor_evidence.py             passed=  8 failed=0 skipped=0 errors=0  exit=0
21. tests/test_c097_semantic_name_keys.py                          passed= 16 failed=0 skipped=0 errors=0  exit=0
22. tests/test_semantic_release_gating.py                          passed= 25 failed=0 skipped=0 errors=0  exit=0

files run    : 22
split totals : 456 passed, 0 failed, 8 skipped, 0 errors
reds (0):

================ CLEANUP REPORT ================
report schema version   : 1
wrapper build           : sha256:83d139543d4c01b33984b6ca9fb0943db461d0ee5f85091623089a548b8abed0
wrapper path (executed) : C:\t\c108\docs\pwml_recovery_sprint\evidence\bounded_run.py
wrapper vs HEAD         : clean  @ 34fe2ced1b44c0ab6f801c16be19f632f788850e  [git, worktree dirty=True]
label                   : r2-goldreaders-split
command                 : C:\Users\Angad\Desktop\SummerBIOIN\Project14-T2PW\.venv\Scripts\python.exe -u docs/pwml_recovery_sprint/evidence/c102_goldreaders_split.py C:/t/c108 C:/t/bt/c108gs
cwd                     : C:\t\c108
root PID / process group: 232088 / None
isolation               : windows_job_object(KILL_ON_JOB_CLOSE)
timeout                 : 1200 s
duration                : 58.13 s
exit reason             : completed
exit code (real)        : 0
returned code           : 0
descendants observed    : 47  237652:python.exe, 215228:python.exe, 237252:python.exe, 210560:python.exe, 211816:python.exe, 223752:python.exe, 237528:python.exe, 224668:python.exe, 225324:python.exe, 237788:git.exe, 217468:git.exe, 237412:python.exe, 238300:python.exe, 236660:python.exe, 236956:python.exe, 225472:python.exe, 236976:python.exe, 207976:python.exe, 237932:python.exe, 232796:python.exe, 237664:python.exe, 236720:python.exe, 231668:python.exe, 210692:python.exe, 215940:python.exe, 233392:python.exe, 235380:python.exe, 227160:python.exe, 237036:python.exe, 238740:python.exe, 238760:python.exe, 238832:python.exe, 238852:python.exe, 239348:python.exe, 239368:python.exe, 239492:python.exe, 239512:python.exe, 238596:python.exe, 238620:python.exe, 191524:python.exe, 226420:python.exe, 238948:python.exe, 238992:python.exe, 239224:python.exe, 239236:python.exe, 239252:python.exe, 239272:python.exe
descendants terminated  : 47  191524, 207976, 210560, 210692, 211816, 215228, 215940, 217468, 223752, 224668, 225324, 225472, 226420, 227160, 231668, 232796, 233392, 235380, 236660, 236720, 236956, 236976, 237036, 237252, 237412, 237528, 237652, 237664, 237788, 237932, 238300, 238596, 238620, 238740, 238760, 238832, 238852, 238948, 238992, 239224, 239236, 239252, 239272, 239348, 239368, 239492, 239512
graceful attempted      : False
forced                  : False
FINAL SURVIVING COUNT   : 0
cleanup                 : success
json report             : C:\t\c108\docs\pwml_recovery_sprint\evidence\g11\C-108\102-r2-goldreaders-split.json
json report written     : True
heavy lock              : C:\t\heavylock  holder=C-108  acquired=True  released=True
pre-existing (reported, NEVER killed): 4
================================================
