 1. tests/test_protein_export_policy.py                            passed= 63 failed=0 skipped=0 errors=0  exit=0
 2. tests/test_c056b_semantic_denominators.py                      passed= 10 failed=0 skipped=0 errors=0  exit=0
 3. tests/test_batch_pwml_artifact_naming.py                       passed= 13 failed=0 skipped=0 errors=0  exit=0
 4. tests/test_c074_strict_core_floor.py                           passed= 31 failed=0 skipped=0 errors=0  exit=0
 5. tests/test_c076_alias_holo_apo_identity.py                     passed= 28 failed=0 skipped=0 errors=0  exit=0
 6. tests/test_c077_stage0_conflict_disposition.py                 passed= 14 failed=0 skipped=0 errors=0  exit=0
 7. tests/test_c081_cofactor_role_identity.py                      passed= 25 failed=0 skipped=0 errors=0  exit=0
 8. tests/test_c085_priority2_honesty.py                           passed= 11 failed=0 skipped=0 errors=0  exit=0
 9. tests/test_c088_extracted_not_serialized_disposition.py        passed= 20 failed=0 skipped=0 errors=0  exit=0
10. tests/test_cofactor_policy.py                                  passed= 36 failed=0 skipped=0 errors=0  exit=0
11. tests/test_rag_multi_relation_spans.py                         passed= 19 failed=0 skipped=0 errors=0  exit=0
12. tests/test_release_status_classification.py                    passed= 12 failed=0 skipped=0 errors=0  exit=0
13. tests/test_semantic_production_no_gold.py                      passed=  8 failed=0 skipped=0 errors=0  exit=0
14. tests/test_strict_failure_replay.py                            passed= 40 failed=0 skipped=8 errors=0  exit=0
15. tests/test_batch_driver_quarantine_artifacts.py                passed=  8 failed=0 skipped=0 errors=0  exit=0
16. tests/test_c056c_semantic_evaluability.py                      passed= 11 failed=0 skipped=0 errors=0  exit=0
17. tests/test_c071_actor_evidence_gate.py                         passed=  8 failed=0 skipped=0 errors=0  exit=0
18. tests/test_c080_production_gate_kind_aware.py                  passed= 19 failed=0 skipped=0 errors=0  exit=0
19. tests/test_c089_participant_schema.py                          passed= 31 failed=0 skipped=0 errors=0  exit=0
20. tests/test_c090_wrapper_identity_actor_evidence.py             passed=  8 failed=0 skipped=0 errors=0  exit=0
21. tests/test_c097_semantic_name_keys.py                          passed= 16 failed=0 skipped=0 errors=0  exit=0
22. tests/test_semantic_release_gating.py                          passed= 25 failed=0 skipped=0 errors=0  exit=0

files run    : 22
split totals : 456 passed, 0 failed, 8 skipped, 0 errors
reds (0):

================ CLEANUP REPORT ================
report schema version   : 1
wrapper build           : sha256:83d139543d4c01b33984b6ca9fb0943db461d0ee5f85091623089a548b8abed0
wrapper path (executed) : C:\t\c108\docs\pwml_recovery_sprint\evidence\bounded_run.py
wrapper vs HEAD         : clean  @ e263be9d134c272bd471415026eb1f8cb750c972  [git, worktree dirty=True]
label                   : goldreaders-split-final
command                 : C:\Users\Angad\Desktop\SummerBIOIN\Project14-T2PW\.venv\Scripts\python.exe -u docs/pwml_recovery_sprint/evidence/c102_goldreaders_split.py C:/t/c108 C:/t/bt/c108gs
cwd                     : C:\t\c108
root PID / process group: 171172 / None
isolation               : windows_job_object(KILL_ON_JOB_CLOSE)
timeout                 : 1200 s
duration                : 61.90 s
exit reason             : completed
exit code (real)        : 0
returned code           : 0
descendants observed    : 50  172536:python.exe, 175620:python.exe, 175940:python.exe, 172312:python.exe, 176796:python.exe, 174916:python.exe, 175144:python.exe, 174540:python.exe, 176260:python.exe, 170340:git.exe, 172256:git.exe, 167608:git.exe, 175252:git.exe, 155208:python.exe, 169672:python.exe, 177256:python.exe, 177276:python.exe, 177460:python.exe, 177776:python.exe, 178076:python.exe, 177808:python.exe, 175768:python.exe, 176612:python.exe, 177280:python.exe, 177900:python.exe, 175808:python.exe, 177956:python.exe, 175248:python.exe, 177696:python.exe, 174252:python.exe, 174288:python.exe, 169668:python.exe, 174652:python.exe, 178032:python.exe, 176160:python.exe, 177200:python.exe, 175632:python.exe, 177648:python.exe, 173548:python.exe, 175780:python.exe, 150784:python.exe, 177080:python.exe, 175360:python.exe, 177440:python.exe, 173528:python.exe, 175472:python.exe, 174508:python.exe, 177824:python.exe, 175772:python.exe, 177960:python.exe
descendants terminated  : 50  150784, 155208, 167608, 169668, 169672, 170340, 172256, 172312, 172536, 173528, 173548, 174252, 174288, 174508, 174540, 174652, 174916, 175144, 175248, 175252, 175360, 175472, 175620, 175632, 175768, 175772, 175780, 175808, 175940, 176160, 176260, 176612, 176796, 177080, 177200, 177256, 177276, 177280, 177440, 177460, 177648, 177696, 177776, 177808, 177824, 177900, 177956, 177960, 178032, 178076
graceful attempted      : False
forced                  : False
FINAL SURVIVING COUNT   : 0
cleanup                 : success
json report             : C:\t\c108\docs\pwml_recovery_sprint\evidence\g11\C-108\54-goldreaders-split-final.json
json report written     : True
heavy lock              : C:\t\heavylock  holder=C-108  acquired=True  released=True
pre-existing (reported, NEVER killed): 4
================================================
