target      : src/t2pw/rag/controller.py
base        : 2ac8404
bytes       : base 15912  tip 17934
ast nodes   : base 1293  tip 1293
docstring-stripped AST identical : True
docstring owners : base 13  tip 13
docstrings changed : 1 -> ['Module:<module>']
VERDICT : INERT -- module docstring only

================ CLEANUP REPORT ================
report schema version   : 1
wrapper build           : sha256:83d139543d4c01b33984b6ca9fb0943db461d0ee5f85091623089a548b8abed0
wrapper path (executed) : C:\t\c109\docs\pwml_recovery_sprint\evidence\bounded_run.py
wrapper vs HEAD         : clean  @ 2ac8404de8e800c0a30476f175a5fe9a7f5c11d3  [git, worktree dirty=True]
label                   : c109-inertness-2
command                 : C:\Users\Angad\Desktop\SummerBIOIN\Project14-T2PW\.venv\Scripts\python.exe docs/pwml_recovery_sprint/evidence/c109_controller_inertness.py C:/t/c109 2ac8404
cwd                     : C:\t\c109
root PID / process group: 6212 / None
isolation               : windows_job_object(KILL_ON_JOB_CLOSE)
timeout                 : 120 s
duration                : 0.19 s
exit reason             : completed
exit code (real)        : 0
returned code           : 0
descendants observed    : 1  157984:python.exe
descendants terminated  : 1  157984
graceful attempted      : False
forced                  : False
FINAL SURVIVING COUNT   : 0
cleanup                 : success
json report             : C:\t\c109\docs\pwml_recovery_sprint\evidence\g11\C-109\04-c109-inertness-2.json
json report written     : True
pre-existing (reported, NEVER killed): 4
================================================
