.............                                                            [100%]
13 passed in 0.99s

================ CLEANUP REPORT ================
report schema version   : 1
wrapper build           : sha256:83d139543d4c01b33984b6ca9fb0943db461d0ee5f85091623089a548b8abed0
wrapper path (executed) : C:\t\c109\docs\pwml_recovery_sprint\evidence\bounded_run.py
wrapper vs HEAD         : clean  @ 2ac8404de8e800c0a30476f175a5fe9a7f5c11d3  [git, worktree dirty=True]
label                   : c109-focused
command                 : C:\Users\Angad\Desktop\SummerBIOIN\Project14-T2PW\.venv\Scripts\python.exe -m pytest -q --basetemp=C:/t/bt109/focused tests/test_c109_reviewer_evidence_route.py
cwd                     : C:\t\c109
root PID / process group: 156476 / None
isolation               : windows_job_object(KILL_ON_JOB_CLOSE)
timeout                 : 420 s
duration                : 1.63 s
exit reason             : completed
exit code (real)        : 0
returned code           : 0
descendants observed    : 9  159240:python.exe, 156464:git.exe, 154536:git.exe, 135800:git.exe, 156272:git.exe, 157852:git.exe, 158000:git.exe, 157936:python.exe, 157988:python.exe
descendants terminated  : 9  135800, 154536, 156272, 156464, 157852, 157936, 157988, 158000, 159240
graceful attempted      : False
forced                  : False
FINAL SURVIVING COUNT   : 0
cleanup                 : success
json report             : C:\t\c109\docs\pwml_recovery_sprint\evidence\g11\C-109\05-c109-focused.json
json report written     : True
heavy lock              : C:\t\heavylock  holder=C-109  acquired=True  released=True
pre-existing (reported, NEVER killed): 4
================================================
