........................................................................ [ 14%]
........................................................................ [ 28%]
........................................................................ [ 42%]
........................................................................ [ 57%]
........................................................................ [ 71%]
........................................................................ [ 85%]
.......................................................................  [100%]
503 passed in 41.44s

================ CLEANUP REPORT ================
report schema version   : 1
wrapper build           : sha256:83d139543d4c01b33984b6ca9fb0943db461d0ee5f85091623089a548b8abed0
wrapper path (executed) : C:\t\c110\docs\pwml_recovery_sprint\evidence\bounded_run.py
wrapper vs HEAD         : clean  @ 5071715182a6c5ff8a9ec35008d7bf993ed65ad1  [git, worktree dirty=True]
label                   : c110-smoke
command                 : C:\Users\Angad\Desktop\SummerBIOIN\Project14-T2PW\.venv\Scripts\python.exe -m pytest -q --basetemp=C:/t/tb110/sm tests/test_reference_repair.py tests/test_strict_quarantine.py tests/test_strict_quarantine_contract_alignment.py tests/test_strict_quarantine_locks_and_scope.py tests/test_strict_quarantine_versioning.py tests/test_empty_extraction_payload.py tests/test_bench_goldset_and_semantic.py tests/test_bench_acquisition_and_artifacts.py tests/test_bench_controls.py tests/test_completeness_audit.py tests/test_batch_driver.py tests/test_stage3_gate_report_lifecycle.py tests/test_rag_admission_production_path.py tests/test_rag_gap_admission.py tests/test_rag_triage_orchestration.py tests/test_rag_provenance_gates.py tests/test_pipeline_reaction_rag_provenance.py tests/test_research_mode_orchestration.py tests/test_map_ids_name_gate.py tests/test_db_candidate_species_evidence.py tests/test_c102_coverage_denominator.py tests/test_c106_mutation_harness_executable.py
cwd                     : C:\t\c110
root PID / process group: 195904 / None
isolation               : windows_job_object(KILL_ON_JOB_CLOSE)
timeout                 : 1800 s
duration                : 42.82 s
exit reason             : completed
exit code (real)        : 0
returned code           : 0
descendants observed    : 11  198356:python.exe, 197448:python.exe, 198416:python.exe, 194620:python.exe, 198316:python.exe, 194856:python.exe, 195896:python.exe, 194636:python.exe, 194996:python.exe, 195112:git.exe, 198220:git.exe
descendants terminated  : 11  194620, 194636, 194856, 194996, 195112, 195896, 197448, 198220, 198316, 198356, 198416
graceful attempted      : False
forced                  : False
FINAL SURVIVING COUNT   : 0
cleanup                 : success
json report             : C:\t\c110\docs\pwml_recovery_sprint\evidence\g11\C-110\07-c110-smoke.json
json report written     : True
heavy lock              : C:\t\heavylock  holder=C-110  acquired=True  released=True
pre-existing (reported, NEVER killed): 4
================================================
