........................................................................ [ 14%]
........................................................................ [ 28%]
........................................................................ [ 42%]
........................................................................ [ 57%]
........................................................................ [ 71%]
........................................................................ [ 85%]
.......................................................................  [100%]
503 passed in 38.51s

================ CLEANUP REPORT ================
report schema version   : 1
wrapper build           : sha256:83d139543d4c01b33984b6ca9fb0943db461d0ee5f85091623089a548b8abed0
wrapper path (executed) : C:\t\c110\docs\pwml_recovery_sprint\evidence\bounded_run.py
wrapper vs HEAD         : clean  @ d64e198edffa61615c424f8f3be49409439c6d82  [git, worktree dirty=False]
label                   : c110-r1-smoke-r2
command                 : C:\Users\Angad\Desktop\SummerBIOIN\Project14-T2PW\.venv\Scripts\python.exe -m pytest -q --basetemp=C:/t/tb110/sm5 tests/test_reference_repair.py tests/test_strict_quarantine.py tests/test_strict_quarantine_contract_alignment.py tests/test_strict_quarantine_locks_and_scope.py tests/test_strict_quarantine_versioning.py tests/test_empty_extraction_payload.py tests/test_bench_goldset_and_semantic.py tests/test_bench_acquisition_and_artifacts.py tests/test_bench_controls.py tests/test_completeness_audit.py tests/test_batch_driver.py tests/test_stage3_gate_report_lifecycle.py tests/test_rag_admission_production_path.py tests/test_rag_gap_admission.py tests/test_rag_triage_orchestration.py tests/test_rag_provenance_gates.py tests/test_pipeline_reaction_rag_provenance.py tests/test_research_mode_orchestration.py tests/test_map_ids_name_gate.py tests/test_db_candidate_species_evidence.py tests/test_c102_coverage_denominator.py tests/test_c106_mutation_harness_executable.py
cwd                     : C:\t\c110
root PID / process group: 220484 / None
isolation               : windows_job_object(KILL_ON_JOB_CLOSE)
timeout                 : 1800 s
duration                : 39.91 s
exit reason             : completed
exit code (real)        : 0
returned code           : 0
descendants observed    : 9  221896:python.exe, 217312:python.exe, 220332:python.exe, 222660:python.exe, 222744:python.exe, 209720:python.exe, 222920:python.exe, 219720:python.exe, 222868:python.exe
descendants terminated  : 9  209720, 217312, 219720, 220332, 221896, 222660, 222744, 222868, 222920
graceful attempted      : False
forced                  : False
FINAL SURVIVING COUNT   : 0
cleanup                 : success
json report             : C:/t/c110/docs/pwml_recovery_sprint/evidence/g11/C-110/21-c110-r1-smoke-r2.json
json report written     : True
heavy lock              : C:\t\heavylock  holder=C-110  acquired=True  released=True
pre-existing (reported, NEVER killed): 4
================================================
