T2PW: C:\t\c112\src\t2pw\__init__.py
.................                                                        [100%]
17 passed in 1.27s

================ CLEANUP REPORT ================
report schema version   : 1
wrapper build           : sha256:83d139543d4c01b33984b6ca9fb0943db461d0ee5f85091623089a548b8abed0
wrapper path (executed) : C:\t\c112\docs\pwml_recovery_sprint\evidence\bounded_run.py
wrapper vs HEAD         : clean  @ ab16a3a733c782a6f170dd9edf8bcbfc7c2b2aa2  [git, worktree dirty=True]
label                   : c112-route-combined
command                 : c:\Users\Angad\Desktop\SummerBIOIN\Project14-T2PW\.venv\Scripts\python.exe docs/pwml_recovery_sprint/evidence/pinned_pytest.py --expect-tree C:/t/c112 -q --no-header --basetemp=C:/t/btc112/route-combined tests/test_c109_reviewer_evidence_route.py
cwd                     : C:\t\c112
root PID / process group: 475292 / None
isolation               : windows_job_object(KILL_ON_JOB_CLOSE)
timeout                 : 600 s
duration                : 1.89 s
exit reason             : completed
exit code (real)        : 0
returned code           : 0
descendants observed    : 9  476316:python.exe, 476704:git.exe, 476620:git.exe, 476304:git.exe, 476780:git.exe, 451804:git.exe, 472532:git.exe, 475656:python.exe, 476548:python.exe
descendants terminated  : 9  451804, 472532, 475656, 476304, 476316, 476548, 476620, 476704, 476780
graceful attempted      : False
forced                  : False
FINAL SURVIVING COUNT   : 0
cleanup                 : success
json report             : C:\t\c112\docs\pwml_recovery_sprint\evidence\g11\C-112\03-c112-route-combined.json
json report written     : True
heavy lock              : C:\t\heavylock  holder=C-112  acquired=True  released=True
pre-existing (reported, NEVER killed): 4
================================================
