UNREACHABLE [unreachable_absent] probe: docs/pwml_recovery_sprint/evidence/rev109_boundary_probe.log  blob=29430ba3c486986b41a6afc9de67990e63d57163

1 item(s) of reviewer evidence exist ONLY in the worktree. Commit them to the integration branch before merging this card and before releasing or cleaning the worktree.
UNREACHABLE [unreachable_absent] probe: docs/pwml_recovery_sprint/evidence/rev109_boundary_probe.log  blob=29430ba3c486986b41a6afc9de67990e63d57163

1 item(s) of reviewer evidence exist ONLY in the worktree. Commit them to the integration branch before merging this card and before releasing or cleaning the worktree.
PROBE DIRECTORY : docs/pwml_recovery_sprint/evidence/rev109_probes  (1 file(s) enumerated by recursion). Before C-112 a stem-matching directory was dropped SILENTLY and this evidence was never checked at all.
UNREACHABLE [unreachable_absent] probe_in_subdir: docs/pwml_recovery_sprint/evidence/rev109_probes/deep_probe.py  blob=56348888d3b8388db156f9ae22a1453cc2424a88

1 item(s) of reviewer evidence exist ONLY in the worktree. Commit them to the integration branch before merging this card and before releasing or cleaning the worktree.
PROBE DIRECTORY : docs/pwml_recovery_sprint/evidence/rev109_probes  (1 file(s) enumerated by recursion). Before C-112 a stem-matching directory was dropped SILENTLY and this evidence was never checked at all.
INDETERMINATE [empty_blob_indeterminate] probe: docs/pwml_recovery_sprint/evidence/rev109_truncated_probe.log  ZERO BYTES. The empty blob oid is a universal constant, so content identity cannot tell this apart from any other empty file and CANNOT certify it. A truncated or failed probe log looks exactly like this. Not counted reachable.

1 item(s) of reviewer evidence exist ONLY in the worktree. Commit them to the integration branch before merging this card and before releasing or cleaning the worktree.
NOTHING ENUMERATED. Either the task id is wrong or this reviewer produced no evidence. Not a pass -- pass --allow-empty to assert the latter.
--allow-empty REFUSED: no docs/pwml_recovery_sprint/evidence/g11/REV-999/ in this worktree, so this tree has never heard of the task. --allow-empty says 'this task produced no evidence'; it cannot also say 'the id is real'. Check the id, or create the task folder if the task genuinely ran.
NOTHING ENUMERATED. Either the task id is wrong or this reviewer produced no evidence. Not a pass -- pass --allow-empty to assert the latter.
ROUTE ERROR: task id 'REV-1O9' does not match the sprint id grammar '\\A[A-Z]+-[0-9]+[a-z]?\\Z' (REV-109, C-050k, INTEG-069, RECONCILEB-001). --allow-empty asserts that a task produced no evidence; it asserts nothing about whether the id is real, and does not disarm this.
UNREACHABLE [unreachable_absent] probe: docs/pwml_recovery_sprint/evidence/rev109_boundary_probe.log  blob=29430ba3c486986b41a6afc9de67990e63d57163
UNREACHABLE [unreachable_absent] probe: docs/pwml_recovery_sprint/evidence/rev109_boundary_probe.py  blob=77ea82d41459bbcbb784708d7242838440e65219

2 item(s) of reviewer evidence exist ONLY in the worktree. Commit them to the integration branch before merging this card and before releasing or cleaning the worktree.
ROUTE ERROR: task id 'rev109' does not match the sprint id grammar '\\A[A-Z]+-[0-9]+[a-z]?\\Z' (REV-109, C-050k, INTEG-069, RECONCILEB-001). --allow-empty asserts that a task produced no evidence; it asserts nothing about whether the id is real, and does not disarm this.
NOTHING ENUMERATED. Either the task id is wrong or this reviewer produced no evidence. Not a pass -- pass --allow-empty to assert the latter.
ROUTE ERROR: task id 'C112' does not match the sprint id grammar '\\A[A-Z]+-[0-9]+[a-z]?\\Z' (REV-109, C-050k, INTEG-069, RECONCILEB-001). --allow-empty asserts that a task produced no evidence; it asserts nothing about whether the id is real, and does not disarm this.
UNREACHABLE [unreachable_absent] probe: docs/pwml_recovery_sprint/evidence/rev109_boundary_probe.log  blob=29430ba3c486986b41a6afc9de67990e63d57163
UNREACHABLE [unreachable_absent] probe: docs/pwml_recovery_sprint/evidence/rev109_boundary_probe.py  blob=77ea82d41459bbcbb784708d7242838440e65219

2 item(s) of reviewer evidence exist ONLY in the worktree. Commit them to the integration branch before merging this card and before releasing or cleaning the worktree.
ROUTE ERROR: task id 'REV_109' does not match the sprint id grammar '\\A[A-Z]+-[0-9]+[a-z]?\\Z' (REV-109, C-050k, INTEG-069, RECONCILEB-001). --allow-empty asserts that a task produced no evidence; it asserts nothing about whether the id is real, and does not disarm this.
C-112 -- REV-109 R2: three false-PASS vectors, BASE vs TIP
worktree : C:\t\c112
base SHA : ab16a3a733c782a6f170dd9edf8bcbfc7c2b2aa2  (committed blob of docs/pwml_recovery_sprint/evidence/reviewer_evidence_route.py)
base blob: 15036 bytes
tip  file: 24041 bytes

=== SANITY -- known-positive and known-negative on BOTH modules ===
    (if these disagree the probe never reached the code and every result below is an artefact)
task        : REV-109 (stem rev109)
worktree    : C:\Users\Angad\AppData\Local\Temp\c112_r2_jmnsed6l\BASE_s_wt
integration : dir:C:\Users\Angad\AppData\Local\Temp\c112_r2_jmnsed6l\BASE_s_int
enumerated  : 3  reachable 3  unreachable 0
exit_reason : all_reachable
exit_code   : 0
  [OK ] BASE: KNOWN-POSITIVE, everything committed -> 0  -- exit=0
task        : REV-109 (stem rev109)
worktree    : C:\Users\Angad\AppData\Local\Temp\c112_r2_jmnsed6l\BASE_n_wt
integration : dir:C:\Users\Angad\AppData\Local\Temp\c112_r2_jmnsed6l\BASE_n_int
enumerated  : 3  reachable 2  unreachable 1
exit_reason : unreachable_evidence
exit_code   : 1
  [OK ] BASE: KNOWN-NEGATIVE, one item withheld -> non-zero  -- exit=1
task        : REV-109 (stem rev109)
worktree    : C:\Users\Angad\AppData\Local\Temp\c112_r2_jmnsed6l\TIP_s_wt
integration : dir:C:\Users\Angad\AppData\Local\Temp\c112_r2_jmnsed6l\TIP_s_int
enumerated  : 3  reachable 3  unreachable 0  indeterminate 0
exit_reason : all_reachable
exit_code   : 0
  [OK ] TIP: KNOWN-POSITIVE, everything committed -> 0  -- exit=0
task        : REV-109 (stem rev109)
worktree    : C:\Users\Angad\AppData\Local\Temp\c112_r2_jmnsed6l\TIP_n_wt
integration : dir:C:\Users\Angad\AppData\Local\Temp\c112_r2_jmnsed6l\TIP_n_int
enumerated  : 3  reachable 2  unreachable 1  indeterminate 0
exit_reason : unreachable_evidence
exit_code   : 1
  [OK ] TIP: KNOWN-NEGATIVE, one item withheld -> non-zero  -- exit=1

=== VECTOR 1 -- a probe SUBDIRECTORY is dropped silently (the one that matters) ===
task        : REV-109 (stem rev109)
worktree    : C:\Users\Angad\AppData\Local\Temp\c112_r2_jmnsed6l\v1_BASE_wt
integration : dir:C:\Users\Angad\AppData\Local\Temp\c112_r2_jmnsed6l\v1_BASE_int
enumerated  : 3  reachable 3  unreachable 0
exit_reason : all_reachable
exit_code   : 0
  BASE: exit=0 enumerated=3 unreachable=0
task        : REV-109 (stem rev109)
worktree    : C:\Users\Angad\AppData\Local\Temp\c112_r2_jmnsed6l\v1_TIP_wt
integration : dir:C:\Users\Angad\AppData\Local\Temp\c112_r2_jmnsed6l\v1_TIP_int
enumerated  : 4  reachable 3  unreachable 1  indeterminate 0
PROBE DIRECTORY : docs/pwml_recovery_sprint/evidence/rev109_probes  (1 file(s) enumerated by recursion). Before C-112 a stem-matching directory was dropped SILENTLY and this evidence was never checked at all.
exit_reason : unreachable_evidence
exit_code   : 1
  TIP: exit=1 enumerated=4 unreachable=1
  [OK ] BASE: green, silent FALSE PASS -- exit 0 with the subdirectory never enumerated  -- exit=0 enumerated=3
  [OK ] BASE: the subdirectory's file is absent from the enumeration entirely
  [OK ] TIP: goes RED on the same fixture  -- exit=1
  [OK ] TIP: names the subdirectory's file as unreachable
  [OK ] TIP: announces the probe directory LOUDLY rather than dropping it  -- ['docs/pwml_recovery_sprint/evidence/rev109_probes']
task        : REV-109 (stem rev109)
worktree    : C:\Users\Angad\AppData\Local\Temp\c112_r2_jmnsed6l\v1_TIP_wt
integration : dir:C:\Users\Angad\AppData\Local\Temp\c112_r2_jmnsed6l\v1_TIP_int
enumerated  : 4  reachable 4  unreachable 0  indeterminate 0
PROBE DIRECTORY : docs/pwml_recovery_sprint/evidence/rev109_probes  (1 file(s) enumerated by recursion). Before C-112 a stem-matching directory was dropped SILENTLY and this evidence was never checked at all.
exit_reason : all_reachable
exit_code   : 0
  [OK ] TIP: GREEN once the subdirectory's bytes are committed  -- exit=0 enumerated=4

=== VECTOR 2 -- a ZERO-BYTE file always reports reachable ===
task        : REV-109 (stem rev109)
worktree    : C:\Users\Angad\AppData\Local\Temp\c112_r2_jmnsed6l\v2_BASE_wt
integration : dir:C:\Users\Angad\AppData\Local\Temp\c112_r2_jmnsed6l\v2_BASE_int
enumerated  : 4  reachable 4  unreachable 0
exit_reason : all_reachable
exit_code   : 0
  BASE: exit=0 verdict(truncated)='reachable' found_at=[['docs/pwml_recovery_sprint/evidence/.gitkeep']]
task        : REV-109 (stem rev109)
worktree    : C:\Users\Angad\AppData\Local\Temp\c112_r2_jmnsed6l\v2_TIP_wt
integration : dir:C:\Users\Angad\AppData\Local\Temp\c112_r2_jmnsed6l\v2_TIP_int
enumerated  : 4  reachable 3  unreachable 1  indeterminate 1
exit_reason : indeterminate_empty_evidence
exit_code   : 1
  TIP: exit=1 verdict(truncated)='empty_blob_indeterminate' found_at=[['docs/pwml_recovery_sprint/evidence/.gitkeep']]
  [OK ] BASE: FALSE PASS -- exit 0  -- exit=0
  [OK ] BASE: the empty probe log is called 'reachable'
  [OK ] BASE: and it 'resolved' against an UNRELATED empty file  -- ['docs/pwml_recovery_sprint/evidence/.gitkeep']
  [OK ] TIP: goes RED  -- exit=1
  [OK ] TIP: its own verdict class, not 'reachable' and not 'absent'  -- empty_blob_indeterminate
  [OK ] TIP: exit_reason names it  -- indeterminate_empty_evidence
task        : REV-109 (stem rev109)
worktree    : C:\Users\Angad\AppData\Local\Temp\c112_r2_jmnsed6l\v2_TIP_wt
integration : dir:C:\Users\Angad\AppData\Local\Temp\c112_r2_jmnsed6l\v2_TIP_int
enumerated  : 4  reachable 4  unreachable 0  indeterminate 0
exit_reason : all_reachable
exit_code   : 0
  [OK ] TIP: GREEN when the probe writes its result instead of nothing  -- exit=0

=== VECTOR 3 -- --allow-empty disarms the mistyped-id protection ===
task        : REV-999 (stem rev999)
worktree    : C:\Users\Angad\AppData\Local\Temp\c112_r2_jmnsed6l\v3_BASE_wt
integration : dir:C:\Users\Angad\AppData\Local\Temp\c112_r2_jmnsed6l\v3_BASE_int
enumerated  : 0  reachable 0  unreachable 0
exit_reason : nothing_enumerated
exit_code   : 0
  BASE: --task REV-999 --allow-empty -> exit=0 reason='nothing_enumerated'
task        : REV-999 (stem rev999)
worktree    : C:\Users\Angad\AppData\Local\Temp\c112_r2_jmnsed6l\v3_TIP_wt
integration : dir:C:\Users\Angad\AppData\Local\Temp\c112_r2_jmnsed6l\v3_TIP_int
enumerated  : 0  reachable 0  unreachable 0  indeterminate 0
exit_reason : allow_empty_on_an_unknown_task
exit_code   : 2
  TIP: --task REV-999 --allow-empty -> exit=2 reason='allow_empty_on_an_unknown_task'
  [OK ] BASE: FALSE PASS -- a task id this tree never heard of exits 0  -- exit=0
  [OK ] TIP: refused as a usage error  -- exit=2
  [OK ] TIP: reason names the coupling that was broken  -- allow_empty_on_an_unknown_task
task        : REV-1O9 (stem rev1o9)
worktree    : C:\Users\Angad\AppData\Local\Temp\c112_r2_jmnsed6l\v3_TIP_wt
integration : dir:C:\Users\Angad\AppData\Local\Temp\c112_r2_jmnsed6l\v3_TIP_int
enumerated  : 0  reachable 0  unreachable 0
exit_reason : nothing_enumerated
exit_code   : 0
  [OK ] typo 'REV-1O9': BASE exits 0, TIP refuses with 2  -- base=0 tip=2
task        : rev109 (stem rev109)
worktree    : C:\Users\Angad\AppData\Local\Temp\c112_r2_jmnsed6l\v3_TIP_wt
integration : dir:C:\Users\Angad\AppData\Local\Temp\c112_r2_jmnsed6l\v3_TIP_int
enumerated  : 2  reachable 0  unreachable 2
exit_reason : unreachable_evidence
exit_code   : 1
  [FAIL] typo 'rev109': BASE exits 0, TIP refuses with 2  -- base=1 tip=2
task        : C112 (stem c112)
worktree    : C:\Users\Angad\AppData\Local\Temp\c112_r2_jmnsed6l\v3_TIP_wt
integration : dir:C:\Users\Angad\AppData\Local\Temp\c112_r2_jmnsed6l\v3_TIP_int
enumerated  : 0  reachable 0  unreachable 0
exit_reason : nothing_enumerated
exit_code   : 0
  [OK ] typo 'C112': BASE exits 0, TIP refuses with 2  -- base=0 tip=2
task        : REV_109 (stem rev109)
worktree    : C:\Users\Angad\AppData\Local\Temp\c112_r2_jmnsed6l\v3_TIP_wt
integration : dir:C:\Users\Angad\AppData\Local\Temp\c112_r2_jmnsed6l\v3_TIP_int
enumerated  : 2  reachable 0  unreachable 2
exit_reason : unreachable_evidence
exit_code   : 1
  [FAIL] typo 'REV_109': BASE exits 0, TIP refuses with 2  -- base=1 tip=2
task        : REV-107 (stem rev107)
worktree    : C:\Users\Angad\AppData\Local\Temp\c112_r2_jmnsed6l\v3_TIP_wtNOTHING ENUMERATED. Either the task id is wrong or this reviewer produced no evidence. Not a pass -- pass --allow-empty to assert the latter (it will still refuse an unknown task id).
NOTHING ENUMERATED. Either the task id is wrong or this reviewer produced no evidence. Not a pass -- pass --allow-empty to assert the latter (it will still refuse an unknown task id).

integration : dir:C:\Users\Angad\AppData\Local\Temp\c112_r2_jmnsed6l\v3_TIP_int
enumerated  : 0  reachable 0  unreachable 0  indeterminate 0
exit_reason : nothing_enumerated
exit_code   : 0
  [OK ] TIP: --allow-empty still passes a REAL task that produced no evidence  -- exit=0
task        : REV-107 (stem rev107)
worktree    : C:\Users\Angad\AppData\Local\Temp\c112_r2_jmnsed6l\v3_TIP_wt
integration : dir:C:\Users\Angad\AppData\Local\Temp\c112_r2_jmnsed6l\v3_TIP_int
enumerated  : 0  reachable 0  unreachable 0  indeterminate 0
exit_reason : nothing_enumerated
exit_code   : 3
  [OK ] TIP: and without the flag a real-but-empty task is still exit 3  -- exit=3

==========================================================================
RESULT: 2 CHECK(S) FAILED
  FAILED: typo 'rev109': BASE exits 0, TIP refuses with 2
  FAILED: typo 'REV_109': BASE exits 0, TIP refuses with 2

================ CLEANUP REPORT ================
report schema version   : 1
wrapper build           : sha256:83d139543d4c01b33984b6ca9fb0943db461d0ee5f85091623089a548b8abed0
wrapper path (executed) : C:\t\c112\docs\pwml_recovery_sprint\evidence\bounded_run.py
wrapper vs HEAD         : clean  @ ab16a3a733c782a6f170dd9edf8bcbfc7c2b2aa2  [git, worktree dirty=True]
label                   : c112-r2-vectors
command                 : c:\Users\Angad\Desktop\SummerBIOIN\Project14-T2PW\.venv\Scripts\python.exe docs/pwml_recovery_sprint/evidence/c112_r2_false_pass_vectors.py C:/t/c112 ab16a3a733c782a6f170dd9edf8bcbfc7c2b2aa2
cwd                     : C:\t\c112
root PID / process group: 471644 / None
isolation               : windows_job_object(KILL_ON_JOB_CLOSE)
timeout                 : 300 s
duration                : 0.50 s
exit reason             : nonzero
exit code (real)        : 1
returned code           : 1
descendants observed    : 2  475932:git.exe, 475948:python.exe
descendants terminated  : 2  475932, 475948
graceful attempted      : False
forced                  : False
FINAL SURVIVING COUNT   : 0
cleanup                 : success
json report             : C:/t/c112/docs/pwml_recovery_sprint/evidence/g11/C-112/01-c112-r2-vectors.json
json report written     : True
heavy lock              : C:\t\heavylock  holder=C-112  acquired=True  released=True
pre-existing (reported, NEVER killed): 4
================================================
