=== BASELINE (unmutated tip) === exit=0
    185 passed in 0.29s

=== M1: 1f: the 'mediat' anchor is reverted, so it matches inside 'intermediate'
    before: bytes=148548 crlf=2962 sha256=11cc8b37d89dce34
    after : bytes=148548 crlf=2962 sha256=11cc8b37d89dce34
    suite : exit=1  RED (guard is tested)
        1 failed, 184 passed in 0.35s
        RED: test_mediat_inside_intermediate_does_not_license_catalysis

=== M2: 1a: the contra-cue is switched off entirely for the catalysis family
    before: bytes=148548 crlf=2962 sha256=11cc8b37d89dce34
    after : bytes=148548 crlf=2962 sha256=11cc8b37d89dce34
    suite : exit=1  RED (guard is tested)
        3 failed, 182 passed in 0.35s
        RED: test_inhibition_cue_in_the_same_window_cannot_license_catalysis
        RED: test_unlicensed_actor_adds_are_still_refused

=== M3: 1a F1: the attenuation word stops being bound to the actor
    before: bytes=148548 crlf=2962 sha256=11cc8b37d89dce34
    after : bytes=148548 crlf=2962 sha256=11cc8b37d89dce34
    suite : exit=1  RED (guard is tested)
        22 failed, 163 passed in 0.44s
        RED: test_a_real_attenuation_word_still_refuses_after_the_anchoring
        RED: test_each_inhibition_near_synonym_refuses_a_catalysis_promotion
        RED: test_the_distinction_is_the_object_not_the_word

=== M4: 1c: the stoplist exclusion loses its optional plural, reopening the bypass
    before: bytes=148548 crlf=2962 sha256=11cc8b37d89dce34
    after : bytes=148548 crlf=2962 sha256=11cc8b37d89dce34
    suite : exit=1  RED (guard is tested)
        10 failed, 175 passed in 0.39s
        RED: test_no_singular_only_stoplist_entry_can_be_bypassed_by_its_plural
        RED: test_ordinary_english_ase_words_do_not_license_an_enzyme

=== M5: 1d: the transport family loses the enzyme-family noun rule again
    before: bytes=148548 crlf=2962 sha256=11cc8b37d89dce34
    after : bytes=148548 crlf=2962 sha256=11cc8b37d89dce34
    suite : exit=1  RED (guard is tested)
        2 failed, 183 passed in 0.37s
        RED: test_a_transporter_named_by_its_family_noun_licenses

=== M6: 1e: the cofactor role loses its family entry and falls back to 'other'
    before: bytes=148548 crlf=2962 sha256=11cc8b37d89dce34
    after : bytes=148548 crlf=2962 sha256=11cc8b37d89dce34
    suite : exit=1  RED (guard is tested)
        5 failed, 180 passed in 0.36s
        RED: test_a_refused_cofactor_row_is_reported_against_the_cofactor_family
        RED: test_an_evidenced_cofactor_row_is_licensed
        RED: test_the_cofactor_family_itself_still_licenses_the_same_spans

=== M6b: 1e: the cofactor VOCABULARY is emptied -- the guard M6 turned out not to be
    before: bytes=148548 crlf=2962 sha256=11cc8b37d89dce34
    after : bytes=148548 crlf=2962 sha256=11cc8b37d89dce34
    suite : exit=1  RED (guard is tested)
        1 failed, 184 passed in 0.35s
        RED: test_an_evidenced_cofactor_row_is_licensed

=== M7: 1b: the passive-agent gap accepts ANY token, so a bystander inherits agency
    before: bytes=148548 crlf=2962 sha256=11cc8b37d89dce34
    after : bytes=148548 crlf=2962 sha256=11cc8b37d89dce34
    suite : exit=1  RED (guard is tested)
        6 failed, 179 passed in 0.39s
        RED: test_a_structural_rationale_cannot_license_the_cofactor_role
        RED: test_passive_with_agent_does_not_license_a_bystander
        RED: test_redox_catalysis_still_licenses

=== M8: 1b: the passive-agent route is removed outright -- a PRESERVATION attack
    before: bytes=148548 crlf=2962 sha256=11cc8b37d89dce34
    after : bytes=148548 crlf=2962 sha256=11cc8b37d89dce34
    suite : exit=1  RED (guard is tested)
        5 failed, 180 passed in 0.37s
        RED: test_evidenced_actor_adds_survive_the_guard
        RED: test_passive_with_agent_still_licenses_the_real_agent

=== M9: 1a: 'reduction of' is deleted from catalysis -- the trap the card names
    before: bytes=148548 crlf=2962 sha256=11cc8b37d89dce34
    after : bytes=148548 crlf=2962 sha256=11cc8b37d89dce34
    suite : exit=1  RED (guard is tested)
        6 failed, 179 passed in 0.37s
        RED: test_redox_catalysis_still_licenses
        RED: test_redox_still_licenses_when_the_actor_is_not_the_thing_reduced

=== M10: 1a F2: the object-before-stem ordering stops being matched
    before: bytes=148548 crlf=2962 sha256=11cc8b37d89dce34
    after : bytes=148548 crlf=2962 sha256=11cc8b37d89dce34
    suite : exit=1  RED (guard is tested)
        6 failed, 179 passed in 0.38s
        RED: test_a_real_attenuation_word_still_refuses_after_the_anchoring
        RED: test_each_inhibition_near_synonym_refuses_a_catalysis_promotion

=== M11: 1a: the whole actor-anchored contra is switched off
    before: bytes=148548 crlf=2962 sha256=11cc8b37d89dce34
    after : bytes=148548 crlf=2962 sha256=11cc8b37d89dce34
    suite : exit=1  RED (guard is tested)
        28 failed, 157 passed in 0.46s
        RED: test_a_real_attenuation_word_still_refuses_after_the_anchoring
        RED: test_each_inhibition_near_synonym_refuses_a_catalysis_promotion
        RED: test_the_distinction_is_the_object_not_the_word

=== M12: 1e: the cofactor dependence gap accepts ANY token, reopening the rationale route
    before: bytes=148548 crlf=2962 sha256=11cc8b37d89dce34
    after : bytes=148548 crlf=2962 sha256=11cc8b37d89dce34
    suite : exit=1  RED (guard is tested)
        1 failed, 184 passed in 0.35s
        RED: test_a_structural_rationale_cannot_license_the_cofactor_role

=== M13: 1e: the loose dependence terms go back into the FAMILY, widening the fallback
    before: bytes=148548 crlf=2962 sha256=11cc8b37d89dce34
    after : bytes=148548 crlf=2962 sha256=11cc8b37d89dce34
    suite : exit=1  RED (guard is tested)
        7 failed, 178 passed in 0.37s
        RED: test_a_structural_rationale_cannot_license_the_cofactor_role
        RED: test_the_cofactor_dependence_route_is_scoped_to_the_cofactor_family
        RED: test_the_other_fallback_did_not_widen_for_an_unmapped_role

=== M14: 1e SCOPE: the dependence route goes family-wide again (REV-107's V9)
    before: bytes=148548 crlf=2962 sha256=11cc8b37d89dce34
    after : bytes=148548 crlf=2962 sha256=11cc8b37d89dce34
    suite : exit=1  RED (guard is tested)
        8 failed, 177 passed in 0.40s
        RED: test_the_cofactor_dependence_route_is_scoped_to_the_cofactor_family

=== M15: A: one attenuation WORD reverts to an open stem, so 'reduc' eats 'reductase'
    before: bytes=148548 crlf=2962 sha256=11cc8b37d89dce34
    after : bytes=148548 crlf=2962 sha256=11cc8b37d89dce34
    suite : exit=1  RED (guard is tested)
        3 failed, 182 passed in 0.36s
        RED: test_an_enzyme_noun_containing_an_attenuation_word_still_licenses

=== M16: A: this card's six inhibition additions revert to bare unanchored stems
    before: bytes=148548 crlf=2962 sha256=11cc8b37d89dce34
    after : bytes=148548 crlf=2962 sha256=11cc8b37d89dce34
    suite : exit=1  RED (guard is tested)
        1 failed, 184 passed in 0.35s
        RED: test_an_enzyme_noun_containing_an_attenuation_word_still_licenses

==============================================================================
MUTATIONS: 17   SURVIVORS: 0 []
==============================================================================
final target: bytes=148548 crlf=2962 sha256=11cc8b37d89dce3415fb986259ab7880cb0eb88f7ba2576940c06b1a3cddc04d
git status --porcelain -- src/t2pw/curation/apply_audit_patch.py: '' (additional signal only -- sha256 and CRLF above are the check)

================ CLEANUP REPORT ================
report schema version   : 1
wrapper build           : sha256:83d139543d4c01b33984b6ca9fb0943db461d0ee5f85091623089a548b8abed0
wrapper path (executed) : C:\t\c112\docs\pwml_recovery_sprint\evidence\bounded_run.py
wrapper vs HEAD         : clean  @ 88845b0ff65c5453785a3b7c3b387bbcb76c63eb  [git, worktree dirty=False]
label                   : c112-c107-mut-attempt3
command                 : c:\Users\Angad\Desktop\SummerBIOIN\Project14-T2PW\.venv\Scripts\python.exe docs/pwml_recovery_sprint/evidence/c107_mutation_attack.py C:/t/c112
cwd                     : C:\t\c112
root PID / process group: 481812 / None
isolation               : windows_job_object(KILL_ON_JOB_CLOSE)
timeout                 : 240 s
duration                : 15.37 s
exit reason             : completed
exit code (real)        : 0
returned code           : 0
descendants observed    : 37  481824:python.exe, 481844:python.exe, 481864:python.exe, 481956:python.exe, 481976:python.exe, 482004:python.exe, 482024:python.exe, 482052:python.exe, 482072:python.exe, 482180:python.exe, 482200:python.exe, 482220:python.exe, 482240:python.exe, 472568:python.exe, 481352:python.exe, 481320:python.exe, 481396:python.exe, 481128:python.exe, 480480:python.exe, 479504:python.exe, 480340:python.exe, 481560:python.exe, 481600:python.exe, 481636:python.exe, 481656:python.exe, 481760:python.exe, 481780:python.exe, 479396:python.exe, 482032:python.exe, 472004:python.exe, 473408:python.exe, 474900:python.exe, 482088:python.exe, 477540:python.exe, 481284:python.exe, 477880:python.exe, 481340:python.exe
descendants terminated  : 37  472004, 472568, 473408, 474900, 477540, 477880, 479396, 479504, 480340, 480480, 481128, 481284, 481320, 481340, 481352, 481396, 481560, 481600, 481636, 481656, 481760, 481780, 481824, 481844, 481864, 481956, 481976, 482004, 482024, 482032, 482052, 482072, 482088, 482180, 482200, 482220, 482240
graceful attempted      : False
forced                  : False
FINAL SURVIVING COUNT   : 0
cleanup                 : success
json report             : C:\t\c112\docs\pwml_recovery_sprint\evidence\g11\C-112\08-c112-c107-mut-attempt3.json
json report written     : True
heavy lock              : C:\t\heavylock  holder=C-112  acquired=True  released=True
pre-existing (reported, NEVER killed): 4
================================================
