........................................................................ [ 14%]
........................................................................ [ 28%]
........................................................................ [ 42%]
........................................................................ [ 57%]
........................................................................ [ 71%]
........................................................................ [ 85%]
.......................................................................  [100%]
503 passed in 43.58s

================ CLEANUP REPORT ================
report schema version   : 1
wrapper build           : sha256:83d139543d4c01b33984b6ca9fb0943db461d0ee5f85091623089a548b8abed0
wrapper path (executed) : C:\t\c113\docs\pwml_recovery_sprint\evidence\bounded_run.py
wrapper vs HEAD         : clean  @ 6dc93ba72226e02d441f01b17442caa717985e05  [git, worktree dirty=False]
label                   : smoke22
command                 : c:\Users\Angad\Desktop\SummerBIOIN\Project14-T2PW\.venv\Scripts\python.exe -m pytest -q --basetemp=C:/t/btc113/smoke tests/test_reference_repair.py tests/test_strict_quarantine.py tests/test_strict_quarantine_contract_alignment.py tests/test_strict_quarantine_locks_and_scope.py tests/test_strict_quarantine_versioning.py tests/test_empty_extraction_payload.py tests/test_bench_goldset_and_semantic.py tests/test_bench_acquisition_and_artifacts.py tests/test_bench_controls.py tests/test_completeness_audit.py tests/test_batch_driver.py tests/test_stage3_gate_report_lifecycle.py tests/test_rag_admission_production_path.py tests/test_rag_gap_admission.py tests/test_rag_triage_orchestration.py tests/test_rag_provenance_gates.py tests/test_pipeline_reaction_rag_provenance.py tests/test_research_mode_orchestration.py tests/test_map_ids_name_gate.py tests/test_db_candidate_species_evidence.py tests/test_c102_coverage_denominator.py tests/test_c106_mutation_harness_executable.py
cwd                     : C:\t\c113
root PID / process group: 539872 / None
isolation               : windows_job_object(KILL_ON_JOB_CLOSE)
timeout                 : 360 s
duration                : 45.33 s
exit reason             : completed
exit code (real)        : 0
returned code           : 0
descendants observed    : 11  538468:python.exe, 543004:python.exe, 543024:python.exe, 543112:python.exe, 543132:python.exe, 543180:python.exe, 543200:python.exe, 543368:python.exe, 543388:python.exe, 543716:git.exe, 543544:git.exe
descendants terminated  : 11  538468, 543004, 543024, 543112, 543132, 543180, 543200, 543368, 543388, 543544, 543716
graceful attempted      : False
forced                  : False
FINAL SURVIVING COUNT   : 0
cleanup                 : success
json report             : C:/t/c113/docs/pwml_recovery_sprint/evidence/g11/C-113/04-smoke22.json
json report written     : True
heavy lock              : C:\t\heavylock  holder=C-113  acquired=True  released=True
pre-existing (reported, NEVER killed): 6
================================================
