..............                                                           [100%]
14 passed in 3.76s

================ CLEANUP REPORT ================
report schema version   : 1
wrapper build           : sha256:83d139543d4c01b33984b6ca9fb0943db461d0ee5f85091623089a548b8abed0
wrapper path (executed) : C:\t\c113\docs\pwml_recovery_sprint\evidence\bounded_run.py
wrapper vs HEAD         : clean  @ a876ee85f9b45f3e762f724aa04f41f6e5b28b9e  [git, worktree dirty=False]
label                   : c102-alone
command                 : c:\Users\Angad\Desktop\SummerBIOIN\Project14-T2PW\.venv\Scripts\python.exe -m pytest -q --basetemp=C:/t/btc113/c102alone tests/test_c102_coverage_denominator.py
cwd                     : C:\t\c113
root PID / process group: 538560 / None
isolation               : windows_job_object(KILL_ON_JOB_CLOSE)
timeout                 : 300 s
duration                : 4.81 s
exit reason             : completed
exit code (real)        : 0
returned code           : 0
descendants observed    : 1  515440:python.exe
descendants terminated  : 1  515440
graceful attempted      : False
forced                  : False
FINAL SURVIVING COUNT   : 0
cleanup                 : success
json report             : C:/t/c113/docs/pwml_recovery_sprint/evidence/g11/C-113/02-c102-alone.json
json report written     : True
heavy lock              : C:\t\heavylock  holder=C-113  acquired=True  released=True
pre-existing (reported, NEVER killed): 4
================================================
