committed coverage_summary.json found : 83
roots scanned                         : runs/ and runs_verify/, both named

============================================================================================
PER-LEG — every leg with at least one unmatched anchor and a Stage-0 context
============================================================================================
  run                        leg                         unm  inSub  inPay     cov
  ----------------------------------------------------------------------------------------
  runs_verify/2026-08-18_1328 PMC12096016/research          7      0      2   0.632
  runs_verify/2026-08-18_1328 PMC12096016/strict            3      0      1   0.824
  runs_verify/2026-08-18_1328 PMC12452463/strict            7      2      6   0.562   <-- some anchor IS a named subprocess
  runs_verify/2026-08-21_1822 PMC12782028/research          7      0      0   0.588
  runs_verify/2026-08-21_1822 PMC12782028/strict           18      1      0   0.280   <-- some anchor IS a named subprocess
  runs_verify/2026-08-21_2014 PMC12312563/research         10      5      7   0.000   <-- some anchor IS a named subprocess
  runs_verify/2026-08-21_2014 PMC12312563/strict            3      2      0   0.700   <-- some anchor IS a named subprocess
  runs_verify/2026-08-21_2057 PMC12096016/research          3      1      2   0.812   <-- some anchor IS a named subprocess
  runs_verify/2026-08-21_2057 PMC12096016/strict            3      0      0   0.833
  runs_verify/2026-08-21_2057 PMC12452463/research          3      2      0   0.786   <-- some anchor IS a named subprocess
  runs_verify/2026-08-21_2057 PMC12452463/strict            2      1      0   0.857   <-- some anchor IS a named subprocess
  runs_verify/2026-08-21_2239 PMC12096016/research          6      0      1   0.667
  runs_verify/2026-08-21_2239 PMC12096016/strict            5      0      0   0.706
  runs_verify/2026-08-21_2239 PMC12180156/research          1      0      0   0.857
  runs_verify/2026-08-21_2239 PMC12180156/strict            4      3      0   0.500   <-- some anchor IS a named subprocess
  runs_verify/2026-08-21_2239 PMC12452463/research          6      2      3   0.600   <-- some anchor IS a named subprocess
  runs_verify/2026-08-21_2239 PMC12452463/strict            3      3      0   0.800   <-- some anchor IS a named subprocess
  runs_verify/2026-08-21_2239 PMC12782028/research          7      0      7   0.562
  runs_verify/2026-08-21_2239 PMC12782028/strict            4      0      0   0.692
  runs_verify/2026-08-21_2239 PMC12856317/research          1      0      0   0.857
  runs_verify/2026-08-22_1821 PMC12452463/strict            5      1      0   0.667   <-- some anchor IS a named subprocess
  runs_verify/2026-08-22_2017 PMC12452463/research          3      0      0   0.786
  runs_verify/2026-08-22_2017 PMC12452463/strict            3      0      0   0.786
  runs_verify/2026-08-22_2017 PMC12856317/research          2      0      0   0.714
  runs_verify/2026-08-22_2147 PMC12096016/research          5      0      1   0.706
  runs_verify/2026-08-22_2147 PMC12096016/strict            2      1      0   0.857   <-- some anchor IS a named subprocess
  runs_verify/2026-08-22_2147 PMC12180156/research          1      0      1   0.857
  runs_verify/2026-08-22_2147 PMC12180156/strict            1      0      0   0.857
  runs_verify/2026-08-22_2147 PMC12452463/research          5      0      0   0.688
  runs_verify/2026-08-22_2147 PMC12452463/strict            3      0      0   0.786
  runs_verify/2026-08-22_2147 PMC12782028/research          5      0      0   0.583
  runs_verify/2026-08-22_2147 PMC12782028/strict           19      1      0   0.296   <-- some anchor IS a named subprocess
  runs_verify/2026-08-22_2147 PMC12856317/research          5      0      0   0.500
  runs_verify/2026-08-24_1203 PMC12096016/research          2      0      0   0.875
  runs_verify/2026-08-24_1203 PMC12096016/strict            4      0      0   0.789
  runs_verify/2026-08-24_1203 PMC12452463/research          2      1      1   0.857   <-- some anchor IS a named subprocess
  runs_verify/2026-08-24_1203 PMC12452463/strict            4      3      0   0.667   <-- some anchor IS a named subprocess
  runs_verify/2026-08-24_1203 PMC12856317/strict            2      0      0   0.818
  runs_verify/2026-08-24_1203 PMC13231680/strict            1      0      0   0.800
  runs_verify/2026-08-24_1402 PMC12180156/research          3      2      2   0.571   <-- some anchor IS a named subprocess
  runs_verify/2026-08-24_1402 PMC12782028/research         18      2     15   0.308   <-- some anchor IS a named subprocess
  runs_verify/2026-08-24_1428 PMC12096016/research          5      1      2   0.722   <-- some anchor IS a named subprocess
  runs_verify/2026-08-24_1428 PMC12096016/strict            4      0      0   0.765
  runs_verify/2026-08-24_1428 PMC12180156/strict            2      1      0   0.714   <-- some anchor IS a named subprocess
  runs_verify/2026-08-24_1428 PMC12444477/strict            9      6      0   0.654   <-- some anchor IS a named subprocess
  runs_verify/2026-08-24_1428 PMC12452463/research          2      0      0   0.867
  runs_verify/2026-08-24_1428 PMC12452463/strict            5      0      0   0.615
  runs_verify/2026-08-24_1428 PMC12782028/strict           21      2      0   0.222   <-- some anchor IS a named subprocess
  runs_verify/2026-08-24_1428 PMC12856317/research          2      0      2   0.778
  runs_verify/2026-08-24_1428 PMC12856317/strict            3      0      0   0.727
  runs_verify/2026-08-25_1216 PMC12444477/research         22      6     20   0.333   <-- some anchor IS a named subprocess
  runs_verify/2026-08-25_1216 PMC12444477/strict            8      2      1   0.579   <-- some anchor IS a named subprocess
  runs_verify/2026-08-27_1341 PMC12096016/strict            4      0      0   0.778
  runs_verify/2026-08-27_1341 PMC12782028/strict           19      1      0   0.321   <-- some anchor IS a named subprocess
  runs_verify/2026-08-28_1816 PMC12096016/research          1      0      0   0.929
  runs_verify/2026-08-28_1816 PMC12180156/strict            1      0      0   0.833
  runs_verify/2026-08-28_1816 PMC12452463/research          4      0      0   0.714
  runs_verify/2026-08-28_1816 PMC12452463/strict            1      1      0   0.933   <-- some anchor IS a named subprocess
  runs_verify/2026-08-28_1816 PMC12782028/research          4      0      0   0.667
  runs_verify/2026-08-28_1816 PMC12782028/strict            6      1      0   0.571   <-- some anchor IS a named subprocess
  runs_verify/2026-08-28_1816 PMC12856317/research          5      0      0   0.500
  runs_verify/2026-08-28_1816 PMC12856317/strict            3      0      1   0.700
  runs_verify/2026-08-28_1816 PMC13231680/research          1      0      0   0.833
  runs_verify/2026-09-01_1612 PMC12096016/research          6      1      1   0.667   <-- some anchor IS a named subprocess
  runs_verify/2026-09-01_1612 PMC12096016/strict            4      0      1   0.750
  runs_verify/2026-09-01_1612 PMC12180156/research          1      1      0   0.857   <-- some anchor IS a named subprocess
  runs_verify/2026-09-01_1612 PMC12180156/strict            1      0      0   0.875
  runs_verify/2026-09-01_1612 PMC12444477/research          9      4      6   0.500   <-- some anchor IS a named subprocess
  runs_verify/2026-09-01_1612 PMC12452463/research          2      0      0   0.857
  runs_verify/2026-09-01_1612 PMC12452463/strict            4      0      0   0.714
  runs_verify/2026-09-01_1612 PMC12782028/research          8      0      7   0.500
  runs_verify/2026-09-01_1612 PMC12782028/strict            6      0      0   0.538
  runs_verify/2026-09-01_1612 PMC12856317/strict            3      0      0   0.667

============================================================================================
VERDICT
============================================================================================
  legs_with_declared_core            = 83
  legs_fully_matched                 = 10
  legs_with_unmatched                = 73
  legs_unmatched_but_no_context      = 0
  legs_testable                      = 73
  no_declared_core                   = 0
  unreadable                         = 0

  unmatched anchors examined         : 374
  named in Stage-0's OWN subprocesses : 60  (16.0%)
  present in the extracted payload    : 90  (24.1%)

  NOT absolute -- some unmatched anchors ARE named subprocesses. Those legs are
  the interesting ones: there the pipeline failed to match something Stage 0
  itself called a step, which is a DIFFERENT defect from the anchor-derivation
  one. They are flagged per-leg above.

  F167_HISTORY: legs_testable=73 anchors=374 in_subprocesses=60 in_payload=90

================ CLEANUP REPORT ================
report schema version   : 1
wrapper build           : sha256:83d139543d4c01b33984b6ca9fb0943db461d0ee5f85091623089a548b8abed0
wrapper path (executed) : C:\Users\Angad\Desktop\SummerBIOIN\Project14-T2PW\docs\pwml_recovery_sprint\evidence\bounded_run.py
wrapper vs HEAD         : clean  @ 0102d901a05c0b2ec259a66771c95a8f131a1785  [git, worktree dirty=True]
label                   : f167-history-census
command                 : C:\Users\Angad\Desktop\SummerBIOIN\Project14-T2PW\.venv\Scripts\python.exe -u docs/pwml_recovery_sprint/evidence/f167_history_census.py c:/Users/Angad/Desktop/SummerBIOIN/Project14-T2PW
cwd                     : C:\Users\Angad\Desktop\SummerBIOIN\Project14-T2PW
root PID / process group: 1038200 / None
isolation               : windows_job_object(KILL_ON_JOB_CLOSE)
timeout                 : 600 s
duration                : 0.78 s
exit reason             : completed
exit code (real)        : 0
returned code           : 0
descendants observed    : 1  1038724:python.exe
descendants terminated  : 1  1038724
graceful attempted      : False
forced                  : False
FINAL SURVIVING COUNT   : 0
cleanup                 : success
json report             : C:\Users\Angad\Desktop\SummerBIOIN\Project14-T2PW\docs\pwml_recovery_sprint\evidence\g11\T-108\13-f167-history-census.json
json report written     : True
pre-existing (reported, NEVER killed): 5
================================================
