T2PW: c:\Users\Angad\Desktop\SummerBIOIN\Project14-T2PW\src\t2pw\__init__.py
.....                                                                    [100%]
5 passed, 8 deselected in 3.49s

================ CLEANUP REPORT ================
report schema version   : 1
wrapper build           : sha256:83d139543d4c01b33984b6ca9fb0943db461d0ee5f85091623089a548b8abed0
wrapper path (executed) : C:\Users\Angad\Desktop\SummerBIOIN\Project14-T2PW\docs\pwml_recovery_sprint\evidence\bounded_run.py
wrapper vs HEAD         : clean  @ fa0a191c4736e6e939d1a9f74c436d766d0ab438  [git, worktree dirty=True]
label                   : f175-realleg
command                 : C:\Users\Angad\Desktop\SummerBIOIN\Project14-T2PW\.venv\Scripts\python.exe -u docs/pwml_recovery_sprint/evidence/pinned_pytest.py --expect-tree c:/Users/Angad/Desktop/SummerBIOIN/Project14-T2PW --pin-verdict docs/pwml_recovery_sprint/evidence/g11/pin/ORCH-722/03-f175-realleg.pin.json tests/test_batch_driver_quarantine_artifacts.py -k f175 --basetemp=C:/t/orch722/bt03 --tb=short -q
cwd                     : C:\Users\Angad\Desktop\SummerBIOIN\Project14-T2PW
root PID / process group: 462072 / None
isolation               : windows_job_object(KILL_ON_JOB_CLOSE)
timeout                 : 1800 s
duration                : 5.07 s
exit reason             : completed
exit code (real)        : 0
returned code           : 0
descendants observed    : 1  462084:python.exe
descendants terminated  : 1  462084
graceful attempted      : False
forced                  : False
FINAL SURVIVING COUNT   : 0
cleanup                 : success
json report             : docs/pwml_recovery_sprint/evidence/g11/ORCH-722/03-f175-realleg.json
json report written     : True
pre-existing (reported, NEVER killed): 4
================================================
