FATAL: enforcement bytes not found verbatim; refusing to guess at a mutation
       (this is the anchor the probe is written against)

================ CLEANUP REPORT ================
report schema version   : 1
wrapper build           : sha256:83d139543d4c01b33984b6ca9fb0943db461d0ee5f85091623089a548b8abed0
wrapper path (executed) : C:\Users\Angad\Desktop\SummerBIOIN\Project14-T2PW\docs\pwml_recovery_sprint\evidence\bounded_run.py
wrapper vs HEAD         : clean  @ 7a25765e8a3fbc2944c02071a296a975558f4c53  [git, worktree dirty=True]
label                   : f156-mutation
command                 : C:\Users\Angad\Desktop\SummerBIOIN\Project14-T2PW\.venv\Scripts\python.exe docs/pwml_recovery_sprint/evidence/orch717_f156_mutation.py C:/t/orch717mut C:/Users/Angad/Desktop/SummerBIOIN/Project14-T2PW/.venv/Scripts/python.exe
cwd                     : C:\Users\Angad\Desktop\SummerBIOIN\Project14-T2PW
root PID / process group: 154140 / None
isolation               : windows_job_object(KILL_ON_JOB_CLOSE)
timeout                 : 900 s
duration                : 0.19 s
exit reason             : nonzero
exit code (real)        : 2
returned code           : 2
descendants observed    : 1  149020:python.exe
descendants terminated  : 1  149020
graceful attempted      : False
forced                  : False
FINAL SURVIVING COUNT   : 0
cleanup                 : success
json report             : C:\Users\Angad\Desktop\SummerBIOIN\Project14-T2PW\docs\pwml_recovery_sprint\evidence\g11\ORCH-717\20-f156.mutation.json
json report written     : True
heavy lock              : C:\t\heavylock  holder=ORCH-717  acquired=True  released=True
pre-existing (reported, NEVER killed): 4
================================================
