task        : REV-109 (stem rev109)
worktree    : C:\t\rev109
integration : C:\Users\Angad\Desktop\SummerBIOIN\Project14-T2PW@sprint/pwml-recovery
enumerated  : 28  reachable 28  unreachable 0
exit_reason : all_reachable
exit_code   : 0

================ CLEANUP REPORT ================
report schema version   : 1
wrapper build           : sha256:83d139543d4c01b33984b6ca9fb0943db461d0ee5f85091623089a548b8abed0
wrapper path (executed) : C:\Users\Angad\Desktop\SummerBIOIN\Project14-T2PW\docs\pwml_recovery_sprint\evidence\bounded_run.py
wrapper vs HEAD         : clean  @ efb2edc25a79dc2afda5fad219ae5c4fc33bdd4b  [git, worktree dirty=True]
label                   : merge109-route
command                 : C:\Users\Angad\Desktop\SummerBIOIN\Project14-T2PW\.venv\Scripts\python.exe docs/pwml_recovery_sprint/evidence/reviewer_evidence_route.py --task REV-109 --worktree C:/t/rev109 --integration-repo C:/Users/Angad/Desktop/SummerBIOIN/Project14-T2PW
cwd                     : C:\Users\Angad\Desktop\SummerBIOIN\Project14-T2PW
root PID / process group: 182584 / None
isolation               : windows_job_object(KILL_ON_JOB_CLOSE)
timeout                 : 300 s
duration                : 0.31 s
exit reason             : completed
exit code (real)        : 0
returned code           : 0
descendants observed    : 2  166456:python.exe, 180932:git.exe
descendants terminated  : 2  166456, 180932
graceful attempted      : False
forced                  : False
FINAL SURVIVING COUNT   : 0
cleanup                 : success
json report             : C:\Users\Angad\Desktop\SummerBIOIN\Project14-T2PW\docs\pwml_recovery_sprint\evidence\g11\ORCH-717\24-merge109.route.json
json report written     : True
pre-existing (reported, NEVER killed): 4
================================================
