 1. tests/test_protein_export_policy.py                            passed= 63 failed=0 skipped=0 errors=0  exit=0
 2. tests/test_c056b_semantic_denominators.py                      passed= 10 failed=0 skipped=0 errors=0  exit=0
 3. tests/test_batch_pwml_artifact_naming.py                       passed= 13 failed=0 skipped=0 errors=0  exit=0
 4. tests/test_c074_strict_core_floor.py                           passed= 31 failed=0 skipped=0 errors=0  exit=0
 5. tests/test_c076_alias_holo_apo_identity.py                     passed= 28 failed=0 skipped=0 errors=0  exit=0
 6. tests/test_c077_stage0_conflict_disposition.py                 passed= 14 failed=0 skipped=0 errors=0  exit=0
 7. tests/test_c081_cofactor_role_identity.py                      passed= 25 failed=0 skipped=0 errors=0  exit=0
 8. tests/test_c085_priority2_honesty.py                           passed= 15 failed=0 skipped=0 errors=0  exit=0
 9. tests/test_c088_extracted_not_serialized_disposition.py        passed= 20 failed=0 skipped=0 errors=0  exit=0
10. tests/test_cofactor_policy.py                                  passed= 36 failed=0 skipped=0 errors=0  exit=0
11. tests/test_rag_multi_relation_spans.py                         passed= 19 failed=0 skipped=0 errors=0  exit=0
12. tests/test_release_status_classification.py                    passed= 12 failed=0 skipped=0 errors=0  exit=0
13. tests/test_semantic_production_no_gold.py                      passed=  8 failed=0 skipped=0 errors=0  exit=0
14. tests/test_strict_failure_replay.py                            passed= 40 failed=0 skipped=8 errors=0  exit=0
15. tests/test_batch_driver_quarantine_artifacts.py                passed= 13 failed=0 skipped=0 errors=0  exit=0
16. tests/test_c056c_semantic_evaluability.py                      passed= 11 failed=0 skipped=0 errors=0  exit=0
17. tests/test_c071_actor_evidence_gate.py                         passed=  8 failed=0 skipped=0 errors=0  exit=0
18. tests/test_c080_production_gate_kind_aware.py                  passed= 19 failed=0 skipped=0 errors=0  exit=0
19. tests/test_c089_participant_schema.py                          passed= 31 failed=0 skipped=0 errors=0  exit=0
20. tests/test_c090_wrapper_identity_actor_evidence.py             passed=  8 failed=0 skipped=0 errors=0  exit=0
21. tests/test_c097_semantic_name_keys.py                          passed= 16 failed=0 skipped=0 errors=0  exit=0
22. tests/test_semantic_release_gating.py                          passed= 25 failed=0 skipped=0 errors=0  exit=0

files run    : 22
split totals : 465 passed, 0 failed, 8 skipped, 0 errors
reds (0):

================ CLEANUP REPORT ================
report schema version   : 1
wrapper build           : sha256:83d139543d4c01b33984b6ca9fb0943db461d0ee5f85091623089a548b8abed0
wrapper path (executed) : C:\Users\Angad\Desktop\SummerBIOIN\Project14-T2PW\docs\pwml_recovery_sprint\evidence\bounded_run.py
wrapper vs HEAD         : clean  @ 5bd5a67e436939e4848a26f2f156c2238d306820  [git, worktree dirty=True]
label                   : goldreaders-d092
command                 : C:\Users\Angad\Desktop\SummerBIOIN\Project14-T2PW\.venv\Scripts\python.exe -u docs/pwml_recovery_sprint/evidence/c102_goldreaders_split.py c:/Users/Angad/Desktop/SummerBIOIN/Project14-T2PW C:/t/orch722/gr_d092
cwd                     : C:\Users\Angad\Desktop\SummerBIOIN\Project14-T2PW
root PID / process group: 485468 / None
isolation               : windows_job_object(KILL_ON_JOB_CLOSE)
timeout                 : 2400 s
duration                : 85.37 s
exit reason             : completed
exit code (real)        : 0
returned code           : 0
descendants observed    : 53  484724:python.exe, 485948:python.exe, 485800:python.exe, 485604:python.exe, 486704:python.exe, 484380:python.exe, 484468:python.exe, 480056:python.exe, 486208:python.exe, 475460:git.exe, 485356:git.exe, 487256:git.exe, 486824:git.exe, 485412:git.exe, 478704:python.exe, 485080:python.exe, 485680:python.exe, 486940:python.exe, 466152:python.exe, 486764:python.exe, 484928:python.exe, 486132:python.exe, 470288:python.exe, 487092:python.exe, 481580:python.exe, 486492:python.exe, 480068:python.exe, 485876:python.exe, 484892:python.exe, 486544:python.exe, 485772:python.exe, 487000:python.exe, 486504:python.exe, 487108:python.exe, 482608:python.exe, 486524:python.exe, 468760:python.exe, 480052:python.exe, 486500:python.exe, 486756:python.exe, 476176:python.exe, 481088:python.exe, 485584:python.exe, 486840:python.exe, 486576:git.exe, 473876:python.exe, 486484:python.exe, 485636:python.exe, 485896:python.exe, 487168:python.exe, 484076:python.exe, 469240:python.exe, 470444:python.exe
descendants terminated  : 53  466152, 468760, 469240, 470288, 470444, 473876, 475460, 476176, 478704, 480052, 480056, 480068, 481088, 481580, 482608, 484076, 484380, 484468, 484724, 484892, 484928, 485080, 485356, 485412, 485584, 485604, 485636, 485680, 485772, 485800, 485876, 485896, 485948, 486132, 486208, 486484, 486492, 486500, 486504, 486524, 486544, 486576, 486704, 486756, 486764, 486824, 486840, 486940, 487000, 487092, 487108, 487168, 487256
graceful attempted      : False
forced                  : False
FINAL SURVIVING COUNT   : 0
cleanup                 : success
json report             : docs/pwml_recovery_sprint/evidence/g11/ORCH-722/28-goldreaders-d092.json
json report written     : True
pre-existing (reported, NEVER killed): 4
================================================
