T2PW: c:\Users\Angad\Desktop\SummerBIOIN\Project14-T2PW\src\t2pw\__init__.py
........................................................................ [ 14%]
........................................................................ [ 28%]
........................................................................ [ 42%]
........................................................................ [ 57%]
........................................................................ [ 71%]
........................................................................ [ 85%]
.......................................................................  [100%]
503 passed in 41.80s

================ CLEANUP REPORT ================
report schema version   : 1
wrapper build           : sha256:83d139543d4c01b33984b6ca9fb0943db461d0ee5f85091623089a548b8abed0
wrapper path (executed) : C:\Users\Angad\Desktop\SummerBIOIN\Project14-T2PW\docs\pwml_recovery_sprint\evidence\bounded_run.py
wrapper vs HEAD         : clean  @ cb982dc20947b268f5592ba5b4ad72d9d9d8148b  [git, worktree dirty=True]
label                   : smoke-postf172
command                 : C:\Users\Angad\Desktop\SummerBIOIN\Project14-T2PW\.venv\Scripts\python.exe -u docs/pwml_recovery_sprint/evidence/pinned_pytest.py --expect-tree c:/Users/Angad/Desktop/SummerBIOIN/Project14-T2PW --pin-verdict docs/pwml_recovery_sprint/evidence/g11/pin/ORCH-721/35-smoke-postf172.pin.json -q --basetemp=C:/t/orch721/smoke tests/test_reference_repair.py tests/test_strict_quarantine.py tests/test_strict_quarantine_contract_alignment.py tests/test_strict_quarantine_locks_and_scope.py tests/test_strict_quarantine_versioning.py tests/test_empty_extraction_payload.py tests/test_bench_goldset_and_semantic.py tests/test_bench_acquisition_and_artifacts.py tests/test_bench_controls.py tests/test_completeness_audit.py tests/test_batch_driver.py tests/test_stage3_gate_report_lifecycle.py tests/test_rag_admission_production_path.py tests/test_rag_gap_admission.py tests/test_rag_triage_orchestration.py tests/test_rag_provenance_gates.py tests/test_pipeline_reaction_rag_provenance.py tests/test_research_mode_orchestration.py tests/test_map_ids_name_gate.py tests/test_db_candidate_species_evidence.py tests/test_c102_coverage_denominator.py tests/test_c106_mutation_harness_executable.py
cwd                     : C:\Users\Angad\Desktop\SummerBIOIN\Project14-T2PW
root PID / process group: 431312 / None
isolation               : windows_job_object(KILL_ON_JOB_CLOSE)
timeout                 : 1200 s
duration                : 43.33 s
exit reason             : completed
exit code (real)        : 0
returned code           : 0
descendants observed    : 11  433644:python.exe, 434512:python.exe, 434532:python.exe, 434552:python.exe, 434572:python.exe, 434644:python.exe, 434664:python.exe, 434772:python.exe, 434792:python.exe, 435040:git.exe, 432168:git.exe
descendants terminated  : 11  432168, 433644, 434512, 434532, 434552, 434572, 434644, 434664, 434772, 434792, 435040
graceful attempted      : False
forced                  : False
FINAL SURVIVING COUNT   : 0
cleanup                 : success
json report             : docs/pwml_recovery_sprint/evidence/g11/ORCH-721/35-smoke-postf172.json
json report written     : True
pre-existing (reported, NEVER killed): 4
================================================
