........................................................................ [ 14%]
........................................................................ [ 28%]
........................................................................ [ 42%]
........................................................................ [ 57%]
........................................................................ [ 71%]
........................................................................ [ 85%]
..................................................F..F.................  [100%]
================================== FAILURES ===================================
___________ test_10_f132_population_regression_over_the_six_papers ____________

gold = {'PMC12096016': GoldCase(paper_id='PMC12096016', title='The enterobactin biosynthetic intermediate 2,3-dihydroxybenzoi...ontinuity in Results (the Fig 2H-J narrative is missing), so absent content there is not an extraction failure."), ...}

    def test_10_f132_population_regression_over_the_six_papers(gold):
        """Offline, over every committed quarantine_report.json. No leg is re-run."""
    
        listed = subprocess.run(
            ["git", "ls-files", "*quarantine_report.json"],
            cwd=str(REPO), capture_output=True, text=True, encoding="utf-8", check=True,
        )
        paths = sorted(line.strip() for line in listed.stdout.splitlines() if line.strip())
        # FLOOR, not a census. This one catches the population SHRINKING, which is
        # why it is `>=` while the two derived pins below are `==`. Moved 62 -> 72 by
        # C-106: commit `e77ad3d` ("T-107 official result") committed
        # `runs_verify/2026-08-28_1816`, which carries 10 quarantine_report.json
        # files. Raising the floor keeps it catching a shrink against current truth.
        assert len(paths) >= 72, "the committed artifact population shrank; re-pin before reading on"
    
        legs = 0
        affected_papers: dict[str, int] = {}
        withheld = 0
        cleared: list[str] = []
        for rel in paths:
            leg_dir = (REPO / rel).parent
            case = gold.get(leg_dir.parent.name)
            if case is None:
                continue
            coverage = json.load(io.open(REPO / rel, encoding="utf-8")).get("coverage") or {}
            out = contract_accepted_coverage(case, coverage)
            if out is None:
                continue
            legs += 1
            if out["excluded_count"]:
                affected_papers[case.paper_id] = affected_papers.get(case.paper_id, 0) + 1
                withheld += out["excluded_count"]
            if out["cleared_by_reconciliation"]:
                cleared.append(f"{case.paper_id}:{leg_dir.name}")
    
        # CENSUS PIN -- 62 -> 72, moved deliberately by C-106 under merge rule 4.
        # Commit `e77ad3d` ("T-107 official result") committed
        # `runs_verify/2026-08-28_1816`, which contributes EXACTLY 10 legs; every
        # other run's contribution is unchanged, and 62 is precisely the sum over the
        # other thirteen runs. Per-run attribution: `evidence/c106_census_probe.log`.
        #
        # This stays `==` and must NOT be relaxed to `>=`. The floor above uses `>=`
        # to catch the corpus SHRINKING. This one asserts the loop above VISITED
        # every leg it should have, and the census is how it knows how many that is.
        # A `>=` here would let a leg join the corpus and go unvisited -- a quiet
        # vacuity of exactly the F-144 shape. Moving it by hand whenever a run is
        # committed is the correct cost: that is the moment someone confirms the new
        # legs were meant to be there.
        assert legs == 72
        # Every one of the six ORCH-702 papers is still in the population.
        assert set(F132_PAPERS) <= set(affected_papers), sorted(affected_papers)
        # And ONE paper outside it, which ORCH-702 could not see: it counted
        # forbidden terms only among the UNMATCHED, so a forbidden term the pipeline
        # actually matched -- and was given coverage credit for -- was invisible to
        # it. PMC13231680 has three such legs and no unmatched forbidden term.
>       assert set(affected_papers) - set(F132_PAPERS) == {"PMC13231680"}
E       AssertionError: assert {'PMC12180156', 'PMC13231680'} == {'PMC13231680'}
E         
E         Extra items in the left set:
E         'PMC12180156'
E         Use -v to get more diff

tests\test_c102_coverage_denominator.py:422: AssertionError
_________ test_13_the_accepted_rate_is_a_rate_on_every_committed_leg __________

gold = {'PMC12096016': GoldCase(paper_id='PMC12096016', title='The enterobactin biosynthetic intermediate 2,3-dihydroxybenzoi...ontinuity in Results (the Fig 2H-J narrative is missing), so absent content there is not an extraction failure."), ...}

    def test_13_the_accepted_rate_is_a_rate_on_every_committed_leg(gold):
        """A numerator can never exceed its denominator, on any committed leg."""
    
        listed = subprocess.run(
            ["git", "ls-files", "*quarantine_report.json"],
            cwd=str(REPO), capture_output=True, text=True, encoding="utf-8", check=True,
        )
        paths = sorted(line.strip() for line in listed.stdout.splitlines() if line.strip())
    
        checked = with_matched_forbidden = 0
        for rel in paths:
            leg_dir = (REPO / rel).parent
            case = gold.get(leg_dir.parent.name)
            if case is None:
                continue
            coverage = json.load(io.open(REPO / rel, encoding="utf-8")).get("coverage") or {}
            out = contract_accepted_coverage(case, coverage)
            if out is None:
                continue
            checked += 1
            assert out["accepted_matched"] <= out["accepted_denominator"], rel
            if out["accepted_ratio"] is not None:
                assert 0.0 <= out["accepted_ratio"] <= 1.0, f"{rel}: {out['accepted_ratio']}"
            if any(e["matched_in_raw"] for e in out["excluded_terms"]):
                with_matched_forbidden += 1
                # Withheld from the numerator, so the accepted count MUST drop.
                assert out["accepted_matched"] < out["raw_matched"], rel
    
        # CENSUS PIN -- 62 -> 72. Same delta, same run, same commit as test 10's
        # `legs`: `e77ad3d` committed `runs_verify/2026-08-28_1816` and its 10 legs.
        # Stays `==`; see the note beside test 10 for why a `>=` here would make this
        # loop vacuous rather than tolerant.
        assert checked == 72
        # Non-vacuity, and the reason this test is not an empty loop: the corpus
        # really does contain matched forbidden terms. Twenty-three legs when
        # c102_numerator_verify.log measured it independently; TWENTY-SIX now.
        # 23 -> 26 is the 3 matched-forbidden legs `runs_verify/2026-08-28_1816`
        # contributes under commit `e77ad3d`; the other thirteen runs still sum to
        # 23. Like `withheld` in test 10 this pin is DERIVED and sat behind the
        # census assert, so C-106 is the first time it has ever run against the
        # grown corpus. Stays `==`.
>       assert with_matched_forbidden == 26, with_matched_forbidden
E       AssertionError: 29
E       assert 29 == 26

tests\test_c102_coverage_denominator.py:549: AssertionError
=========================== short test summary info ===========================
FAILED tests/test_c102_coverage_denominator.py::test_10_f132_population_regression_over_the_six_papers
FAILED tests/test_c102_coverage_denominator.py::test_13_the_accepted_rate_is_a_rate_on_every_committed_leg
2 failed, 501 passed in 55.73s

================ CLEANUP REPORT ================
report schema version   : 1
wrapper build           : sha256:83d139543d4c01b33984b6ca9fb0943db461d0ee5f85091623089a548b8abed0
wrapper path (executed) : C:\Users\Angad\Desktop\SummerBIOIN\Project14-T2PW\docs\pwml_recovery_sprint\evidence\bounded_run.py
wrapper vs HEAD         : clean  @ b05a7281e1b5de5ffac7e497068706fc0698cdb8  [git, worktree dirty=True]
label                   : smoke22-postf150
command                 : C:\Users\Angad\Desktop\SummerBIOIN\Project14-T2PW\.venv\Scripts\python.exe -m pytest -q --basetemp=C:/t/btorch718/smoke tests/test_reference_repair.py tests/test_strict_quarantine.py tests/test_strict_quarantine_contract_alignment.py tests/test_strict_quarantine_locks_and_scope.py tests/test_strict_quarantine_versioning.py tests/test_empty_extraction_payload.py tests/test_bench_goldset_and_semantic.py tests/test_bench_acquisition_and_artifacts.py tests/test_bench_controls.py tests/test_completeness_audit.py tests/test_batch_driver.py tests/test_stage3_gate_report_lifecycle.py tests/test_rag_admission_production_path.py tests/test_rag_gap_admission.py tests/test_rag_triage_orchestration.py tests/test_rag_provenance_gates.py tests/test_pipeline_reaction_rag_provenance.py tests/test_research_mode_orchestration.py tests/test_map_ids_name_gate.py tests/test_db_candidate_species_evidence.py tests/test_c102_coverage_denominator.py tests/test_c106_mutation_harness_executable.py
cwd                     : C:\Users\Angad\Desktop\SummerBIOIN\Project14-T2PW
root PID / process group: 474308 / None
isolation               : windows_job_object(KILL_ON_JOB_CLOSE)
timeout                 : 900 s
duration                : 57.48 s
exit reason             : nonzero
exit code (real)        : 1
returned code           : 1
descendants observed    : 10  474384:python.exe, 470152:python.exe, 474224:python.exe, 474244:python.exe, 474264:python.exe, 474332:python.exe, 471972:python.exe, 474580:python.exe, 474684:python.exe, 473856:git.exe
descendants terminated  : 10  470152, 471972, 473856, 474224, 474244, 474264, 474332, 474384, 474580, 474684
graceful attempted      : False
forced                  : False
FINAL SURVIVING COUNT   : 0
cleanup                 : success
json report             : docs/pwml_recovery_sprint/evidence/g11/ORCH-718/04-smoke22-postf150.json
json report written     : True
heavy lock              : C:\t\heavylock  holder=ORCH-718  acquired=True  released=True
pre-existing (reported, NEVER killed): 4
================================================
