code loaded from: C:\Users\Angad\Desktop\SummerBIOIN\Project14-T2PW\src\t2pw\curation\apply_audit_patch.py
final_mapped.json files: 104
ROWS: 692  ACCEPTED: 401  REFUSED: 291
SPANS OVER 5000 CHARS: 62  MAX SPAN: 176375

================ CLEANUP REPORT ================
report schema version   : 1
wrapper build           : sha256:83d139543d4c01b33984b6ca9fb0943db461d0ee5f85091623089a548b8abed0
wrapper path (executed) : C:\Users\Angad\Desktop\SummerBIOIN\Project14-T2PW\docs\pwml_recovery_sprint\evidence\bounded_run.py
wrapper vs HEAD         : clean  @ f67e00ae968a66823a541c4ae9b85c6d9cfa6e02  [git, worktree dirty=True]
label                   : baseline-corpus
command                 : C:\Users\Angad\Desktop\SummerBIOIN\Project14-T2PW\.venv\Scripts\python.exe docs/pwml_recovery_sprint/evidence/rev107_corpus.py C:/Users/Angad/Desktop/SummerBIOIN/Project14-T2PW C:/Users/Angad/Desktop/SummerBIOIN/Project14-T2PW C:/t/orch717/corpus_tip_f67e00a.json
cwd                     : C:\Users\Angad\Desktop\SummerBIOIN\Project14-T2PW
root PID / process group: 140292 / None
isolation               : windows_job_object(KILL_ON_JOB_CLOSE)
timeout                 : 600 s
duration                : 0.89 s
exit reason             : completed
exit code (real)        : 0
returned code           : 0
descendants observed    : 1  139840:python.exe
descendants terminated  : 1  139840
graceful attempted      : False
forced                  : False
FINAL SURVIVING COUNT   : 0
cleanup                 : success
json report             : C:\Users\Angad\Desktop\SummerBIOIN\Project14-T2PW\docs\pwml_recovery_sprint\evidence\g11\ORCH-717\14-baseline.corpus.json
json report written     : True
heavy lock              : C:\t\heavylock  holder=ORCH-717  acquired=True  released=True
pre-existing (reported, NEVER killed): 4
================================================
