line endings detected : b'\r\n'
==============================================================================
F-156: does removing the graph-delta enforcement break a test?
==============================================================================
target : C:\t\orch717mut\src\t2pw\rag\controller.py
bytes  : 16234  saved for restore (D-084)

--- BASELINE (unmutated): exit=0
....................................................                     [100%]
52 passed in 7.10s

--- MUTANT (enforcement removed): exit=1
E         Use -v to get more diff

tests\test_c055_rag_loop_wiring.py:599: AssertionError
=========================== short test summary info ===========================
FAILED tests/test_c055_rag_loop_wiring.py::test_a_refused_delta_does_not_advance_the_graph_and_says_which_rule
1 failed, 51 passed in 5.69s

restore replayed saved bytes : True

==============================================================================
MUTATION CAUGHT -- the enforcement is LOAD-BEARING and covered.
==============================================================================

================ CLEANUP REPORT ================
report schema version   : 1
wrapper build           : sha256:83d139543d4c01b33984b6ca9fb0943db461d0ee5f85091623089a548b8abed0
wrapper path (executed) : C:\Users\Angad\Desktop\SummerBIOIN\Project14-T2PW\docs\pwml_recovery_sprint\evidence\bounded_run.py
wrapper vs HEAD         : clean  @ 7a25765e8a3fbc2944c02071a296a975558f4c53  [git, worktree dirty=True]
label                   : f156-mutation2
command                 : C:\Users\Angad\Desktop\SummerBIOIN\Project14-T2PW\.venv\Scripts\python.exe docs/pwml_recovery_sprint/evidence/orch717_f156_mutation.py C:/t/orch717mut C:/Users/Angad/Desktop/SummerBIOIN/Project14-T2PW/.venv/Scripts/python.exe
cwd                     : C:\Users\Angad\Desktop\SummerBIOIN\Project14-T2PW
root PID / process group: 130776 / None
isolation               : windows_job_object(KILL_ON_JOB_CLOSE)
timeout                 : 900 s
duration                : 15.56 s
exit reason             : completed
exit code (real)        : 0
returned code           : 0
descendants observed    : 5  155696:python.exe, 147480:python.exe, 157692:python.exe, 153028:python.exe, 156184:python.exe
descendants terminated  : 5  147480, 153028, 155696, 156184, 157692
graceful attempted      : False
forced                  : False
FINAL SURVIVING COUNT   : 0
cleanup                 : success
json report             : C:\Users\Angad\Desktop\SummerBIOIN\Project14-T2PW\docs\pwml_recovery_sprint\evidence\g11\ORCH-717\21-f156.mutation2.json
json report written     : True
heavy lock              : C:\t\heavylock  holder=ORCH-717  acquired=True  released=True
pre-existing (reported, NEVER killed): 4
================================================
