roots scanned                  : 24
generated single-protein wrappers: 71
with a RESOLVED species ref     : 6
   explicit_entity_species      4
   single_pathway_species       2

================ CLEANUP REPORT ================
report schema version   : 1
wrapper build           : sha256:83d139543d4c01b33984b6ca9fb0943db461d0ee5f85091623089a548b8abed0
wrapper path (executed) : C:\Users\Angad\Desktop\SummerBIOIN\Project14-T2PW\docs\pwml_recovery_sprint\evidence\bounded_run.py
wrapper vs HEAD         : clean  @ 2d77cefdbaca6746589ce41101acd45868d163fc  [git, worktree dirty=True]
label                   : wrapper-species-census
command                 : C:\Users\Angad\Desktop\SummerBIOIN\Project14-T2PW\.venv\Scripts\python.exe -u C:/t/bt/census.py
cwd                     : C:\Users\Angad\Desktop\SummerBIOIN\Project14-T2PW
root PID / process group: 217096 / None
isolation               : windows_job_object(KILL_ON_JOB_CLOSE)
timeout                 : 600 s
duration                : 0.33 s
exit reason             : completed
exit code (real)        : 0
returned code           : 0
descendants observed    : 1  217108:python.exe
descendants terminated  : 1  217108
graceful attempted      : False
forced                  : False
FINAL SURVIVING COUNT   : 0
cleanup                 : success
json report             : C:\Users\Angad\Desktop\SummerBIOIN\Project14-T2PW\docs\pwml_recovery_sprint\evidence\g11\ORCH-711\11-wrapper-species-census.json
json report written     : True
pre-existing (reported, NEVER killed): 4
================================================
