leg-duration census  |  roots: runs, runs_verify
====================================================================================================

TREE runs/2026-07-27_1623
  legs=8   finished=8   timeout=0   operational=0   crash=0    ceiling_in_force=None
  FINISHED durations: min=71.6  median=975.1  max=1534.1

TREE runs/2026-07-27_2135
  legs=56  finished=0   timeout=0   operational=0   crash=56   ceiling_in_force=None
  56 CRASHED leg(s) EXCLUDED from the distribution -- infrastructure, not duration

TREE runs/2026-07-28_0919
  legs=5   finished=5   timeout=0   operational=0   crash=0    ceiling_in_force=None
  FINISHED durations: min=54.7  median=2098.2  max=2988.2

TREE runs/2026-07-28_2122
  legs=32  finished=32  timeout=0   operational=0   crash=0    ceiling_in_force=None
  FINISHED durations: min=16.6  median=1260.6  max=3421.4

TREE runs/2026-08-02_2130
  legs=20  finished=20  timeout=0   operational=0   crash=0    ceiling_in_force=None
  FINISHED durations: min=15.1  median=872.3  max=2681.4

TREE runs_verify/2026-08-04_1148
  legs=1   finished=1   timeout=0   operational=0   crash=0    ceiling_in_force=None
  FINISHED durations: min=1136.2  median=1136.2  max=1136.2

TREE runs_verify/2026-08-04_1207
  legs=1   finished=1   timeout=0   operational=0   crash=0    ceiling_in_force=None
  FINISHED durations: min=945.4  median=945.4  max=945.4

TREE runs_verify/2026-08-04_1234
  legs=2   finished=2   timeout=0   operational=0   crash=0    ceiling_in_force=None
  FINISHED durations: min=712.6  median=1091.1  max=1091.1

TREE runs_verify/2026-08-04_1306
  legs=3   finished=3   timeout=0   operational=0   crash=0    ceiling_in_force=None
  FINISHED durations: min=538.1  median=1099.5  max=1193.9

TREE runs_verify/2026-08-04_1358
  legs=1   finished=1   timeout=0   operational=0   crash=0    ceiling_in_force=None
  FINISHED durations: min=1025.2  median=1025.2  max=1025.2

TREE runs_verify/2026-08-04_1504
  legs=1   finished=1   timeout=0   operational=0   crash=0    ceiling_in_force=None
  FINISHED durations: min=952.8  median=952.8  max=952.8

TREE runs_verify/2026-08-04_1647
  legs=1   finished=1   timeout=0   operational=0   crash=0    ceiling_in_force=None
  FINISHED durations: min=1101.4  median=1101.4  max=1101.4

TREE runs_verify/2026-08-04_1754
  legs=12  finished=10  timeout=2   operational=0   crash=0    ceiling_in_force=None
  FINISHED durations: min=24.5  median=1083.5  max=1510.7
  TIMED OUT at: 1800.6, 1800.8   <-- CENSORED at the ceiling; bounds nothing from above

TREE runs_verify/2026-08-18_1328
  legs=4   finished=3   timeout=0   operational=0   crash=1    ceiling_in_force=None
  1 CRASHED leg(s) EXCLUDED from the distribution -- infrastructure, not duration
  FINISHED durations: min=908.3  median=1151.9  max=1275.0

TREE runs_verify/2026-08-21_1743
  legs=1   finished=1   timeout=0   operational=0   crash=0    ceiling_in_force=None
  FINISHED durations: min=734.1  median=734.1  max=734.1

TREE runs_verify/2026-08-21_1822
  legs=6   finished=4   timeout=2   operational=0   crash=0    ceiling_in_force=1800.0
  FINISHED durations: min=281.1  median=927.9  max=1364.4
  slowest finisher used 75.8% of the 1800s ceiling (436s headroom)
  TIMED OUT at: 1706.2, 1800.5   <-- CENSORED at the ceiling; bounds nothing from above

TREE runs_verify/2026-08-21_2014
  legs=2   finished=2   timeout=0   operational=0   crash=0    ceiling_in_force=None
  FINISHED durations: min=1173.3  median=1315.3  max=1315.3

TREE runs_verify/2026-08-21_2057
  legs=4   finished=4   timeout=0   operational=0   crash=0    ceiling_in_force=None
  FINISHED durations: min=905.7  median=1074.7  max=1439.3

TREE runs_verify/2026-08-21_2239
  legs=20  finished=18  timeout=2   operational=0   crash=0    ceiling_in_force=1800.0
  FINISHED durations: min=240.1  median=987.7  max=1248.9
  slowest finisher used 69.4% of the 1800s ceiling (551s headroom)
  TIMED OUT at: 1800.3, 1800.4   <-- CENSORED at the ceiling; bounds nothing from above

TREE runs_verify/2026-08-22_1821
  legs=1   finished=1   timeout=0   operational=0   crash=0    ceiling_in_force=None
  FINISHED durations: min=995.8  median=995.8  max=995.8

TREE runs_verify/2026-08-22_2017
  legs=4   finished=4   timeout=0   operational=0   crash=0    ceiling_in_force=None
  FINISHED durations: min=810.1  median=1064.0  max=1526.0

TREE runs_verify/2026-08-22_2147
  legs=20  finished=18  timeout=2   operational=0   crash=0    ceiling_in_force=1800.0
  FINISHED durations: min=209.6  median=792.0  max=1454.7
  slowest finisher used 80.8% of the 1800s ceiling (345s headroom)
  TIMED OUT at: 1749.4, 1800.3   <-- CENSORED at the ceiling; bounds nothing from above

TREE runs_verify/2026-08-24_1203
  legs=8   finished=8   timeout=0   operational=0   crash=0    ceiling_in_force=None
  FINISHED durations: min=122.8  median=972.3  max=1434.6

TREE runs_verify/2026-08-24_1402
  legs=2   finished=2   timeout=0   operational=0   crash=0    ceiling_in_force=None
  FINISHED durations: min=672.0  median=802.2  max=802.2

TREE runs_verify/2026-08-24_1428
  legs=20  finished=19  timeout=0   operational=0   crash=1    ceiling_in_force=None
  1 CRASHED leg(s) EXCLUDED from the distribution -- infrastructure, not duration
  FINISHED durations: min=308.7  median=858.4  max=1864.5

TREE runs_verify/2026-08-25_1216
  legs=4   finished=4   timeout=0   operational=0   crash=0    ceiling_in_force=None
  FINISHED durations: min=11.0  median=2537.2  max=3156.4

TREE runs_verify/2026-08-27_1341
  legs=2   finished=2   timeout=0   operational=0   crash=0    ceiling_in_force=None
  FINISHED durations: min=907.5  median=1388.3  max=1388.3

TREE runs_verify/2026-08-28_1816
  legs=20  finished=17  timeout=3   operational=0   crash=0    ceiling_in_force=1800.0
  FINISHED durations: min=492.4  median=720.1  max=1657.8
  slowest finisher used 92.1% of the 1800s ceiling (142s headroom)
  TIMED OUT at: 1798.3, 1800.2, 1800.5   <-- CENSORED at the ceiling; bounds nothing from above

====================================================================================================
POOLED ACROSS EVERY TREE -- finished legs only
  n=192  min=11.0  median=927.9  p90=1609.0  max=3421.4
  slowest finisher anywhere: 3421.4s in runs/2026-07-28_2122

  Headroom that each candidate ceiling would have left the slowest OBSERVED finisher:
      1800s ceiling -> slowest finisher uses 190.1%  (-1621s headroom, child deadline 1680s after the 120s reserve)
      2400s ceiling -> slowest finisher uses 142.6%  (-1021s headroom, child deadline 2280s after the 120s reserve)
      3000s ceiling -> slowest finisher uses 114.0%  (-421s headroom, child deadline 2880s after the 120s reserve)
      3600s ceiling -> slowest finisher uses  95.0%  (179s headroom, child deadline 3480s after the 120s reserve)

  NOTE: every timed-out leg is CENSORED -- it proves only that the work needed
  MORE than the ceiling, never how much more. The true requirement is therefore
  at least the pooled max above, and possibly much larger. A ceiling chosen to
  just clear the observed max is a ceiling chosen to fail on the next slow leg.

================ CLEANUP REPORT ================
report schema version   : 1
wrapper build           : sha256:83d139543d4c01b33984b6ca9fb0943db461d0ee5f85091623089a548b8abed0
wrapper path (executed) : C:\Users\Angad\Desktop\SummerBIOIN\Project14-T2PW\docs\pwml_recovery_sprint\evidence\bounded_run.py
wrapper vs HEAD         : clean  @ 45c4f73996bdf312284d204936df2218dbb076db  [git, worktree dirty=True]
label                   : leg-duration-census-r2
command                 : C:\Users\Angad\Desktop\SummerBIOIN\Project14-T2PW\.venv\Scripts\python.exe docs/pwml_recovery_sprint/evidence/orch718_leg_duration_census.py c:/Users/Angad/Desktop/SummerBIOIN/Project14-T2PW
cwd                     : C:\Users\Angad\Desktop\SummerBIOIN\Project14-T2PW
root PID / process group: 466444 / None
isolation               : windows_job_object(KILL_ON_JOB_CLOSE)
timeout                 : 300 s
duration                : 0.36 s
exit reason             : completed
exit code (real)        : 0
returned code           : 0
descendants observed    : 0
descendants terminated  : 0
graceful attempted      : False
forced                  : False
FINAL SURVIVING COUNT   : 0
cleanup                 : success
json report             : docs/pwml_recovery_sprint/evidence/g11/ORCH-718/02-leg-duration-census-r2.json
json report written     : True
pre-existing (reported, NEVER killed): 4
================================================
