........................................................................ [ 14%]
........................................................................ [ 28%]
........................................................................ [ 42%]
........................................................................ [ 57%]
........................................................................ [ 71%]
........................................................................ [ 85%]
.......................................................................  [100%]
503 passed in 49.77s

================ CLEANUP REPORT ================
report schema version   : 1
wrapper build           : sha256:83d139543d4c01b33984b6ca9fb0943db461d0ee5f85091623089a548b8abed0
wrapper path (executed) : C:\Users\Angad\Desktop\SummerBIOIN\Project14-T2PW\docs\pwml_recovery_sprint\evidence\bounded_run.py
wrapper vs HEAD         : clean  @ baa1509998eef083284cc7c61093aca2ec7918c6  [git, worktree dirty=True]
label                   : merge110-smoke
command                 : C:\Users\Angad\Desktop\SummerBIOIN\Project14-T2PW\.venv\Scripts\python.exe -m pytest -q --basetemp=C:/t/bt/m110s tests/test_reference_repair.py tests/test_strict_quarantine.py tests/test_strict_quarantine_contract_alignment.py tests/test_strict_quarantine_locks_and_scope.py tests/test_strict_quarantine_versioning.py tests/test_empty_extraction_payload.py tests/test_bench_goldset_and_semantic.py tests/test_bench_acquisition_and_artifacts.py tests/test_bench_controls.py tests/test_completeness_audit.py tests/test_batch_driver.py tests/test_stage3_gate_report_lifecycle.py tests/test_rag_admission_production_path.py tests/test_rag_gap_admission.py tests/test_rag_triage_orchestration.py tests/test_rag_provenance_gates.py tests/test_pipeline_reaction_rag_provenance.py tests/test_research_mode_orchestration.py tests/test_map_ids_name_gate.py tests/test_db_candidate_species_evidence.py tests/test_c102_coverage_denominator.py tests/test_c106_mutation_harness_executable.py
cwd                     : C:\Users\Angad\Desktop\SummerBIOIN\Project14-T2PW
root PID / process group: 235204 / None
isolation               : windows_job_object(KILL_ON_JOB_CLOSE)
timeout                 : 900 s
duration                : 51.28 s
exit reason             : completed
exit code (real)        : 0
returned code           : 0
descendants observed    : 11  235240:python.exe, 229468:python.exe, 235340:python.exe, 229800:python.exe, 235300:python.exe, 235524:python.exe, 236532:python.exe, 235664:python.exe, 235696:python.exe, 221724:git.exe, 236180:git.exe
descendants terminated  : 11  221724, 229468, 229800, 235240, 235300, 235340, 235524, 235664, 235696, 236180, 236532
graceful attempted      : False
forced                  : False
FINAL SURVIVING COUNT   : 0
cleanup                 : success
json report             : C:\Users\Angad\Desktop\SummerBIOIN\Project14-T2PW\docs\pwml_recovery_sprint\evidence\g11\ORCH-717\30-merge110.smoke.json
json report written     : True
heavy lock              : C:\t\heavylock  holder=ORCH-717  acquired=True  released=True
pre-existing (reported, NEVER killed): 4
================================================
