=== F-150 half 1: the delta spelling gap ===
  forbidden_match('5-aminolevulinic acid'           ) -> '5-aminolevulinic acid'
  forbidden_match('delta-aminolevulinic acid'       ) -> None
Traceback (most recent call last):
  File "C:\Users\Angad\Desktop\SummerBIOIN\Project14-T2PW\docs\pwml_recovery_sprint\evidence\orch717_f150_verify.py", line 13, in <module>
    print(f"  forbidden_match({term!r:34s}) -> {getattr(hit,'name',None)!r}")
    ~~~~~^^^^^^^^^^^^^^^^^^^^^^^^^^^^^^^^^^^^^^^^^^^^^^^^^^^^^^^^^^^^^^^^^^^^
  File "C:\Python313\Lib\encodings\cp1252.py", line 19, in encode
    return codecs.charmap_encode(input,self.errors,encoding_table)[0]
           ~~~~~~~~~~~~~~~~~~~~~^^^^^^^^^^^^^^^^^^^^^^^^^^^^^^^^^^
UnicodeEncodeError: 'charmap' codec can't encode character '\u03b4' in position 19: character maps to <undefined>

================ CLEANUP REPORT ================
report schema version   : 1
wrapper build           : sha256:83d139543d4c01b33984b6ca9fb0943db461d0ee5f85091623089a548b8abed0
wrapper path (executed) : C:\Users\Angad\Desktop\SummerBIOIN\Project14-T2PW\docs\pwml_recovery_sprint\evidence\bounded_run.py
wrapper vs HEAD         : clean  @ 65546352afb81ea954060d50a81ea4fae3b7dd80  [git, worktree dirty=True]
label                   : orch717-f150-verify
command                 : c:\Users\Angad\Desktop\SummerBIOIN\Project14-T2PW\.venv\Scripts\python.exe -u docs/pwml_recovery_sprint/evidence/orch717_f150_verify.py c:/Users/Angad/Desktop/SummerBIOIN/Project14-T2PW
cwd                     : C:\Users\Angad\Desktop\SummerBIOIN\Project14-T2PW
root PID / process group: 53820 / None
isolation               : windows_job_object(KILL_ON_JOB_CLOSE)
timeout                 : 240 s
duration                : 0.14 s
exit reason             : nonzero
exit code (real)        : 1
returned code           : 1
descendants observed    : 1  53784:python.exe
descendants terminated  : 1  53784
graceful attempted      : False
forced                  : False
FINAL SURVIVING COUNT   : 0
cleanup                 : success
json report             : C:\Users\Angad\Desktop\SummerBIOIN\Project14-T2PW\docs\pwml_recovery_sprint\evidence\g11\ORCH-717\04-f150-verify.json
json report written     : True
pre-existing (reported, NEVER killed): 10
================================================
