 1. tests/test_protein_export_policy.py                            passed= 63 failed=0 skipped=0 errors=0  exit=0
 2. tests/test_c056b_semantic_denominators.py                      passed= 10 failed=0 skipped=0 errors=0  exit=0
 3. tests/test_batch_pwml_artifact_naming.py                       passed= 13 failed=0 skipped=0 errors=0  exit=0
 4. tests/test_c074_strict_core_floor.py                           passed= 31 failed=0 skipped=0 errors=0  exit=0
 5. tests/test_c076_alias_holo_apo_identity.py                     passed= 28 failed=0 skipped=0 errors=0  exit=0
 6. tests/test_c077_stage0_conflict_disposition.py                 passed= 14 failed=0 skipped=0 errors=0  exit=0
 7. tests/test_c081_cofactor_role_identity.py                      passed= 25 failed=0 skipped=0 errors=0  exit=0
 8. tests/test_c085_priority2_honesty.py                           passed= 11 failed=0 skipped=0 errors=0  exit=0
 9. tests/test_c088_extracted_not_serialized_disposition.py        passed= 20 failed=0 skipped=0 errors=0  exit=0
10. tests/test_cofactor_policy.py                                  passed= 36 failed=0 skipped=0 errors=0  exit=0
11. tests/test_rag_multi_relation_spans.py                         passed= 19 failed=0 skipped=0 errors=0  exit=0
12. tests/test_release_status_classification.py                    passed= 12 failed=0 skipped=0 errors=0  exit=0
13. tests/test_semantic_production_no_gold.py                      passed=  8 failed=0 skipped=0 errors=0  exit=0
14. tests/test_strict_failure_replay.py                            passed= 40 failed=0 skipped=8 errors=0  exit=0
15. tests/test_batch_driver_quarantine_artifacts.py                passed=  8 failed=0 skipped=0 errors=0  exit=0
16. tests/test_c056c_semantic_evaluability.py                      passed= 11 failed=0 skipped=0 errors=0  exit=0
17. tests/test_c071_actor_evidence_gate.py                         passed=  8 failed=0 skipped=0 errors=0  exit=0
18. tests/test_c080_production_gate_kind_aware.py                  passed= 19 failed=0 skipped=0 errors=0  exit=0
19. tests/test_c089_participant_schema.py                          passed= 31 failed=0 skipped=0 errors=0  exit=0
20. tests/test_c090_wrapper_identity_actor_evidence.py             passed=  8 failed=0 skipped=0 errors=0  exit=0
21. tests/test_c097_semantic_name_keys.py                          passed= 16 failed=0 skipped=0 errors=0  exit=0
22. tests/test_semantic_release_gating.py                          passed= 25 failed=0 skipped=0 errors=0  exit=0

files run    : 22
split totals : 456 passed, 0 failed, 8 skipped, 0 errors
reds (0):

================ CLEANUP REPORT ================
report schema version   : 1
wrapper build           : sha256:83d139543d4c01b33984b6ca9fb0943db461d0ee5f85091623089a548b8abed0
wrapper path (executed) : C:\Users\Angad\Desktop\SummerBIOIN\Project14-T2PW\docs\pwml_recovery_sprint\evidence\bounded_run.py
wrapper vs HEAD         : clean  @ c942f7742f6bc1c04a7af99fb47ff689209ca78a  [git, worktree dirty=True]
label                   : goldreaders-allthree
command                 : C:\Users\Angad\Desktop\SummerBIOIN\Project14-T2PW\.venv\Scripts\python.exe docs/pwml_recovery_sprint/evidence/c102_goldreaders_split.py c:/Users/Angad/Desktop/SummerBIOIN/Project14-T2PW C:/t/btorch718/gr3
cwd                     : C:\Users\Angad\Desktop\SummerBIOIN\Project14-T2PW
root PID / process group: 201900 / None
isolation               : windows_job_object(KILL_ON_JOB_CLOSE)
timeout                 : 400 s
duration                : 81.79 s
exit reason             : completed
exit code (real)        : 0
returned code           : 0
descendants observed    : 51  564864:python.exe, 572460:python.exe, 573904:python.exe, 562336:python.exe, 572796:python.exe, 571492:python.exe, 567172:python.exe, 523520:python.exe, 574328:python.exe, 565464:git.exe, 452424:git.exe, 452440:git.exe, 572680:git.exe, 452520:git.exe, 523516:python.exe, 572564:python.exe, 573756:python.exe, 573848:python.exe, 572884:python.exe, 529860:python.exe, 452444:python.exe, 473624:python.exe, 539548:python.exe, 573172:python.exe, 450776:python.exe, 562916:python.exe, 452412:python.exe, 572888:python.exe, 567032:python.exe, 574420:python.exe, 564992:python.exe, 573560:python.exe, 573128:python.exe, 565664:python.exe, 569856:python.exe, 565456:python.exe, 574132:python.exe, 572244:python.exe, 571724:python.exe, 571996:python.exe, 574052:python.exe, 571408:python.exe, 572456:python.exe, 452420:python.exe, 565836:python.exe, 575120:python.exe, 575152:python.exe, 575320:python.exe, 575340:python.exe, 575436:python.exe, 575456:python.exe
descendants terminated  : 51  450776, 452412, 452420, 452424, 452440, 452444, 452520, 473624, 523516, 523520, 529860, 539548, 562336, 562916, 564864, 564992, 565456, 565464, 565664, 565836, 567032, 567172, 569856, 571408, 571492, 571724, 571996, 572244, 572456, 572460, 572564, 572680, 572796, 572884, 572888, 573128, 573172, 573560, 573756, 573848, 573904, 574052, 574132, 574328, 574420, 575120, 575152, 575320, 575340, 575436, 575456
graceful attempted      : False
forced                  : False
FINAL SURVIVING COUNT   : 0
cleanup                 : success
json report             : C:\Users\Angad\Desktop\SummerBIOIN\Project14-T2PW\docs\pwml_recovery_sprint\evidence\g11\ORCH-718\11-goldreaders-allthree.json
json report written     : True
heavy lock              : C:\t\heavylock  holder=ORCH-718  acquired=True  released=True
pre-existing (reported, NEVER killed): 4
================================================
