task        : REV-108 (stem rev108)
worktree    : C:\t\rev108
integration : C:\Users\Angad\Desktop\SummerBIOIN\Project14-T2PW@sprint/pwml-recovery
enumerated  : 104  reachable 104  unreachable 0
exit_reason : all_reachable
exit_code   : 0

================ CLEANUP REPORT ================
report schema version   : 1
wrapper build           : sha256:83d139543d4c01b33984b6ca9fb0943db461d0ee5f85091623089a548b8abed0
wrapper path (executed) : C:\Users\Angad\Desktop\SummerBIOIN\Project14-T2PW\docs\pwml_recovery_sprint\evidence\bounded_run.py
wrapper vs HEAD         : clean  @ 2e2a294e4141cc175edeff37b8acbd36ca3872ba  [git, worktree dirty=True]
label                   : merge108-route
command                 : C:\Users\Angad\Desktop\SummerBIOIN\Project14-T2PW\.venv\Scripts\python.exe docs/pwml_recovery_sprint/evidence/reviewer_evidence_route.py --task REV-108 --worktree C:/t/rev108 --integration-repo C:/Users/Angad/Desktop/SummerBIOIN/Project14-T2PW
cwd                     : C:\Users\Angad\Desktop\SummerBIOIN\Project14-T2PW
root PID / process group: 245568 / None
isolation               : windows_job_object(KILL_ON_JOB_CLOSE)
timeout                 : 300 s
duration                : 0.34 s
exit reason             : completed
exit code (real)        : 0
returned code           : 0
descendants observed    : 1  183152:python.exe
descendants terminated  : 1  183152
graceful attempted      : False
forced                  : False
FINAL SURVIVING COUNT   : 0
cleanup                 : success
json report             : C:\Users\Angad\Desktop\SummerBIOIN\Project14-T2PW\docs\pwml_recovery_sprint\evidence\g11\ORCH-717\38-merge108.route.json
json report written     : True
pre-existing (reported, NEVER killed): 4
================================================
