.........F..F.                                                           [100%]
================================== FAILURES ===================================
___________ test_10_f132_population_regression_over_the_six_papers ____________

gold = {'PMC12096016': GoldCase(paper_id='PMC12096016', title='The enterobactin biosynthetic intermediate 2,3-dihydroxybenzoi...ontinuity in Results (the Fig 2H-J narrative is missing), so absent content there is not an extraction failure."), ...}

    def test_10_f132_population_regression_over_the_six_papers(gold):
        """Offline, over every committed quarantine_report.json. No leg is re-run."""
    
        listed = subprocess.run(
            ["git", "ls-files", "*quarantine_report.json"],
            cwd=str(REPO), capture_output=True, text=True, encoding="utf-8", check=True,
        )
        paths = sorted(line.strip() for line in listed.stdout.splitlines() if line.strip())
        assert len(paths) >= 62, "the committed artifact population shrank; re-pin before reading on"
    
        legs = 0
        affected_papers: dict[str, int] = {}
        withheld = 0
        cleared: list[str] = []
        for rel in paths:
            leg_dir = (REPO / rel).parent
            case = gold.get(leg_dir.parent.name)
            if case is None:
                continue
            coverage = json.load(io.open(REPO / rel, encoding="utf-8")).get("coverage") or {}
            out = contract_accepted_coverage(case, coverage)
            if out is None:
                continue
            legs += 1
            if out["excluded_count"]:
                affected_papers[case.paper_id] = affected_papers.get(case.paper_id, 0) + 1
                withheld += out["excluded_count"]
            if out["cleared_by_reconciliation"]:
                cleared.append(f"{case.paper_id}:{leg_dir.name}")
    
>       assert legs == 62
E       assert 72 == 62

tests\test_c102_coverage_denominator.py:397: AssertionError
_________ test_13_the_accepted_rate_is_a_rate_on_every_committed_leg __________

gold = {'PMC12096016': GoldCase(paper_id='PMC12096016', title='The enterobactin biosynthetic intermediate 2,3-dihydroxybenzoi...ontinuity in Results (the Fig 2H-J narrative is missing), so absent content there is not an extraction failure."), ...}

    def test_13_the_accepted_rate_is_a_rate_on_every_committed_leg(gold):
        """A numerator can never exceed its denominator, on any committed leg."""
    
        listed = subprocess.run(
            ["git", "ls-files", "*quarantine_report.json"],
            cwd=str(REPO), capture_output=True, text=True, encoding="utf-8", check=True,
        )
        paths = sorted(line.strip() for line in listed.stdout.splitlines() if line.strip())
    
        checked = with_matched_forbidden = 0
        for rel in paths:
            leg_dir = (REPO / rel).parent
            case = gold.get(leg_dir.parent.name)
            if case is None:
                continue
            coverage = json.load(io.open(REPO / rel, encoding="utf-8")).get("coverage") or {}
            out = contract_accepted_coverage(case, coverage)
            if out is None:
                continue
            checked += 1
            assert out["accepted_matched"] <= out["accepted_denominator"], rel
            if out["accepted_ratio"] is not None:
                assert 0.0 <= out["accepted_ratio"] <= 1.0, f"{rel}: {out['accepted_ratio']}"
            if any(e["matched_in_raw"] for e in out["excluded_terms"]):
                with_matched_forbidden += 1
                # Withheld from the numerator, so the accepted count MUST drop.
                assert out["accepted_matched"] < out["raw_matched"], rel
    
>       assert checked == 62
E       assert 72 == 62

tests\test_c102_coverage_denominator.py:511: AssertionError
=========================== short test summary info ===========================
FAILED tests/test_c102_coverage_denominator.py::test_10_f132_population_regression_over_the_six_papers
FAILED tests/test_c102_coverage_denominator.py::test_13_the_accepted_rate_is_a_rate_on_every_committed_leg
2 failed, 12 passed in 3.87s

================ CLEANUP REPORT ================
report schema version   : 1
wrapper build           : sha256:83d139543d4c01b33984b6ca9fb0943db461d0ee5f85091623089a548b8abed0
wrapper path (executed) : C:\Users\Angad\Desktop\SummerBIOIN\Project14-T2PW\docs\pwml_recovery_sprint\evidence\bounded_run.py
wrapper vs HEAD         : clean  @ 24c58c2820d527074f003f528ab64eee71a4ab0e  [git, worktree dirty=True]
label                   : orch717-c102-base-red
command                 : c:\Users\Angad\Desktop\SummerBIOIN\Project14-T2PW\.venv\Scripts\python.exe -m pytest tests/test_c102_coverage_denominator.py -q --no-header -rf --basetemp=C:/t/bt/o717base
cwd                     : C:\Users\Angad\Desktop\SummerBIOIN\Project14-T2PW
root PID / process group: 44652 / None
isolation               : windows_job_object(KILL_ON_JOB_CLOSE)
timeout                 : 400 s
duration                : 5.25 s
exit reason             : nonzero
exit code (real)        : 1
returned code           : 1
descendants observed    : 1  44524:python.exe
descendants terminated  : 1  44524
graceful attempted      : False
forced                  : False
FINAL SURVIVING COUNT   : 0
cleanup                 : success
json report             : C:\Users\Angad\Desktop\SummerBIOIN\Project14-T2PW\docs\pwml_recovery_sprint\evidence\g11\ORCH-717\01-c102-base-red.json
json report written     : True
heavy lock              : C:\t\heavylock  holder=ORCH-717  acquired=True  released=True
pre-existing (reported, NEVER killed): 4
================================================
