T2PW: c:\Users\Angad\Desktop\SummerBIOIN\Project14-T2PW\src\t2pw\__init__.py
........................                                                 [100%]
24 passed in 6.96s

================ CLEANUP REPORT ================
report schema version   : 1
wrapper build           : sha256:83d139543d4c01b33984b6ca9fb0943db461d0ee5f85091623089a548b8abed0
wrapper path (executed) : C:\Users\Angad\Desktop\SummerBIOIN\Project14-T2PW\docs\pwml_recovery_sprint\evidence\bounded_run.py
wrapper vs HEAD         : clean  @ fa0a191c4736e6e939d1a9f74c436d766d0ab438  [git, worktree dirty=True]
label                   : affected-files-v3
command                 : C:\Users\Angad\Desktop\SummerBIOIN\Project14-T2PW\.venv\Scripts\python.exe -u docs/pwml_recovery_sprint/evidence/pinned_pytest.py --expect-tree c:/Users/Angad/Desktop/SummerBIOIN/Project14-T2PW --pin-verdict docs/pwml_recovery_sprint/evidence/g11/pin/ORCH-722/08-affected-files-v3.pin.json tests/test_batch_driver_quarantine_artifacts.py tests/test_d088_coverage_diagnostics.py --basetemp=C:/t/orch722/bt08 --tb=line -q
cwd                     : C:\Users\Angad\Desktop\SummerBIOIN\Project14-T2PW
root PID / process group: 462628 / None
isolation               : windows_job_object(KILL_ON_JOB_CLOSE)
timeout                 : 1800 s
duration                : 8.29 s
exit reason             : completed
exit code (real)        : 0
returned code           : 0
descendants observed    : 2  457508:python.exe, 463848:git.exe
descendants terminated  : 2  457508, 463848
graceful attempted      : False
forced                  : False
FINAL SURVIVING COUNT   : 0
cleanup                 : success
json report             : docs/pwml_recovery_sprint/evidence/g11/ORCH-722/08-affected-files-v3.json
json report written     : True
pre-existing (reported, NEVER killed): 4
================================================
