code loaded from: C:\t\rev108base\src\t2pw\curation\apply_audit_patch.py

==============================================================================
BLOCKING CANDIDATES -- actor IS shut down; a CATALYST row must be REFUSED
==============================================================================
  ACCEPT  <<< ADMITTED (contra did not fire)
     'P4X is a target of the inhibitor and catalyses the conversion of A to B'
  ACCEPT  <<< ADMITTED (contra did not fire)
     'P4X was subject to inhibitors during the assay, yet catalyses A to B'
  ACCEPT  <<< ADMITTED (contra did not fire)
     'P4X, whose inhibitor was characterised, catalyses the conversion of A to B'
  ACCEPT  <<< ADMITTED (contra did not fire)
     'the repressor bound P4X and the catalysis of A to B stopped'

  ADMITTED (want 0): 4 / 4

==============================================================================
APPOSITIVE NAMINGS -- member (d)'s purpose; these SHOULD be ACCEPTed
==============================================================================
  ACCEPT
     'the repressor complex P4X catalyses the conversion of A to B'
  ACCEPT
     'the suppressor protein P4X catalyses the conversion of A to B'
  ACCEPT
     'the inhibitor protein P4X catalyses the conversion of A to B'

  REFUSED (want 0): 0 / 3

==============================================================================
PINNED -- attenuation of the actor's activity must stay REFUSED
==============================================================================
  ACCEPT  <<< LEAKED
     'A significantly inhibited P4X activity in the assay'

  ADMITTED (want 0): 1 / 1

==============================================================================
SUMMARY  blocking_admitted=4  appositive_refused=0  pinned_leaked=1
==============================================================================

================ CLEANUP REPORT ================
report schema version   : 1
wrapper build           : sha256:83d139543d4c01b33984b6ca9fb0943db461d0ee5f85091623089a548b8abed0
wrapper path (executed) : C:\Users\Angad\Desktop\SummerBIOIN\Project14-T2PW\docs\pwml_recovery_sprint\evidence\bounded_run.py
wrapper vs HEAD         : clean  @ ff4219bc53987cb5ae3a6dae0628a09204a85dc8  [git, worktree dirty=True]
label                   : rev108-verify-base
command                 : C:\Users\Angad\Desktop\SummerBIOIN\Project14-T2PW\.venv\Scripts\python.exe docs/pwml_recovery_sprint/evidence/orch717_rev108_blocking_verify.py C:/t/rev108base
cwd                     : C:\Users\Angad\Desktop\SummerBIOIN\Project14-T2PW
root PID / process group: 196752 / None
isolation               : windows_job_object(KILL_ON_JOB_CLOSE)
timeout                 : 300 s
duration                : 0.19 s
exit reason             : completed
exit code (real)        : 0
returned code           : 0
descendants observed    : 1  196764:python.exe
descendants terminated  : 1  196764
graceful attempted      : False
forced                  : False
FINAL SURVIVING COUNT   : 0
cleanup                 : success
json report             : C:\Users\Angad\Desktop\SummerBIOIN\Project14-T2PW\docs\pwml_recovery_sprint\evidence\g11\ORCH-717\25-rev108.verify.base.json
json report written     : True
pre-existing (reported, NEVER killed): 4
================================================
