........................................................................ [ 14%]
........................................................................ [ 28%]
........................................................................ [ 42%]
........................................................................ [ 57%]
........................................................................ [ 71%]
........................................................................ [ 85%]
.......................................................................  [100%]
503 passed in 46.39s

================ CLEANUP REPORT ================
report schema version   : 1
wrapper build           : sha256:83d139543d4c01b33984b6ca9fb0943db461d0ee5f85091623089a548b8abed0
wrapper path (executed) : C:\Users\Angad\Desktop\SummerBIOIN\Project14-T2PW\docs\pwml_recovery_sprint\evidence\bounded_run.py
wrapper vs HEAD         : clean  @ 700c943426b26c173af93c14dc012a06629d0f08  [git, worktree dirty=True]
label                   : smoke22-postrevert
command                 : C:\Users\Angad\Desktop\SummerBIOIN\Project14-T2PW\.venv\Scripts\python.exe -m pytest -q --basetemp=C:/t/btorch718/smoke2 tests/test_reference_repair.py tests/test_strict_quarantine.py tests/test_strict_quarantine_contract_alignment.py tests/test_strict_quarantine_locks_and_scope.py tests/test_strict_quarantine_versioning.py tests/test_empty_extraction_payload.py tests/test_bench_goldset_and_semantic.py tests/test_bench_acquisition_and_artifacts.py tests/test_bench_controls.py tests/test_completeness_audit.py tests/test_batch_driver.py tests/test_stage3_gate_report_lifecycle.py tests/test_rag_admission_production_path.py tests/test_rag_gap_admission.py tests/test_rag_triage_orchestration.py tests/test_rag_provenance_gates.py tests/test_pipeline_reaction_rag_provenance.py tests/test_research_mode_orchestration.py tests/test_map_ids_name_gate.py tests/test_db_candidate_species_evidence.py tests/test_c102_coverage_denominator.py tests/test_c106_mutation_harness_executable.py
cwd                     : C:\Users\Angad\Desktop\SummerBIOIN\Project14-T2PW
root PID / process group: 474248 / None
isolation               : windows_job_object(KILL_ON_JOB_CLOSE)
timeout                 : 900 s
duration                : 47.91 s
exit reason             : completed
exit code (real)        : 0
returned code           : 0
descendants observed    : 10  475044:python.exe, 473924:python.exe, 451480:python.exe, 451160:python.exe, 473852:python.exe, 473968:python.exe, 471164:python.exe, 473672:python.exe, 474400:git.exe, 471064:git.exe
descendants terminated  : 10  451160, 451480, 471064, 471164, 473672, 473852, 473924, 473968, 474400, 475044
graceful attempted      : False
forced                  : False
FINAL SURVIVING COUNT   : 0
cleanup                 : success
json report             : docs/pwml_recovery_sprint/evidence/g11/ORCH-718/05-smoke22-postrevert.json
json report written     : True
heavy lock              : C:\t\heavylock  holder=ORCH-718  acquired=True  released=True
pre-existing (reported, NEVER killed): 4
================================================
