Traceback (most recent call last):
  File "C:\Users\Angad\Desktop\SummerBIOIN\Project14-T2PW\docs\pwml_recovery_sprint\evidence\orch717_f150_verify.py", line 3, in <module>
    REPO = Path(sys.argv[1]).resolve()
                ~~~~~~~~^^^
IndexError: list index out of range

================ CLEANUP REPORT ================
report schema version   : 1
wrapper build           : sha256:83d139543d4c01b33984b6ca9fb0943db461d0ee5f85091623089a548b8abed0
wrapper path (executed) : C:\Users\Angad\Desktop\SummerBIOIN\Project14-T2PW\docs\pwml_recovery_sprint\evidence\bounded_run.py
wrapper vs HEAD         : clean  @ 6c20879d6b286d42c8c822bcd09d323623fd1bd8  [git, worktree dirty=True]
label                   : f150-reverify
command                 : C:\Users\Angad\Desktop\SummerBIOIN\Project14-T2PW\.venv\Scripts\python.exe docs/pwml_recovery_sprint/evidence/orch717_f150_verify.py
cwd                     : C:\Users\Angad\Desktop\SummerBIOIN\Project14-T2PW
root PID / process group: 132624 / None
isolation               : windows_job_object(KILL_ON_JOB_CLOSE)
timeout                 : 180 s
duration                : 0.19 s
exit reason             : nonzero
exit code (real)        : 1
returned code           : 1
descendants observed    : 1  35928:python.exe
descendants terminated  : 1  35928
graceful attempted      : False
forced                  : False
FINAL SURVIVING COUNT   : 0
cleanup                 : success
json report             : C:\Users\Angad\Desktop\SummerBIOIN\Project14-T2PW\docs\pwml_recovery_sprint\evidence\g11\ORCH-717\15-f150.reverify.json
json report written     : True
pre-existing (reported, NEVER killed): 4
================================================
