 1. tests/test_protein_export_policy.py                            passed= 63 failed=0 skipped=0 errors=0  exit=0
 2. tests/test_c056b_semantic_denominators.py                      passed= 10 failed=0 skipped=0 errors=0  exit=0
 3. tests/test_batch_pwml_artifact_naming.py                       passed= 13 failed=0 skipped=0 errors=0  exit=0
 4. tests/test_c074_strict_core_floor.py                           passed= 31 failed=0 skipped=0 errors=0  exit=0
 5. tests/test_c076_alias_holo_apo_identity.py                     passed= 28 failed=0 skipped=0 errors=0  exit=0
 6. tests/test_c077_stage0_conflict_disposition.py                 passed= 14 failed=0 skipped=0 errors=0  exit=0
 7. tests/test_c081_cofactor_role_identity.py                      passed= 25 failed=0 skipped=0 errors=0  exit=0
 8. tests/test_c085_priority2_honesty.py                           passed= 11 failed=0 skipped=0 errors=0  exit=0
 9. tests/test_c088_extracted_not_serialized_disposition.py        passed= 20 failed=0 skipped=0 errors=0  exit=0
10. tests/test_cofactor_policy.py                                  passed= 36 failed=0 skipped=0 errors=0  exit=0
11. tests/test_rag_multi_relation_spans.py                         passed= 19 failed=0 skipped=0 errors=0  exit=0
12. tests/test_release_status_classification.py                    passed= 12 failed=0 skipped=0 errors=0  exit=0
13. tests/test_semantic_production_no_gold.py                      passed=  8 failed=0 skipped=0 errors=0  exit=0
14. tests/test_strict_failure_replay.py                            passed= 40 failed=0 skipped=8 errors=0  exit=0
15. tests/test_batch_driver_quarantine_artifacts.py                passed=  8 failed=0 skipped=0 errors=0  exit=0
16. tests/test_c056c_semantic_evaluability.py                      passed= 11 failed=0 skipped=0 errors=0  exit=0
17. tests/test_c071_actor_evidence_gate.py                         passed=  8 failed=0 skipped=0 errors=0  exit=0
18. tests/test_c080_production_gate_kind_aware.py                  passed= 19 failed=0 skipped=0 errors=0  exit=0
19. tests/test_c089_participant_schema.py                          passed= 31 failed=0 skipped=0 errors=0  exit=0
20. tests/test_c090_wrapper_identity_actor_evidence.py             passed=  8 failed=0 skipped=0 errors=0  exit=0
21. tests/test_c097_semantic_name_keys.py                          passed= 16 failed=0 skipped=0 errors=0  exit=0
22. tests/test_semantic_release_gating.py                          passed= 25 failed=0 skipped=0 errors=0  exit=0

files run    : 22
split totals : 456 passed, 0 failed, 8 skipped, 0 errors
reds (0):

================ CLEANUP REPORT ================
report schema version   : 1
wrapper build           : sha256:83d139543d4c01b33984b6ca9fb0943db461d0ee5f85091623089a548b8abed0
wrapper path (executed) : C:\t\rev106\docs\pwml_recovery_sprint\evidence\bounded_run.py
wrapper vs HEAD         : clean  @ ba2bf6830ad0c9b5ad6c9817ffb348806740d7d0  [git, worktree dirty=False]
label                   : goldreaders-split-3
command                 : c:\Users\Angad\Desktop\SummerBIOIN\Project14-T2PW\.venv\Scripts\python.exe docs/pwml_recovery_sprint/evidence/c102_goldreaders_split.py C:/t/rev106 C:/t/bt/rev106split
cwd                     : C:\t\rev106
root PID / process group: 72524 / None
isolation               : windows_job_object(KILL_ON_JOB_CLOSE)
timeout                 : 400 s
duration                : 53.56 s
exit reason             : completed
exit code (real)        : 0
returned code           : 0
descendants observed    : 49  69820:python.exe, 70736:python.exe, 71172:python.exe, 67632:python.exe, 71684:python.exe, 71140:python.exe, 71980:python.exe, 70100:python.exe, 72676:python.exe, 71804:git.exe, 72640:git.exe, 70840:python.exe, 71160:python.exe, 69028:python.exe, 71316:python.exe, 69868:python.exe, 70856:python.exe, 67248:python.exe, 72152:python.exe, 67428:python.exe, 71768:python.exe, 62636:python.exe, 71180:python.exe, 71692:python.exe, 70800:python.exe, 55580:python.exe, 71308:python.exe, 53712:python.exe, 70416:python.exe, 69876:python.exe, 71524:python.exe, 66784:python.exe, 70352:python.exe, 70744:python.exe, 72588:python.exe, 68012:python.exe, 69044:python.exe, 71576:python.exe, 71836:python.exe, 71136:python.exe, 71968:python.exe, 56164:python.exe, 57252:python.exe, 18248:python.exe, 56032:python.exe, 69352:python.exe, 65216:python.exe, 65212:python.exe, 66980:python.exe
descendants terminated  : 49  18248, 53712, 55580, 56032, 56164, 57252, 62636, 65212, 65216, 66784, 66980, 67248, 67428, 67632, 68012, 69028, 69044, 69352, 69820, 69868, 69876, 70100, 70352, 70416, 70736, 70744, 70800, 70840, 70856, 71136, 71140, 71160, 71172, 71180, 71308, 71316, 71524, 71576, 71684, 71692, 71768, 71804, 71836, 71968, 71980, 72152, 72588, 72640, 72676
graceful attempted      : False
forced                  : False
FINAL SURVIVING COUNT   : 0
cleanup                 : success
json report             : C:\t\rev106\docs\pwml_recovery_sprint\evidence\g11\REV-106\18-goldreaders-split-3.json
json report written     : True
heavy lock              : C:\t\heavylock  holder=REV-106  acquired=True  released=True
pre-existing (reported, NEVER killed): 4
================================================
