on disk        : bytes=79745  crlf=1673  bare_lf=0  sha=70a642cac41f3624
harness write  : bytes=78072  crlf=0  bare_lf=1673  sha=dbbef4341f393fa0

REV-104 reported bytes=78077
arithmetic 79745 - 1673 = 78072
REV-106 measures bytes=78072   delta from on-disk = 1673  (== crlf count: True)
VERDICT: REV-104's 78077 is WRONG; measured 78072

================ CLEANUP REPORT ================
report schema version   : 1
wrapper build           : sha256:83d139543d4c01b33984b6ca9fb0943db461d0ee5f85091623089a548b8abed0
wrapper path (executed) : C:\t\rev106base\docs\pwml_recovery_sprint\evidence\bounded_run.py
wrapper vs HEAD         : clean  @ c7fb5c541b282c18c5e45df67f0d52b9a926ecd3  [git, worktree dirty=False]
label                   : d084-probe
command                 : c:\Users\Angad\Desktop\SummerBIOIN\Project14-T2PW\.venv\Scripts\python.exe C:/t/rev106/docs/pwml_recovery_sprint/evidence/rev106_d084_probe.py C:/t/rev106base
cwd                     : C:\t\rev106base
root PID / process group: 66204 / None
isolation               : windows_job_object(KILL_ON_JOB_CLOSE)
timeout                 : 400 s
duration                : 0.15 s
exit reason             : completed
exit code (real)        : 0
returned code           : 0
descendants observed    : 1  61960:python.exe
descendants terminated  : 1  61960
graceful attempted      : False
forced                  : False
FINAL SURVIVING COUNT   : 0
cleanup                 : success
json report             : C:\t\rev106\docs\pwml_recovery_sprint\evidence\g11\REV-106\05-d084-probe.json
json report written     : True
heavy lock              : C:\t\heavylock  holder=REV-106  acquired=True  released=True
pre-existing (reported, NEVER killed): 4
================================================
