================================================================================================
REV-108 ROUND-2 ATTACK  base / r1 / r2
================================================================================================

--- N-new ---
  'P4X, its repressor characterised in 2019, catalyses the conversion of A to B'
     base=REFUSE r1=ACCEPT r2=REFUSE want=REFUSE  << CLOSED BY ROUND 2
  'P4X, their antagonists well characterised, catalyses the conversion of A to B'
     base=REFUSE r1=ACCEPT r2=REFUSE want=REFUSE  << CLOSED BY ROUND 2
  'P4X, that suppressor aside, catalyses the conversion of A to B'
     base=REFUSE r1=ACCEPT r2=REFUSE want=REFUSE  << CLOSED BY ROUND 2
  'P4X, its protein inhibitor removed, catalyses the conversion of A to B'
     base=REFUSE r1=ACCEPT r2=REFUSE want=REFUSE  << CLOSED BY ROUND 2

--- E-round1 ---
  'P4X, its inhibitor bound at the active site, converts A to B slowly'
     base=REFUSE r1=ACCEPT r2=REFUSE want=REFUSE  << CLOSED BY ROUND 2
  'P4X, this inhibitor notwithstanding, catalyses the conversion of A to B'
     base=REFUSE r1=ACCEPT r2=REFUSE want=REFUSE  << CLOSED BY ROUND 2
  'P4X, their inhibitors profiled, catalyses the conversion of A to B'
     base=REFUSE r1=ACCEPT r2=REFUSE want=REFUSE  << CLOSED BY ROUND 2

--- E-r8ii ---
  'P4X, an inhibitor target in oncology, catalyses the conversion of A to B'
     base=REFUSE r1=ACCEPT r2=ACCEPT want=REFUSE  << STILL WEAKER THAN BASE
  'P4X, the inhibitor binding site mapped, catalyses the conversion of A to B'
     base=REFUSE r1=ACCEPT r2=ACCEPT want=REFUSE  << STILL WEAKER THAN BASE

--- O-preserve ---
  'P4X, the inhibitor, catalyses the conversion of A to B'
     base=REFUSE r1=ACCEPT r2=ACCEPT want=ACCEPT  OK
  'P4X, a repressor, catalyses the conversion of A to B'
     base=REFUSE r1=ACCEPT r2=ACCEPT want=ACCEPT  OK
  'P4X, an inactivator, catalyses the conversion of A to B'
     base=REFUSE r1=ACCEPT r2=ACCEPT want=ACCEPT  OK
  'P4X, the attenuator, catalyses the conversion of A to B'
     base=REFUSE r1=ACCEPT r2=ACCEPT want=ACCEPT  OK
  'P4X, a small molecule inhibitor, catalyses the conversion of A to B'
     base=REFUSE r1=ACCEPT r2=ACCEPT want=ACCEPT  OK
  'the inhibitor protein P4X catalyses the conversion of A to B'
     base=REFUSE r1=ACCEPT r2=ACCEPT want=ACCEPT  OK
  'the repressor complex P4X catalyses the conversion of A to B'
     base=REFUSE r1=ACCEPT r2=ACCEPT want=ACCEPT  OK
  'the suppressor protein P4X catalyses the conversion of A to B'
     base=REFUSE r1=ACCEPT r2=ACCEPT want=ACCEPT  OK
  'the potent inhibitor P4X catalyses the conversion of A to B'
     base=REFUSE r1=ACCEPT r2=ACCEPT want=ACCEPT  OK

--- X-pinned ---
  'A significantly inhibited P activity in the assay'
     base=REFUSE r1=REFUSE r2=REFUSE want=REFUSE  OK
  'PSA significantly inhibited NDM-1 enzyme activity'
     base=REFUSE r1=REFUSE r2=REFUSE want=REFUSE  OK
  'P catalyses the conversion of A to B'
     base=ACCEPT r1=ACCEPT r2=ACCEPT want=ACCEPT  OK
  'the inhibitory effect on P activity abolished the catalysis of A to B'
     base=REFUSE r1=REFUSE r2=REFUSE want=REFUSE  OK
  'P transports A across the inner membrane'
     base=ACCEPT r1=ACCEPT r2=ACCEPT want=ACCEPT  OK
  'P channeled calcium into the cytosol'
     base=ACCEPT r1=ACCEPT r2=ACCEPT want=ACCEPT  OK
  'add P as a transporter to resolve the structural inconsistency'
     base=ACCEPT r1=REFUSE r2=REFUSE want=REFUSE  OK
  'LpxC hydrolase was quantified in the lysate'
     base=ACCEPT r1=REFUSE r2=REFUSE want=REFUSE  OK

================================================================================================
TOTALS cases=26  not_as_wanted=2  over_refusal=0  closed_by_round2=7
SUBSET/MERGE-RULE-6: spans REFUSED at r2 but ACCEPTED at base = 2
   !! 'add P as a transporter to resolve the structural inconsistency'
   !! 'LpxC hydrolase was quantified in the lysate'
NOT-AS-WANTED E-r8ii base=REFUSE r1=ACCEPT r2=ACCEPT want=REFUSE
   'P4X, an inhibitor target in oncology, catalyses the conversion of A to B'
NOT-AS-WANTED E-r8ii base=REFUSE r1=ACCEPT r2=ACCEPT want=REFUSE
   'P4X, the inhibitor binding site mapped, catalyses the conversion of A to B'
================================================================================================

================ CLEANUP REPORT ================
report schema version   : 1
wrapper build           : sha256:83d139543d4c01b33984b6ca9fb0943db461d0ee5f85091623089a548b8abed0
wrapper path (executed) : C:\t\rev108\docs\pwml_recovery_sprint\evidence\bounded_run.py
wrapper vs HEAD         : clean  @ b7725b814876d44a3484aa947f6c55827deaf63a  [git, worktree dirty=False]
label                   : rev108-r2-attack
command                 : C:\Users\Angad\Desktop\SummerBIOIN\Project14-T2PW\.venv\Scripts\python.exe C:/t/rev108/docs/pwml_recovery_sprint/evidence/rev108_r2_attack.py C:/t/rev108base C:/t/c108r1 C:/t/c108r2
cwd                     : C:\t\c108r2
root PID / process group: 239748 / None
isolation               : windows_job_object(KILL_ON_JOB_CLOSE)
timeout                 : 900 s
duration                : 0.33 s
exit reason             : completed
exit code (real)        : 0
returned code           : 0
descendants observed    : 1  241488:python.exe
descendants terminated  : 1  241488
graceful attempted      : False
forced                  : False
FINAL SURVIVING COUNT   : 0
cleanup                 : success
json report             : C:\t\rev108\docs\pwml_recovery_sprint\evidence\g11\REV-108\45-rev108-r2-attack.json
json report written     : True
heavy lock              : C:\t\heavylock  holder=REV-108  acquired=True  released=True
pre-existing (reported, NEVER killed): 4
================================================
