........................................................................ [ 31%]
........................................................................ [ 62%]
........................................................................ [ 93%]
................                                                         [100%]
232 passed in 5.99s

================ CLEANUP REPORT ================
report schema version   : 1
wrapper build           : sha256:83d139543d4c01b33984b6ca9fb0943db461d0ee5f85091623089a548b8abed0
wrapper path (executed) : C:\t\rev107\docs\pwml_recovery_sprint\evidence\bounded_run.py
wrapper vs HEAD         : clean  @ 9890770e565377ddb00179449714a49f4dc2a8c8  [git, worktree dirty=False]
label                   : rev107-affected-seam
command                 : c:\Users\Angad\Desktop\SummerBIOIN\Project14-T2PW\.venv\Scripts\python.exe -m pytest -q --no-header -rf --basetemp=C:/t/bt/r107seam tests/test_apply_audit_patch_lineage.py tests/test_apply_audit_patch_lock_policy.py tests/test_apply_audit_patch_referential_integrity.py tests/test_audit_json_llm_payload.py tests/test_c105_actor_role_evidence.py tests/test_c107_actor_cue_calibration.py tests/test_curation_patch_transaction.py tests/test_curator_offline_mode.py tests/test_interactive_curator.py tests/test_streamlit_stage2_orchestration.py
cwd                     : C:\t\rev107
root PID / process group: 99804 / None
isolation               : windows_job_object(KILL_ON_JOB_CLOSE)
timeout                 : 400 s
duration                : 6.70 s
exit reason             : completed
exit code (real)        : 0
returned code           : 0
descendants observed    : 1  99952:python.exe
descendants terminated  : 1  99952
graceful attempted      : False
forced                  : False
FINAL SURVIVING COUNT   : 0
cleanup                 : success
json report             : C:\t\rev107\docs\pwml_recovery_sprint\evidence\g11\REV-107\18-affected-seam.json
json report written     : True
heavy lock              : C:\t\heavylock  holder=REV-107  acquired=True  released=True
pre-existing (reported, NEVER killed): 4
================================================
