........................................................................ [ 14%]
........................................................................ [ 28%]
........................................................................ [ 42%]
........................................................................ [ 57%]
........................................................................ [ 71%]
........................................................................ [ 85%]
.......................................................................  [100%]
503 passed in 41.45s

================ CLEANUP REPORT ================
report schema version   : 1
wrapper build           : sha256:83d139543d4c01b33984b6ca9fb0943db461d0ee5f85091623089a548b8abed0
wrapper path (executed) : C:\t\rev108\docs\pwml_recovery_sprint\evidence\bounded_run.py
wrapper vs HEAD         : clean  @ bc6485e87d20b8372eaf112d3fb5003450d09348  [git, worktree dirty=False]
label                   : rev108-r1-smoke22
command                 : C:\Users\Angad\Desktop\SummerBIOIN\Project14-T2PW\.venv\Scripts\python.exe -m pytest -q --no-header -rf --basetemp=C:/t/bt108/r1smoke tests/test_reference_repair.py tests/test_strict_quarantine.py tests/test_strict_quarantine_contract_alignment.py tests/test_strict_quarantine_locks_and_scope.py tests/test_strict_quarantine_versioning.py tests/test_empty_extraction_payload.py tests/test_bench_goldset_and_semantic.py tests/test_bench_acquisition_and_artifacts.py tests/test_bench_controls.py tests/test_completeness_audit.py tests/test_batch_driver.py tests/test_stage3_gate_report_lifecycle.py tests/test_rag_admission_production_path.py tests/test_rag_gap_admission.py tests/test_rag_triage_orchestration.py tests/test_rag_provenance_gates.py tests/test_pipeline_reaction_rag_provenance.py tests/test_research_mode_orchestration.py tests/test_map_ids_name_gate.py tests/test_db_candidate_species_evidence.py tests/test_c102_coverage_denominator.py tests/test_c106_mutation_harness_executable.py
cwd                     : C:\t\c108r1
root PID / process group: 220836 / None
isolation               : windows_job_object(KILL_ON_JOB_CLOSE)
timeout                 : 2400 s
duration                : 42.87 s
exit reason             : completed
exit code (real)        : 0
returned code           : 0
descendants observed    : 10  220180:python.exe, 219112:python.exe, 220720:python.exe, 219664:python.exe, 220512:python.exe, 221252:python.exe, 221272:python.exe, 221312:python.exe, 221332:python.exe, 221944:git.exe
descendants terminated  : 10  219112, 219664, 220180, 220512, 220720, 221252, 221272, 221312, 221332, 221944
graceful attempted      : False
forced                  : False
FINAL SURVIVING COUNT   : 0
cleanup                 : success
json report             : C:\t\rev108\docs\pwml_recovery_sprint\evidence\g11\REV-108\42-rev108-r1-smoke22.json
json report written     : True
heavy lock              : C:\t\heavylock  holder=REV-108  acquired=True  released=True
pre-existing (reported, NEVER killed): 4
================================================
