=== BASELINE (unmutated tip) === exit=0
    109 passed in 0.20s

=== M1: 1f: the 'mediat' anchor is reverted, so it matches inside 'intermediate'
    before: bytes=108719 crlf=2268 sha256=c74c3d3216c90d0d
    after : bytes=108719 crlf=2268 sha256=c74c3d3216c90d0d
    suite : exit=1  RED (guard is tested)
        1 failed, 108 passed in 0.27s
        RED: test_mediat_inside_intermediate_does_not_license_catalysis

=== M2: 1a: the contra-cue is switched off entirely for the catalysis family
    before: bytes=108719 crlf=2268 sha256=c74c3d3216c90d0d
    after : bytes=108719 crlf=2268 sha256=c74c3d3216c90d0d
    suite : exit=1  RED (guard is tested)
        15 failed, 94 passed in 0.32s
        RED: test_each_inhibition_near_synonym_refuses_a_catalysis_promotion
        RED: test_inhibition_cue_in_the_same_window_cannot_license_catalysis
        RED: test_the_distinction_is_the_object_not_the_word
        RED: test_unlicensed_actor_adds_are_still_refused

=== M3: 1a: only the ACTIVITY-DIRECTED half of the contra is removed
    before: bytes=108719 crlf=2268 sha256=c74c3d3216c90d0d
    after : bytes=108719 crlf=2268 sha256=c74c3d3216c90d0d
    suite : exit=1  RED (guard is tested)
        6 failed, 103 passed in 0.28s
        RED: test_each_inhibition_near_synonym_refuses_a_catalysis_promotion
        RED: test_the_distinction_is_the_object_not_the_word

=== M4: 1c: the stoplist exclusion loses its optional plural, reopening the bypass
    before: bytes=108719 crlf=2268 sha256=c74c3d3216c90d0d
    after : bytes=108719 crlf=2268 sha256=c74c3d3216c90d0d
    suite : exit=1  RED (guard is tested)
        10 failed, 99 passed in 0.30s
        RED: test_no_singular_only_stoplist_entry_can_be_bypassed_by_its_plural
        RED: test_ordinary_english_ase_words_do_not_license_an_enzyme

=== M5: 1d: the transport family loses the enzyme-family noun rule again
    before: bytes=108719 crlf=2268 sha256=c74c3d3216c90d0d
    after : bytes=108719 crlf=2268 sha256=c74c3d3216c90d0d
    suite : exit=1  RED (guard is tested)
        2 failed, 107 passed in 0.28s
        RED: test_a_transporter_named_by_its_family_noun_licenses

=== M6: 1e: the cofactor role loses its family entry and falls back to 'other'
    before: bytes=108719 crlf=2268 sha256=c74c3d3216c90d0d
    after : bytes=108719 crlf=2268 sha256=c74c3d3216c90d0d
    suite : exit=1  RED (guard is tested)
        1 failed, 108 passed in 0.26s
        RED: test_a_refused_cofactor_row_is_reported_against_the_cofactor_family

=== M6b: 1e: the cofactor VOCABULARY is emptied -- the guard M6 turned out not to be
    before: bytes=108719 crlf=2268 sha256=c74c3d3216c90d0d
    after : bytes=108719 crlf=2268 sha256=c74c3d3216c90d0d
    suite : exit=1  RED (guard is tested)
        6 failed, 103 passed in 0.28s
        RED: test_an_evidenced_cofactor_row_is_licensed

=== M7: 1b: the passive-agent gap accepts ANY token, so a bystander inherits agency
    before: bytes=108719 crlf=2268 sha256=c74c3d3216c90d0d
    after : bytes=108719 crlf=2268 sha256=c74c3d3216c90d0d
    suite : exit=1  RED (guard is tested)
        3 failed, 106 passed in 0.27s
        RED: test_passive_with_agent_does_not_license_a_bystander

=== M8: 1b: the passive-agent route is removed outright -- a PRESERVATION attack
    before: bytes=108719 crlf=2268 sha256=c74c3d3216c90d0d
    after : bytes=108719 crlf=2268 sha256=c74c3d3216c90d0d
    suite : exit=1  RED (guard is tested)
        5 failed, 104 passed in 0.29s
        RED: test_evidenced_actor_adds_survive_the_guard
        RED: test_passive_with_agent_still_licenses_the_real_agent

=== M9: 1a: 'reduction of' is deleted from catalysis -- the trap the card names
    before: bytes=108719 crlf=2268 sha256=c74c3d3216c90d0d
    after : bytes=108719 crlf=2268 sha256=c74c3d3216c90d0d
    suite : exit=1  RED (guard is tested)
        4 failed, 105 passed in 0.31s
        RED: test_redox_catalysis_still_licenses

==============================================================================
MUTATIONS: 10   SURVIVORS: 0 []
==============================================================================
final target: bytes=108719 crlf=2268 sha256=c74c3d3216c90d0d49083001d72df0817f8f3bcb3bf42e7b3b91f6b2f284ac2e
git status --porcelain -- src/t2pw/curation/apply_audit_patch.py: '' (additional signal only -- sha256 and CRLF above are the check)

================ CLEANUP REPORT ================
report schema version   : 1
wrapper build           : sha256:83d139543d4c01b33984b6ca9fb0943db461d0ee5f85091623089a548b8abed0
wrapper path (executed) : C:\t\rev107\docs\pwml_recovery_sprint\evidence\bounded_run.py
wrapper vs HEAD         : clean  @ 9890770e565377ddb00179449714a49f4dc2a8c8  [git, worktree dirty=False]
label                   : rev107-author-mutations
command                 : c:\Users\Angad\Desktop\SummerBIOIN\Project14-T2PW\.venv\Scripts\python.exe -u docs/pwml_recovery_sprint/evidence/c107_mutation_attack.py C:/t/rev107
cwd                     : C:\t\rev107
root PID / process group: 97268 / None
isolation               : windows_job_object(KILL_ON_JOB_CLOSE)
timeout                 : 400 s
duration                : 8.46 s
exit reason             : completed
exit code (real)        : 0
returned code           : 0
descendants observed    : 24  96456:python.exe, 35760:python.exe, 94100:python.exe, 96012:python.exe, 97544:python.exe, 31136:python.exe, 97332:python.exe, 97348:python.exe, 97680:python.exe, 97768:python.exe, 97792:python.exe, 84276:python.exe, 97924:python.exe, 97852:python.exe, 97916:python.exe, 97312:python.exe, 98180:python.exe, 97316:python.exe, 98168:python.exe, 83440:python.exe, 98268:python.exe, 35480:python.exe, 96276:python.exe, 96544:git.exe
descendants terminated  : 24  31136, 35480, 35760, 83440, 84276, 94100, 96012, 96276, 96456, 96544, 97312, 97316, 97332, 97348, 97544, 97680, 97768, 97792, 97852, 97916, 97924, 98168, 98180, 98268
graceful attempted      : False
forced                  : False
FINAL SURVIVING COUNT   : 0
cleanup                 : success
json report             : C:\t\rev107\docs\pwml_recovery_sprint\evidence\g11\REV-107\14-author-mutations.json
json report written     : True
heavy lock              : C:\t\heavylock  holder=REV-107  acquired=True  released=True
pre-existing (reported, NEVER killed): 4
================================================
