=== BASELINE (unmutated tip) === exit=0
    185 passed in 0.42s

=== M1: 1f: the 'mediat' anchor is reverted, so it matches inside 'intermediate'
    before: bytes=148548 crlf=2962 sha256=11cc8b37d89dce34
    after : bytes=148548 crlf=2962 sha256=11cc8b37d89dce34
    suite : exit=1  RED (guard is tested)
        1 failed, 184 passed in 0.45s
        RED: test_mediat_inside_intermediate_does_not_license_catalysis

=== M2: 1a: the contra-cue is switched off entirely for the catalysis family
    before: bytes=148548 crlf=2962 sha256=11cc8b37d89dce34
    after : bytes=148548 crlf=2962 sha256=11cc8b37d89dce34
    suite : exit=1  RED (guard is tested)
        3 failed, 182 passed in 0.47s
        RED: test_inhibition_cue_in_the_same_window_cannot_license_catalysis
        RED: test_unlicensed_actor_adds_are_still_refused

=== M3: 1a F1: the attenuation word stops being bound to the actor
    before: bytes=148548 crlf=2962 sha256=11cc8b37d89dce34
    after : bytes=148548 crlf=2962 sha256=11cc8b37d89dce34
    suite : exit=1  RED (guard is tested)
        22 failed, 163 passed in 0.54s
        RED: test_a_real_attenuation_word_still_refuses_after_the_anchoring
        RED: test_each_inhibition_near_synonym_refuses_a_catalysis_promotion
        RED: test_the_distinction_is_the_object_not_the_word

=== M4: 1c: the stoplist exclusion loses its optional plural, reopening the bypass
    before: bytes=148548 crlf=2962 sha256=11cc8b37d89dce34
    after : bytes=148548 crlf=2962 sha256=11cc8b37d89dce34
    suite : exit=1  RED (guard is tested)
        10 failed, 175 passed in 0.48s
        RED: test_no_singular_only_stoplist_entry_can_be_bypassed_by_its_plural
        RED: test_ordinary_english_ase_words_do_not_license_an_enzyme

=== M5: 1d: the transport family loses the enzyme-family noun rule again
    before: bytes=148548 crlf=2962 sha256=11cc8b37d89dce34
    after : bytes=148548 crlf=2962 sha256=11cc8b37d89dce34
    suite : exit=1  RED (guard is tested)
        2 failed, 183 passed in 0.46s
        RED: test_a_transporter_named_by_its_family_noun_licenses

=== M6: 1e: the cofactor role loses its family entry and falls back to 'other'
    before: bytes=148548 crlf=2962 sha256=11cc8b37d89dce34
    after : bytes=148548 crlf=2962 sha256=11cc8b37d89dce34
    suite : exit=1  RED (guard is tested)
        5 failed, 180 passed in 0.45s
        RED: test_a_refused_cofactor_row_is_reported_against_the_cofactor_family
        RED: test_an_evidenced_cofactor_row_is_licensed
        RED: test_the_cofactor_family_itself_still_licenses_the_same_spans

=== M6b: 1e: the cofactor VOCABULARY is emptied -- the guard M6 turned out not to be
    before: bytes=148548 crlf=2962 sha256=11cc8b37d89dce34
    after : bytes=148548 crlf=2962 sha256=11cc8b37d89dce34
    suite : exit=1  RED (guard is tested)
        1 failed, 184 passed in 0.46s
        RED: test_an_evidenced_cofactor_row_is_licensed

=== M7: 1b: the passive-agent gap accepts ANY token, so a bystander inherits agency
    before: bytes=148548 crlf=2962 sha256=11cc8b37d89dce34
    after : bytes=148548 crlf=2962 sha256=11cc8b37d89dce34
    suite : exit=1  RED (guard is tested)
        6 failed, 179 passed in 0.46s
        RED: test_a_structural_rationale_cannot_license_the_cofactor_role
        RED: test_passive_with_agent_does_not_license_a_bystander
        RED: test_redox_catalysis_still_licenses

=== M8: 1b: the passive-agent route is removed outright -- a PRESERVATION attack
    before: bytes=148548 crlf=2962 sha256=11cc8b37d89dce34
    after : bytes=148548 crlf=2962 sha256=11cc8b37d89dce34
    suite : exit=1  RED (guard is tested)
        5 failed, 180 passed in 0.48s
        RED: test_evidenced_actor_adds_survive_the_guard
        RED: test_passive_with_agent_still_licenses_the_real_agent

=== M9: 1a: 'reduction of' is deleted from catalysis -- the trap the card names
    before: bytes=148548 crlf=2962 sha256=11cc8b37d89dce34
    after : bytes=148548 crlf=2962 sha256=11cc8b37d89dce34
    suite : exit=1  RED (guard is tested)
        6 failed, 179 passed in 0.46s
        RED: test_redox_catalysis_still_licenses
        RED: test_redox_still_licenses_when_the_actor_is_not_the_thing_reduced

=== M10: 1a F2: the object-before-stem ordering stops being matched
    before: bytes=148548 crlf=2962 sha256=11cc8b37d89dce34
    after : bytes=148548 crlf=2962 sha256=11cc8b37d89dce34
    suite : exit=1  RED (guard is tested)
        6 failed, 179 passed in 0.47s
        RED: test_a_real_attenuation_word_still_refuses_after_the_anchoring
        RED: test_each_inhibition_near_synonym_refuses_a_catalysis_promotion

=== M11: 1a: the whole actor-anchored contra is switched off
    before: bytes=148548 crlf=2962 sha256=11cc8b37d89dce34
    after : bytes=148548 crlf=2962 sha256=11cc8b37d89dce34
    suite : exit=1  RED (guard is tested)
        28 failed, 157 passed in 0.53s
        RED: test_a_real_attenuation_word_still_refuses_after_the_anchoring
        RED: test_each_inhibition_near_synonym_refuses_a_catalysis_promotion
        RED: test_the_distinction_is_the_object_not_the_word

=== M12: 1e: the cofactor dependence gap accepts ANY token, reopening the rationale route
    before: bytes=148548 crlf=2962 sha256=11cc8b37d89dce34
    after : bytes=148548 crlf=2962 sha256=11cc8b37d89dce34
    suite : exit=1  RED (guard is tested)
        1 failed, 184 passed in 0.44s
        RED: test_a_structural_rationale_cannot_license_the_cofactor_role

=== M13: 1e: the loose dependence terms go back into the FAMILY, widening the fallback
    before: bytes=148548 crlf=2962 sha256=11cc8b37d89dce34
    after : bytes=148548 crlf=2962 sha256=11cc8b37d89dce34
    suite : exit=1  RED (guard is tested)
        7 failed, 178 passed in 0.48s
        RED: test_a_structural_rationale_cannot_license_the_cofactor_role
        RED: test_the_cofactor_dependence_route_is_scoped_to_the_cofactor_family
        RED: test_the_other_fallback_did_not_widen_for_an_unmapped_role

=== M14: 1e SCOPE: the dependence route goes family-wide again (REV-107's V9)
    before: bytes=148548 crlf=2962 sha256=11cc8b37d89dce34
    after : bytes=148548 crlf=2962 sha256=11cc8b37d89dce34
    suite : exit=1  RED (guard is tested)
        8 failed, 177 passed in 0.48s
        RED: test_the_cofactor_dependence_route_is_scoped_to_the_cofactor_family

=== M15: A: one attenuation WORD reverts to an open stem, so 'reduc' eats 'reductase'
    before: bytes=148548 crlf=2962 sha256=11cc8b37d89dce34
    after : bytes=148548 crlf=2962 sha256=11cc8b37d89dce34
    suite : exit=1  RED (guard is tested)
        3 failed, 182 passed in 0.45s
        RED: test_an_enzyme_noun_containing_an_attenuation_word_still_licenses

=== M16: A: this card's six inhibition additions revert to bare unanchored stems
    before: bytes=148548 crlf=2962 sha256=11cc8b37d89dce34
    after : bytes=148548 crlf=2962 sha256=11cc8b37d89dce34
    suite : exit=1  RED (guard is tested)
        1 failed, 184 passed in 0.45s
        RED: test_an_enzyme_noun_containing_an_attenuation_word_still_licenses

==============================================================================
MUTATIONS: 17   SURVIVORS: 0 []
==============================================================================
final target: bytes=148548 crlf=2962 sha256=11cc8b37d89dce3415fb986259ab7880cb0eb88f7ba2576940c06b1a3cddc04d
git status --porcelain -- src/t2pw/curation/apply_audit_patch.py: '' (additional signal only -- sha256 and CRLF above are the check)

================ CLEANUP REPORT ================
report schema version   : 1
wrapper build           : sha256:83d139543d4c01b33984b6ca9fb0943db461d0ee5f85091623089a548b8abed0
wrapper path (executed) : C:\t\rev112\docs\pwml_recovery_sprint\evidence\bounded_run.py
wrapper vs HEAD         : clean  @ 53673d5c4aa661bb3654b5be1308a11f5d99d1f5  [git, worktree dirty=False]
label                   : rev112-c107-mutation
command                 : C:\Users\Angad\Desktop\SummerBIOIN\Project14-T2PW\.venv\Scripts\python.exe docs/pwml_recovery_sprint/evidence/c107_mutation_attack.py C:/t/rev112
cwd                     : C:/t/rev112
root PID / process group: 557048 / None
isolation               : windows_job_object(KILL_ON_JOB_CLOSE)
timeout                 : 300 s
duration                : 17.31 s
exit reason             : completed
exit code (real)        : 0
returned code           : 0
descendants observed    : 37  524556:python.exe, 563516:python.exe, 523472:python.exe, 523464:python.exe, 564008:python.exe, 555512:python.exe, 563436:python.exe, 561624:python.exe, 563576:python.exe, 563232:python.exe, 563324:python.exe, 560116:python.exe, 561936:python.exe, 563868:python.exe, 513552:python.exe, 519920:python.exe, 559940:python.exe, 564156:python.exe, 562768:python.exe, 561948:python.exe, 563300:python.exe, 563160:python.exe, 563380:python.exe, 447376:python.exe, 550700:python.exe, 556960:python.exe, 559116:python.exe, 564256:python.exe, 564276:python.exe, 564296:python.exe, 564320:python.exe, 564632:python.exe, 564652:python.exe, 564680:python.exe, 564700:python.exe, 564720:python.exe, 564740:python.exe
descendants terminated  : 37  447376, 513552, 519920, 523464, 523472, 524556, 550700, 555512, 556960, 559116, 559940, 560116, 561624, 561936, 561948, 562768, 563160, 563232, 563300, 563324, 563380, 563436, 563516, 563576, 563868, 564008, 564156, 564256, 564276, 564296, 564320, 564632, 564652, 564680, 564700, 564720, 564740
graceful attempted      : False
forced                  : False
FINAL SURVIVING COUNT   : 0
cleanup                 : success
json report             : C:/t/rev112/docs/pwml_recovery_sprint/evidence/g11/REV-112/04-rev112-c107-mutation.json
json report written     : True
heavy lock              : C:\t\heavylock  holder=REV-112  acquired=True  released=True
pre-existing (reported, NEVER killed): 4
================================================
