 1. tests/test_protein_export_policy.py                            passed= 63 failed=0 skipped=0 errors=0  exit=0
 2. tests/test_c056b_semantic_denominators.py                      passed= 10 failed=0 skipped=0 errors=0  exit=0
 3. tests/test_batch_pwml_artifact_naming.py                       passed= 13 failed=0 skipped=0 errors=0  exit=0
 4. tests/test_c074_strict_core_floor.py                           passed= 31 failed=0 skipped=0 errors=0  exit=0
 5. tests/test_c076_alias_holo_apo_identity.py                     passed= 28 failed=0 skipped=0 errors=0  exit=0
 6. tests/test_c077_stage0_conflict_disposition.py                 passed= 14 failed=0 skipped=0 errors=0  exit=0
 7. tests/test_c081_cofactor_role_identity.py                      passed= 25 failed=0 skipped=0 errors=0  exit=0
 8. tests/test_c085_priority2_honesty.py                           passed= 11 failed=0 skipped=0 errors=0  exit=0
 9. tests/test_c088_extracted_not_serialized_disposition.py        passed= 20 failed=0 skipped=0 errors=0  exit=0
10. tests/test_cofactor_policy.py                                  passed= 36 failed=0 skipped=0 errors=0  exit=0
11. tests/test_rag_multi_relation_spans.py                         passed= 19 failed=0 skipped=0 errors=0  exit=0
12. tests/test_release_status_classification.py                    passed= 12 failed=0 skipped=0 errors=0  exit=0
13. tests/test_semantic_production_no_gold.py                      passed=  8 failed=0 skipped=0 errors=0  exit=0
14. tests/test_strict_failure_replay.py                            passed= 40 failed=0 skipped=8 errors=0  exit=0
15. tests/test_batch_driver_quarantine_artifacts.py                passed=  8 failed=0 skipped=0 errors=0  exit=0
16. tests/test_c056c_semantic_evaluability.py                      passed= 11 failed=0 skipped=0 errors=0  exit=0
17. tests/test_c071_actor_evidence_gate.py                         passed=  8 failed=0 skipped=0 errors=0  exit=0
18. tests/test_c080_production_gate_kind_aware.py                  passed= 19 failed=0 skipped=0 errors=0  exit=0
19. tests/test_c089_participant_schema.py                          passed= 31 failed=0 skipped=0 errors=0  exit=0
20. tests/test_c090_wrapper_identity_actor_evidence.py             passed=  8 failed=0 skipped=0 errors=0  exit=0
21. tests/test_c097_semantic_name_keys.py                          passed= 16 failed=0 skipped=0 errors=0  exit=0
22. tests/test_semantic_release_gating.py                          passed= 25 failed=0 skipped=0 errors=0  exit=0

files run    : 22
split totals : 456 passed, 0 failed, 8 skipped, 0 errors
reds (0):

================ CLEANUP REPORT ================
report schema version   : 1
wrapper build           : sha256:83d139543d4c01b33984b6ca9fb0943db461d0ee5f85091623089a548b8abed0
wrapper path (executed) : C:\t\rev112\docs\pwml_recovery_sprint\evidence\bounded_run.py
wrapper vs HEAD         : clean  @ 62be4d33f490593e0eee04203ce437ddef8b5cd5  [git, worktree dirty=False]
label                   : rev112-goldreaders
command                 : C:\Users\Angad\Desktop\SummerBIOIN\Project14-T2PW\.venv\Scripts\python.exe docs/pwml_recovery_sprint/evidence/c102_goldreaders_split.py C:/t/rev112 C:/t/btrev112
cwd                     : C:/t/rev112
root PID / process group: 568168 / None
isolation               : windows_job_object(KILL_ON_JOB_CLOSE)
timeout                 : 500 s
duration                : 70.40 s
exit reason             : completed
exit code (real)        : 0
returned code           : 0
descendants observed    : 53  566708:python.exe, 566792:python.exe, 568228:python.exe, 568108:python.exe, 568268:python.exe, 566428:python.exe, 430840:python.exe, 534888:python.exe, 535576:python.exe, 566756:git.exe, 568220:git.exe, 567660:git.exe, 554136:git.exe, 568084:git.exe, 524868:git.exe, 449272:python.exe, 523980:python.exe, 565956:python.exe, 567536:python.exe, 567828:python.exe, 567276:python.exe, 478448:python.exe, 566676:python.exe, 565884:python.exe, 567628:python.exe, 566192:python.exe, 567976:python.exe, 565192:python.exe, 568148:python.exe, 566004:python.exe, 566600:python.exe, 564800:python.exe, 568184:python.exe, 563700:python.exe, 566124:python.exe, 567744:python.exe, 567800:python.exe, 565548:python.exe, 567720:python.exe, 554204:python.exe, 566572:python.exe, 566232:python.exe, 567180:python.exe, 566636:python.exe, 567688:python.exe, 559000:python.exe, 568192:python.exe, 567624:python.exe, 536212:python.exe, 522052:python.exe, 567384:python.exe, 566396:python.exe, 567164:python.exe
descendants terminated  : 53  430840, 449272, 478448, 522052, 523980, 524868, 534888, 535576, 536212, 554136, 554204, 559000, 563700, 564800, 565192, 565548, 565884, 565956, 566004, 566124, 566192, 566232, 566396, 566428, 566572, 566600, 566636, 566676, 566708, 566756, 566792, 567164, 567180, 567276, 567384, 567536, 567624, 567628, 567660, 567688, 567720, 567744, 567800, 567828, 567976, 568084, 568108, 568148, 568184, 568192, 568220, 568228, 568268
graceful attempted      : False
forced                  : False
FINAL SURVIVING COUNT   : 0
cleanup                 : success
json report             : C:/t/rev112/docs/pwml_recovery_sprint/evidence/g11/REV-112/09-rev112-goldreaders.json
json report written     : True
heavy lock              : C:\t\heavylock  holder=REV-112  acquired=True  released=True
pre-existing (reported, NEVER killed): 4
================================================
