.                                                                        [100%]
1 passed in 0.34s

================ CLEANUP REPORT ================
report schema version   : 1
wrapper build           : sha256:83d139543d4c01b33984b6ca9fb0943db461d0ee5f85091623089a548b8abed0
wrapper path (executed) : C:\t\rev113\docs\pwml_recovery_sprint\evidence\bounded_run.py
wrapper vs HEAD         : clean  @ c0c3e077b4d030ba6202475fe7f37f2697724637  [git, worktree dirty=True]
label                   : withheld-pin-mutation
command                 : c:\Users\Angad\Desktop\SummerBIOIN\Project14-T2PW\.venv\Scripts\python.exe -m pytest -q --no-header --basetemp=C:/t/btrev113/withheldmut tests/test_c102_coverage_denominator.py::test_10_f132_population_regression_over_the_six_papers
cwd                     : C:\t\rev113
root PID / process group: 554600 / None
isolation               : windows_job_object(KILL_ON_JOB_CLOSE)
timeout                 : 300 s
duration                : 1.10 s
exit reason             : completed
exit code (real)        : 0
returned code           : 0
descendants observed    : 1  556812:python.exe
descendants terminated  : 1  556812
graceful attempted      : False
forced                  : False
FINAL SURVIVING COUNT   : 0
cleanup                 : success
json report             : C:/t/rev113/docs/pwml_recovery_sprint/evidence/g11/REV-113/03-withheld-pin-mutation.json
json report written     : True
heavy lock              : C:\t\heavylock  holder=REV-113  acquired=True  released=True
pre-existing (reported, NEVER killed): 4
================================================
