target sha256 before anything: 44b308a469c3cbb0dba65a0f6e55806943fb5c72f8c28ed5b056532b5c9b3dff
target CRLF count            : 2946

BASELINE (unmutated): exit=0  396 passed in 0.69s

============================================================================================
N1 [expect RED] (a): the transport stem may complete as its agent noun again
============================================================================================
  result: RED  (exit=1)  14 failed, 382 passed in 0.80s
  tests red: tests/test_c108_f155_class.py::test_a_a_transport_schema_noun_cannot_license_the_row_it_asks_for[P, tests/test_c108_f155_class.py::test_a_a_transport_schema_noun_cannot_license_the_row_it_asks_for[P,, tests/test_c108_f155_class.py::test_a_a_transport_schema_noun_cannot_license_the_row_it_asks_for[add, tests/test_c108_f155_class.py::test_a_a_transport_schema_noun_cannot_license_the_row_it_asks_for[adding, tests/test_c108_f155_class.py::test_a_a_transport_schema_noun_cannot_license_the_row_it_asks_for[assign, tests/test_c108_f155_class.py::test_a_a_transport_schema_noun_cannot_license_the_row_it_asks_for[listing
  OK

============================================================================================
N2 [expect RED] (a): the catalysis stem may complete as 'catalyst' again
============================================================================================
  result: RED  (exit=1)  6 failed, 390 passed in 0.76s
  tests red: tests/test_c108_f155_class.py::test_a_a_catalysis_schema_noun_cannot_license_the_row_it_asks_for[P, tests/test_c108_f155_class.py::test_a_a_catalysis_schema_noun_cannot_license_the_row_it_asks_for[add, tests/test_c108_f155_class.py::test_r1_the_other_fallback_did_not_widen_over_this_cards_vocabulary[chaperone-add
  OK

============================================================================================
N3 [expect RED] (c): the actor-name mask is a no-op, so a name licenses itself again
============================================================================================
  result: RED  (exit=1)  13 failed, 383 passed in 0.78s
  tests red: tests/test_c108_f155_class.py::test_c_an_actors_own_name_is_not_evidence_about_the_actor[LpxC, tests/test_c108_f155_class.py::test_c_an_actors_own_name_is_not_evidence_about_the_actor[MurA, tests/test_c108_f155_class.py::test_c_an_actors_own_name_is_not_evidence_about_the_actor[P, tests/test_c108_f155_class.py::test_c_an_actors_own_name_is_not_evidence_about_the_actor[enterobactin, tests/test_c108_f155_class.py::test_c_an_actors_own_name_is_not_evidence_about_the_actor[ferrochelatase-modulating
  OK

============================================================================================
N4 [expect RED] (a): the agent-noun predication set is emptied, so nothing is re-admitted -- an OVER-REFUSAL attack on the same fix
============================================================================================
  result: RED  (exit=1)  1 failed, 395 passed in 0.75s
  tests red: tests/test_c108_f155_class.py::test_a_the_transport_verb_and_every_predication_still_license[P
  OK

============================================================================================
N5 [expect RED] (c): the mask takes TOKENS instead of contiguous RUNS -- the over-refusal trap the card names explicitly
============================================================================================
  result: RED  (exit=1)  6 failed, 390 passed in 0.76s
  tests red: tests/test_c108_f155_class.py::test_c_a_predication_beside_the_name_still_licenses[LpxC, tests/test_c108_f155_class.py::test_c_a_predication_beside_the_name_still_licenses[P, tests/test_c108_f155_class.py::test_c_a_predication_beside_the_name_still_licenses[acyltransferase, tests/test_c108_f155_class.py::test_c_the_over_refusal_trap_the_card_names_explicitly
  OK

============================================================================================
N6 [expect RED] (c): the agentive-'by' exemption is switched off, so an agent phrase is masked as if it were a naming
============================================================================================
  result: RED  (exit=1)  1 failed, 395 passed in 0.75s
  tests red: tests/test_c108_f155_class.py::test_c_the_agentive_by_is_a_predication_not_a_naming
  OK

============================================================================================
N7 [expect RED] (c): the cofactor dependence route reads the MASKED window, so the frame loses the needle it is built around
============================================================================================
  result: RED  (exit=1)  5 failed, 391 passed in 0.76s
  tests red: tests/test_c107_actor_cue_calibration.py::test_an_evidenced_cofactor_row_is_licensed[the, tests/test_c107_actor_cue_calibration.py::test_the_cofactor_family_itself_still_licenses_the_same_spans, tests/test_c108_f155_class.py::test_c_the_cofactor_dependence_route_is_not_masked
  OK

============================================================================================
N8 [expect RED] (d): the contra goes back to being a bare alias of the cue
============================================================================================
  result: RED  (exit=1)  16 failed, 380 passed in 0.84s
  tests red: tests/test_c108_f155_class.py::test_d_an_appositive_agent_noun_is_not_evidence_the_actor_is_shut_down[P4X,, tests/test_c108_f155_class.py::test_d_an_appositive_agent_noun_is_not_evidence_the_actor_is_shut_down[inhibitor, tests/test_c108_f155_class.py::test_d_an_appositive_agent_noun_is_not_evidence_the_actor_is_shut_down[the, tests/test_c108_f155_class.py::test_p2_the_inhibition_cue_is_untouched_so_the_other_fallback_cannot_move
  OK

============================================================================================
N9 [expect RED] (d) ROUND 1, THE POLARITY ITSELF: the agent-noun contra is switched off on the window route, which is exactly round 0 and exactly REV-108 blocking finding
============================================================================================
  result: RED  (exit=1)  27 failed, 369 passed in 0.87s
  tests red: tests/test_c108_f155_class.py::test_b_new_the_gap_construct_is_a_length_bound_only, tests/test_c108_f155_class.py::test_d_the_contra_still_refuses_every_attenuation_aimed_at_the_actor[P, tests/test_c108_f155_class.py::test_d_the_contra_still_refuses_every_attenuation_aimed_at_the_actor[an, tests/test_c108_f155_class.py::test_d_the_contra_still_refuses_every_attenuation_aimed_at_the_actor[inhibitors, tests/test_c108_f155_class.py::test_d_the_contra_still_refuses_every_attenuation_aimed_at_the_actor[the, tests/test_c108_f155_class.py::test_r1_an_agent_noun_refuses_unless_it_is_in_apposition_with_the_actor[P4X
  OK

============================================================================================
N10 [expect RED] (d) ROUND 1: the APPOSITIVE EXEMPTION is removed, so every agent noun refuses and member (d) itself is lost -- an OVER-REFUSAL attack on the same repair
============================================================================================
  result: RED  (exit=1)  14 failed, 382 passed in 0.79s
  tests red: tests/test_c108_f155_class.py::test_d_an_appositive_agent_noun_is_not_evidence_the_actor_is_shut_down[inhibitor, tests/test_c108_f155_class.py::test_d_an_appositive_agent_noun_is_not_evidence_the_actor_is_shut_down[the
  OK

============================================================================================
N14 [expect RED] (d) ROUND 1: the appositive determiner set gains "whose", which is REV-108 third span -- a relative clause about a DIFFERENT molecule read as an apposition
============================================================================================
  result: RED  (exit=1)  1 failed, 395 passed in 0.74s
  tests red: tests/test_c108_f155_class.py::test_r1_an_agent_noun_refuses_unless_it_is_in_apposition_with_the_actor[P4X,
  OK

============================================================================================
N15 [expect RED] (d) ROUND 1: the appositive modifier set gains "bound", which is REV-108 fourth and sharpest span -- subject-verb-object read as a noun phrase, on a span that says the catalysis STOPPED
============================================================================================
  result: RED  (exit=1)  1 failed, 395 passed in 0.73s
  tests red: tests/test_c108_f155_class.py::test_r1_an_agent_noun_refuses_unless_it_is_in_apposition_with_the_actor[P4X,
  OK

============================================================================================
N16 [expect RED] (a) R3: the transport VERB inflections are dropped, so dropping the bare nouns silently drops the verbs too -- the mutation REV-108 found surviving
============================================================================================
  result: RED  (exit=1)  6 failed, 390 passed in 0.76s
  tests red: tests/test_c108_f155_class.py::test_a_the_transport_verb_and_every_predication_still_license[P, tests/test_c108_f155_class.py::test_r1_the_transport_verb_inflections_are_load_bearing[P
  OK

============================================================================================
N17 [expect RED] (a) R2: the predication modifier gap is closed to zero, so an ordinary paper modifier breaks the predication -- the other mutation REV-108 found surviving
============================================================================================
  result: RED  (exit=1)  3 failed, 393 passed in 0.75s
  tests red: tests/test_c108_f155_class.py::test_r1_the_predication_modifier_gap_is_load_bearing[P
  OK

============================================================================================
N18 [expect RED] (a) R-c: the predication gap may cross a genitive again, so "P is a substrate of the transporter TonB" licenses P as a transporter
============================================================================================
  result: RED  (exit=1)  4 failed, 392 passed in 0.75s
  tests red: tests/test_c108_f155_class.py::test_r1_the_other_fallback_did_not_widen_over_this_cards_vocabulary[adaptor-P, tests/test_c108_f155_class.py::test_r1_the_predication_gap_may_not_cross_a_genitive[P
  OK

============================================================================================
N11 [expect RED] (d): the contra anchor becomes a WORD anchor, which also stops 'inhibitory' and 'repression' firing
============================================================================================
  result: RED  (exit=1)  15 failed, 381 passed in 0.82s
  tests red: tests/test_c105_actor_role_evidence.py::test_inhibition_cue_in_the_same_window_cannot_license_catalysis, tests/test_c105_actor_role_evidence.py::test_unlicensed_actor_adds_are_still_refused[inhibition, tests/test_c108_f155_class.py::test_d_only_the_agent_noun_is_withheld_from_the_contra[P, tests/test_c108_f155_class.py::test_d_only_the_agent_noun_is_withheld_from_the_contra[the, tests/test_c108_f155_class.py::test_d_the_contra_still_refuses_every_attenuation_aimed_at_the_actor[P, tests/test_c108_f155_class.py::test_d_the_contra_still_refuses_every_attenuation_aimed_at_the_actor[Q
  OK

============================================================================================
N13 [expect RED] (d) RE-PINNED FROM C-107 M16. The six inhibition additions revert to bare unanchored stems. C-107 own M16 keys on the dict-literal spelling the (d) split replaced, so it now ABORTS with 'matched 0 times' (evidence/c108_c107_mutations_at_tip.log). The PROPERTY is unchanged and is re-pinned here, at the constant the stems moved to.
============================================================================================
  result: RED  (exit=1)  4 failed, 392 passed in 0.58s
  tests red: tests/test_c107_actor_cue_calibration.py::test_an_enzyme_noun_containing_an_attenuation_word_still_licenses[silencer], tests/test_c108_f155_class.py::test_e_new_coverage_the_anchor_is_load_bearing[left-anchor-on-_ATTENUATION_WORD_SRC], tests/test_c108_f155_class.py::test_e_new_coverage_the_anchor_is_load_bearing[left-anchor-on-the-six-inhibition-additions], tests/test_c108_f155_class.py::test_e_new_coverage_the_anchor_is_load_bearing[right-anchor-on-_ATTENUATION_WORD_SRC]
  OK

============================================================================================
N12 [expect BEHAVIOURALLY-GREEN] (b) EXPECTED SURVIVOR: the folded character class reverts to '[^.]'. Every BEHAVIOURAL arm must stay green; only the structural pin on the spelling may go red. Any other red would mean member (b) moved behaviour and was mislabelled as code honesty.
============================================================================================
  result: RED  (exit=1)  1 failed, 395 passed in 0.74s
  tests red: tests/test_c108_f155_class.py::test_b_new_the_folded_character_class_is_the_spelling_that_says_so
  OK -- every behavioural arm survived; the only red is the structural pin on the spelling

============================================================================================
target sha256 after everything: 44b308a469c3cbb0dba65a0f6e55806943fb5c72f8c28ed5b056532b5c9b3dff
byte-identical to the start   : True
CRLF count preserved          : True
C108 OWN-MUTATION FAILURES: 0 of 18  (must be 0)
============================================================================================

================ CLEANUP REPORT ================
report schema version   : 1
wrapper build           : sha256:83d139543d4c01b33984b6ca9fb0943db461d0ee5f85091623089a548b8abed0
wrapper path (executed) : C:\t\rev108\docs\pwml_recovery_sprint\evidence\bounded_run.py
wrapper vs HEAD         : clean  @ bc6485e87d20b8372eaf112d3fb5003450d09348  [git, worktree dirty=False]
label                   : rev108-r1-ownmut
command                 : C:\Users\Angad\Desktop\SummerBIOIN\Project14-T2PW\.venv\Scripts\python.exe C:/t/c108r1/docs/pwml_recovery_sprint/evidence/c108_own_mutations.py C:/t/c108r1
cwd                     : C:\t\c108r1
root PID / process group: 214396 / None
isolation               : windows_job_object(KILL_ON_JOB_CLOSE)
timeout                 : 3000 s
duration                : 23.07 s
exit reason             : completed
exit code (real)        : 0
returned code           : 0
descendants observed    : 39  214992:python.exe, 213512:python.exe, 214020:python.exe, 211092:python.exe, 214732:python.exe, 212596:python.exe, 213944:python.exe, 214180:python.exe, 214400:python.exe, 208052:python.exe, 214156:python.exe, 212664:python.exe, 213300:python.exe, 214080:python.exe, 214124:python.exe, 215152:python.exe, 215192:python.exe, 215448:python.exe, 215476:python.exe, 215104:python.exe, 215132:python.exe, 212784:python.exe, 214316:python.exe, 210576:python.exe, 214280:python.exe, 215552:python.exe, 215580:python.exe, 207024:python.exe, 214192:python.exe, 215744:python.exe, 215808:python.exe, 215060:python.exe, 215072:python.exe, 214028:python.exe, 215076:python.exe, 215704:python.exe, 215824:python.exe, 215404:python.exe, 215764:python.exe
descendants terminated  : 39  207024, 208052, 210576, 211092, 212596, 212664, 212784, 213300, 213512, 213944, 214020, 214028, 214080, 214124, 214156, 214180, 214192, 214280, 214316, 214400, 214732, 214992, 215060, 215072, 215076, 215104, 215132, 215152, 215192, 215404, 215448, 215476, 215552, 215580, 215704, 215744, 215764, 215808, 215824
graceful attempted      : False
forced                  : False
FINAL SURVIVING COUNT   : 0
cleanup                 : success
json report             : C:\t\rev108\docs\pwml_recovery_sprint\evidence\g11\REV-108\31-rev108-r1-ownmut.json
json report written     : True
heavy lock              : C:\t\heavylock  holder=REV-108  acquired=True  released=True
pre-existing (reported, NEVER killed): 4
================================================
