row source file : C:\t\rev108base\runs\2026-07-28_0919\papers\PMC12444477__the-regulation-of-lipid-a-biosynthesis\strict\final_mapped.json
span length     : 140214
folded length   : 134269
needles         : ['pgp', 'phosphatase', 'complex']
base verdict    : False
tip  verdict    : True

================================================================================================
needle='pgp'  window offset 2303..2466
================================================================================================
WINDOW (unmasked):
    'by pgsa to form the intermediate pg phosphate which is then dephosphorylated by pgp phosphatase to form pg 50 another set of suppressor mutations was mapped to the'
MASKED (what the tip cue search sees):
    'by pgsa to form the intermediate pg phosphate which is then dephosphorylated by pgp phosphatase to form pg 50 another set of suppressor mutations was mapped to the'
  base catalysis cue  : 'phosphorylat'
  tip  catalysis cue  : 'phosphorylat'
  BASE contra match   : 'suppress'
    base contra context: 'then dephosphorylated by pgp phosphatase to form pg 50 another set of suppressor mutations was mapped to the'
    distance from needle match (chars in window): 45
  TIP  contra match   : NO MATCH
  -> licenses at tip  : True

================================================================================================
needle='pgp'  window offset 6933..7096
================================================================================================
WINDOW (unmasked):
    'by pgsa to form the intermediate pg phosphate which is then dephosphorylated by pgp phosphatase to form pg 50 another set of suppressor mutations was mapped to the'
MASKED (what the tip cue search sees):
    'by pgsa to form the intermediate pg phosphate which is then dephosphorylated by pgp phosphatase to form pg 50 another set of suppressor mutations was mapped to the'
  base catalysis cue  : 'phosphorylat'
  tip  catalysis cue  : 'phosphorylat'
  BASE contra match   : 'suppress'
    base contra context: 'then dephosphorylated by pgp phosphatase to form pg 50 another set of suppressor mutations was mapped to the'
    distance from needle match (chars in window): 45
  TIP  contra match   : NO MATCH
  -> licenses at tip  : True

================================================================================================
needle='pgp'  window offset 11563..11726
================================================================================================
WINDOW (unmasked):
    'by pgsa to form the intermediate pg phosphate which is then dephosphorylated by pgp phosphatase to form pg 50 another set of suppressor mutations was mapped to the'
MASKED (what the tip cue search sees):
    'by pgsa to form the intermediate pg phosphate which is then dephosphorylated by pgp phosphatase to form pg 50 another set of suppressor mutations was mapped to the'
  base catalysis cue  : 'phosphorylat'
  tip  catalysis cue  : 'phosphorylat'
  BASE contra match   : 'suppress'
    base contra context: 'then dephosphorylated by pgp phosphatase to form pg 50 another set of suppressor mutations was mapped to the'
    distance from needle match (chars in window): 45
  TIP  contra match   : NO MATCH
  -> licenses at tip  : True

================================================================================================
needle='pgp'  window offset 16193..16356
================================================================================================
WINDOW (unmasked):
    'by pgsa to form the intermediate pg phosphate which is then dephosphorylated by pgp phosphatase to form pg 50 another set of suppressor mutations was mapped to the'
MASKED (what the tip cue search sees):
    'by pgsa to form the intermediate pg phosphate which is then dephosphorylated by pgp phosphatase to form pg 50 another set of suppressor mutations was mapped to the'
  base catalysis cue  : 'phosphorylat'
  tip  catalysis cue  : 'phosphorylat'
  BASE contra match   : 'suppress'
    base contra context: 'then dephosphorylated by pgp phosphatase to form pg 50 another set of suppressor mutations was mapped to the'
    distance from needle match (chars in window): 45
  TIP  contra match   : NO MATCH
  -> licenses at tip  : True

================================================================================================
needle='pgp'  window offset 20823..20986
================================================================================================
WINDOW (unmasked):
    'by pgsa to form the intermediate pg phosphate which is then dephosphorylated by pgp phosphatase to form pg 50 another set of suppressor mutations was mapped to the'
MASKED (what the tip cue search sees):
    'by pgsa to form the intermediate pg phosphate which is then dephosphorylated by pgp phosphatase to form pg 50 another set of suppressor mutations was mapped to the'
  base catalysis cue  : 'phosphorylat'
  tip  catalysis cue  : 'phosphorylat'
  BASE contra match   : 'suppress'
    base contra context: 'then dephosphorylated by pgp phosphatase to form pg 50 another set of suppressor mutations was mapped to the'
    distance from needle match (chars in window): 45
  TIP  contra match   : NO MATCH
  -> licenses at tip  : True

================================================================================================
needle='pgp'  window offset 25453..25616
================================================================================================
WINDOW (unmasked):
    'by pgsa to form the intermediate pg phosphate which is then dephosphorylated by pgp phosphatase to form pg 50 another set of suppressor mutations was mapped to the'
MASKED (what the tip cue search sees):
    'by pgsa to form the intermediate pg phosphate which is then dephosphorylated by pgp phosphatase to form pg 50 another set of suppressor mutations was mapped to the'
  base catalysis cue  : 'phosphorylat'
  tip  catalysis cue  : 'phosphorylat'
  BASE contra match   : 'suppress'
    base contra context: 'then dephosphorylated by pgp phosphatase to form pg 50 another set of suppressor mutations was mapped to the'
    distance from needle match (chars in window): 45
  TIP  contra match   : NO MATCH
  -> licenses at tip  : True

================================================================================================
needle='pgp'  window offset 30083..30246
================================================================================================
WINDOW (unmasked):
    'by pgsa to form the intermediate pg phosphate which is then dephosphorylated by pgp phosphatase to form pg 50 another set of suppressor mutations was mapped to the'
MASKED (what the tip cue search sees):
    'by pgsa to form the intermediate pg phosphate which is then dephosphorylated by pgp phosphatase to form pg 50 another set of suppressor mutations was mapped to the'
  base catalysis cue  : 'phosphorylat'
  tip  catalysis cue  : 'phosphorylat'
  BASE contra match   : 'suppress'
    base contra context: 'then dephosphorylated by pgp phosphatase to form pg 50 another set of suppressor mutations was mapped to the'
    distance from needle match (chars in window): 45
  TIP  contra match   : NO MATCH
  -> licenses at tip  : True

================================================================================================
needle='pgp'  window offset 34713..34876
================================================================================================
WINDOW (unmasked):
    'by pgsa to form the intermediate pg phosphate which is then dephosphorylated by pgp phosphatase to form pg 50 another set of suppressor mutations was mapped to the'
MASKED (what the tip cue search sees):
    'by pgsa to form the intermediate pg phosphate which is then dephosphorylated by pgp phosphatase to form pg 50 another set of suppressor mutations was mapped to the'
  base catalysis cue  : 'phosphorylat'
  tip  catalysis cue  : 'phosphorylat'
  BASE contra match   : 'suppress'
    base contra context: 'then dephosphorylated by pgp phosphatase to form pg 50 another set of suppressor mutations was mapped to the'
    distance from needle match (chars in window): 45
  TIP  contra match   : NO MATCH
  -> licenses at tip  : True

================================================================================================
needle='pgp'  window offset 39343..39506
================================================================================================
WINDOW (unmasked):
    'by pgsa to form the intermediate pg phosphate which is then dephosphorylated by pgp phosphatase to form pg 50 another set of suppressor mutations was mapped to the'
MASKED (what the tip cue search sees):
    'by pgsa to form the intermediate pg phosphate which is then dephosphorylated by pgp phosphatase to form pg 50 another set of suppressor mutations was mapped to the'
  base catalysis cue  : 'phosphorylat'
  tip  catalysis cue  : 'phosphorylat'
  BASE contra match   : 'suppress'
    base contra context: 'then dephosphorylated by pgp phosphatase to form pg 50 another set of suppressor mutations was mapped to the'
    distance from needle match (chars in window): 45
  TIP  contra match   : NO MATCH
  -> licenses at tip  : True

================================================================================================
needle='pgp'  window offset 43973..44136
================================================================================================
WINDOW (unmasked):
    'by pgsa to form the intermediate pg phosphate which is then dephosphorylated by pgp phosphatase to form pg 50 another set of suppressor mutations was mapped to the'
MASKED (what the tip cue search sees):
    'by pgsa to form the intermediate pg phosphate which is then dephosphorylated by pgp phosphatase to form pg 50 another set of suppressor mutations was mapped to the'
  base catalysis cue  : 'phosphorylat'
  tip  catalysis cue  : 'phosphorylat'
  BASE contra match   : 'suppress'
    base contra context: 'then dephosphorylated by pgp phosphatase to form pg 50 another set of suppressor mutations was mapped to the'
    distance from needle match (chars in window): 45
  TIP  contra match   : NO MATCH
  -> licenses at tip  : True

================================================================================================
needle='pgp'  window offset 48603..48766
================================================================================================
WINDOW (unmasked):
    'by pgsa to form the intermediate pg phosphate which is then dephosphorylated by pgp phosphatase to form pg 50 another set of suppressor mutations was mapped to the'
MASKED (what the tip cue search sees):
    'by pgsa to form the intermediate pg phosphate which is then dephosphorylated by pgp phosphatase to form pg 50 another set of suppressor mutations was mapped to the'
  base catalysis cue  : 'phosphorylat'
  tip  catalysis cue  : 'phosphorylat'
  BASE contra match   : 'suppress'
    base contra context: 'then dephosphorylated by pgp phosphatase to form pg 50 another set of suppressor mutations was mapped to the'
    distance from needle match (chars in window): 45
  TIP  contra match   : NO MATCH
  -> licenses at tip  : True

================================================================================================
needle='pgp'  window offset 53233..53396
================================================================================================
WINDOW (unmasked):
    'by pgsa to form the intermediate pg phosphate which is then dephosphorylated by pgp phosphatase to form pg 50 another set of suppressor mutations was mapped to the'
MASKED (what the tip cue search sees):
    'by pgsa to form the intermediate pg phosphate which is then dephosphorylated by pgp phosphatase to form pg 50 another set of suppressor mutations was mapped to the'
  base catalysis cue  : 'phosphorylat'
  tip  catalysis cue  : 'phosphorylat'
  BASE contra match   : 'suppress'
    base contra context: 'then dephosphorylated by pgp phosphatase to form pg 50 another set of suppressor mutations was mapped to the'
    distance from needle match (chars in window): 45
  TIP  contra match   : NO MATCH
  -> licenses at tip  : True

================================================================================================
needle='pgp'  window offset 57863..58026
================================================================================================
WINDOW (unmasked):
    'by pgsa to form the intermediate pg phosphate which is then dephosphorylated by pgp phosphatase to form pg 50 another set of suppressor mutations was mapped to the'
MASKED (what the tip cue search sees):
    'by pgsa to form the intermediate pg phosphate which is then dephosphorylated by pgp phosphatase to form pg 50 another set of suppressor mutations was mapped to the'
  base catalysis cue  : 'phosphorylat'
  tip  catalysis cue  : 'phosphorylat'
  BASE contra match   : 'suppress'
    base contra context: 'then dephosphorylated by pgp phosphatase to form pg 50 another set of suppressor mutations was mapped to the'
    distance from needle match (chars in window): 45
  TIP  contra match   : NO MATCH
  -> licenses at tip  : True

================================================================================================
needle='pgp'  window offset 62493..62656
================================================================================================
WINDOW (unmasked):
    'by pgsa to form the intermediate pg phosphate which is then dephosphorylated by pgp phosphatase to form pg 50 another set of suppressor mutations was mapped to the'
MASKED (what the tip cue search sees):
    'by pgsa to form the intermediate pg phosphate which is then dephosphorylated by pgp phosphatase to form pg 50 another set of suppressor mutations was mapped to the'
  base catalysis cue  : 'phosphorylat'
  tip  catalysis cue  : 'phosphorylat'
  BASE contra match   : 'suppress'
    base contra context: 'then dephosphorylated by pgp phosphatase to form pg 50 another set of suppressor mutations was mapped to the'
    distance from needle match (chars in window): 45
  TIP  contra match   : NO MATCH
  -> licenses at tip  : True

================================================================================================
needle='pgp'  window offset 67123..67286
================================================================================================
WINDOW (unmasked):
    'by pgsa to form the intermediate pg phosphate which is then dephosphorylated by pgp phosphatase to form pg 50 another set of suppressor mutations was mapped to the'
MASKED (what the tip cue search sees):
    'by pgsa to form the intermediate pg phosphate which is then dephosphorylated by pgp phosphatase to form pg 50 another set of suppressor mutations was mapped to the'
  base catalysis cue  : 'phosphorylat'
  tip  catalysis cue  : 'phosphorylat'
  BASE contra match   : 'suppress'
    base contra context: 'then dephosphorylated by pgp phosphatase to form pg 50 another set of suppressor mutations was mapped to the'
    distance from needle match (chars in window): 45
  TIP  contra match   : NO MATCH
  -> licenses at tip  : True

================================================================================================
needle='pgp'  window offset 71753..71916
================================================================================================
WINDOW (unmasked):
    'by pgsa to form the intermediate pg phosphate which is then dephosphorylated by pgp phosphatase to form pg 50 another set of suppressor mutations was mapped to the'
MASKED (what the tip cue search sees):
    'by pgsa to form the intermediate pg phosphate which is then dephosphorylated by pgp phosphatase to form pg 50 another set of suppressor mutations was mapped to the'
  base catalysis cue  : 'phosphorylat'
  tip  catalysis cue  : 'phosphorylat'
  BASE contra match   : 'suppress'
    base contra context: 'then dephosphorylated by pgp phosphatase to form pg 50 another set of suppressor mutations was mapped to the'
    distance from needle match (chars in window): 45
  TIP  contra match   : NO MATCH
  -> licenses at tip  : True

================================================================================================
needle='pgp'  window offset 76383..76546
================================================================================================
WINDOW (unmasked):
    'by pgsa to form the intermediate pg phosphate which is then dephosphorylated by pgp phosphatase to form pg 50 another set of suppressor mutations was mapped to the'
MASKED (what the tip cue search sees):
    'by pgsa to form the intermediate pg phosphate which is then dephosphorylated by pgp phosphatase to form pg 50 another set of suppressor mutations was mapped to the'
  base catalysis cue  : 'phosphorylat'
  tip  catalysis cue  : 'phosphorylat'
  BASE contra match   : 'suppress'
    base contra context: 'then dephosphorylated by pgp phosphatase to form pg 50 another set of suppressor mutations was mapped to the'
    distance from needle match (chars in window): 45
  TIP  contra match   : NO MATCH
  -> licenses at tip  : True

================================================================================================
needle='pgp'  window offset 81013..81176
================================================================================================
WINDOW (unmasked):
    'by pgsa to form the intermediate pg phosphate which is then dephosphorylated by pgp phosphatase to form pg 50 another set of suppressor mutations was mapped to the'
MASKED (what the tip cue search sees):
    'by pgsa to form the intermediate pg phosphate which is then dephosphorylated by pgp phosphatase to form pg 50 another set of suppressor mutations was mapped to the'
  base catalysis cue  : 'phosphorylat'
  tip  catalysis cue  : 'phosphorylat'
  BASE contra match   : 'suppress'
    base contra context: 'then dephosphorylated by pgp phosphatase to form pg 50 another set of suppressor mutations was mapped to the'
    distance from needle match (chars in window): 45
  TIP  contra match   : NO MATCH
  -> licenses at tip  : True

================================================================================================
needle='pgp'  window offset 85643..85806
================================================================================================
WINDOW (unmasked):
    'by pgsa to form the intermediate pg phosphate which is then dephosphorylated by pgp phosphatase to form pg 50 another set of suppressor mutations was mapped to the'
MASKED (what the tip cue search sees):
    'by pgsa to form the intermediate pg phosphate which is then dephosphorylated by pgp phosphatase to form pg 50 another set of suppressor mutations was mapped to the'
  base catalysis cue  : 'phosphorylat'
  tip  catalysis cue  : 'phosphorylat'
  BASE contra match   : 'suppress'
    base contra context: 'then dephosphorylated by pgp phosphatase to form pg 50 another set of suppressor mutations was mapped to the'
    distance from needle match (chars in window): 45
  TIP  contra match   : NO MATCH
  -> licenses at tip  : True

================================================================================================
needle='pgp'  window offset 90273..90436
================================================================================================
WINDOW (unmasked):
    'by pgsa to form the intermediate pg phosphate which is then dephosphorylated by pgp phosphatase to form pg 50 another set of suppressor mutations was mapped to the'
MASKED (what the tip cue search sees):
    'by pgsa to form the intermediate pg phosphate which is then dephosphorylated by pgp phosphatase to form pg 50 another set of suppressor mutations was mapped to the'
  base catalysis cue  : 'phosphorylat'
  tip  catalysis cue  : 'phosphorylat'
  BASE contra match   : 'suppress'
    base contra context: 'then dephosphorylated by pgp phosphatase to form pg 50 another set of suppressor mutations was mapped to the'
    distance from needle match (chars in window): 45
  TIP  contra match   : NO MATCH
  -> licenses at tip  : True

================================================================================================
needle='pgp'  window offset 94903..95066
================================================================================================
WINDOW (unmasked):
    'by pgsa to form the intermediate pg phosphate which is then dephosphorylated by pgp phosphatase to form pg 50 another set of suppressor mutations was mapped to the'
MASKED (what the tip cue search sees):
    'by pgsa to form the intermediate pg phosphate which is then dephosphorylated by pgp phosphatase to form pg 50 another set of suppressor mutations was mapped to the'
  base catalysis cue  : 'phosphorylat'
  tip  catalysis cue  : 'phosphorylat'
  BASE contra match   : 'suppress'
    base contra context: 'then dephosphorylated by pgp phosphatase to form pg 50 another set of suppressor mutations was mapped to the'
    distance from needle match (chars in window): 45
  TIP  contra match   : NO MATCH
  -> licenses at tip  : True

================================================================================================
needle='pgp'  window offset 99533..99696
================================================================================================
WINDOW (unmasked):
    'by pgsa to form the intermediate pg phosphate which is then dephosphorylated by pgp phosphatase to form pg 50 another set of suppressor mutations was mapped to the'
MASKED (what the tip cue search sees):
    'by pgsa to form the intermediate pg phosphate which is then dephosphorylated by pgp phosphatase to form pg 50 another set of suppressor mutations was mapped to the'
  base catalysis cue  : 'phosphorylat'
  tip  catalysis cue  : 'phosphorylat'
  BASE contra match   : 'suppress'
    base contra context: 'then dephosphorylated by pgp phosphatase to form pg 50 another set of suppressor mutations was mapped to the'
    distance from needle match (chars in window): 45
  TIP  contra match   : NO MATCH
  -> licenses at tip  : True

================================================================================================
needle='pgp'  window offset 104163..104326
================================================================================================
WINDOW (unmasked):
    'by pgsa to form the intermediate pg phosphate which is then dephosphorylated by pgp phosphatase to form pg 50 another set of suppressor mutations was mapped to the'
MASKED (what the tip cue search sees):
    'by pgsa to form the intermediate pg phosphate which is then dephosphorylated by pgp phosphatase to form pg 50 another set of suppressor mutations was mapped to the'
  base catalysis cue  : 'phosphorylat'
  tip  catalysis cue  : 'phosphorylat'
  BASE contra match   : 'suppress'
    base contra context: 'then dephosphorylated by pgp phosphatase to form pg 50 another set of suppressor mutations was mapped to the'
    distance from needle match (chars in window): 45
  TIP  contra match   : NO MATCH
  -> licenses at tip  : True

================================================================================================
needle='pgp'  window offset 108793..108956
================================================================================================
WINDOW (unmasked):
    'by pgsa to form the intermediate pg phosphate which is then dephosphorylated by pgp phosphatase to form pg 50 another set of suppressor mutations was mapped to the'
MASKED (what the tip cue search sees):
    'by pgsa to form the intermediate pg phosphate which is then dephosphorylated by pgp phosphatase to form pg 50 another set of suppressor mutations was mapped to the'
  base catalysis cue  : 'phosphorylat'
  tip  catalysis cue  : 'phosphorylat'
  BASE contra match   : 'suppress'
    base contra context: 'then dephosphorylated by pgp phosphatase to form pg 50 another set of suppressor mutations was mapped to the'
    distance from needle match (chars in window): 45
  TIP  contra match   : NO MATCH
  -> licenses at tip  : True

================================================================================================
needle='pgp'  window offset 113423..113586
================================================================================================
WINDOW (unmasked):
    'by pgsa to form the intermediate pg phosphate which is then dephosphorylated by pgp phosphatase to form pg 50 another set of suppressor mutations was mapped to the'
MASKED (what the tip cue search sees):
    'by pgsa to form the intermediate pg phosphate which is then dephosphorylated by pgp phosphatase to form pg 50 another set of suppressor mutations was mapped to the'
  base catalysis cue  : 'phosphorylat'
  tip  catalysis cue  : 'phosphorylat'
  BASE contra match   : 'suppress'
    base contra context: 'then dephosphorylated by pgp phosphatase to form pg 50 another set of suppressor mutations was mapped to the'
    distance from needle match (chars in window): 45
  TIP  contra match   : NO MATCH
  -> licenses at tip  : True

================================================================================================
needle='pgp'  window offset 118053..118216
================================================================================================
WINDOW (unmasked):
    'by pgsa to form the intermediate pg phosphate which is then dephosphorylated by pgp phosphatase to form pg 50 another set of suppressor mutations was mapped to the'
MASKED (what the tip cue search sees):
    'by pgsa to form the intermediate pg phosphate which is then dephosphorylated by pgp phosphatase to form pg 50 another set of suppressor mutations was mapped to the'
  base catalysis cue  : 'phosphorylat'
  tip  catalysis cue  : 'phosphorylat'
  BASE contra match   : 'suppress'
    base contra context: 'then dephosphorylated by pgp phosphatase to form pg 50 another set of suppressor mutations was mapped to the'
    distance from needle match (chars in window): 45
  TIP  contra match   : NO MATCH
  -> licenses at tip  : True

================================================================================================
needle='pgp'  window offset 122683..122846
================================================================================================
WINDOW (unmasked):
    'by pgsa to form the intermediate pg phosphate which is then dephosphorylated by pgp phosphatase to form pg 50 another set of suppressor mutations was mapped to the'
MASKED (what the tip cue search sees):
    'by pgsa to form the intermediate pg phosphate which is then dephosphorylated by pgp phosphatase to form pg 50 another set of suppressor mutations was mapped to the'
  base catalysis cue  : 'phosphorylat'
  tip  catalysis cue  : 'phosphorylat'
  BASE contra match   : 'suppress'
    base contra context: 'then dephosphorylated by pgp phosphatase to form pg 50 another set of suppressor mutations was mapped to the'
    distance from needle match (chars in window): 45
  TIP  contra match   : NO MATCH
  -> licenses at tip  : True

================================================================================================
needle='pgp'  window offset 127313..127476
================================================================================================
WINDOW (unmasked):
    'by pgsa to form the intermediate pg phosphate which is then dephosphorylated by pgp phosphatase to form pg 50 another set of suppressor mutations was mapped to the'
MASKED (what the tip cue search sees):
    'by pgsa to form the intermediate pg phosphate which is then dephosphorylated by pgp phosphatase to form pg 50 another set of suppressor mutations was mapped to the'
  base catalysis cue  : 'phosphorylat'
  tip  catalysis cue  : 'phosphorylat'
  BASE contra match   : 'suppress'
    base contra context: 'then dephosphorylated by pgp phosphatase to form pg 50 another set of suppressor mutations was mapped to the'
    distance from needle match (chars in window): 45
  TIP  contra match   : NO MATCH
  -> licenses at tip  : True

================================================================================================
needle='pgp'  window offset 131943..132106
================================================================================================
WINDOW (unmasked):
    'by pgsa to form the intermediate pg phosphate which is then dephosphorylated by pgp phosphatase to form pg 50 another set of suppressor mutations was mapped to the'
MASKED (what the tip cue search sees):
    'by pgsa to form the intermediate pg phosphate which is then dephosphorylated by pgp phosphatase to form pg 50 another set of suppressor mutations was mapped to the'
  base catalysis cue  : 'phosphorylat'
  tip  catalysis cue  : 'phosphorylat'
  BASE contra match   : 'suppress'
    base contra context: 'then dephosphorylated by pgp phosphatase to form pg 50 another set of suppressor mutations was mapped to the'
    distance from needle match (chars in window): 45
  TIP  contra match   : NO MATCH
  -> licenses at tip  : True

================================================================================================
needle='phosphatase'  window offset 2307..2478
================================================================================================
WINDOW (unmasked):
    'gsa to form the intermediate pg phosphate which is then dephosphorylated by pgp phosphatase to form pg 50 another set of suppressor mutations was mapped to the cdsa gene e'
MASKED (what the tip cue search sees):
    'gsa to form the intermediate pg phosphate which is then dephosphorylated by pgp phosphatase to form pg 50 another set of suppressor mutations was mapped to the cdsa gene e'
  base catalysis cue  : 'phosphorylat'
  tip  catalysis cue  : 'phosphorylat'
  BASE contra match   : 'suppress'
    base contra context: 'then dephosphorylated by pgp phosphatase to form pg 50 another set of suppressor mutations was mapped to the cdsa gene e'
    distance from needle match (chars in window): 41
  TIP  contra match   : NO MATCH
  -> licenses at tip  : True

================================================================================================
needle='phosphatase'  window offset 6937..7108
================================================================================================
WINDOW (unmasked):
    'gsa to form the intermediate pg phosphate which is then dephosphorylated by pgp phosphatase to form pg 50 another set of suppressor mutations was mapped to the cdsa gene e'
MASKED (what the tip cue search sees):
    'gsa to form the intermediate pg phosphate which is then dephosphorylated by pgp phosphatase to form pg 50 another set of suppressor mutations was mapped to the cdsa gene e'
  base catalysis cue  : 'phosphorylat'
  tip  catalysis cue  : 'phosphorylat'
  BASE contra match   : 'suppress'
    base contra context: 'then dephosphorylated by pgp phosphatase to form pg 50 another set of suppressor mutations was mapped to the cdsa gene e'
    distance from needle match (chars in window): 41
  TIP  contra match   : NO MATCH
  -> licenses at tip  : True

================================================================================================
needle='phosphatase'  window offset 11567..11738
================================================================================================
WINDOW (unmasked):
    'gsa to form the intermediate pg phosphate which is then dephosphorylated by pgp phosphatase to form pg 50 another set of suppressor mutations was mapped to the cdsa gene e'
MASKED (what the tip cue search sees):
    'gsa to form the intermediate pg phosphate which is then dephosphorylated by pgp phosphatase to form pg 50 another set of suppressor mutations was mapped to the cdsa gene e'
  base catalysis cue  : 'phosphorylat'
  tip  catalysis cue  : 'phosphorylat'
  BASE contra match   : 'suppress'
    base contra context: 'then dephosphorylated by pgp phosphatase to form pg 50 another set of suppressor mutations was mapped to the cdsa gene e'
    distance from needle match (chars in window): 41
  TIP  contra match   : NO MATCH
  -> licenses at tip  : True

================================================================================================
needle='phosphatase'  window offset 16197..16368
================================================================================================
WINDOW (unmasked):
    'gsa to form the intermediate pg phosphate which is then dephosphorylated by pgp phosphatase to form pg 50 another set of suppressor mutations was mapped to the cdsa gene e'
MASKED (what the tip cue search sees):
    'gsa to form the intermediate pg phosphate which is then dephosphorylated by pgp phosphatase to form pg 50 another set of suppressor mutations was mapped to the cdsa gene e'
  base catalysis cue  : 'phosphorylat'
  tip  catalysis cue  : 'phosphorylat'
  BASE contra match   : 'suppress'
    base contra context: 'then dephosphorylated by pgp phosphatase to form pg 50 another set of suppressor mutations was mapped to the cdsa gene e'
    distance from needle match (chars in window): 41
  TIP  contra match   : NO MATCH
  -> licenses at tip  : True

================================================================================================
needle='phosphatase'  window offset 20827..20998
================================================================================================
WINDOW (unmasked):
    'gsa to form the intermediate pg phosphate which is then dephosphorylated by pgp phosphatase to form pg 50 another set of suppressor mutations was mapped to the cdsa gene e'
MASKED (what the tip cue search sees):
    'gsa to form the intermediate pg phosphate which is then dephosphorylated by pgp phosphatase to form pg 50 another set of suppressor mutations was mapped to the cdsa gene e'
  base catalysis cue  : 'phosphorylat'
  tip  catalysis cue  : 'phosphorylat'
  BASE contra match   : 'suppress'
    base contra context: 'then dephosphorylated by pgp phosphatase to form pg 50 another set of suppressor mutations was mapped to the cdsa gene e'
    distance from needle match (chars in window): 41
  TIP  contra match   : NO MATCH
  -> licenses at tip  : True

================================================================================================
needle='phosphatase'  window offset 25457..25628
================================================================================================
WINDOW (unmasked):
    'gsa to form the intermediate pg phosphate which is then dephosphorylated by pgp phosphatase to form pg 50 another set of suppressor mutations was mapped to the cdsa gene e'
MASKED (what the tip cue search sees):
    'gsa to form the intermediate pg phosphate which is then dephosphorylated by pgp phosphatase to form pg 50 another set of suppressor mutations was mapped to the cdsa gene e'
  base catalysis cue  : 'phosphorylat'
  tip  catalysis cue  : 'phosphorylat'
  BASE contra match   : 'suppress'
    base contra context: 'then dephosphorylated by pgp phosphatase to form pg 50 another set of suppressor mutations was mapped to the cdsa gene e'
    distance from needle match (chars in window): 41
  TIP  contra match   : NO MATCH
  -> licenses at tip  : True

================================================================================================
needle='phosphatase'  window offset 30087..30258
================================================================================================
WINDOW (unmasked):
    'gsa to form the intermediate pg phosphate which is then dephosphorylated by pgp phosphatase to form pg 50 another set of suppressor mutations was mapped to the cdsa gene e'
MASKED (what the tip cue search sees):
    'gsa to form the intermediate pg phosphate which is then dephosphorylated by pgp phosphatase to form pg 50 another set of suppressor mutations was mapped to the cdsa gene e'
  base catalysis cue  : 'phosphorylat'
  tip  catalysis cue  : 'phosphorylat'
  BASE contra match   : 'suppress'
    base contra context: 'then dephosphorylated by pgp phosphatase to form pg 50 another set of suppressor mutations was mapped to the cdsa gene e'
    distance from needle match (chars in window): 41
  TIP  contra match   : NO MATCH
  -> licenses at tip  : True

================================================================================================
needle='phosphatase'  window offset 34717..34888
================================================================================================
WINDOW (unmasked):
    'gsa to form the intermediate pg phosphate which is then dephosphorylated by pgp phosphatase to form pg 50 another set of suppressor mutations was mapped to the cdsa gene e'
MASKED (what the tip cue search sees):
    'gsa to form the intermediate pg phosphate which is then dephosphorylated by pgp phosphatase to form pg 50 another set of suppressor mutations was mapped to the cdsa gene e'
  base catalysis cue  : 'phosphorylat'
  tip  catalysis cue  : 'phosphorylat'
  BASE contra match   : 'suppress'
    base contra context: 'then dephosphorylated by pgp phosphatase to form pg 50 another set of suppressor mutations was mapped to the cdsa gene e'
    distance from needle match (chars in window): 41
  TIP  contra match   : NO MATCH
  -> licenses at tip  : True

================================================================================================
needle='phosphatase'  window offset 39347..39518
================================================================================================
WINDOW (unmasked):
    'gsa to form the intermediate pg phosphate which is then dephosphorylated by pgp phosphatase to form pg 50 another set of suppressor mutations was mapped to the cdsa gene e'
MASKED (what the tip cue search sees):
    'gsa to form the intermediate pg phosphate which is then dephosphorylated by pgp phosphatase to form pg 50 another set of suppressor mutations was mapped to the cdsa gene e'
  base catalysis cue  : 'phosphorylat'
  tip  catalysis cue  : 'phosphorylat'
  BASE contra match   : 'suppress'
    base contra context: 'then dephosphorylated by pgp phosphatase to form pg 50 another set of suppressor mutations was mapped to the cdsa gene e'
    distance from needle match (chars in window): 41
  TIP  contra match   : NO MATCH
  -> licenses at tip  : True

================================================================================================
needle='phosphatase'  window offset 43977..44148
================================================================================================
WINDOW (unmasked):
    'gsa to form the intermediate pg phosphate which is then dephosphorylated by pgp phosphatase to form pg 50 another set of suppressor mutations was mapped to the cdsa gene e'
MASKED (what the tip cue search sees):
    'gsa to form the intermediate pg phosphate which is then dephosphorylated by pgp phosphatase to form pg 50 another set of suppressor mutations was mapped to the cdsa gene e'
  base catalysis cue  : 'phosphorylat'
  tip  catalysis cue  : 'phosphorylat'
  BASE contra match   : 'suppress'
    base contra context: 'then dephosphorylated by pgp phosphatase to form pg 50 another set of suppressor mutations was mapped to the cdsa gene e'
    distance from needle match (chars in window): 41
  TIP  contra match   : NO MATCH
  -> licenses at tip  : True

================================================================================================
needle='phosphatase'  window offset 48607..48778
================================================================================================
WINDOW (unmasked):
    'gsa to form the intermediate pg phosphate which is then dephosphorylated by pgp phosphatase to form pg 50 another set of suppressor mutations was mapped to the cdsa gene e'
MASKED (what the tip cue search sees):
    'gsa to form the intermediate pg phosphate which is then dephosphorylated by pgp phosphatase to form pg 50 another set of suppressor mutations was mapped to the cdsa gene e'
  base catalysis cue  : 'phosphorylat'
  tip  catalysis cue  : 'phosphorylat'
  BASE contra match   : 'suppress'
    base contra context: 'then dephosphorylated by pgp phosphatase to form pg 50 another set of suppressor mutations was mapped to the cdsa gene e'
    distance from needle match (chars in window): 41
  TIP  contra match   : NO MATCH
  -> licenses at tip  : True

================================================================================================
needle='phosphatase'  window offset 53237..53408
================================================================================================
WINDOW (unmasked):
    'gsa to form the intermediate pg phosphate which is then dephosphorylated by pgp phosphatase to form pg 50 another set of suppressor mutations was mapped to the cdsa gene e'
MASKED (what the tip cue search sees):
    'gsa to form the intermediate pg phosphate which is then dephosphorylated by pgp phosphatase to form pg 50 another set of suppressor mutations was mapped to the cdsa gene e'
  base catalysis cue  : 'phosphorylat'
  tip  catalysis cue  : 'phosphorylat'
  BASE contra match   : 'suppress'
    base contra context: 'then dephosphorylated by pgp phosphatase to form pg 50 another set of suppressor mutations was mapped to the cdsa gene e'
    distance from needle match (chars in window): 41
  TIP  contra match   : NO MATCH
  -> licenses at tip  : True

================================================================================================
needle='phosphatase'  window offset 57867..58038
================================================================================================
WINDOW (unmasked):
    'gsa to form the intermediate pg phosphate which is then dephosphorylated by pgp phosphatase to form pg 50 another set of suppressor mutations was mapped to the cdsa gene e'
MASKED (what the tip cue search sees):
    'gsa to form the intermediate pg phosphate which is then dephosphorylated by pgp phosphatase to form pg 50 another set of suppressor mutations was mapped to the cdsa gene e'
  base catalysis cue  : 'phosphorylat'
  tip  catalysis cue  : 'phosphorylat'
  BASE contra match   : 'suppress'
    base contra context: 'then dephosphorylated by pgp phosphatase to form pg 50 another set of suppressor mutations was mapped to the cdsa gene e'
    distance from needle match (chars in window): 41
  TIP  contra match   : NO MATCH
  -> licenses at tip  : True

================================================================================================
needle='phosphatase'  window offset 62497..62668
================================================================================================
WINDOW (unmasked):
    'gsa to form the intermediate pg phosphate which is then dephosphorylated by pgp phosphatase to form pg 50 another set of suppressor mutations was mapped to the cdsa gene e'
MASKED (what the tip cue search sees):
    'gsa to form the intermediate pg phosphate which is then dephosphorylated by pgp phosphatase to form pg 50 another set of suppressor mutations was mapped to the cdsa gene e'
  base catalysis cue  : 'phosphorylat'
  tip  catalysis cue  : 'phosphorylat'
  BASE contra match   : 'suppress'
    base contra context: 'then dephosphorylated by pgp phosphatase to form pg 50 another set of suppressor mutations was mapped to the cdsa gene e'
    distance from needle match (chars in window): 41
  TIP  contra match   : NO MATCH
  -> licenses at tip  : True

================================================================================================
needle='phosphatase'  window offset 67127..67298
================================================================================================
WINDOW (unmasked):
    'gsa to form the intermediate pg phosphate which is then dephosphorylated by pgp phosphatase to form pg 50 another set of suppressor mutations was mapped to the cdsa gene e'
MASKED (what the tip cue search sees):
    'gsa to form the intermediate pg phosphate which is then dephosphorylated by pgp phosphatase to form pg 50 another set of suppressor mutations was mapped to the cdsa gene e'
  base catalysis cue  : 'phosphorylat'
  tip  catalysis cue  : 'phosphorylat'
  BASE contra match   : 'suppress'
    base contra context: 'then dephosphorylated by pgp phosphatase to form pg 50 another set of suppressor mutations was mapped to the cdsa gene e'
    distance from needle match (chars in window): 41
  TIP  contra match   : NO MATCH
  -> licenses at tip  : True

================================================================================================
needle='phosphatase'  window offset 71757..71928
================================================================================================
WINDOW (unmasked):
    'gsa to form the intermediate pg phosphate which is then dephosphorylated by pgp phosphatase to form pg 50 another set of suppressor mutations was mapped to the cdsa gene e'
MASKED (what the tip cue search sees):
    'gsa to form the intermediate pg phosphate which is then dephosphorylated by pgp phosphatase to form pg 50 another set of suppressor mutations was mapped to the cdsa gene e'
  base catalysis cue  : 'phosphorylat'
  tip  catalysis cue  : 'phosphorylat'
  BASE contra match   : 'suppress'
    base contra context: 'then dephosphorylated by pgp phosphatase to form pg 50 another set of suppressor mutations was mapped to the cdsa gene e'
    distance from needle match (chars in window): 41
  TIP  contra match   : NO MATCH
  -> licenses at tip  : True

================================================================================================
needle='phosphatase'  window offset 76387..76558
================================================================================================
WINDOW (unmasked):
    'gsa to form the intermediate pg phosphate which is then dephosphorylated by pgp phosphatase to form pg 50 another set of suppressor mutations was mapped to the cdsa gene e'
MASKED (what the tip cue search sees):
    'gsa to form the intermediate pg phosphate which is then dephosphorylated by pgp phosphatase to form pg 50 another set of suppressor mutations was mapped to the cdsa gene e'
  base catalysis cue  : 'phosphorylat'
  tip  catalysis cue  : 'phosphorylat'
  BASE contra match   : 'suppress'
    base contra context: 'then dephosphorylated by pgp phosphatase to form pg 50 another set of suppressor mutations was mapped to the cdsa gene e'
    distance from needle match (chars in window): 41
  TIP  contra match   : NO MATCH
  -> licenses at tip  : True

================================================================================================
needle='phosphatase'  window offset 81017..81188
================================================================================================
WINDOW (unmasked):
    'gsa to form the intermediate pg phosphate which is then dephosphorylated by pgp phosphatase to form pg 50 another set of suppressor mutations was mapped to the cdsa gene e'
MASKED (what the tip cue search sees):
    'gsa to form the intermediate pg phosphate which is then dephosphorylated by pgp phosphatase to form pg 50 another set of suppressor mutations was mapped to the cdsa gene e'
  base catalysis cue  : 'phosphorylat'
  tip  catalysis cue  : 'phosphorylat'
  BASE contra match   : 'suppress'
    base contra context: 'then dephosphorylated by pgp phosphatase to form pg 50 another set of suppressor mutations was mapped to the cdsa gene e'
    distance from needle match (chars in window): 41
  TIP  contra match   : NO MATCH
  -> licenses at tip  : True

================================================================================================
needle='phosphatase'  window offset 85647..85818
================================================================================================
WINDOW (unmasked):
    'gsa to form the intermediate pg phosphate which is then dephosphorylated by pgp phosphatase to form pg 50 another set of suppressor mutations was mapped to the cdsa gene e'
MASKED (what the tip cue search sees):
    'gsa to form the intermediate pg phosphate which is then dephosphorylated by pgp phosphatase to form pg 50 another set of suppressor mutations was mapped to the cdsa gene e'
  base catalysis cue  : 'phosphorylat'
  tip  catalysis cue  : 'phosphorylat'
  BASE contra match   : 'suppress'
    base contra context: 'then dephosphorylated by pgp phosphatase to form pg 50 another set of suppressor mutations was mapped to the cdsa gene e'
    distance from needle match (chars in window): 41
  TIP  contra match   : NO MATCH
  -> licenses at tip  : True

================================================================================================
needle='phosphatase'  window offset 90277..90448
================================================================================================
WINDOW (unmasked):
    'gsa to form the intermediate pg phosphate which is then dephosphorylated by pgp phosphatase to form pg 50 another set of suppressor mutations was mapped to the cdsa gene e'
MASKED (what the tip cue search sees):
    'gsa to form the intermediate pg phosphate which is then dephosphorylated by pgp phosphatase to form pg 50 another set of suppressor mutations was mapped to the cdsa gene e'
  base catalysis cue  : 'phosphorylat'
  tip  catalysis cue  : 'phosphorylat'
  BASE contra match   : 'suppress'
    base contra context: 'then dephosphorylated by pgp phosphatase to form pg 50 another set of suppressor mutations was mapped to the cdsa gene e'
    distance from needle match (chars in window): 41
  TIP  contra match   : NO MATCH
  -> licenses at tip  : True

================================================================================================
needle='phosphatase'  window offset 94907..95078
================================================================================================
WINDOW (unmasked):
    'gsa to form the intermediate pg phosphate which is then dephosphorylated by pgp phosphatase to form pg 50 another set of suppressor mutations was mapped to the cdsa gene e'
MASKED (what the tip cue search sees):
    'gsa to form the intermediate pg phosphate which is then dephosphorylated by pgp phosphatase to form pg 50 another set of suppressor mutations was mapped to the cdsa gene e'
  base catalysis cue  : 'phosphorylat'
  tip  catalysis cue  : 'phosphorylat'
  BASE contra match   : 'suppress'
    base contra context: 'then dephosphorylated by pgp phosphatase to form pg 50 another set of suppressor mutations was mapped to the cdsa gene e'
    distance from needle match (chars in window): 41
  TIP  contra match   : NO MATCH
  -> licenses at tip  : True

================================================================================================
needle='phosphatase'  window offset 99537..99708
================================================================================================
WINDOW (unmasked):
    'gsa to form the intermediate pg phosphate which is then dephosphorylated by pgp phosphatase to form pg 50 another set of suppressor mutations was mapped to the cdsa gene e'
MASKED (what the tip cue search sees):
    'gsa to form the intermediate pg phosphate which is then dephosphorylated by pgp phosphatase to form pg 50 another set of suppressor mutations was mapped to the cdsa gene e'
  base catalysis cue  : 'phosphorylat'
  tip  catalysis cue  : 'phosphorylat'
  BASE contra match   : 'suppress'
    base contra context: 'then dephosphorylated by pgp phosphatase to form pg 50 another set of suppressor mutations was mapped to the cdsa gene e'
    distance from needle match (chars in window): 41
  TIP  contra match   : NO MATCH
  -> licenses at tip  : True

================================================================================================
needle='phosphatase'  window offset 104167..104338
================================================================================================
WINDOW (unmasked):
    'gsa to form the intermediate pg phosphate which is then dephosphorylated by pgp phosphatase to form pg 50 another set of suppressor mutations was mapped to the cdsa gene e'
MASKED (what the tip cue search sees):
    'gsa to form the intermediate pg phosphate which is then dephosphorylated by pgp phosphatase to form pg 50 another set of suppressor mutations was mapped to the cdsa gene e'
  base catalysis cue  : 'phosphorylat'
  tip  catalysis cue  : 'phosphorylat'
  BASE contra match   : 'suppress'
    base contra context: 'then dephosphorylated by pgp phosphatase to form pg 50 another set of suppressor mutations was mapped to the cdsa gene e'
    distance from needle match (chars in window): 41
  TIP  contra match   : NO MATCH
  -> licenses at tip  : True

================================================================================================
needle='phosphatase'  window offset 108797..108968
================================================================================================
WINDOW (unmasked):
    'gsa to form the intermediate pg phosphate which is then dephosphorylated by pgp phosphatase to form pg 50 another set of suppressor mutations was mapped to the cdsa gene e'
MASKED (what the tip cue search sees):
    'gsa to form the intermediate pg phosphate which is then dephosphorylated by pgp phosphatase to form pg 50 another set of suppressor mutations was mapped to the cdsa gene e'
  base catalysis cue  : 'phosphorylat'
  tip  catalysis cue  : 'phosphorylat'
  BASE contra match   : 'suppress'
    base contra context: 'then dephosphorylated by pgp phosphatase to form pg 50 another set of suppressor mutations was mapped to the cdsa gene e'
    distance from needle match (chars in window): 41
  TIP  contra match   : NO MATCH
  -> licenses at tip  : True

================================================================================================
needle='phosphatase'  window offset 113427..113598
================================================================================================
WINDOW (unmasked):
    'gsa to form the intermediate pg phosphate which is then dephosphorylated by pgp phosphatase to form pg 50 another set of suppressor mutations was mapped to the cdsa gene e'
MASKED (what the tip cue search sees):
    'gsa to form the intermediate pg phosphate which is then dephosphorylated by pgp phosphatase to form pg 50 another set of suppressor mutations was mapped to the cdsa gene e'
  base catalysis cue  : 'phosphorylat'
  tip  catalysis cue  : 'phosphorylat'
  BASE contra match   : 'suppress'
    base contra context: 'then dephosphorylated by pgp phosphatase to form pg 50 another set of suppressor mutations was mapped to the cdsa gene e'
    distance from needle match (chars in window): 41
  TIP  contra match   : NO MATCH
  -> licenses at tip  : True

================================================================================================
needle='phosphatase'  window offset 118057..118228
================================================================================================
WINDOW (unmasked):
    'gsa to form the intermediate pg phosphate which is then dephosphorylated by pgp phosphatase to form pg 50 another set of suppressor mutations was mapped to the cdsa gene e'
MASKED (what the tip cue search sees):
    'gsa to form the intermediate pg phosphate which is then dephosphorylated by pgp phosphatase to form pg 50 another set of suppressor mutations was mapped to the cdsa gene e'
  base catalysis cue  : 'phosphorylat'
  tip  catalysis cue  : 'phosphorylat'
  BASE contra match   : 'suppress'
    base contra context: 'then dephosphorylated by pgp phosphatase to form pg 50 another set of suppressor mutations was mapped to the cdsa gene e'
    distance from needle match (chars in window): 41
  TIP  contra match   : NO MATCH
  -> licenses at tip  : True

================================================================================================
needle='phosphatase'  window offset 122687..122858
================================================================================================
WINDOW (unmasked):
    'gsa to form the intermediate pg phosphate which is then dephosphorylated by pgp phosphatase to form pg 50 another set of suppressor mutations was mapped to the cdsa gene e'
MASKED (what the tip cue search sees):
    'gsa to form the intermediate pg phosphate which is then dephosphorylated by pgp phosphatase to form pg 50 another set of suppressor mutations was mapped to the cdsa gene e'
  base catalysis cue  : 'phosphorylat'
  tip  catalysis cue  : 'phosphorylat'
  BASE contra match   : 'suppress'
    base contra context: 'then dephosphorylated by pgp phosphatase to form pg 50 another set of suppressor mutations was mapped to the cdsa gene e'
    distance from needle match (chars in window): 41
  TIP  contra match   : NO MATCH
  -> licenses at tip  : True

================================================================================================
needle='phosphatase'  window offset 127317..127488
================================================================================================
WINDOW (unmasked):
    'gsa to form the intermediate pg phosphate which is then dephosphorylated by pgp phosphatase to form pg 50 another set of suppressor mutations was mapped to the cdsa gene e'
MASKED (what the tip cue search sees):
    'gsa to form the intermediate pg phosphate which is then dephosphorylated by pgp phosphatase to form pg 50 another set of suppressor mutations was mapped to the cdsa gene e'
  base catalysis cue  : 'phosphorylat'
  tip  catalysis cue  : 'phosphorylat'
  BASE contra match   : 'suppress'
    base contra context: 'then dephosphorylated by pgp phosphatase to form pg 50 another set of suppressor mutations was mapped to the cdsa gene e'
    distance from needle match (chars in window): 41
  TIP  contra match   : NO MATCH
  -> licenses at tip  : True

================================================================================================
needle='phosphatase'  window offset 131947..132118
================================================================================================
WINDOW (unmasked):
    'gsa to form the intermediate pg phosphate which is then dephosphorylated by pgp phosphatase to form pg 50 another set of suppressor mutations was mapped to the cdsa gene e'
MASKED (what the tip cue search sees):
    'gsa to form the intermediate pg phosphate which is then dephosphorylated by pgp phosphatase to form pg 50 another set of suppressor mutations was mapped to the cdsa gene e'
  base catalysis cue  : 'phosphorylat'
  tip  catalysis cue  : 'phosphorylat'
  BASE contra match   : 'suppress'
    base contra context: 'then dephosphorylated by pgp phosphatase to form pg 50 another set of suppressor mutations was mapped to the cdsa gene e'
    distance from needle match (chars in window): 41
  TIP  contra match   : NO MATCH
  -> licenses at tip  : True

windows printed: 58

================ CLEANUP REPORT ================
report schema version   : 1
wrapper build           : sha256:83d139543d4c01b33984b6ca9fb0943db461d0ee5f85091623089a548b8abed0
wrapper path (executed) : C:\t\rev108\docs\pwml_recovery_sprint\evidence\bounded_run.py
wrapper vs HEAD         : clean  @ fbf2047e69fa0464c7c128978f12c636a1455431  [git, worktree dirty=False]
label                   : rev108-pgp-window
command                 : C:\Users\Angad\Desktop\SummerBIOIN\Project14-T2PW\.venv\Scripts\python.exe C:/t/rev108/docs/pwml_recovery_sprint/evidence/rev108_pgp_window.py C:/t/rev108base C:/t/rev108 C:/t/rev108base
cwd                     : c:\Users\Angad\Desktop\SummerBIOIN\Project14-T2PW
root PID / process group: 155380 / None
isolation               : windows_job_object(KILL_ON_JOB_CLOSE)
timeout                 : 900 s
duration                : 24.26 s
exit reason             : completed
exit code (real)        : 0
returned code           : 0
descendants observed    : 1  187832:python.exe
descendants terminated  : 1  187832
graceful attempted      : False
forced                  : False
FINAL SURVIVING COUNT   : 0
cleanup                 : success
json report             : C:\t\rev108\docs\pwml_recovery_sprint\evidence\g11\REV-108\12-rev108-pgp-window.json
json report written     : True
heavy lock              : C:\t\heavylock  holder=REV-108  acquired=True  released=True
pre-existing (reported, NEVER killed): 4
================================================
