..............                                                           [100%]
14 passed in 3.91s

================ CLEANUP REPORT ================
report schema version   : 1
wrapper build           : sha256:83d139543d4c01b33984b6ca9fb0943db461d0ee5f85091623089a548b8abed0
wrapper path (executed) : C:\t\rev113\docs\pwml_recovery_sprint\evidence\bounded_run.py
wrapper vs HEAD         : clean  @ ae68de9518a43d0f25962ca78fa6b63306f6ee75  [git, worktree dirty=False]
label                   : c102-alone
command                 : c:\Users\Angad\Desktop\SummerBIOIN\Project14-T2PW\.venv\Scripts\python.exe -m pytest -q --no-header --basetemp=C:/t/btrev113/c102alone tests/test_c102_coverage_denominator.py
cwd                     : C:\t\rev113
root PID / process group: 558432 / None
isolation               : windows_job_object(KILL_ON_JOB_CLOSE)
timeout                 : 300 s
duration                : 4.87 s
exit reason             : completed
exit code (real)        : 0
returned code           : 0
descendants observed    : 2  553932:python.exe, 558296:git.exe
descendants terminated  : 2  553932, 558296
graceful attempted      : False
forced                  : False
FINAL SURVIVING COUNT   : 0
cleanup                 : success
json report             : C:\t\rev113\docs\pwml_recovery_sprint\evidence\g11\REV-113\05-c102-alone.json
json report written     : True
heavy lock              : C:\t\heavylock  holder=REV-113  acquired=True  released=True
pre-existing (reported, NEVER killed): 4
================================================
