target sha256 before anything: f0057ea6a1e5f59464f24f51bb6a385e0be068e7d82ae8888bb675049748bcb1
target CRLF count            : 2816

BASELINE (unmutated): exit=0  358 passed in 0.68s

============================================================================================
N1 [expect RED] (a): the transport stem may complete as its agent noun again
============================================================================================
  result: RED  (exit=1)  10 failed, 348 passed in 0.75s
  tests red: tests/test_c108_f155_class.py::test_a_a_transport_schema_noun_cannot_license_the_row_it_asks_for[P, tests/test_c108_f155_class.py::test_a_a_transport_schema_noun_cannot_license_the_row_it_asks_for[P,, tests/test_c108_f155_class.py::test_a_a_transport_schema_noun_cannot_license_the_row_it_asks_for[add, tests/test_c108_f155_class.py::test_a_a_transport_schema_noun_cannot_license_the_row_it_asks_for[adding, tests/test_c108_f155_class.py::test_a_a_transport_schema_noun_cannot_license_the_row_it_asks_for[assign, tests/test_c108_f155_class.py::test_a_a_transport_schema_noun_cannot_license_the_row_it_asks_for[listing
  OK

============================================================================================
N2 [expect RED] (a): the catalysis stem may complete as 'catalyst' again
============================================================================================
  result: RED  (exit=1)  5 failed, 353 passed in 0.73s
  tests red: tests/test_c108_f155_class.py::test_a_a_catalysis_schema_noun_cannot_license_the_row_it_asks_for[P, tests/test_c108_f155_class.py::test_a_a_catalysis_schema_noun_cannot_license_the_row_it_asks_for[add
  OK

============================================================================================
N3 [expect RED] (c): the actor-name mask is a no-op, so a name licenses itself again
============================================================================================
  result: RED  (exit=1)  13 failed, 345 passed in 0.74s
  tests red: tests/test_c108_f155_class.py::test_c_an_actors_own_name_is_not_evidence_about_the_actor[LpxC, tests/test_c108_f155_class.py::test_c_an_actors_own_name_is_not_evidence_about_the_actor[MurA, tests/test_c108_f155_class.py::test_c_an_actors_own_name_is_not_evidence_about_the_actor[P, tests/test_c108_f155_class.py::test_c_an_actors_own_name_is_not_evidence_about_the_actor[enterobactin, tests/test_c108_f155_class.py::test_c_an_actors_own_name_is_not_evidence_about_the_actor[ferrochelatase-modulating
  OK

============================================================================================
N4 [expect RED] (a): the agent-noun predication set is emptied, so nothing is re-admitted -- an OVER-REFUSAL attack on the same fix
============================================================================================
  result: RED  (exit=1)  1 failed, 357 passed in 0.72s
  tests red: tests/test_c108_f155_class.py::test_a_the_transport_verb_and_every_predication_still_license[P
  OK

============================================================================================
N5 [expect RED] (c): the mask takes TOKENS instead of contiguous RUNS -- the over-refusal trap the card names explicitly
============================================================================================
  result: RED  (exit=1)  6 failed, 352 passed in 0.73s
  tests red: tests/test_c108_f155_class.py::test_c_a_predication_beside_the_name_still_licenses[LpxC, tests/test_c108_f155_class.py::test_c_a_predication_beside_the_name_still_licenses[P, tests/test_c108_f155_class.py::test_c_a_predication_beside_the_name_still_licenses[acyltransferase, tests/test_c108_f155_class.py::test_c_the_over_refusal_trap_the_card_names_explicitly
  OK

============================================================================================
N6 [expect RED] (c): the agentive-'by' exemption is switched off, so an agent phrase is masked as if it were a naming
============================================================================================
  result: RED  (exit=1)  1 failed, 357 passed in 0.71s
  tests red: tests/test_c108_f155_class.py::test_c_the_agentive_by_is_a_predication_not_a_naming
  OK

============================================================================================
N7 [expect RED] (c): the cofactor dependence route reads the MASKED window, so the frame loses the needle it is built around
============================================================================================
  result: RED  (exit=1)  5 failed, 353 passed in 0.72s
  tests red: tests/test_c107_actor_cue_calibration.py::test_an_evidenced_cofactor_row_is_licensed[the, tests/test_c107_actor_cue_calibration.py::test_the_cofactor_family_itself_still_licenses_the_same_spans, tests/test_c108_f155_class.py::test_c_the_cofactor_dependence_route_is_not_masked
  OK

============================================================================================
N8 [expect RED] (d): the contra goes back to being a bare alias of the cue
============================================================================================
  result: RED  (exit=1)  16 failed, 342 passed in 0.77s
  tests red: tests/test_c108_f155_class.py::test_d_an_appositive_agent_noun_is_not_evidence_the_actor_is_shut_down[P4X,, tests/test_c108_f155_class.py::test_d_an_appositive_agent_noun_is_not_evidence_the_actor_is_shut_down[inhibitor, tests/test_c108_f155_class.py::test_d_an_appositive_agent_noun_is_not_evidence_the_actor_is_shut_down[the, tests/test_c108_f155_class.py::test_p2_the_inhibition_cue_is_untouched_so_the_other_fallback_cannot_move
  OK

============================================================================================
N9 [expect RED] (d) MERGE RULE 6: the F3 target frame is removed, so 'the inhibitor of P' no longer refuses
============================================================================================
  result: RED  (exit=1)  9 failed, 349 passed in 0.74s
  tests red: tests/test_c108_f155_class.py::test_b_new_the_gap_construct_is_a_length_bound_only, tests/test_c108_f155_class.py::test_d_the_contra_still_refuses_every_attenuation_aimed_at_the_actor[an, tests/test_c108_f155_class.py::test_d_the_contra_still_refuses_every_attenuation_aimed_at_the_actor[inhibitors, tests/test_c108_f155_class.py::test_d_the_contra_still_refuses_every_attenuation_aimed_at_the_actor[the
  OK

============================================================================================
N10 [expect RED] (d) MERGE RULE 6: the F4 head-final frame is removed, so 'the P inhibitor' no longer refuses
============================================================================================
  result: RED  (exit=1)  4 failed, 354 passed in 0.73s
  tests red: tests/test_c108_f155_class.py::test_d_the_contra_still_refuses_every_attenuation_aimed_at_the_actor[P, tests/test_c108_f155_class.py::test_d_the_contra_still_refuses_every_attenuation_aimed_at_the_actor[the
  OK

============================================================================================
N11 [expect RED] (d): the contra anchor becomes a WORD anchor, which also stops 'inhibitory' and 'repression' firing
============================================================================================
  result: RED  (exit=1)  15 failed, 343 passed in 0.76s
  tests red: tests/test_c105_actor_role_evidence.py::test_inhibition_cue_in_the_same_window_cannot_license_catalysis, tests/test_c105_actor_role_evidence.py::test_unlicensed_actor_adds_are_still_refused[inhibition, tests/test_c108_f155_class.py::test_d_only_the_agent_noun_is_withheld_from_the_contra[P, tests/test_c108_f155_class.py::test_d_only_the_agent_noun_is_withheld_from_the_contra[the, tests/test_c108_f155_class.py::test_d_the_contra_still_refuses_every_attenuation_aimed_at_the_actor[P, tests/test_c108_f155_class.py::test_d_the_contra_still_refuses_every_attenuation_aimed_at_the_actor[Q
  OK

============================================================================================
N13 [expect RED] (d) RE-PINNED FROM C-107 M16. The six inhibition additions revert to bare unanchored stems. C-107 own M16 keys on the dict-literal spelling the (d) split replaced, so it now ABORTS with 'matched 0 times' (evidence/c108_c107_mutations_at_tip.log). The PROPERTY is unchanged and is re-pinned here, at the constant the stems moved to.
============================================================================================
  result: RED  (exit=1)  4 failed, 354 passed in 0.56s
  tests red: tests/test_c107_actor_cue_calibration.py::test_an_enzyme_noun_containing_an_attenuation_word_still_licenses[silencer], tests/test_c108_f155_class.py::test_e_new_coverage_the_anchor_is_load_bearing[left-anchor-on-_ATTENUATION_WORD_SRC], tests/test_c108_f155_class.py::test_e_new_coverage_the_anchor_is_load_bearing[left-anchor-on-the-six-inhibition-additions], tests/test_c108_f155_class.py::test_e_new_coverage_the_anchor_is_load_bearing[right-anchor-on-_ATTENUATION_WORD_SRC]
  OK

============================================================================================
N12 [expect BEHAVIOURALLY-GREEN] (b) EXPECTED SURVIVOR: the folded character class reverts to '[^.]'. Every BEHAVIOURAL arm must stay green; only the structural pin on the spelling may go red. Any other red would mean member (b) moved behaviour and was mislabelled as code honesty.
============================================================================================
  result: RED  (exit=1)  1 failed, 357 passed in 0.71s
  tests red: tests/test_c108_f155_class.py::test_b_new_the_folded_character_class_is_the_spelling_that_says_so
  OK -- every behavioural arm survived; the only red is the structural pin on the spelling

============================================================================================
target sha256 after everything: f0057ea6a1e5f59464f24f51bb6a385e0be068e7d82ae8888bb675049748bcb1
byte-identical to the start   : True
CRLF count preserved          : True
C108 OWN-MUTATION FAILURES: 0 of 13  (must be 0)
============================================================================================

================ CLEANUP REPORT ================
report schema version   : 1
wrapper build           : sha256:83d139543d4c01b33984b6ca9fb0943db461d0ee5f85091623089a548b8abed0
wrapper path (executed) : C:\t\rev108\docs\pwml_recovery_sprint\evidence\bounded_run.py
wrapper vs HEAD         : clean  @ fbf2047e69fa0464c7c128978f12c636a1455431  [git, worktree dirty=False]
label                   : rev108-own-mut-verify
command                 : C:\Users\Angad\Desktop\SummerBIOIN\Project14-T2PW\.venv\Scripts\python.exe C:/t/rev108/docs/pwml_recovery_sprint/evidence/c108_own_mutations.py C:/t/rev108
cwd                     : C:\t\rev108
root PID / process group: 189748 / None
isolation               : windows_job_object(KILL_ON_JOB_CLOSE)
timeout                 : 3000 s
duration                : 16.21 s
exit reason             : completed
exit code (real)        : 0
returned code           : 0
descendants observed    : 29  183228:python.exe, 189360:python.exe, 190032:python.exe, 111588:python.exe, 186284:python.exe, 134412:python.exe, 191116:python.exe, 190240:python.exe, 190296:python.exe, 174552:python.exe, 190984:python.exe, 191152:python.exe, 188028:python.exe, 176292:python.exe, 188116:python.exe, 188624:python.exe, 190672:python.exe, 190056:python.exe, 190492:python.exe, 188776:python.exe, 190948:python.exe, 188272:python.exe, 188280:python.exe, 190748:python.exe, 191376:python.exe, 187856:python.exe, 191036:python.exe, 187712:python.exe, 190684:python.exe
descendants terminated  : 29  111588, 134412, 174552, 176292, 183228, 186284, 187712, 187856, 188028, 188116, 188272, 188280, 188624, 188776, 189360, 190032, 190056, 190240, 190296, 190492, 190672, 190684, 190748, 190948, 190984, 191036, 191116, 191152, 191376
graceful attempted      : False
forced                  : False
FINAL SURVIVING COUNT   : 0
cleanup                 : success
json report             : C:\t\rev108\docs\pwml_recovery_sprint\evidence\g11\REV-108\15-rev108-own-mut-verify.json
json report written     : True
heavy lock              : C:\t\heavylock  holder=REV-108  acquired=True  released=True
pre-existing (reported, NEVER killed): 4
================================================
