=== BASELINE (unmutated r1 tip) === exit=0
    155 passed in 0.26s

=== V1: F1: the of/in linker is made MANDATORY, so bare 'reduction NDM-1' escapes
    before: bytes=115786 crlf=2386 sha256=c6453b9c3af12a53
    after : bytes=115786 crlf=2386 sha256=c6453b9c3af12a53
    suite : exit=0  GREEN
        155 passed in 0.27s

=== V2: F1: the modifier budget drops to zero -- one adjective evades the contra
    before: bytes=115786 crlf=2386 sha256=c6453b9c3af12a53
    after : bytes=115786 crlf=2386 sha256=c6453b9c3af12a53
    suite : exit=0  GREEN
        155 passed in 0.27s

=== V3: F1: the needle right boundary is dropped, so a PREFIX of a longer token matches
    before: bytes=115786 crlf=2386 sha256=c6453b9c3af12a53
    after : bytes=115786 crlf=2386 sha256=c6453b9c3af12a53
    suite : exit=2  RED (guard is tested)

=== V4: F2: the attenuation OBJECT vocabulary is emptied
    before: bytes=115786 crlf=2386 sha256=c6453b9c3af12a53
    after : bytes=115786 crlf=2386 sha256=c6453b9c3af12a53
    suite : exit=1  RED (guard is tested)
        5 failed, 150 passed in 0.32s
        RED: test_each_inhibition_near_synonym_refuses_a_catalysis_promotion

=== V5: F2: the look distance collapses to zero
    before: bytes=115786 crlf=2386 sha256=c6453b9c3af12a53
    after : bytes=115786 crlf=2386 sha256=c6453b9c3af12a53
    suite : exit=1  RED (guard is tested)
        5 failed, 150 passed in 0.33s
        RED: test_each_inhibition_near_synonym_refuses_a_catalysis_promotion

=== V6: 1e: the cofactor dependence vocabulary is emptied
    before: bytes=115786 crlf=2386 sha256=c6453b9c3af12a53
    after : bytes=115786 crlf=2386 sha256=c6453b9c3af12a53
    suite : exit=1  RED (guard is tested)
        3 failed, 152 passed in 0.32s
        RED: test_an_evidenced_cofactor_row_is_licensed

=== V7: 1e: the cofactor modifier budget drops to zero
    before: bytes=115786 crlf=2386 sha256=c6453b9c3af12a53
    after : bytes=115786 crlf=2386 sha256=c6453b9c3af12a53
    suite : exit=0  GREEN
        155 passed in 0.28s

=== V8: 1e: the cofactor-specific modifier nouns are removed, leaving the passive list
    before: bytes=115786 crlf=2386 sha256=c6453b9c3af12a53
    after : bytes=115786 crlf=2386 sha256=c6453b9c3af12a53
    suite : exit=0  GREEN
        155 passed in 0.27s

=== V9: 1e REGRESSION: the dependence route is made family-wide again -- the exact widening of the unmapped-role fallback REV-107 raised as blocking 2
    before: bytes=115786 crlf=2386 sha256=c6453b9c3af12a53
    after : bytes=115786 crlf=2386 sha256=c6453b9c3af12a53
    suite : exit=0  GREEN
        155 passed in 0.28s

=== V10: 1a REGRESSION: the actor-anchored contra is applied only when the object noun is present, i.e. the round-0 lexical binding is restored in spirit
    before: bytes=115786 crlf=2386 sha256=c6453b9c3af12a53
=== V10: ABORT -- the substitution did not apply: the substitution matched 2 times, not 1

================ CLEANUP REPORT ================
report schema version   : 1
wrapper build           : sha256:83d139543d4c01b33984b6ca9fb0943db461d0ee5f85091623089a548b8abed0
wrapper path (executed) : C:\t\rev107\docs\pwml_recovery_sprint\evidence\bounded_run.py
wrapper vs HEAD         : clean  @ b569205e0361d0734cd3d2085ecc49a9078e2972  [git, worktree dirty=False]
label                   : rev107-r1-rev-mut
command                 : c:\Users\Angad\Desktop\SummerBIOIN\Project14-T2PW\.venv\Scripts\python.exe -u docs/pwml_recovery_sprint/evidence/rev107_r1_mutation_attack.py C:/t/rev107
cwd                     : C:\t\rev107
root PID / process group: 109828 / None
isolation               : windows_job_object(KILL_ON_JOB_CLOSE)
timeout                 : 400 s
duration                : 7.84 s
exit reason             : nonzero
exit code (real)        : 3
returned code           : 3
descendants observed    : 21  107584:python.exe, 80116:python.exe, 113628:python.exe, 112892:python.exe, 113632:python.exe, 111776:python.exe, 112664:python.exe, 111816:python.exe, 112888:python.exe, 107972:python.exe, 112004:python.exe, 110012:python.exe, 110576:python.exe, 100728:python.exe, 112476:python.exe, 111908:python.exe, 112988:python.exe, 112092:python.exe, 113056:python.exe, 113528:python.exe, 113540:python.exe
descendants terminated  : 21  80116, 100728, 107584, 107972, 110012, 110576, 111776, 111816, 111908, 112004, 112092, 112476, 112664, 112888, 112892, 112988, 113056, 113528, 113540, 113628, 113632
graceful attempted      : False
forced                  : False
FINAL SURVIVING COUNT   : 0
cleanup                 : success
json report             : C:\t\rev107\docs\pwml_recovery_sprint\evidence\g11\REV-107\29-r1-rev-mut.json
json report written     : True
heavy lock              : C:\t\heavylock  holder=REV-107  acquired=True  released=True
pre-existing (reported, NEVER killed): 4
================================================
