rows: 692  base accepted: 397  tip accepted: 401

========================================================================================
DIRECTION 1 -- NEWLY REFUSED (accepted at BASE, refused at TIP): 0
========================================================================================

========================================================================================
DIRECTION 2 -- NEWLY ADMITTED (refused at BASE, accepted at TIP): 4
========================================================================================
  [modifiers/reactions role='inhibitor'] 'Fur'  file=\runs_verify\2026-08-04_1358\papers\PMC12096016\research\final_mapped.json
      'holo-Fur binds to the promoters of three ent gene clusters, silencing gene expression'
  [transporters/transports role='None'] 'MsbA'  file=\runs_verify\2026-08-25_1216\papers\PMC12444477\research\final_mapped.json
      'core-lipid A is flipped from the cytoplasmic leaflet to the periplasmic leaflet of the IM by the flippase MsbA'
  [transporters/transports role='None'] 'MsbA'  file=\runs\2026-08-02_2130\papers\PMC12444477\research\final_mapped.json
      'flippase MsbA'
  [transporters/transports role='None'] 'MsbA'  file=\runs\2026-07-28_0919\papers\PMC12444477__the-regulation-of-lipid-a-biosynthesis\strict\final_mapped.json
      'flipped from the cytoplasmic leaflet to the periplasmic leaflet of the IM by the flippase MsbA'

REV107 CORPUS: newly_refused=0  newly_admitted=4  (reported separately)

LARGEST SPANS (1g / B10):
   176375 chars  [enzymes] 'mcr genes complex' role='catalyst' base=True tip=True file=\runs\2026-07-28_0919\papers\PMC13278307__an-overview-of-mobile-colistin-resistance-mcr-g\strict\final_mapped.json
   176375 chars  [enzymes] 'pmrCAB operon complex' role='catalyst' base=True tip=True file=\runs\2026-07-28_0919\papers\PMC13278307__an-overview-of-mobile-colistin-resistance-mcr-g\strict\final_mapped.json
   176375 chars  [enzymes] 'PEtN transferase complex' role='catalyst' base=True tip=True file=\runs\2026-07-28_0919\papers\PMC13278307__an-overview-of-mobile-colistin-resistance-mcr-g\strict\final_mapped.json
   176375 chars  [modifiers] 'mcr genes complex' role='catalyst' base=True tip=True file=\runs\2026-07-28_0919\papers\PMC13278307__an-overview-of-mobile-colistin-resistance-mcr-g\strict\final_mapped.json
   176375 chars  [modifiers] 'pmrCAB operon complex' role='catalyst' base=True tip=True file=\runs\2026-07-28_0919\papers\PMC13278307__an-overview-of-mobile-colistin-resistance-mcr-g\strict\final_mapped.json
