[baseline] restore proved: bytes=118352 crlf=2426 sha=67e55210305ddbc3
[W1 left anchor off _ATTENUATION_WORD_SRC] restore proved: bytes=118352 crlf=2426 sha=67e55210305ddbc3
[W2 right anchor off _ATTENUATION_WORD_SRC] restore proved: bytes=118352 crlf=2426 sha=67e55210305ddbc3
[W4 left anchor off the six inhibition additions] restore proved: bytes=118352 crlf=2426 sha=67e55210305ddbc3

================================================================================================
case                          baseline        W1        W2        W4
================================================================================================
F1 reductase adjacent           ACCEPT    ACCEPT    ACCEPT    ACCEPT
F1 silencer adjacent            ACCEPT    ACCEPT    ACCEPT    ACCEPT
F1 blocker adjacent             ACCEPT    ACCEPT    ACCEPT    ACCEPT
F1 interferon adjacent          ACCEPT    ACCEPT    ACCEPT    ACCEPT
F2 silencer after actor         ACCEPT    ACCEPT    REFUSE    ACCEPT   <<< ANCHOR IS LOAD-BEARING HERE
F2 blocker after actor          ACCEPT    ACCEPT    REFUSE    ACCEPT   <<< ANCHOR IS LOAD-BEARING HERE
F2 reductase after actor        ACCEPT    ACCEPT    ACCEPT    ACCEPT
INH photoablation               ACCEPT    REFUSE    ACCEPT    REFUSE   <<< ANCHOR IS LOAD-BEARING HERE
INH counterinterference         ACCEPT    REFUSE    ACCEPT    REFUSE   <<< ANCHOR IS LOAD-BEARING HERE
INH microablation               ACCEPT    REFUSE    ACCEPT    REFUSE   <<< ANCHOR IS LOAD-BEARING HERE
INH nonimpairment               ACCEPT    REFUSE    ACCEPT    REFUSE   <<< ANCHOR IS LOAD-BEARING HERE
mid-word oxidoreduce            ACCEPT    ACCEPT    ACCEPT    ACCEPT
CONTROL hydrolase               ACCEPT    ACCEPT    ACCEPT    ACCEPT

  W1 left anchor off _ATTENUATION_WORD_SRC         LOAD-BEARING but UNTESTED: changes 4 case(s)
  W2 right anchor off _ATTENUATION_WORD_SRC        LOAD-BEARING but UNTESTED: changes 2 case(s)
  W4 left anchor off the six inhibition additions  LOAD-BEARING but UNTESTED: changes 4 case(s)

================ CLEANUP REPORT ================
report schema version   : 1
wrapper build           : sha256:83d139543d4c01b33984b6ca9fb0943db461d0ee5f85091623089a548b8abed0
wrapper path (executed) : C:\t\rev107\docs\pwml_recovery_sprint\evidence\bounded_run.py
wrapper vs HEAD         : clean  @ 0b6f538a2da758f66b4ff1a4507552f194f286ab  [git, worktree dirty=False]
label                   : rev107-anchor-exposure
command                 : c:\Users\Angad\Desktop\SummerBIOIN\Project14-T2PW\.venv\Scripts\python.exe -u docs/pwml_recovery_sprint/evidence/rev107_anchor_exposure.py C:/t/rev107
cwd                     : C:\t\rev107
root PID / process group: 125540 / None
isolation               : windows_job_object(KILL_ON_JOB_CLOSE)
timeout                 : 380 s
duration                : 0.63 s
exit reason             : completed
exit code (real)        : 0
returned code           : 0
descendants observed    : 9  125552:python.exe, 125572:python.exe, 125592:python.exe, 125612:python.exe, 125632:python.exe, 125652:python.exe, 125672:python.exe, 125692:python.exe, 125712:python.exe
descendants terminated  : 9  125552, 125572, 125592, 125612, 125632, 125652, 125672, 125692, 125712
graceful attempted      : False
forced                  : False
FINAL SURVIVING COUNT   : 0
cleanup                 : success
json report             : C:\t\rev107\docs\pwml_recovery_sprint\evidence\g11\REV-107\45-anchor-exposure.json
json report written     : True
heavy lock              : C:\t\heavylock  holder=REV-107  acquired=True  released=True
pre-existing (reported, NEVER killed): 4
================================================
