task        : REV-109 (stem rev109)
worktree    : C:\t\rev109
integration : C:\t\rev109@rev/REV-109
enumerated  : 24  reachable 24  unreachable 0
exit_reason : all_reachable
exit_code   : 0

================ CLEANUP REPORT ================
report schema version   : 1
wrapper build           : sha256:83d139543d4c01b33984b6ca9fb0943db461d0ee5f85091623089a548b8abed0
wrapper path (executed) : C:\t\rev109\docs\pwml_recovery_sprint\evidence\bounded_run.py
wrapper vs HEAD         : clean  @ dfcd6ee6fa3fb5ba94b094d35f61cec4326cac28  [git, worktree dirty=False]
label                   : rev109-self-route
command                 : C:\Users\Angad\Desktop\SummerBIOIN\Project14-T2PW\.venv\Scripts\python.exe C:/t/rev109/docs/pwml_recovery_sprint/evidence/reviewer_evidence_route.py --task REV-109 --worktree C:/t/rev109 --integration-repo C:/t/rev109 --integration-ref rev/REV-109
cwd                     : C:\t\rev109
root PID / process group: 179004 / None
isolation               : windows_job_object(KILL_ON_JOB_CLOSE)
timeout                 : 300 s
duration                : 0.31 s
exit reason             : completed
exit code (real)        : 0
returned code           : 0
descendants observed    : 2  181204:python.exe, 180572:git.exe
descendants terminated  : 2  180572, 181204
graceful attempted      : False
forced                  : False
FINAL SURVIVING COUNT   : 0
cleanup                 : success
json report             : C:\t\rev109\docs\pwml_recovery_sprint\evidence\g11\REV-109\14-rev109-self-route.json
json report written     : True
heavy lock              : C:\t\heavylock  holder=REV-109  acquired=True  released=True
pre-existing (reported, NEVER killed): 4
================================================
