rows at base : 2    rows at tip : 2
population drift: keys only at base = 0, only at tip = 0

BASE accepted : 2 of 2
TIP  accepted : 2 of 2

==========================================================================================
DIRECTION 1 -- NEWLY REFUSED (accepted at base, refused at tip): 0
==========================================================================================

==========================================================================================
DIRECTION 2 -- NEWLY ADMITTED (refused at base, accepted at tip): 0
==========================================================================================

SUMMARY  newly_refused=0  newly_admitted=0  (reported separately, by C-107 section 3 / REV-107 B5)

================ CLEANUP REPORT ================
report schema version   : 1
wrapper build           : sha256:83d139543d4c01b33984b6ca9fb0943db461d0ee5f85091623089a548b8abed0
wrapper path (executed) : C:\t\rev108\docs\pwml_recovery_sprint\evidence\bounded_run.py
wrapper vs HEAD         : clean  @ fbf2047e69fa0464c7c128978f12c636a1455431  [git, worktree dirty=False]
label                   : rev108-corpus-diff
command                 : C:\Users\Angad\Desktop\SummerBIOIN\Project14-T2PW\.venv\Scripts\python.exe C:/t/rev108/docs/pwml_recovery_sprint/evidence/c107_corpus_diff.py C:/t/rev108_corpus_base.json C:/t/rev108_corpus_tip.json 40
cwd                     : c:\Users\Angad\Desktop\SummerBIOIN\Project14-T2PW
root PID / process group: 161876 / None
isolation               : windows_job_object(KILL_ON_JOB_CLOSE)
timeout                 : 600 s
duration                : 0.20 s
exit reason             : completed
exit code (real)        : 0
returned code           : 0
descendants observed    : 1  187704:python.exe
descendants terminated  : 1  187704
graceful attempted      : False
forced                  : False
FINAL SURVIVING COUNT   : 0
cleanup                 : success
json report             : C:\t\rev108\docs\pwml_recovery_sprint\evidence\g11\REV-108\08-rev108-corpus-diff.json
json report written     : True
heavy lock              : C:\t\heavylock  holder=REV-108  acquired=True  released=True
pre-existing (reported, NEVER killed): 4
================================================
