=== BASELINE (unmutated r1 tip) === exit=0
    155 passed in 0.26s

=== V1: F1: the of/in linker is made MANDATORY, so bare 'reduction NDM-1' escapes
    before: bytes=115786 crlf=2386 sha256=c6453b9c3af12a53
    after : bytes=115786 crlf=2386 sha256=c6453b9c3af12a53
    suite : exit=0  GREEN
        155 passed in 0.27s

=== V2: F1: the modifier budget drops to zero -- one adjective evades the contra
    before: bytes=115786 crlf=2386 sha256=c6453b9c3af12a53
    after : bytes=115786 crlf=2386 sha256=c6453b9c3af12a53
    suite : exit=0  GREEN
        155 passed in 0.27s

=== V3: F1: the needle right boundary is dropped, so a PREFIX of a longer token matches
    before: bytes=115786 crlf=2386 sha256=c6453b9c3af12a53
    after : bytes=115786 crlf=2386 sha256=c6453b9c3af12a53
    suite : exit=2  RED (guard is tested)

=== V4: F2: the attenuation OBJECT vocabulary is emptied
    before: bytes=115786 crlf=2386 sha256=c6453b9c3af12a53
    after : bytes=115786 crlf=2386 sha256=c6453b9c3af12a53
    suite : exit=1  RED (guard is tested)
        5 failed, 150 passed in 0.33s
        RED: test_each_inhibition_near_synonym_refuses_a_catalysis_promotion

=== V5: F2: the look distance collapses to zero
    before: bytes=115786 crlf=2386 sha256=c6453b9c3af12a53
    after : bytes=115786 crlf=2386 sha256=c6453b9c3af12a53
    suite : exit=1  RED (guard is tested)
        5 failed, 150 passed in 0.33s
        RED: test_each_inhibition_near_synonym_refuses_a_catalysis_promotion

=== V6: 1e: the cofactor dependence vocabulary is emptied
    before: bytes=115786 crlf=2386 sha256=c6453b9c3af12a53
    after : bytes=115786 crlf=2386 sha256=c6453b9c3af12a53
    suite : exit=1  RED (guard is tested)
        3 failed, 152 passed in 0.31s
        RED: test_an_evidenced_cofactor_row_is_licensed

=== V7: 1e: the cofactor modifier budget drops to zero
    before: bytes=115786 crlf=2386 sha256=c6453b9c3af12a53
    after : bytes=115786 crlf=2386 sha256=c6453b9c3af12a53
    suite : exit=0  GREEN
        155 passed in 0.28s

=== V8: 1e: the cofactor-specific modifier nouns are removed, leaving the passive list
    before: bytes=115786 crlf=2386 sha256=c6453b9c3af12a53
    after : bytes=115786 crlf=2386 sha256=c6453b9c3af12a53
    suite : exit=0  GREEN
        155 passed in 0.28s

=== V9: 1e REGRESSION: the dependence route is made family-wide again -- the exact widening of the unmapped-role fallback REV-107 raised as blocking 2
    before: bytes=115786 crlf=2386 sha256=c6453b9c3af12a53
    after : bytes=115786 crlf=2386 sha256=c6453b9c3af12a53
    suite : exit=0  GREEN
        155 passed in 0.28s

=== V11-REVERSE: NOT a break: this APPLIES REV-107's proposed fix for the F1 left-boundary defect. GREEN here means no test pins the current unanchored behaviour and the repair is not test-blocked.
    before: bytes=115786 crlf=2386 sha256=c6453b9c3af12a53
    after : bytes=115786 crlf=2386 sha256=c6453b9c3af12a53
    suite : exit=0  GREEN
        155 passed in 0.28s

==============================================================================
REV-107 r1 MUTATIONS: 10
BREAKING mutations that SURVIVED: 5 ['V1', 'V2', 'V7', 'V8', 'V9']
V11-REVERSE (the proposed fix) was: GREEN -- repair NOT test-blocked
==============================================================================
final target: bytes=115786 crlf=2386 sha256=c6453b9c3af12a537b2857302cb2bfc82a4e4a6551962ffbdd5020f30d5b82f2
porcelain: '' (secondary signal only)

================ CLEANUP REPORT ================
report schema version   : 1
wrapper build           : sha256:83d139543d4c01b33984b6ca9fb0943db461d0ee5f85091623089a548b8abed0
wrapper path (executed) : C:\t\rev107\docs\pwml_recovery_sprint\evidence\bounded_run.py
wrapper vs HEAD         : clean  @ b569205e0361d0734cd3d2085ecc49a9078e2972  [git, worktree dirty=False]
label                   : rev107-r1-rev-mut2
command                 : c:\Users\Angad\Desktop\SummerBIOIN\Project14-T2PW\.venv\Scripts\python.exe -u docs/pwml_recovery_sprint/evidence/rev107_r1_mutation_attack.py C:/t/rev107
cwd                     : C:\t\rev107
root PID / process group: 113352 / None
isolation               : windows_job_object(KILL_ON_JOB_CLOSE)
timeout                 : 400 s
duration                : 8.66 s
exit reason             : nonzero
exit code (real)        : 1
returned code           : 1
descendants observed    : 24  112940:python.exe, 112560:python.exe, 113608:python.exe, 105124:python.exe, 112800:python.exe, 112392:python.exe, 112948:python.exe, 113672:python.exe, 113692:python.exe, 113716:python.exe, 113736:python.exe, 113756:python.exe, 113776:python.exe, 113872:python.exe, 113892:python.exe, 113912:python.exe, 113932:python.exe, 113952:python.exe, 113972:python.exe, 114084:python.exe, 114104:python.exe, 114140:python.exe, 114160:python.exe, 114180:git.exe
descendants terminated  : 24  105124, 112392, 112560, 112800, 112940, 112948, 113608, 113672, 113692, 113716, 113736, 113756, 113776, 113872, 113892, 113912, 113932, 113952, 113972, 114084, 114104, 114140, 114160, 114180
graceful attempted      : False
forced                  : False
FINAL SURVIVING COUNT   : 0
cleanup                 : success
json report             : C:\t\rev107\docs\pwml_recovery_sprint\evidence\g11\REV-107\30-r1-rev-mut2.json
json report written     : True
heavy lock              : C:\t\heavylock  holder=REV-107  acquired=True  released=True
pre-existing (reported, NEVER killed): 4
================================================
