code loaded from: C:\t\rev107\src\t2pw\curation\apply_audit_patch.py
final_mapped.json files: 104
ROWS: 692  ACCEPTED: 401  REFUSED: 291
SPANS OVER 5000 CHARS: 62  MAX SPAN: 176375

================ CLEANUP REPORT ================
report schema version   : 1
wrapper build           : sha256:83d139543d4c01b33984b6ca9fb0943db461d0ee5f85091623089a548b8abed0
wrapper path (executed) : C:\t\rev107\docs\pwml_recovery_sprint\evidence\bounded_run.py
wrapper vs HEAD         : clean  @ 9890770e565377ddb00179449714a49f4dc2a8c8  [git, worktree dirty=False]
label                   : rev107-corpus-tip
command                 : c:\Users\Angad\Desktop\SummerBIOIN\Project14-T2PW\.venv\Scripts\python.exe -u docs/pwml_recovery_sprint/evidence/rev107_corpus.py C:/t/rev107 C:/t/rev107 C:/t/rev107_corpus-tip.json
cwd                     : C:\t\rev107
root PID / process group: 4248 / None
isolation               : windows_job_object(KILL_ON_JOB_CLOSE)
timeout                 : 380 s
duration                : 0.72 s
exit reason             : completed
exit code (real)        : 0
returned code           : 0
descendants observed    : 1  90084:python.exe
descendants terminated  : 1  90084
graceful attempted      : False
forced                  : False
FINAL SURVIVING COUNT   : 0
cleanup                 : success
json report             : C:\t\rev107\docs\pwml_recovery_sprint\evidence\g11\REV-107\05-corpus-tip.json
json report written     : True
heavy lock              : C:\t\heavylock  holder=REV-107  acquired=True  released=True
pre-existing (reported, NEVER killed): 4
================================================
