T2PW: C:\t\rev112\src\t2pw\__init__.py
.................                                                        [100%]
17 passed in 1.41s

================ CLEANUP REPORT ================
report schema version   : 1
wrapper build           : sha256:83d139543d4c01b33984b6ca9fb0943db461d0ee5f85091623089a548b8abed0
wrapper path (executed) : C:\t\rev112\docs\pwml_recovery_sprint\evidence\bounded_run.py
wrapper vs HEAD         : clean  @ 53673d5c4aa661bb3654b5be1308a11f5d99d1f5  [git, worktree dirty=False]
label                   : rev112-route-combined
command                 : C:\Users\Angad\Desktop\SummerBIOIN\Project14-T2PW\.venv\Scripts\python.exe docs/pwml_recovery_sprint/evidence/pinned_pytest.py --expect-tree C:/t/rev112 -q --no-header --basetemp=C:/t/btrev112/route-combined tests/test_c109_reviewer_evidence_route.py
cwd                     : C:/t/rev112
root PID / process group: 564768 / None
isolation               : windows_job_object(KILL_ON_JOB_CLOSE)
timeout                 : 300 s
duration                : 2.19 s
exit reason             : completed
exit code (real)        : 0
returned code           : 0
descendants observed    : 9  562680:python.exe, 562888:git.exe, 561932:git.exe, 563476:git.exe, 563812:git.exe, 564348:git.exe, 564548:git.exe, 560648:python.exe, 564392:python.exe
descendants terminated  : 9  560648, 561932, 562680, 562888, 563476, 563812, 564348, 564392, 564548
graceful attempted      : False
forced                  : False
FINAL SURVIVING COUNT   : 0
cleanup                 : success
json report             : C:/t/rev112/docs/pwml_recovery_sprint/evidence/g11/REV-112/05-rev112-route-combined.json
json report written     : True
heavy lock              : C:\t\heavylock  holder=REV-112  acquired=True  released=True
pre-existing (reported, NEVER killed): 4
================================================
