........................................................................ [ 15%]
........................................................................ [ 31%]
........................................................................ [ 47%]
........................................................................ [ 63%]
........................................................................ [ 79%]
........................................................................ [ 95%]
....................                                                     [100%]
452 passed in 1.84s

================ CLEANUP REPORT ================
report schema version   : 1
wrapper build           : sha256:83d139543d4c01b33984b6ca9fb0943db461d0ee5f85091623089a548b8abed0
wrapper path (executed) : C:\t\rev108\docs\pwml_recovery_sprint\evidence\bounded_run.py
wrapper vs HEAD         : clean  @ fbf2047e69fa0464c7c128978f12c636a1455431  [git, worktree dirty=False]
label                   : rev108-affected-seam
command                 : C:\Users\Angad\Desktop\SummerBIOIN\Project14-T2PW\.venv\Scripts\python.exe -m pytest -q --no-header -rf --basetemp=C:/t/bt108/seam tests/test_apply_audit_patch_lineage.py tests/test_apply_audit_patch_lock_policy.py tests/test_apply_audit_patch_referential_integrity.py tests/test_audit_json_llm_payload.py tests/test_c105_actor_role_evidence.py tests/test_c107_actor_cue_calibration.py tests/test_c108_f155_class.py tests/test_curation_patch_transaction.py tests/test_interactive_curator.py tests/test_c071_actor_evidence_gate.py tests/test_c090_wrapper_identity_actor_evidence.py
cwd                     : C:\t\rev108
root PID / process group: 191800 / None
isolation               : windows_job_object(KILL_ON_JOB_CLOSE)
timeout                 : 1800 s
duration                : 2.45 s
exit reason             : completed
exit code (real)        : 0
returned code           : 0
descendants observed    : 1  193052:python.exe
descendants terminated  : 1  193052
graceful attempted      : False
forced                  : False
FINAL SURVIVING COUNT   : 0
cleanup                 : success
json report             : C:\t\rev108\docs\pwml_recovery_sprint\evidence\g11\REV-108\21-rev108-affected-seam.json
json report written     : True
heavy lock              : C:\t\heavylock  holder=REV-108  acquired=True  released=True
pre-existing (reported, NEVER killed): 4
================================================
