  File "C:\t\rev108\docs\pwml_recovery_sprint\evidence\rev108_r1_own_mutations.py", line 47
    '            + _PREDICATION_GAP_SRC + r"{0,3}" + noun + r"s?(?![a-z])"
    ^
SyntaxError: unterminated string literal (detected at line 47)

================ CLEANUP REPORT ================
report schema version   : 1
wrapper build           : sha256:83d139543d4c01b33984b6ca9fb0943db461d0ee5f85091623089a548b8abed0
wrapper path (executed) : C:\t\rev108\docs\pwml_recovery_sprint\evidence\bounded_run.py
wrapper vs HEAD         : clean  @ bc6485e87d20b8372eaf112d3fb5003450d09348  [git, worktree dirty=False]
label                   : rev108-r1-revmut
command                 : C:\Users\Angad\Desktop\SummerBIOIN\Project14-T2PW\.venv\Scripts\python.exe C:/t/rev108/docs/pwml_recovery_sprint/evidence/rev108_r1_own_mutations.py C:/t/c108r1
cwd                     : C:\t\c108r1
root PID / process group: 213020 / None
isolation               : windows_job_object(KILL_ON_JOB_CLOSE)
timeout                 : 2400 s
duration                : 0.20 s
exit reason             : nonzero
exit code (real)        : 1
returned code           : 1
descendants observed    : 1  215480:python.exe
descendants terminated  : 1  215480
graceful attempted      : False
forced                  : False
FINAL SURVIVING COUNT   : 0
cleanup                 : success
json report             : C:\t\rev108\docs\pwml_recovery_sprint\evidence\g11\REV-108\32-rev108-r1-revmut.json
json report written     : True
heavy lock              : C:\t\heavylock  holder=REV-108  acquired=True  released=True
pre-existing (reported, NEVER killed): 4
================================================
