........................................................................ [ 25%]
........................................................................ [ 51%]
........................................................................ [ 77%]
..............................................................           [100%]
278 passed in 5.92s

================ CLEANUP REPORT ================
report schema version   : 1
wrapper build           : sha256:83d139543d4c01b33984b6ca9fb0943db461d0ee5f85091623089a548b8abed0
wrapper path (executed) : C:\t\rev107\docs\pwml_recovery_sprint\evidence\bounded_run.py
wrapper vs HEAD         : clean  @ b569205e0361d0734cd3d2085ecc49a9078e2972  [git, worktree dirty=False]
label                   : rev107-r1-seam
command                 : c:\Users\Angad\Desktop\SummerBIOIN\Project14-T2PW\.venv\Scripts\python.exe -m pytest tests/test_apply_audit_patch_lineage.py tests/test_apply_audit_patch_lock_policy.py tests/test_apply_audit_patch_referential_integrity.py tests/test_audit_json_llm_payload.py tests/test_c105_actor_role_evidence.py tests/test_c107_actor_cue_calibration.py tests/test_curation_patch_transaction.py tests/test_curator_offline_mode.py tests/test_interactive_curator.py tests/test_streamlit_stage2_orchestration.py -q --no-header -rf --basetemp=C:/t/bt/r1seam
cwd                     : C:\t\rev107
root PID / process group: 116712 / None
isolation               : windows_job_object(KILL_ON_JOB_CLOSE)
timeout                 : 380 s
duration                : 6.58 s
exit reason             : completed
exit code (real)        : 0
returned code           : 0
descendants observed    : 1  116728:python.exe
descendants terminated  : 1  116728
graceful attempted      : False
forced                  : False
FINAL SURVIVING COUNT   : 0
cleanup                 : success
json report             : C:\t\rev107\docs\pwml_recovery_sprint\evidence\g11\REV-107\39-r1-seam.json
json report written     : True
heavy lock              : C:\t\heavylock  holder=REV-107  acquired=True  released=True
pre-existing (reported, NEVER killed): 4
================================================
