code loaded from: C:\t\c108r1\src\t2pw\curation\apply_audit_patch.py
final_mapped.json files: 104
ROWS: 692  ACCEPTED: 382  REFUSED: 310
SPANS OVER 5000 CHARS: 62  MAX SPAN: 176375

================ CLEANUP REPORT ================
report schema version   : 1
wrapper build           : sha256:83d139543d4c01b33984b6ca9fb0943db461d0ee5f85091623089a548b8abed0
wrapper path (executed) : C:\t\rev108\docs\pwml_recovery_sprint\evidence\bounded_run.py
wrapper vs HEAD         : clean  @ bc6485e87d20b8372eaf112d3fb5003450d09348  [git, worktree dirty=False]
label                   : rev108-r1-corpus
command                 : C:\Users\Angad\Desktop\SummerBIOIN\Project14-T2PW\.venv\Scripts\python.exe C:/t/rev108/docs/pwml_recovery_sprint/evidence/rev107_corpus.py C:/t/rev108base C:/t/c108r1 C:/t/rev108_corpus_r1.json
cwd                     : C:\Users\Angad\Desktop\SummerBIOIN\Project14-T2PW
root PID / process group: 212744 / None
isolation               : windows_job_object(KILL_ON_JOB_CLOSE)
timeout                 : 900 s
duration                : 0.92 s
exit reason             : completed
exit code (real)        : 0
returned code           : 0
descendants observed    : 1  202580:python.exe
descendants terminated  : 1  202580
graceful attempted      : False
forced                  : False
FINAL SURVIVING COUNT   : 0
cleanup                 : success
json report             : C:\t\rev108\docs\pwml_recovery_sprint\evidence\g11\REV-108\27-rev108-r1-corpus.json
json report written     : True
heavy lock              : C:\t\heavylock  holder=REV-108  acquired=True  released=True
pre-existing (reported, NEVER killed): 4
================================================
