src            : C:\t\rev110base\src
rows scored    : 20   papers: 10
C-110 keys seen: (none -- this is the BASE tree)
stripped bytes : 54101
written        : C:\t\rev110out\base.json

================ CLEANUP REPORT ================
report schema version   : 1
wrapper build           : sha256:83d139543d4c01b33984b6ca9fb0943db461d0ee5f85091623089a548b8abed0
wrapper path (executed) : C:\t\rev110\docs\pwml_recovery_sprint\evidence\bounded_run.py
wrapper vs HEAD         : clean  @ db8caf16abe58fcd7f0a60380ec88144e45c6ffb  [git, worktree dirty=False]
label                   : b9-base
command                 : C:\Users\Angad\Desktop\SummerBIOIN\Project14-T2PW\.venv\Scripts\python.exe C:/t/rev110/docs/pwml_recovery_sprint/evidence/rev110_b9_ab_dump.py C:/t/rev110base/src C:/t/rev110out/base.json
cwd                     : c:\Users\Angad\Desktop\SummerBIOIN\Project14-T2PW
root PID / process group: 208752 / None
isolation               : windows_job_object(KILL_ON_JOB_CLOSE)
timeout                 : 600 s
duration                : 0.32 s
exit reason             : completed
exit code (real)        : 0
returned code           : 0
descendants observed    : 1  206980:python.exe
descendants terminated  : 1  206980
graceful attempted      : False
forced                  : False
FINAL SURVIVING COUNT   : 0
cleanup                 : success
json report             : C:\t\rev110\docs\pwml_recovery_sprint\evidence\g11\REV-110\04-b9-base.json
json report written     : True
heavy lock              : C:\t\heavylock  holder=REV-110  acquired=True  released=True
pre-existing (reported, NEVER killed): 4
================================================
src            : C:\t\rev110\src
rows scored    : 20   papers: 10
C-110 keys seen: ['negative_control', 'negative_control_outcomes']
stripped bytes : 54097
written        : C:\t\rev110out\tip.json

================ CLEANUP REPORT ================
report schema version   : 1
wrapper build           : sha256:83d139543d4c01b33984b6ca9fb0943db461d0ee5f85091623089a548b8abed0
wrapper path (executed) : C:\t\rev110\docs\pwml_recovery_sprint\evidence\bounded_run.py
wrapper vs HEAD         : clean  @ db8caf16abe58fcd7f0a60380ec88144e45c6ffb  [git, worktree dirty=False]
label                   : b9-tip
command                 : C:\Users\Angad\Desktop\SummerBIOIN\Project14-T2PW\.venv\Scripts\python.exe C:/t/rev110/docs/pwml_recovery_sprint/evidence/rev110_b9_ab_dump.py C:/t/rev110/src C:/t/rev110out/tip.json
cwd                     : c:\Users\Angad\Desktop\SummerBIOIN\Project14-T2PW
root PID / process group: 210460 / None
isolation               : windows_job_object(KILL_ON_JOB_CLOSE)
timeout                 : 600 s
duration                : 0.20 s
exit reason             : completed
exit code (real)        : 0
returned code           : 0
descendants observed    : 1  206236:python.exe
descendants terminated  : 1  206236
graceful attempted      : False
forced                  : False
FINAL SURVIVING COUNT   : 0
cleanup                 : success
json report             : C:\t\rev110\docs\pwml_recovery_sprint\evidence\g11\REV-110\05-b9-tip.json
json report written     : True
heavy lock              : C:\t\heavylock  holder=REV-110  acquired=True  released=True
pre-existing (reported, NEVER killed): 4
================================================
