find_occurrences(R2_OLD) = 1

BEFORE
  --- unmutated ---
    occurrences of {0,3} on disk : 2
    occurrences of {0,0} on disk : 0
    transport pattern, first predication alternative:
      '|(?:is|are|was|were|remains|remain) (?:a|an|the) (?:(?!of )[a-z0-9]+ ){0,3}transporters?(?![a-'
    ACCEPT  'P is a high affinity transporter'
    ACCEPT  'P is an inner membrane transporter'
    ACCEPT  'P acts as an inner membrane channel'
    ACCEPT  'P is the outer membrane transporter for A'
    ACCEPT  'P was a well characterised sodium carrier'

AFTER MY R2 MUTATION
  --- mutated ---
    occurrences of {0,3} on disk : 1
    occurrences of {0,0} on disk : 1
    transport pattern, first predication alternative:
      '|(?:is|are|was|were|remains|remain) (?:a|an|the) (?:(?!of )[a-z0-9]+ ){0,0}transporters?(?![a-'
    REFUSE  'P is a high affinity transporter'
    REFUSE  'P is an inner membrane transporter'
    ACCEPT  'P acts as an inner membrane channel'
    ACCEPT  'P is the outer membrane transporter for A'
    REFUSE  'P was a well characterised sodium carrier'

restored byte-identical: True
CRLF preserved         : True

================ CLEANUP REPORT ================
report schema version   : 1
wrapper build           : sha256:83d139543d4c01b33984b6ca9fb0943db461d0ee5f85091623089a548b8abed0
wrapper path (executed) : C:\t\rev108\docs\pwml_recovery_sprint\evidence\bounded_run.py
wrapper vs HEAD         : clean  @ bc6485e87d20b8372eaf112d3fb5003450d09348  [git, worktree dirty=False]
label                   : rev108-r1-r2-diag
command                 : C:\Users\Angad\Desktop\SummerBIOIN\Project14-T2PW\.venv\Scripts\python.exe C:/t/rev108/docs/pwml_recovery_sprint/evidence/rev108_r1_r2_diagnostic.py C:/t/c108r1
cwd                     : C:\t\c108r1
root PID / process group: 217288 / None
isolation               : windows_job_object(KILL_ON_JOB_CLOSE)
timeout                 : 900 s
duration                : 0.33 s
exit reason             : completed
exit code (real)        : 0
returned code           : 0
descendants observed    : 1  217300:python.exe
descendants terminated  : 1  217300
graceful attempted      : False
forced                  : False
FINAL SURVIVING COUNT   : 0
cleanup                 : success
json report             : C:\t\rev108\docs\pwml_recovery_sprint\evidence\g11\REV-108\34-rev108-r1-r2-diag.json
json report written     : True
heavy lock              : C:\t\heavylock  holder=REV-108  acquired=True  released=True
pre-existing (reported, NEVER killed): 4
================================================
