Traceback (most recent call last):
  File "C:\t\rev106\docs\pwml_recovery_sprint\evidence\c102_goldreaders_split.py", line 21, in <module>
    BASETEMP = Path(sys.argv[2])
                    ~~~~~~~~^^^
IndexError: list index out of range

================ CLEANUP REPORT ================
report schema version   : 1
wrapper build           : sha256:83d139543d4c01b33984b6ca9fb0943db461d0ee5f85091623089a548b8abed0
wrapper path (executed) : C:\t\rev106\docs\pwml_recovery_sprint\evidence\bounded_run.py
wrapper vs HEAD         : clean  @ ba2bf6830ad0c9b5ad6c9817ffb348806740d7d0  [git, worktree dirty=False]
label                   : goldreaders-split-2
command                 : c:\Users\Angad\Desktop\SummerBIOIN\Project14-T2PW\.venv\Scripts\python.exe docs/pwml_recovery_sprint/evidence/c102_goldreaders_split.py C:/t/rev106
cwd                     : C:\t\rev106
root PID / process group: 66028 / None
isolation               : windows_job_object(KILL_ON_JOB_CLOSE)
timeout                 : 400 s
duration                : 0.14 s
exit reason             : nonzero
exit code (real)        : 1
returned code           : 1
descendants observed    : 1  70876:python.exe
descendants terminated  : 1  70876
graceful attempted      : False
forced                  : False
FINAL SURVIVING COUNT   : 0
cleanup                 : success
json report             : C:\t\rev106\docs\pwml_recovery_sprint\evidence\g11\REV-106\17-goldreaders-split-2.json
json report written     : True
heavy lock              : C:\t\heavylock  holder=REV-106  acquired=True  released=True
pre-existing (reported, NEVER killed): 4
================================================
