........................................................................ [ 14%]
........................................................................ [ 28%]
........................................................................ [ 42%]
........................................................................ [ 57%]
........................................................................ [ 71%]
........................................................................ [ 85%]
.......................................................................  [100%]
503 passed in 43.51s

================ CLEANUP REPORT ================
report schema version   : 1
wrapper build           : sha256:83d139543d4c01b33984b6ca9fb0943db461d0ee5f85091623089a548b8abed0
wrapper path (executed) : C:\t\rev113\docs\pwml_recovery_sprint\evidence\bounded_run.py
wrapper vs HEAD         : clean  @ 45f59bf87fd01cd7bf8bb96341c06f14a32decb0  [git, worktree dirty=False]
label                   : smoke22
command                 : c:\Users\Angad\Desktop\SummerBIOIN\Project14-T2PW\.venv\Scripts\python.exe -m pytest -q --no-header --basetemp=C:/t/btrev113/smoke tests/test_reference_repair.py tests/test_strict_quarantine.py tests/test_strict_quarantine_contract_alignment.py tests/test_strict_quarantine_locks_and_scope.py tests/test_strict_quarantine_versioning.py tests/test_empty_extraction_payload.py tests/test_bench_goldset_and_semantic.py tests/test_bench_acquisition_and_artifacts.py tests/test_bench_controls.py tests/test_completeness_audit.py tests/test_batch_driver.py tests/test_stage3_gate_report_lifecycle.py tests/test_rag_admission_production_path.py tests/test_rag_gap_admission.py tests/test_rag_triage_orchestration.py tests/test_rag_provenance_gates.py tests/test_pipeline_reaction_rag_provenance.py tests/test_research_mode_orchestration.py tests/test_map_ids_name_gate.py tests/test_db_candidate_species_evidence.py tests/test_c102_coverage_denominator.py tests/test_c106_mutation_harness_executable.py
cwd                     : C:\t\rev113
root PID / process group: 554256 / None
isolation               : windows_job_object(KILL_ON_JOB_CLOSE)
timeout                 : 400 s
duration                : 45.25 s
exit reason             : completed
exit code (real)        : 0
returned code           : 0
descendants observed    : 10  555496:python.exe, 550972:python.exe, 555156:python.exe, 556672:python.exe, 558076:python.exe, 557032:python.exe, 558700:python.exe, 554572:python.exe, 557800:python.exe, 560472:git.exe
descendants terminated  : 10  550972, 554572, 555156, 555496, 556672, 557032, 557800, 558076, 558700, 560472
graceful attempted      : False
forced                  : False
FINAL SURVIVING COUNT   : 0
cleanup                 : success
json report             : C:/t/rev113/docs/pwml_recovery_sprint/evidence/g11/REV-113/06-smoke22.json
json report written     : True
heavy lock              : C:\t\heavylock  holder=REV-113  acquired=True  released=True
pre-existing (reported, NEVER killed): 4
================================================
