........................................................................ [ 14%]
........................................................................ [ 28%]
........................................................................ [ 42%]
........................................................................ [ 57%]
........................................................................ [ 71%]
........................................................................ [ 85%]
.......................................................................  [100%]
503 passed in 41.62s

================ CLEANUP REPORT ================
report schema version   : 1
wrapper build           : sha256:83d139543d4c01b33984b6ca9fb0943db461d0ee5f85091623089a548b8abed0
wrapper path (executed) : C:\t\rev110\docs\pwml_recovery_sprint\evidence\bounded_run.py
wrapper vs HEAD         : clean  @ db8caf16abe58fcd7f0a60380ec88144e45c6ffb  [git, worktree dirty=False]
label                   : smoke
command                 : C:\Users\Angad\Desktop\SummerBIOIN\Project14-T2PW\.venv\Scripts\python.exe -m pytest -q --basetemp=C:/t/bt110/sm tests/test_reference_repair.py tests/test_strict_quarantine.py tests/test_strict_quarantine_contract_alignment.py tests/test_strict_quarantine_locks_and_scope.py tests/test_strict_quarantine_versioning.py tests/test_empty_extraction_payload.py tests/test_bench_goldset_and_semantic.py tests/test_bench_acquisition_and_artifacts.py tests/test_bench_controls.py tests/test_completeness_audit.py tests/test_batch_driver.py tests/test_stage3_gate_report_lifecycle.py tests/test_rag_admission_production_path.py tests/test_rag_gap_admission.py tests/test_rag_triage_orchestration.py tests/test_rag_provenance_gates.py tests/test_pipeline_reaction_rag_provenance.py tests/test_research_mode_orchestration.py tests/test_map_ids_name_gate.py tests/test_db_candidate_species_evidence.py tests/test_c102_coverage_denominator.py tests/test_c106_mutation_harness_executable.py
cwd                     : C:\t\rev110
root PID / process group: 211004 / None
isolation               : windows_job_object(KILL_ON_JOB_CLOSE)
timeout                 : 500 s
duration                : 43.02 s
exit reason             : completed
exit code (real)        : 0
returned code           : 0
descendants observed    : 10  209556:python.exe, 197028:python.exe, 208756:python.exe, 192332:python.exe, 209844:python.exe, 210584:python.exe, 211472:python.exe, 211448:python.exe, 211640:python.exe, 212064:git.exe
descendants terminated  : 10  192332, 197028, 208756, 209556, 209844, 210584, 211448, 211472, 211640, 212064
graceful attempted      : False
forced                  : False
FINAL SURVIVING COUNT   : 0
cleanup                 : success
json report             : C:\t\rev110\docs\pwml_recovery_sprint\evidence\g11\REV-110\07-smoke.json
json report written     : True
heavy lock              : C:\t\heavylock  holder=REV-110  acquired=True  released=True
pre-existing (reported, NEVER killed): 4
================================================
