=== BASELINE (unmutated tip) === exit=0
    185 passed in 0.30s

=== M1: 1f: the 'mediat' anchor is reverted, so it matches inside 'intermediate'
    before: bytes=118352 crlf=2426 sha256=67e55210305ddbc3
    after : bytes=118352 crlf=2426 sha256=67e55210305ddbc3
    suite : exit=1  RED (guard is tested)
        1 failed, 184 passed in 0.35s
        RED: test_mediat_inside_intermediate_does_not_license_catalysis

=== M2: 1a: the contra-cue is switched off entirely for the catalysis family
    before: bytes=118352 crlf=2426 sha256=67e55210305ddbc3
    after : bytes=118352 crlf=2426 sha256=67e55210305ddbc3
    suite : exit=1  RED (guard is tested)
        3 failed, 182 passed in 0.36s
        RED: test_inhibition_cue_in_the_same_window_cannot_license_catalysis
        RED: test_unlicensed_actor_adds_are_still_refused

=== M3: 1a F1: the attenuation word stops being bound to the actor
    before: bytes=118352 crlf=2426 sha256=67e55210305ddbc3
    after : bytes=118352 crlf=2426 sha256=67e55210305ddbc3
    suite : exit=1  RED (guard is tested)
        22 failed, 163 passed in 0.44s
        RED: test_a_real_attenuation_word_still_refuses_after_the_anchoring
        RED: test_each_inhibition_near_synonym_refuses_a_catalysis_promotion
        RED: test_the_distinction_is_the_object_not_the_word

=== M4: 1c: the stoplist exclusion loses its optional plural, reopening the bypass
    before: bytes=118352 crlf=2426 sha256=67e55210305ddbc3
    after : bytes=118352 crlf=2426 sha256=67e55210305ddbc3
    suite : exit=1  RED (guard is tested)
        10 failed, 175 passed in 0.39s
        RED: test_no_singular_only_stoplist_entry_can_be_bypassed_by_its_plural
        RED: test_ordinary_english_ase_words_do_not_license_an_enzyme

=== M5: 1d: the transport family loses the enzyme-family noun rule again
    before: bytes=118352 crlf=2426 sha256=67e55210305ddbc3
    after : bytes=118352 crlf=2426 sha256=67e55210305ddbc3
    suite : exit=1  RED (guard is tested)
        2 failed, 183 passed in 0.35s
        RED: test_a_transporter_named_by_its_family_noun_licenses

=== M6: 1e: the cofactor role loses its family entry and falls back to 'other'
    before: bytes=118352 crlf=2426 sha256=67e55210305ddbc3
    after : bytes=118352 crlf=2426 sha256=67e55210305ddbc3
    suite : exit=1  RED (guard is tested)
        5 failed, 180 passed in 0.37s
        RED: test_a_refused_cofactor_row_is_reported_against_the_cofactor_family
        RED: test_an_evidenced_cofactor_row_is_licensed
        RED: test_the_cofactor_family_itself_still_licenses_the_same_spans

=== M6b: 1e: the cofactor VOCABULARY is emptied -- the guard M6 turned out not to be
    before: bytes=118352 crlf=2426 sha256=67e55210305ddbc3
    after : bytes=118352 crlf=2426 sha256=67e55210305ddbc3
    suite : exit=1  RED (guard is tested)
        1 failed, 184 passed in 0.36s
        RED: test_an_evidenced_cofactor_row_is_licensed

=== M7: 1b: the passive-agent gap accepts ANY token, so a bystander inherits agency
    before: bytes=118352 crlf=2426 sha256=67e55210305ddbc3
    after : bytes=118352 crlf=2426 sha256=67e55210305ddbc3
    suite : exit=1  RED (guard is tested)
        6 failed, 179 passed in 0.38s
        RED: test_a_structural_rationale_cannot_license_the_cofactor_role
        RED: test_passive_with_agent_does_not_license_a_bystander
        RED: test_redox_catalysis_still_licenses

=== M8: 1b: the passive-agent route is removed outright -- a PRESERVATION attack
    before: bytes=118352 crlf=2426 sha256=67e55210305ddbc3
    after : bytes=118352 crlf=2426 sha256=67e55210305ddbc3
    suite : exit=1  RED (guard is tested)
        5 failed, 180 passed in 0.37s
        RED: test_evidenced_actor_adds_survive_the_guard
        RED: test_passive_with_agent_still_licenses_the_real_agent

=== M9: 1a: 'reduction of' is deleted from catalysis -- the trap the card names
    before: bytes=118352 crlf=2426 sha256=67e55210305ddbc3
    after : bytes=118352 crlf=2426 sha256=67e55210305ddbc3
    suite : exit=1  RED (guard is tested)
        5 failed, 180 passed in 0.37s
        RED: test_redox_catalysis_still_licenses

=== M10: 1a F2: the object-before-stem ordering stops being matched
    before: bytes=118352 crlf=2426 sha256=67e55210305ddbc3
    after : bytes=118352 crlf=2426 sha256=67e55210305ddbc3
    suite : exit=1  RED (guard is tested)
        6 failed, 179 passed in 0.38s
        RED: test_a_real_attenuation_word_still_refuses_after_the_anchoring
        RED: test_each_inhibition_near_synonym_refuses_a_catalysis_promotion

=== M11: 1a: the whole actor-anchored contra is switched off
    before: bytes=118352 crlf=2426 sha256=67e55210305ddbc3
    after : bytes=118352 crlf=2426 sha256=67e55210305ddbc3
    suite : exit=1  RED (guard is tested)
        28 failed, 157 passed in 0.45s
        RED: test_a_real_attenuation_word_still_refuses_after_the_anchoring
        RED: test_each_inhibition_near_synonym_refuses_a_catalysis_promotion
        RED: test_the_distinction_is_the_object_not_the_word

=== M12: 1e: the cofactor dependence gap accepts ANY token, reopening the rationale route
    before: bytes=118352 crlf=2426 sha256=67e55210305ddbc3
    after : bytes=118352 crlf=2426 sha256=67e55210305ddbc3
    suite : exit=1  RED (guard is tested)
        1 failed, 184 passed in 0.35s
        RED: test_a_structural_rationale_cannot_license_the_cofactor_role

=== M13: 1e: the loose dependence terms go back into the FAMILY, widening the fallback
    before: bytes=118352 crlf=2426 sha256=67e55210305ddbc3
    after : bytes=118352 crlf=2426 sha256=67e55210305ddbc3
    suite : exit=1  RED (guard is tested)
        7 failed, 178 passed in 0.38s
        RED: test_a_structural_rationale_cannot_license_the_cofactor_role
        RED: test_the_cofactor_dependence_route_is_scoped_to_the_cofactor_family
        RED: test_the_other_fallback_did_not_widen_for_an_unmapped_role

=== M14: 1e SCOPE: the dependence route goes family-wide again (REV-107's V9)
    before: bytes=118352 crlf=2426 sha256=67e55210305ddbc3
    after : bytes=118352 crlf=2426 sha256=67e55210305ddbc3
    suite : exit=1  RED (guard is tested)
        8 failed, 177 passed in 0.39s
        RED: test_the_cofactor_dependence_route_is_scoped_to_the_cofactor_family

=== M15: A: one attenuation WORD reverts to an open stem, so 'reduc' eats 'reductase'
    before: bytes=118352 crlf=2426 sha256=67e55210305ddbc3
    after : bytes=118352 crlf=2426 sha256=67e55210305ddbc3
    suite : exit=1  RED (guard is tested)
        3 failed, 182 passed in 0.36s
        RED: test_an_enzyme_noun_containing_an_attenuation_word_still_licenses

=== M16: A: this card's six inhibition additions revert to bare unanchored stems
    before: bytes=118352 crlf=2426 sha256=67e55210305ddbc3
    after : bytes=118352 crlf=2426 sha256=67e55210305ddbc3
    suite : exit=1  RED (guard is tested)
        1 failed, 184 passed in 0.35s
        RED: test_an_enzyme_noun_containing_an_attenuation_word_still_licenses

==============================================================================
MUTATIONS: 17   SURVIVORS: 0 []
==============================================================================
final target: bytes=118352 crlf=2426 sha256=67e55210305ddbc3d2f10e247b1e25df0947a4bb1b59aa6f18d3c8603502dd2e
git status --porcelain -- src/t2pw/curation/apply_audit_patch.py: '' (additional signal only -- sha256 and CRLF above are the check)

================ CLEANUP REPORT ================
report schema version   : 1
wrapper build           : sha256:83d139543d4c01b33984b6ca9fb0943db461d0ee5f85091623089a548b8abed0
wrapper path (executed) : C:\t\rev107\docs\pwml_recovery_sprint\evidence\bounded_run.py
wrapper vs HEAD         : clean  @ 0b6f538a2da758f66b4ff1a4507552f194f286ab  [git, worktree dirty=False]
label                   : rev107-r2-author-mut
command                 : c:\Users\Angad\Desktop\SummerBIOIN\Project14-T2PW\.venv\Scripts\python.exe -u docs/pwml_recovery_sprint/evidence/c107_mutation_attack.py C:/t/rev107
cwd                     : C:\t\rev107
root PID / process group: 120388 / None
isolation               : windows_job_object(KILL_ON_JOB_CLOSE)
timeout                 : 400 s
duration                : 15.51 s
exit reason             : completed
exit code (real)        : 0
returned code           : 0
descendants observed    : 37  122616:python.exe, 122600:python.exe, 124540:python.exe, 97996:python.exe, 124332:python.exe, 123220:python.exe, 124552:python.exe, 123640:python.exe, 124848:python.exe, 117172:python.exe, 122824:python.exe, 123536:python.exe, 124184:python.exe, 124312:python.exe, 124416:python.exe, 124316:python.exe, 124392:python.exe, 124148:python.exe, 124280:python.exe, 123768:python.exe, 123928:python.exe, 123732:python.exe, 124336:python.exe, 122288:python.exe, 122580:python.exe, 124852:python.exe, 124876:python.exe, 123452:python.exe, 124000:python.exe, 123192:python.exe, 124228:python.exe, 124388:python.exe, 124420:python.exe, 124108:python.exe, 124208:python.exe, 123064:python.exe, 124372:python.exe
descendants terminated  : 37  97996, 117172, 122288, 122580, 122600, 122616, 122824, 123064, 123192, 123220, 123452, 123536, 123640, 123732, 123768, 123928, 124000, 124108, 124148, 124184, 124208, 124228, 124280, 124312, 124316, 124332, 124336, 124372, 124388, 124392, 124416, 124420, 124540, 124552, 124848, 124852, 124876
graceful attempted      : False
forced                  : False
FINAL SURVIVING COUNT   : 0
cleanup                 : success
json report             : C:\t\rev107\docs\pwml_recovery_sprint\evidence\g11\REV-107\43-r2-author-mut.json
json report written     : True
heavy lock              : C:\t\heavylock  holder=REV-107  acquired=True  released=True
pre-existing (reported, NEVER killed): 4
================================================
