target sha256 before anything: 11cc8b37d89dce3415fb986259ab7880cb0eb88f7ba2576940c06b1a3cddc04d
target CRLF count            : 2962

BASELINE (unmutated): exit=0  405 passed in 0.87s

============================================================================================
N1 [expect RED] (a): the transport stem may complete as its agent noun again
============================================================================================
  result: RED  (exit=1)  14 failed, 391 passed in 0.90s
  tests red: tests/test_c108_f155_class.py::test_a_a_transport_schema_noun_cannot_license_the_row_it_asks_for[P, tests/test_c108_f155_class.py::test_a_a_transport_schema_noun_cannot_license_the_row_it_asks_for[P,, tests/test_c108_f155_class.py::test_a_a_transport_schema_noun_cannot_license_the_row_it_asks_for[add, tests/test_c108_f155_class.py::test_a_a_transport_schema_noun_cannot_license_the_row_it_asks_for[adding, tests/test_c108_f155_class.py::test_a_a_transport_schema_noun_cannot_license_the_row_it_asks_for[assign, tests/test_c108_f155_class.py::test_a_a_transport_schema_noun_cannot_license_the_row_it_asks_for[listing
  OK

============================================================================================
N2 [expect RED] (a): the catalysis stem may complete as 'catalyst' again
============================================================================================
  result: RED  (exit=1)  6 failed, 399 passed in 0.88s
  tests red: tests/test_c108_f155_class.py::test_a_a_catalysis_schema_noun_cannot_license_the_row_it_asks_for[P, tests/test_c108_f155_class.py::test_a_a_catalysis_schema_noun_cannot_license_the_row_it_asks_for[add, tests/test_c108_f155_class.py::test_r1_the_other_fallback_did_not_widen_over_this_cards_vocabulary[chaperone-add
  OK

============================================================================================
N3 [expect RED] (c): the actor-name mask is a no-op, so a name licenses itself again
============================================================================================
  result: RED  (exit=1)  13 failed, 392 passed in 0.89s
  tests red: tests/test_c108_f155_class.py::test_c_an_actors_own_name_is_not_evidence_about_the_actor[LpxC, tests/test_c108_f155_class.py::test_c_an_actors_own_name_is_not_evidence_about_the_actor[MurA, tests/test_c108_f155_class.py::test_c_an_actors_own_name_is_not_evidence_about_the_actor[P, tests/test_c108_f155_class.py::test_c_an_actors_own_name_is_not_evidence_about_the_actor[enterobactin, tests/test_c108_f155_class.py::test_c_an_actors_own_name_is_not_evidence_about_the_actor[ferrochelatase-modulating
  OK

============================================================================================
N4 [expect RED] (a): the agent-noun predication set is emptied, so nothing is re-admitted -- an OVER-REFUSAL attack on the same fix
============================================================================================
  result: RED  (exit=1)  1 failed, 404 passed in 0.86s
  tests red: tests/test_c108_f155_class.py::test_a_the_transport_verb_and_every_predication_still_license[P
  OK

============================================================================================
N5 [expect RED] (c): the mask takes TOKENS instead of contiguous RUNS -- the over-refusal trap the card names explicitly
============================================================================================
  result: RED  (exit=1)  6 failed, 399 passed in 0.88s
  tests red: tests/test_c108_f155_class.py::test_c_a_predication_beside_the_name_still_licenses[LpxC, tests/test_c108_f155_class.py::test_c_a_predication_beside_the_name_still_licenses[P, tests/test_c108_f155_class.py::test_c_a_predication_beside_the_name_still_licenses[acyltransferase, tests/test_c108_f155_class.py::test_c_the_over_refusal_trap_the_card_names_explicitly
  OK

============================================================================================
N6 [expect RED] (c): the agentive-'by' exemption is switched off, so an agent phrase is masked as if it were a naming
============================================================================================
  result: RED  (exit=1)  1 failed, 404 passed in 0.85s
  tests red: tests/test_c108_f155_class.py::test_c_the_agentive_by_is_a_predication_not_a_naming
  OK

============================================================================================
N7 [expect RED] (c): the cofactor dependence route reads the MASKED window, so the frame loses the needle it is built around
============================================================================================
  result: RED  (exit=1)  5 failed, 400 passed in 0.86s
  tests red: tests/test_c107_actor_cue_calibration.py::test_an_evidenced_cofactor_row_is_licensed[the, tests/test_c107_actor_cue_calibration.py::test_the_cofactor_family_itself_still_licenses_the_same_spans, tests/test_c108_f155_class.py::test_c_the_cofactor_dependence_route_is_not_masked
  OK

============================================================================================
N8 [expect RED] (d): the contra goes back to being a bare alias of the cue
============================================================================================
  result: RED  (exit=1)  17 failed, 388 passed in 0.92s
  tests red: tests/test_c108_f155_class.py::test_d_an_appositive_agent_noun_is_not_evidence_the_actor_is_shut_down[P4X,, tests/test_c108_f155_class.py::test_d_an_appositive_agent_noun_is_not_evidence_the_actor_is_shut_down[inhibitor, tests/test_c108_f155_class.py::test_d_an_appositive_agent_noun_is_not_evidence_the_actor_is_shut_down[the, tests/test_c108_f155_class.py::test_p2_the_inhibition_cue_is_untouched_so_the_other_fallback_cannot_move, tests/test_c108_f155_class.py::test_r2_the_apposition_a_determiner_still_marks_is_untouched
  OK

============================================================================================
N9 [expect RED] (d) ROUND 1, THE POLARITY ITSELF: the agent-noun contra is switched off on the window route, which is exactly round 0 and exactly REV-108 blocking finding
============================================================================================
  result: RED  (exit=1)  35 failed, 370 passed in 1.01s
  tests red: tests/test_c108_f155_class.py::test_b_new_the_gap_construct_is_a_length_bound_only, tests/test_c108_f155_class.py::test_d_the_contra_still_refuses_every_attenuation_aimed_at_the_actor[P, tests/test_c108_f155_class.py::test_d_the_contra_still_refuses_every_attenuation_aimed_at_the_actor[an, tests/test_c108_f155_class.py::test_d_the_contra_still_refuses_every_attenuation_aimed_at_the_actor[inhibitors, tests/test_c108_f155_class.py::test_d_the_contra_still_refuses_every_attenuation_aimed_at_the_actor[the, tests/test_c108_f155_class.py::test_r1_an_agent_noun_refuses_unless_it_is_in_apposition_with_the_actor[P4X
  OK

============================================================================================
N10 [expect RED] (d) ROUND 1: the APPOSITIVE EXEMPTION is removed, so every agent noun refuses and member (d) itself is lost -- an OVER-REFUSAL attack on the same repair
============================================================================================
  result: RED  (exit=1)  14 failed, 391 passed in 0.89s
  tests red: tests/test_c108_f155_class.py::test_d_an_appositive_agent_noun_is_not_evidence_the_actor_is_shut_down[inhibitor, tests/test_c108_f155_class.py::test_d_an_appositive_agent_noun_is_not_evidence_the_actor_is_shut_down[the
  OK

============================================================================================
N14 [expect RED] (d) ROUND 1: the appositive determiner set gains "whose", which is REV-108 third span -- a relative clause about a DIFFERENT molecule read as an apposition
============================================================================================
  result: RED  (exit=1)  1 failed, 404 passed in 0.85s
  tests red: tests/test_c108_f155_class.py::test_r1_an_agent_noun_refuses_unless_it_is_in_apposition_with_the_actor[P4X,
  OK

============================================================================================
N15 [expect RED] (d) ROUND 1: the appositive modifier set gains "bound", which is REV-108 fourth and sharpest span -- subject-verb-object read as a noun phrase, on a span that says the catalysis STOPPED
============================================================================================
  result: RED  (exit=1)  2 failed, 403 passed in 0.86s
  tests red: tests/test_c108_f155_class.py::test_r1_an_agent_noun_refuses_unless_it_is_in_apposition_with_the_actor[the
  OK

============================================================================================
N16 [expect RED] (a) R3: the transport VERB inflections are dropped, so dropping the bare nouns silently drops the verbs too -- the mutation REV-108 found surviving
============================================================================================
  result: RED  (exit=1)  6 failed, 399 passed in 0.87s
  tests red: tests/test_c108_f155_class.py::test_a_the_transport_verb_and_every_predication_still_license[P, tests/test_c108_f155_class.py::test_r1_the_transport_verb_inflections_are_load_bearing[P
  OK

============================================================================================
N17 [expect RED] (a) R2: the predication modifier gap is closed to zero, so an ordinary paper modifier breaks the predication -- the other mutation REV-108 found surviving
============================================================================================
  result: RED  (exit=1)  3 failed, 402 passed in 0.86s
  tests red: tests/test_c108_f155_class.py::test_r1_the_predication_modifier_gap_is_load_bearing[P
  OK

============================================================================================
N18 [expect RED] (a) R-c: the predication gap may cross a genitive again, so "P is a substrate of the transporter TonB" licenses P as a transporter
============================================================================================
  result: RED  (exit=1)  4 failed, 401 passed in 0.86s
  tests red: tests/test_c108_f155_class.py::test_r1_the_other_fallback_did_not_widen_over_this_cards_vocabulary[adaptor-P, tests/test_c108_f155_class.py::test_r1_the_predication_gap_may_not_cross_a_genitive[P
  OK

============================================================================================
N11 [expect RED] (d): the contra anchor becomes a WORD anchor, which also stops 'inhibitory' and 'repression' firing
============================================================================================
  result: RED  (exit=1)  15 failed, 390 passed in 0.91s
  tests red: tests/test_c105_actor_role_evidence.py::test_inhibition_cue_in_the_same_window_cannot_license_catalysis, tests/test_c105_actor_role_evidence.py::test_unlicensed_actor_adds_are_still_refused[inhibition, tests/test_c108_f155_class.py::test_d_only_the_agent_noun_is_withheld_from_the_contra[P, tests/test_c108_f155_class.py::test_d_only_the_agent_noun_is_withheld_from_the_contra[the, tests/test_c108_f155_class.py::test_d_the_contra_still_refuses_every_attenuation_aimed_at_the_actor[P, tests/test_c108_f155_class.py::test_d_the_contra_still_refuses_every_attenuation_aimed_at_the_actor[Q
  OK

============================================================================================
N13 [expect RED] (d) RE-PINNED FROM C-107 M16. The six inhibition additions revert to bare unanchored stems. C-107 own M16 keys on the dict-literal spelling the (d) split replaced, so it now ABORTS with 'matched 0 times' (evidence/c108_c107_mutations_at_tip.log). The PROPERTY is unchanged and is re-pinned here, at the constant the stems moved to.
============================================================================================
  result: RED  (exit=1)  4 failed, 401 passed in 0.68s
  tests red: tests/test_c107_actor_cue_calibration.py::test_an_enzyme_noun_containing_an_attenuation_word_still_licenses[silencer], tests/test_c108_f155_class.py::test_e_new_coverage_the_anchor_is_load_bearing[left-anchor-on-_ATTENUATION_WORD_SRC], tests/test_c108_f155_class.py::test_e_new_coverage_the_anchor_is_load_bearing[left-anchor-on-the-six-inhibition-additions], tests/test_c108_f155_class.py::test_e_new_coverage_the_anchor_is_load_bearing[right-anchor-on-_ATTENUATION_WORD_SRC]
  OK

============================================================================================
N19 [expect RED] (d) ROUND 2 R8(i): the A2 determiner set takes the possessives and demonstratives back, so "P4X, its inhibitor bound at the active site" is read as a naming again
============================================================================================
  result: RED  (exit=1)  8 failed, 397 passed in 0.89s
  tests red: tests/test_c108_f155_class.py::test_r2_a_possessive_is_belonging_not_apposition[P4X,
  OK

============================================================================================
N20 [expect RED] F-160 CONTROL, AND IT IS A SAME-LENGTH MUTATION ON PURPOSE. It breaks "the" inside the A2 determiner set without changing the file size, so if __pycache__ were not purged between the write and the run, CPython would serve the OLD bytecode and this would print SURVIVED for a mutant that never executed. A RED here proves the purge works; a GREEN would mean the whole harness is reporting stale results.
============================================================================================
  result: RED  (exit=1)  2 failed, 403 passed in 0.86s
  tests red: tests/test_c108_f155_class.py::test_d_an_appositive_agent_noun_is_not_evidence_the_actor_is_shut_down[P4X,, tests/test_c108_f155_class.py::test_r2_the_apposition_a_determiner_still_marks_is_untouched
  OK

============================================================================================
N12 [expect BEHAVIOURALLY-GREEN] (b) EXPECTED SURVIVOR: the folded character class reverts to '[^.]'. Every BEHAVIOURAL arm must stay green; only the structural pin on the spelling may go red. Any other red would mean member (b) moved behaviour and was mislabelled as code honesty.
============================================================================================
  result: RED  (exit=1)  1 failed, 404 passed in 0.84s
  tests red: tests/test_c108_f155_class.py::test_b_new_the_folded_character_class_is_the_spelling_that_says_so
  OK -- every behavioural arm survived; the only red is the structural pin on the spelling

============================================================================================
target sha256 after everything: 11cc8b37d89dce3415fb986259ab7880cb0eb88f7ba2576940c06b1a3cddc04d
byte-identical to the start   : True
CRLF count preserved          : True
C108 OWN-MUTATION FAILURES: 0 of 20  (must be 0)
============================================================================================

================ CLEANUP REPORT ================
report schema version   : 1
wrapper build           : sha256:83d139543d4c01b33984b6ca9fb0943db461d0ee5f85091623089a548b8abed0
wrapper path (executed) : C:\t\rev108\docs\pwml_recovery_sprint\evidence\bounded_run.py
wrapper vs HEAD         : clean  @ b7725b814876d44a3484aa947f6c55827deaf63a  [git, worktree dirty=False]
label                   : rev108-r2-ownmut
command                 : C:\Users\Angad\Desktop\SummerBIOIN\Project14-T2PW\.venv\Scripts\python.exe C:/t/c108r2/docs/pwml_recovery_sprint/evidence/c108_own_mutations.py C:/t/c108r2
cwd                     : C:\t\c108r2
root PID / process group: 240836 / None
isolation               : windows_job_object(KILL_ON_JOB_CLOSE)
timeout                 : 3000 s
duration                : 27.89 s
exit reason             : completed
exit code (real)        : 0
returned code           : 0
descendants observed    : 43  240384:python.exe, 240528:python.exe, 240944:python.exe, 227868:python.exe, 241136:python.exe, 210588:python.exe, 241668:python.exe, 241936:python.exe, 242432:python.exe, 240544:python.exe, 242080:python.exe, 241296:python.exe, 242276:python.exe, 238976:python.exe, 240016:python.exe, 241460:python.exe, 242372:python.exe, 216336:python.exe, 236796:python.exe, 217464:python.exe, 241904:python.exe, 242284:python.exe, 242308:python.exe, 238444:python.exe, 242028:python.exe, 237024:python.exe, 242408:python.exe, 238204:python.exe, 241880:python.exe, 238956:python.exe, 242360:python.exe, 235992:python.exe, 241088:python.exe, 242340:python.exe, 232976:python.exe, 241208:python.exe, 241108:python.exe, 234500:python.exe, 239344:python.exe, 237260:python.exe, 241060:python.exe, 240920:python.exe, 241536:python.exe
descendants terminated  : 43  210588, 216336, 217464, 227868, 232976, 234500, 235992, 236796, 237024, 237260, 238204, 238444, 238956, 238976, 239344, 240016, 240384, 240528, 240544, 240920, 240944, 241060, 241088, 241108, 241136, 241208, 241296, 241460, 241536, 241668, 241880, 241904, 241936, 242028, 242080, 242276, 242284, 242308, 242340, 242360, 242372, 242408, 242432
graceful attempted      : False
forced                  : False
FINAL SURVIVING COUNT   : 0
cleanup                 : success
json report             : C:\t\rev108\docs\pwml_recovery_sprint\evidence\g11\REV-108\50-rev108-r2-ownmut.json
json report written     : True
heavy lock              : C:\t\heavylock  holder=REV-108  acquired=True  released=True
pre-existing (reported, NEVER killed): 4
================================================
