 1. tests/test_protein_export_policy.py                            passed= 63 failed=0 skipped=0 errors=0  exit=0
 2. tests/test_c056b_semantic_denominators.py                      passed= 10 failed=0 skipped=0 errors=0  exit=0
 3. tests/test_batch_pwml_artifact_naming.py                       passed= 13 failed=0 skipped=0 errors=0  exit=0
 4. tests/test_c074_strict_core_floor.py                           passed= 31 failed=0 skipped=0 errors=0  exit=0
 5. tests/test_c076_alias_holo_apo_identity.py                     passed= 28 failed=0 skipped=0 errors=0  exit=0
 6. tests/test_c077_stage0_conflict_disposition.py                 passed= 14 failed=0 skipped=0 errors=0  exit=0
 7. tests/test_c081_cofactor_role_identity.py                      passed= 25 failed=0 skipped=0 errors=0  exit=0
 8. tests/test_c085_priority2_honesty.py                           passed= 11 failed=0 skipped=0 errors=0  exit=0
 9. tests/test_c088_extracted_not_serialized_disposition.py        passed= 20 failed=0 skipped=0 errors=0  exit=0
10. tests/test_cofactor_policy.py                                  passed= 36 failed=0 skipped=0 errors=0  exit=0
11. tests/test_rag_multi_relation_spans.py                         passed= 19 failed=0 skipped=0 errors=0  exit=0
12. tests/test_release_status_classification.py                    passed= 12 failed=0 skipped=0 errors=0  exit=0
13. tests/test_semantic_production_no_gold.py                      passed=  8 failed=0 skipped=0 errors=0  exit=0
14. tests/test_strict_failure_replay.py                            passed= 40 failed=0 skipped=8 errors=0  exit=0
15. tests/test_batch_driver_quarantine_artifacts.py                passed=  8 failed=0 skipped=0 errors=0  exit=0
16. tests/test_c056c_semantic_evaluability.py                      passed= 11 failed=0 skipped=0 errors=0  exit=0
17. tests/test_c071_actor_evidence_gate.py                         passed=  8 failed=0 skipped=0 errors=0  exit=0
18. tests/test_c080_production_gate_kind_aware.py                  passed= 19 failed=0 skipped=0 errors=0  exit=0
19. tests/test_c089_participant_schema.py                          passed= 31 failed=0 skipped=0 errors=0  exit=0
20. tests/test_c090_wrapper_identity_actor_evidence.py             passed=  8 failed=0 skipped=0 errors=0  exit=0
21. tests/test_c097_semantic_name_keys.py                          passed= 16 failed=0 skipped=0 errors=0  exit=0
22. tests/test_semantic_release_gating.py                          passed= 25 failed=0 skipped=0 errors=0  exit=0

files run    : 22
split totals : 456 passed, 0 failed, 8 skipped, 0 errors
reds (0):

================ CLEANUP REPORT ================
report schema version   : 1
wrapper build           : sha256:83d139543d4c01b33984b6ca9fb0943db461d0ee5f85091623089a548b8abed0
wrapper path (executed) : C:\t\revf150\docs\pwml_recovery_sprint\evidence\bounded_run.py
wrapper vs HEAD         : clean  @ 4c077f012793260f05d5e0518c6459ca9ad13cc6  [git, worktree dirty=False]
label                   : goldreaders-pre
command                 : c:\Users\Angad\Desktop\SummerBIOIN\Project14-T2PW\.venv\Scripts\python.exe -u docs/pwml_recovery_sprint/evidence/c102_goldreaders_split.py C:/t/revf150 C:/t/btrf150/gr-pre
cwd                     : C:\t\revf150
root PID / process group: 459336 / None
isolation               : windows_job_object(KILL_ON_JOB_CLOSE)
timeout                 : 2400 s
duration                : 66.46 s
exit reason             : completed
exit code (real)        : 0
returned code           : 0
descendants observed    : 51  462696:python.exe, 461100:python.exe, 463180:python.exe, 462560:python.exe, 463728:python.exe, 463204:python.exe, 463608:python.exe, 461660:python.exe, 461788:python.exe, 463424:git.exe, 462732:git.exe, 438376:git.exe, 462688:git.exe, 463880:python.exe, 463900:python.exe, 464080:python.exe, 464100:python.exe, 464604:python.exe, 464624:python.exe, 464252:python.exe, 464260:python.exe, 464728:python.exe, 464836:python.exe, 456064:python.exe, 461308:python.exe, 464492:python.exe, 464552:python.exe, 450800:python.exe, 461124:python.exe, 462456:python.exe, 464228:python.exe, 464336:python.exe, 464560:python.exe, 443152:python.exe, 464868:python.exe, 460576:python.exe, 463804:python.exe, 462428:python.exe, 464192:python.exe, 456144:python.exe, 464324:python.exe, 461928:python.exe, 464472:python.exe, 464256:python.exe, 463232:python.exe, 410804:python.exe, 463980:python.exe, 462112:python.exe, 464848:python.exe, 443536:python.exe, 463744:python.exe
descendants terminated  : 51  410804, 438376, 443152, 443536, 450800, 456064, 456144, 460576, 461100, 461124, 461308, 461660, 461788, 461928, 462112, 462428, 462456, 462560, 462688, 462696, 462732, 463180, 463204, 463232, 463424, 463608, 463728, 463744, 463804, 463880, 463900, 463980, 464080, 464100, 464192, 464228, 464252, 464256, 464260, 464324, 464336, 464472, 464492, 464552, 464560, 464604, 464624, 464728, 464836, 464848, 464868
graceful attempted      : False
forced                  : False
FINAL SURVIVING COUNT   : 0
cleanup                 : success
json report             : docs/pwml_recovery_sprint/evidence/g11/F-150/02-goldreaders-pre.json
json report written     : True
heavy lock              : C:\t\heavylock  holder=F-150  acquired=True  released=True
pre-existing (reported, NEVER killed): 4
================================================
