pinned acceptance preflight against gold set 2026-08-01.1
source: C:\Users\Angad\Desktop\SummerBIOIN\Project14-T2PW\runs_verify\2026-08-28_1816\plan.json
verdict: OK
cases checked: 10   search calls: 0

paper / pathway / organism triples:
  PMC12444477 | lipid A biosynthesis | Escherichia coli   [pinned_override]
  PMC13231680 | lipid A biosynthesis | Escherichia coli   [pinned_override]
  PMC12657337 | menaquinone biosynthesis | Bacillus subtilis   [pinned_override]
  PMC12421875 | menaquinone biosynthesis | Bacillus subtilis   [pinned_override]
  PMC12312563 | menaquinone biosynthesis | Bacillus subtilis   [pinned_override]
  PMC12856317 | heme biosynthesis | Homo sapiens   [pinned_override]
  PMC12180156 | heme biosynthesis | Homo sapiens   [pinned_override]
  PMC12096016 | enterobactin biosynthesis | Escherichia coli   [pinned_override]
  PMC12452463 | enterobactin biosynthesis | Escherichia coli   [pinned_override]
  PMC12782028 | cholesterol biosynthesis | Homo sapiens   [pinned_override]


================ CLEANUP REPORT ================
report schema version   : 1
wrapper build           : sha256:83d139543d4c01b33984b6ca9fb0943db461d0ee5f85091623089a548b8abed0
wrapper path (executed) : C:\Users\Angad\Desktop\SummerBIOIN\Project14-T2PW\docs\pwml_recovery_sprint\evidence\bounded_run.py
wrapper vs HEAD         : clean  @ ae66b52c377f3a01abba3d2bf086ad972994e19a  [git, worktree dirty=True]
label                   : verify-plan
command                 : C:\Users\Angad\Desktop\SummerBIOIN\Project14-T2PW\.venv\Scripts\python.exe -u scripts/bench_acceptance.py --verify-plan C:/Users/Angad/Desktop/SummerBIOIN/Project14-T2PW/runs_verify/2026-08-28_1816
cwd                     : C:\Users\Angad\Desktop\SummerBIOIN\Project14-T2PW
root PID / process group: 595940 / None
isolation               : windows_job_object(KILL_ON_JOB_CLOSE)
timeout                 : 600 s
duration                : 0.32 s
exit reason             : completed
exit code (real)        : 0
returned code           : 0
descendants observed    : 1  594992:python.exe
descendants terminated  : 1  594992
graceful attempted      : False
forced                  : False
FINAL SURVIVING COUNT   : 0
cleanup                 : success
json report             : C:\Users\Angad\Desktop\SummerBIOIN\Project14-T2PW\docs\pwml_recovery_sprint\evidence\g11\T-107\37-verify-plan.json
json report written     : True
pre-existing (reported, NEVER killed): 4
================================================
