MEASURED_TREE t2pw = C:\Users\Angad\Desktop\SummerBIOIN\Project14-T2PW\src\t2pw\__init__.py
RUN = runs_verify\2026-09-02_2052

==============================================================================
1. COMPLETION AND SCORABLE DENOMINATOR
==============================================================================
  planned_gold_cases                   = 10
  papers_attempted                     = 10
  strict_legs_attempted                = 10
  research_legs_attempted              = 10
  legs_attempted                       = 20
  legs_planned                         = 20
  payloads_available                   = 19
  semantically_scorable_legs           = 19
  fully_completed_cases                = 10
  papers_with_no_attempted_leg         = []
  papers_with_only_one_mode_attempted  = []
  complete                             = true
  rendered                             = "10/10 papers, 20/20 legs"
  legs_scored (top level)              = 19
  legs_attempted (top level)           = 20

==============================================================================
2. PER-LEG OUTCOMES, TIMEOUTS AND PAYLOAD PRESERVATION
==============================================================================
  manifest rows : 20
  status tally  : {"fail": 7, "scope_conflict": 6, "pass": 7}

  leg                                status             elapsed  ceiling   ovr  reserve  files
  ----------------------------------------------------------------------------------------------------
  PMC12096016/research               pass                1281.2        -  None        -  16
  PMC12096016/strict                 pass                1341.7        -  None        -  19
  PMC12180156/research               fail                 609.0        -  None        -  6
  PMC12180156/strict                 pass                1070.9        -  None        -  21
  PMC12312563/research               scope_conflict       400.6        -  None        -  7
  PMC12312563/strict                 scope_conflict       391.7        -  None        -  7
  PMC12421875/research               scope_conflict       492.2        -  None        -  7
  PMC12421875/strict                 scope_conflict      1157.0        -  None        -  7
  PMC12444477/research               fail                 149.1        -  None        -  3
  PMC12444477/strict                 fail                2373.8        -  None        -  13
  PMC12452463/research               pass                1028.6        -  None        -  18
  PMC12452463/strict                 fail                 896.5        -  None        -  14
  PMC12657337/research               scope_conflict       740.4        -  None        -  7
  PMC12657337/strict                 scope_conflict      1081.5        -  None        -  7
  PMC12782028/research               pass                 857.0        -  None        -  16
  PMC12782028/strict                 pass                 868.4        -  None        -  19
  PMC12856317/research               pass                 760.1        -  None        -  18
  PMC12856317/strict                 fail                 955.2        -  None        -  14
  PMC13231680/research               fail                 541.3        -  None        -  6
  PMC13231680/strict                 fail                 816.0        -  None        -  6

==============================================================================
2a. TIMEOUTS — every one, with its ceiling
==============================================================================
  NONE. No leg hit the 3600 s ceiling.

  A timeout at 3600 s is NOT automatically a defect and must NOT be waved away
  either (T108-READINESS 2.1). Every timed-out leg is CENSORED: it proves the
  work needed MORE than 3600 s and never how much more.

==============================================================================
2b. LEG-CEILING OVERRIDE AUDIT (must be empty) — and what it can actually see
==============================================================================
  legs with leg_timeout_overridden=true : 0 []
  Expected 0 -- T-108 runs at the 3600 s DEFAULT, so there is no override and no
  empty leg_timeout_override_reason for PRODUCT_CONTRACT 9 to catch.

  EVIDENCE LIMIT, stated rather than glossed: only 0 of 20 manifest
  row(s) carry a budget block at all. The runner writes it on the TIMEOUT path; a
  leg that finished normally records no ceiling, so for those legs the absence of
  leg_timeout_overridden is NOT positive proof of 'false' -- it is no observation.
  The run-wide claim rests on the pre-launch resolution (_ceiling(3600.0) ->
  overridden False, evidence/g11/T-108/07) plus these timeout rows confirming it
  in a PRODUCED artifact. An audit that counted silent legs as confirmations
  would be reporting its own blind spot as a pass.

==============================================================================
2c. MISSING OR PARTIAL PAYLOADS
==============================================================================
  legs with an EMPTY files list : 0

==============================================================================
3. C-111 TIMEOUT / RETRY TELEMETRY (read off disk, per leg)
==============================================================================
  No leg recorded a non-'none' timeout_source.

==============================================================================
4. ACCEPTANCE PRIORITIES — raw and accepted, each with composition
==============================================================================

  rank 1: zero known false real identifiers
      ok                         = true
      evaluated                  = true
      observed                   = 0
      raw                        = 0
      accepted                   = 0
      accepted_status            = "PASS"
      papers                     = []

  rank 2: zero unsupported retained reactions
      ok                         = null
      evaluated                  = false
      observed                   = "NOT EVALUATED -- 0 counted, but the unsupported-reaction verdict was never reached on 13 of 19 scored leg(s), covering 7 paper(s). This zero is the absence of a measurement, not the absence of unsupported reactions."
      counted                    = 0
      papers                     = []
      not_evaluated_papers       = ["PMC12096016", "PMC12312563", "PMC12421875", "PMC12444477", "PMC12452463", "PMC12657337", "PMC12782028"]
      not_evaluated_legs         = ["PMC12096016:research", "PMC12096016:strict", "PMC12312563:research", "PMC12312563:strict", "PMC12421875:research", "PMC12421875:strict", "PMC12444477:strict", "PMC12452463:research", "PMC12452463:strict", "PMC12657337:research", "PMC12657337:strict", "PMC12782028:research", "PMC12782028:strict"]
      not_evaluated_reasons (13):
        PMC12444477:strict: the unsupported-reaction verdict was NOT EVALUATED: this gold case's signature set is a SUBSET (supported_reactions_complete is false), so the 7 retained reaction(s) that matched no signature cannot be judged either way -- an unmatched row may be invented, may be a step the paper states in a form no signature was written for, or may be a legitimate cross-paper RAG addition, and those are indisting
        PMC12657337:strict: the unsupported-reaction verdict was NOT EVALUATED: this gold case's signature set is a SUBSET (supported_reactions_complete is false), so the 4 retained reaction(s) that matched no signature cannot be judged either way -- an unmatched row may be invented, may be a step the paper states in a form no signature was written for, or may be a legitimate cross-paper RAG addition, and those are indisting
        PMC12657337:research: the unsupported-reaction verdict was NOT EVALUATED: this gold case's signature set is a SUBSET (supported_reactions_complete is false), so the 3 retained reaction(s) that matched no signature cannot be judged either way -- an unmatched row may be invented, may be a step the paper states in a form no signature was written for, or may be a legitimate cross-paper RAG addition, and those are indisting
        PMC12421875:strict: the unsupported-reaction verdict was NOT EVALUATED: this gold case's signature set is a SUBSET (supported_reactions_complete is false), so the 8 retained reaction(s) that matched no signature cannot be judged either way -- an unmatched row may be invented, may be a step the paper states in a form no signature was written for, or may be a legitimate cross-paper RAG addition, and those are indisting
        PMC12421875:research: the unsupported-reaction verdict was NOT EVALUATED: this gold case's signature set is a SUBSET (supported_reactions_complete is false), so the 8 retained reaction(s) that matched no signature cannot be judged either way -- an unmatched row may be invented, may be a step the paper states in a form no signature was written for, or may be a legitimate cross-paper RAG addition, and those are indisting
        PMC12312563:strict: the unsupported-reaction verdict was NOT EVALUATED: this gold case's signature set is a SUBSET (supported_reactions_complete is false), so the 3 retained reaction(s) that matched no signature cannot be judged either way -- an unmatched row may be invented, may be a step the paper states in a form no signature was written for, or may be a legitimate cross-paper RAG addition, and those are indisting
        PMC12312563:research: the unsupported-reaction verdict was NOT EVALUATED: this gold case's signature set is a SUBSET (supported_reactions_complete is false), so the 2 retained reaction(s) that matched no signature cannot be judged either way -- an unmatched row may be invented, may be a step the paper states in a form no signature was written for, or may be a legitimate cross-paper RAG addition, and those are indisting
        PMC12096016:strict: the unsupported-reaction verdict was NOT EVALUATED: this gold case's signature set is a SUBSET (supported_reactions_complete is false), so the 7 retained reaction(s) that matched no signature cannot be judged either way -- an unmatched row may be invented, may be a step the paper states in a form no signature was written for, or may be a legitimate cross-paper RAG addition, and those are indisting
        PMC12096016:research: the unsupported-reaction verdict was NOT EVALUATED: this gold case's signature set is a SUBSET (supported_reactions_complete is false), so the 1 retained reaction(s) that matched no signature cannot be judged either way -- an unmatched row may be invented, may be a step the paper states in a form no signature was written for, or may be a legitimate cross-paper RAG addition, and those are indisting
        PMC12452463:strict: the unsupported-reaction verdict was NOT EVALUATED: this gold case's signature set is a SUBSET (supported_reactions_complete is false), so the 4 retained reaction(s) that matched no signature cannot be judged either way -- an unmatched row may be invented, may be a step the paper states in a form no signature was written for, or may be a legitimate cross-paper RAG addition, and those are indisting
        PMC12452463:research: the unsupported-reaction verdict was NOT EVALUATED: this gold case's signature set is a SUBSET (supported_reactions_complete is false), so the 2 retained reaction(s) that matched no signature cannot be judged either way -- an unmatched row may be invented, may be a step the paper states in a form no signature was written for, or may be a legitimate cross-paper RAG addition, and those are indisting
        PMC12782028:strict: the unsupported-reaction verdict was NOT EVALUATED: this gold case's signature set is a SUBSET (supported_reactions_complete is false), so the 2 retained reaction(s) that matched no signature cannot be judged either way -- an unmatched row may be invented, may be a step the paper states in a form no signature was written for, or may be a legitimate cross-paper RAG addition, and those are indisting
        PMC12782028:research: the unsupported-reaction verdict was NOT EVALUATED: this gold case's signature set is a SUBSET (supported_reactions_complete is false), so the 1 retained reaction(s) that matched no signature cannot be judged either way -- an unmatched row may be invented, may be a step the paper states in a form no signature was written for, or may be a legitimate cross-paper RAG addition, and those are indisting

  rank 3: zero referential-integrity violations
      ok                         = true
      evaluated                  = true
      observed                   = 0
      papers                     = []

  rank 4: meaningful requested-pathway coverage
      ok                         = false
      evaluated                  = true
      observed                   = "0/8 = 0%"
      papers                     = []
      requested_core_coverage    = {"legs_with_coverage": 10, "legs_with_forbidden_terms": 3, "papers_with_forbidden_terms": ["PMC12452463", "PMC12856317"], "forbidden_terms_excluded": 4, "legs_cleared_by_reconciliation": [], "legs_still_below_minimum": [], "legs_with_undefined_accepted_rate": [], "legs_at": "coverage_reconciliation_corpus.legs"}

  rank 5: maximize strict PWML pass rate among eligible/exportable papers
      ok                         = false
      evaluated                  = true
      observed                   = "0/2 = 0%"
      papers                     = []
      requested_core_coverage    = {"legs_with_coverage": 10, "legs_with_forbidden_terms": 3, "papers_with_forbidden_terms": ["PMC12452463", "PMC12856317"], "forbidden_terms_excluded": 4, "legs_cleared_by_reconciliation": [], "legs_still_below_minimum": [], "legs_with_undefined_accepted_rate": [], "legs_at": "coverage_reconciliation_corpus.legs"}

==============================================================================
5. PRIORITY-1 ROW COMPOSITION — raw_rows and accepted_rows, every finding named
==============================================================================
  raw=0  accepted=0  accepted_status='PASS'  target=6  absolute ok=True

  RAW ROWS (0) -- each is one known false real identifier:
  ACCEPTED ROWS (0) -- after authorized case-scoped tolerances
  CONTRACT-ADJUSTED ROWS (0): []
    none. Under D-074 as ruled, no Priority-1 row can be contract-adjusted, so
    accepted is identically raw. A zero here means 'no licence can reach this',
    NOT 'none was measured'.
  variance_note: Six remains the target. Seven is a one-finding stochastic band (PASS_WITHIN_VARIANCE), not evidence that the pipeline defect is fixed: T-105's seven was composed of almost entirely different rows than T-104's seven. The band absorbs variance, not regressions -- a changed composition is inspected on its merits, and eight or more is an actual acceptance failure. Do not rerun to move from seven to six.

==============================================================================
5a. RELEASE DISPOSITION OF EVERY strict_exportable LEG — why Priority 5 reads as it does
==============================================================================
  Priority 5's denominator is 2 paper(s): ['PMC12096016', 'PMC12782028']
  PMC12096016/strict  runner_status='pass'
      status                       = "review_required"
      strict_acceptance_eligible   = false
      strict_gates_passed          = true
      semantic_evaluation          = "passed"
      completeness                 = 0.916667
      missing_anchors              = ["EntD (phosphopantetheinyl transferase)"]
      reasons                      = ["requested_core_anchors_unmatched:EntD (phosphopantetheinyl transferase)"]
  PMC12782028/strict  runner_status='pass'
      status                       = "review_required"
      strict_acceptance_eligible   = false
      strict_gates_passed          = true
      semantic_evaluation          = "passed"
      completeness                 = 0.571429
      missing_anchors              = ["oxysterol", "MSMO1", "SQLE", "FDFT1", "HMGCR", "HMGCS1"]
      reasons                      = ["requested_core_anchors_unmatched:oxysterol,MSMO1,SQLE,FDFT1,HMGCR,HMGCS1"]

  A runner 'pass' is NOT a Priority-5 point. A leg that executes, clears the strict
  technical gates and passes semantic evaluation can still be held at review_required
  for incomplete requested-core coverage -- which is merge rule 7 working as written:
  incomplete-but-correct pathways are PRESERVED as review_required, never dropped and
  never promoted. Read the reasons above before calling this priority an operational
  failure or a biological one.

==============================================================================
6. NEGATIVE CONTROLS
==============================================================================
  PMC13231680  relevance=context_only  is_negative_control=True
      research  status='fail' release=None reactions=None semantic_ok=False
      strict    status='fail' release=None reactions=None semantic_ok=False
  PMC12180156  relevance=context_only  is_negative_control=False
      research  status='fail' release=None reactions=None semantic_ok=True
      strict    status='pass' release={'status': 'review_required', 'pipeline_executed': True, 'strict_gates_passed': True, 'semantic_evaluation': 'passed', 'semantic_not_evaluated_reason': '', 'semantic_failed_checks': [], 'semantic_check_evaluability': [{'check': 'requested_pathway_anchors_present', 'applicable': True, 'inapplicable_reason': ''}, {'check': 'organism_compatible', 'applicable': True, 'inapplicable_reason': ''}, {'check': 'no_real_id_or_name_conflict', 'applicable': True, 'inapplicable_reason': ''}, {'check': 'no_rejected_rag_reaction_reintroduced', 'applicable': False, 'inapplicable_reason': 'AdmissionReport.rejected is not written to disk by the batch driver; without it a reintroduced claim is undetectable'}, {'check': 'actor_named_in_its_own_cited_span', 'applicable': True, 'inapplicable_reason': ''}], 'strict_acceptance_eligible': False, 'completeness': 0.833333, 'missing_anchors': ['SFXN1'], 'retrieval_attempts': 0, 'expansion_blocked_reason': '1 requested-core anchor(s) matched no admitted process: SFXN1', 'coverage_evaluated': True, 'reasons': ['requested_core_anchors_unmatched:SFXN1'], 'applied': True, 'review_reasons': [], 'retrieval_attempts_source': 'surviving_rows_carrying_rag_provenance'} reactions=None semantic_ok=True

==============================================================================
7. PRIORITY-2 EVALUABILITY — the acceptance-instrument limitation (D-087)
==============================================================================
  gold cases                                : 10
  supported_reactions_complete TRUE         : 0
  max_retained_reactions set                : 2 -> [('PMC13231680', 0), ('PMC12180156', 2)]

  Priority 2 = N is a real number and it is NOT a measure of how much
  invented chemistry this run produced. With supported_reactions_complete
  unset on every case, the unsupported-reaction verdict can only be reached
  where a max_retained_reactions ceiling exists -- and both ceilings are on
  negative controls. Reported as an acceptance-instrument limitation per D-087.

==============================================================================
8. CONTRACT ADJUSTMENTS APPLIED
==============================================================================
  rank 1: raw=0 accepted=0 (identical - no adjustment reached this priority)

==============================================================================
9. LpxH ON PMC12444477 — measured here or reported unverified
==============================================================================
  research  status='fail' findings=0
  strict    status='fail' findings=0
  No findings available on either leg -> LpxH remains UNVERIFIED on T-108.

==============================================================================
10. OVERALL
==============================================================================
  priorities with ok=false     : [4, 5]
  priorities not evaluated     : [2]

  T108_SCORE_EMITTED: legs=20 scorable=19 timeouts=0 missing_payload=0

================ CLEANUP REPORT ================
report schema version   : 1
wrapper build           : sha256:83d139543d4c01b33984b6ca9fb0943db461d0ee5f85091623089a548b8abed0
wrapper path (executed) : C:\Users\Angad\Desktop\SummerBIOIN\Project14-T2PW\docs\pwml_recovery_sprint\evidence\bounded_run.py
wrapper vs HEAD         : clean  @ 61657768e671c458596e55003489539c858dea24  [git, worktree dirty=True]
label                   : official-score
command                 : C:\Users\Angad\Desktop\SummerBIOIN\Project14-T2PW\.venv\Scripts\python.exe -u docs/pwml_recovery_sprint/evidence/t108_score.py C:/Users/Angad/Desktop/SummerBIOIN/Project14-T2PW runs_verify/2026-09-02_2052
cwd                     : C:\Users\Angad\Desktop\SummerBIOIN\Project14-T2PW
root PID / process group: 282840 / None
isolation               : windows_job_object(KILL_ON_JOB_CLOSE)
timeout                 : 1800 s
duration                : 1.69 s
exit reason             : completed
exit code (real)        : 0
returned code           : 0
descendants observed    : 1  278780:python.exe
descendants terminated  : 1  278780
graceful attempted      : False
forced                  : False
FINAL SURVIVING COUNT   : 0
cleanup                 : success
json report             : docs/pwml_recovery_sprint/evidence/g11/T-109/07-official-score.json
json report written     : True
heavy lock              : C:\t\heavylock  holder=T-109  acquired=True  released=True
pre-existing (reported, NEVER killed): 4
================================================
