[18:22:03] STARTING a fresh run 2026-08-21_1822 (--fresh was given)
[18:22:03]   cache snapshot   : id_mapping_cache.json, enrichment_cache.json
[18:22:03] fetching papers (topics=topics_t101.txt, limit=none) ...
[18:22:04]   + PMC12444477  (82306 chars)  (untitled)
[18:22:04]   + PMC12782028  (43679 chars)  (untitled)
[18:22:04]   + PMC12312563  (47406 chars)  (untitled)
[18:22:04] planned 3 paper(s) x 2 mode(s) = 6 run(s); 0 candidate(s) skipped (see skipped.json)
[18:22:04] acquisition funnel: requested 3, examined 3, eligible 3, ineligible 0, no_full_text 0, accepted 3
[18:22:04] running 6 paper+mode pair(s) sequentially
[18:22:04] whole-night deadline : 3.0h from now
[18:22:04] [1/6] PMC12444477 / strict -> starting (timeout 1800s)
[18:52:04] [1/6] PMC12444477 / strict -> TIMEOUT (timeout) in 1800.5s (30m00s)
[18:52:04]     1/3 done | strict 0 pass 1 fail | research 0 pass | 1 timeout
[18:52:04] [2/6] PMC12444477 / research -> starting (timeout 1800s)
[19:20:32] [2/6] PMC12444477 / research -> TIMEOUT (timeout) in 1706.2s (28m26s)
[19:20:32]     1/3 done | strict 0 pass 1 fail | research 0 pass 1 fail | 2 timeout | 1 RESEARCH DEFECT
[19:20:32] [3/6] PMC12782028 / strict -> starting (timeout 1800s)
[19:36:00] [3/6] PMC12782028 / strict -> PASS WITH WARNINGS in 927.9s (15m27s)
[19:36:00]     ! runtime-schema finding (informational, not blocking): [post_audit_contract_report.runtime_schema_report] entity_missing_mapping_meta @ /entities/subcellular_locations/2/mapping_meta: Mapped entity with a name is missing mapping_meta.
[19:36:00]     ! runtime-schema finding (informational, not blocking): [post_normalization_contract_report.runtime_schema_report] entity_missing_mapping_meta @ /entities/subcellular_locations/2/mapping_meta: Mapped entity with a name is missing mapping_meta.
[19:36:00]     2/3 done | strict 1 pass 1 fail | research 0 pass 1 fail | 2 timeout | 1 NO DELIVERABLE | 1 RESEARCH DEFECT
[19:36:00] [4/6] PMC12782028 / research -> starting (timeout 1800s)
[19:58:45] [4/6] PMC12782028 / research -> PASS WITH WARNINGS in 1364.4s (22m44s)
[19:58:45]     ! runtime-schema finding (informational, not blocking): [post_audit_contract_report.runtime_schema_report] entity_missing_mapping_meta @ /entities/subcellular_locations/1/mapping_meta: Mapped entity with a name is missing mapping_meta.
[19:58:45]     ! runtime-schema finding (informational, not blocking): [post_normalization_contract_report.runtime_schema_report] entity_missing_mapping_meta @ /entities/subcellular_locations/1/mapping_meta: Mapped entity with a name is missing mapping_meta.
[19:58:45]     2/3 done | strict 1 pass 1 fail | research 1 pass 1 fail | 2 timeout | 2 NO DELIVERABLE | 1 RESEARCH DEFECT
[19:58:45] [5/6] PMC12312563 / strict -> starting (timeout 1800s)
[20:07:35] [5/6] PMC12312563 / strict -> SCOPE_CONFLICT in 529.5s (8m49s)
[20:07:35]     3/3 done | strict 1 pass 1 fail | research 1 pass 1 fail | 2 timeout | 2 NO DELIVERABLE | 1 RESEARCH DEFECT
[20:07:35] [6/6] PMC12312563 / research -> starting (timeout 1800s)
[20:12:17] [6/6] PMC12312563 / research -> SCOPE_CONFLICT in 281.1s (4m41s)
[20:12:17]     3/3 done | strict 1 pass 1 fail | research 1 pass 1 fail | 2 timeout | 2 NO DELIVERABLE | 1 RESEARCH DEFECT
[20:12:17] run directory : C:\Users\Angad\Desktop\SummerBIOIN\Project14-T2PW\runs_verify\2026-08-21_1822
[20:12:17] summary       : C:\Users\Angad\Desktop\SummerBIOIN\Project14-T2PW\runs_verify\2026-08-21_1822\SUMMARY.txt
[20:12:17] fix-list      : C:\Users\Angad\Desktop\SummerBIOIN\Project14-T2PW\runs_verify\2026-08-21_1822\failures_by_code.txt
[20:12:17] FAILURES: 4 of 6 paper+mode run(s) did not pass
