[17:54:20] STARTING a fresh run 2026-08-04_1754 (--fresh was given)
[17:54:20]   cache snapshot   : id_mapping_cache.json, enrichment_cache.json
[17:54:20] fetching papers (topics=topics_verify_subset.txt, limit=none) ...
[17:54:20]   + PMC12096016  (43667 chars)  (untitled)
[17:54:20]   + PMC12180156  (67304 chars)  (untitled)
[17:54:20]   + PMC12444477  (82306 chars)  (untitled)
[17:54:20]   + PMC12452463  (68085 chars)  (untitled)
[17:54:20]   + PMC12856317  (54436 chars)  (untitled)
[17:54:20]   + PMC12782028  (43679 chars)  (untitled)
[17:54:20] planned 6 paper(s) x 2 mode(s) = 12 run(s); 0 candidate(s) skipped (see skipped.json)
[17:54:20] acquisition funnel: requested 6, examined 6, eligible 6, ineligible 0, no_full_text 0, accepted 6
[17:54:20] running 12 paper+mode pair(s) sequentially
[17:54:20] whole-night deadline : 10.0h from now
[17:54:20] [1/12] PMC12096016 / strict -> starting (timeout 1800s)
[18:19:31] [1/12] PMC12096016 / strict -> FAIL (contract) in 1510.7s (25m10s)
[18:19:31]     ! runtime-schema finding (informational, not blocking): [post_audit_contract_report.runtime_schema_report] runtime_schema_value_error @ /entities/protein_complexes/0/generation_reason: Expected a 'single_protein_pathwhiz_wrapper'.
[18:19:31]     ! runtime-schema finding (informational, not blocking): [post_audit_contract_report.runtime_schema_report] entity_missing_mapping_meta @ /entities/subcellular_locations/2/mapping_meta: Mapped entity with a name is missing mapping_meta.
[18:19:31]     ! runtime-schema finding (informational, not blocking): [post_audit_contract_report.runtime_schema_report] entity_missing_mapping_meta @ /entities/protein_complexes/0/mapping_meta: Mapped entity with a name is missing mapping_meta.
[18:19:31]     ! runtime-schema finding (informational, not blocking): [post_enrichment_runtime_schema_report] runtime_schema_value_error @ /entities/protein_complexes/0/generation_reason: Expected a 'single_protein_pathwhiz_wrapper'.
[18:19:31]     ! runtime-schema finding (informational, not blocking): [post_enrichment_runtime_schema_report] generated_wrapper_reason_invalid @ /entities/protein_complexes/0/generation_reason: Generated wrapper rows must use the supported generation reason.
[18:19:31]     ! runtime-schema finding (informational, not blocking): [post_normalization_contract_report.runtime_schema_report] runtime_schema_value_error @ /entities/protein_complexes/0/generation_reason: Expected a 'single_protein_pathwhiz_wrapper'.
[18:19:31]     ! runtime-schema finding (informational, not blocking): [post_normalization_contract_report.runtime_schema_report] entity_missing_mapping_meta @ /entities/subcellular_locations/2/mapping_meta: Mapped entity with a name is missing mapping_meta.
[18:19:31]     ! runtime-schema finding (informational, not blocking): [post_normalization_contract_report.runtime_schema_report] entity_missing_mapping_meta @ /entities/protein_complexes/0/mapping_meta: Mapped entity with a name is missing mapping_meta.
[18:19:31]     ! runtime-schema finding (informational, not blocking): [post_remap_contract_report.runtime_schema_report] runtime_schema_value_error @ /entities/protein_complexes/0/generation_reason: Expected a 'single_protein_pathwhiz_wrapper'.
[18:19:31]     ! runtime-schema finding (informational, not blocking): [post_remap_contract_report.runtime_schema_report] generated_wrapper_reason_invalid @ /entities/protein_complexes/0/generation_reason: Generated wrapper rows must use the supported generation reason.
[18:19:31]     ! runtime-schema finding (informational, not blocking): and 2 more finding(s); all of them are in contract_reports.json
[18:19:31]     1/6 done | strict 0 pass 1 fail | research 0 pass
[18:19:31] [2/12] PMC12096016 / research -> starting (timeout 1800s)
[18:35:17] [2/12] PMC12096016 / research -> PASS WITH WARNINGS in 945.8s (15m45s)
[18:35:17]     ! runtime-schema finding (informational, not blocking): [post_audit_contract_report.runtime_schema_report] runtime_schema_value_error @ /entities/protein_complexes/0/generation_reason: Expected a 'single_protein_pathwhiz_wrapper'.
[18:35:17]     ! runtime-schema finding (informational, not blocking): [post_audit_contract_report.runtime_schema_report] entity_missing_mapping_meta @ /entities/subcellular_locations/2/mapping_meta: Mapped entity with a name is missing mapping_meta.
[18:35:17]     ! runtime-schema finding (informational, not blocking): [post_audit_contract_report.runtime_schema_report] mapping_resolution_required @ /entities/proteins/8/mapping_meta/resolution: Mapping metadata must include a resolution object.
[18:35:17]     ! runtime-schema finding (informational, not blocking): [post_audit_contract_report.runtime_schema_report] entity_missing_mapping_meta @ /entities/protein_complexes/0/mapping_meta: Mapped entity with a name is missing mapping_meta.
[18:35:17]     ! runtime-schema finding (informational, not blocking): [post_enrichment_runtime_schema_report] runtime_schema_value_error @ /entities/protein_complexes/0/generation_reason: Expected a 'single_protein_pathwhiz_wrapper'.
[18:35:17]     ! runtime-schema finding (informational, not blocking): [post_enrichment_runtime_schema_report] generated_wrapper_reason_invalid @ /entities/protein_complexes/0/generation_reason: Generated wrapper rows must use the supported generation reason.
[18:35:17]     ! runtime-schema finding (informational, not blocking): [post_normalization_contract_report.runtime_schema_report] runtime_schema_value_error @ /entities/protein_complexes/0/generation_reason: Expected a 'single_protein_pathwhiz_wrapper'.
[18:35:17]     ! runtime-schema finding (informational, not blocking): [post_normalization_contract_report.runtime_schema_report] entity_missing_mapping_meta @ /entities/subcellular_locations/2/mapping_meta: Mapped entity with a name is missing mapping_meta.
[18:35:17]     ! runtime-schema finding (informational, not blocking): [post_normalization_contract_report.runtime_schema_report] mapping_resolution_required @ /entities/proteins/8/mapping_meta/resolution: Mapping metadata must include a resolution object.
[18:35:17]     ! runtime-schema finding (informational, not blocking): [post_normalization_contract_report.runtime_schema_report] entity_missing_mapping_meta @ /entities/protein_complexes/0/mapping_meta: Mapped entity with a name is missing mapping_meta.
[18:35:17]     ! runtime-schema finding (informational, not blocking): and 4 more finding(s); all of them are in contract_reports.json
[18:35:17]     ! strict gate error (research mode: review flag, not blocking): gate.protein_enth_is_missing_a_uniprot_or_drugbank_identifier @ /entities/proteins/6: Protein 'EntH' is missing a UniProt or DrugBank identifier.
[18:35:17]     1/6 done | strict 0 pass 1 fail | research 1 pass | 1 NO DELIVERABLE
[18:35:17] [3/12] PMC12180156 / strict -> starting (timeout 1800s)
[18:55:33] [3/12] PMC12180156 / strict -> PASS WITH WARNINGS in 1214.9s (20m14s)
[18:55:33]     ! runtime-schema finding (informational, not blocking): [post_audit_contract_report.runtime_schema_report] entity_missing_mapping_meta @ /entities/subcellular_locations/4/mapping_meta: Mapped entity with a name is missing mapping_meta.
[18:55:33]     ! runtime-schema finding (informational, not blocking): [post_normalization_contract_report.runtime_schema_report] entity_missing_mapping_meta @ /entities/subcellular_locations/4/mapping_meta: Mapped entity with a name is missing mapping_meta.
[18:55:33]     2/6 done | strict 1 pass 1 fail | research 1 pass | 2 NO DELIVERABLE
[18:55:33] [4/12] PMC12180156 / research -> starting (timeout 1800s)
[19:14:05] [4/12] PMC12180156 / research -> PASS WITH WARNINGS in 1111.5s (18m31s)
[19:14:05]     ! runtime-schema finding (informational, not blocking): [post_audit_contract_report.runtime_schema_report] entity_missing_mapping_meta @ /entities/subcellular_locations/2/mapping_meta: Mapped entity with a name is missing mapping_meta.
[19:14:05]     ! runtime-schema finding (informational, not blocking): [post_normalization_contract_report.runtime_schema_report] entity_missing_mapping_meta @ /entities/subcellular_locations/2/mapping_meta: Mapped entity with a name is missing mapping_meta.
[19:14:05]     2/6 done | strict 1 pass 1 fail | research 2 pass | 3 NO DELIVERABLE
[19:14:05] [5/12] PMC12444477 / strict -> starting (timeout 1800s)
[19:44:05] [5/12] PMC12444477 / strict -> TIMEOUT (timeout) in 1800.6s (30m00s)
[19:44:05]     3/6 done | strict 1 pass 2 fail | research 2 pass | 1 timeout | 3 NO DELIVERABLE
[19:44:05] [6/12] PMC12444477 / research -> starting (timeout 1800s)
[20:14:06] [6/12] PMC12444477 / research -> TIMEOUT (timeout) in 1800.8s (30m00s)
[20:14:06]     3/6 done | strict 1 pass 2 fail | research 2 pass 1 fail | 2 timeout | 3 NO DELIVERABLE | 1 RESEARCH DEFECT
[20:14:06] [7/12] PMC12452463 / strict -> starting (timeout 1800s)
[20:35:55] [7/12] PMC12452463 / strict -> FAIL (contract) in 1308.1s (21m48s)
[20:35:55]     ! runtime-schema finding (informational, not blocking): [post_audit_contract_report.runtime_schema_report] runtime_schema_value_error @ /entities/protein_complexes/0/generation_reason: Expected a 'single_protein_pathwhiz_wrapper'.
[20:35:55]     ! runtime-schema finding (informational, not blocking): [post_audit_contract_report.runtime_schema_report] entity_missing_mapping_meta @ /entities/subcellular_locations/2/mapping_meta: Mapped entity with a name is missing mapping_meta.
[20:35:55]     ! runtime-schema finding (informational, not blocking): [post_audit_contract_report.runtime_schema_report] mapping_resolution_required @ /entities/proteins/8/mapping_meta/resolution: Mapping metadata must include a resolution object.
[20:35:55]     ! runtime-schema finding (informational, not blocking): [post_audit_contract_report.runtime_schema_report] entity_missing_mapping_meta @ /entities/protein_complexes/0/mapping_meta: Mapped entity with a name is missing mapping_meta.
[20:35:55]     ! runtime-schema finding (informational, not blocking): [post_enrichment_runtime_schema_report] runtime_schema_value_error @ /entities/protein_complexes/0/generation_reason: Expected a 'single_protein_pathwhiz_wrapper'.
[20:35:55]     ! runtime-schema finding (informational, not blocking): [post_enrichment_runtime_schema_report] generated_wrapper_reason_invalid @ /entities/protein_complexes/0/generation_reason: Generated wrapper rows must use the supported generation reason.
[20:35:55]     ! runtime-schema finding (informational, not blocking): [post_normalization_contract_report.runtime_schema_report] runtime_schema_value_error @ /entities/protein_complexes/0/generation_reason: Expected a 'single_protein_pathwhiz_wrapper'.
[20:35:55]     ! runtime-schema finding (informational, not blocking): [post_normalization_contract_report.runtime_schema_report] entity_missing_mapping_meta @ /entities/subcellular_locations/2/mapping_meta: Mapped entity with a name is missing mapping_meta.
[20:35:55]     ! runtime-schema finding (informational, not blocking): [post_normalization_contract_report.runtime_schema_report] mapping_resolution_required @ /entities/proteins/8/mapping_meta/resolution: Mapping metadata must include a resolution object.
[20:35:55]     ! runtime-schema finding (informational, not blocking): [post_normalization_contract_report.runtime_schema_report] entity_missing_mapping_meta @ /entities/protein_complexes/0/mapping_meta: Mapped entity with a name is missing mapping_meta.
[20:35:55]     ! runtime-schema finding (informational, not blocking): and 4 more finding(s); all of them are in contract_reports.json
[20:35:55]     4/6 done | strict 1 pass 3 fail | research 2 pass 1 fail | 2 timeout | 3 NO DELIVERABLE | 1 RESEARCH DEFECT
[20:35:55] [8/12] PMC12452463 / research -> starting (timeout 1800s)
[20:49:09] [8/12] PMC12452463 / research -> PASS WITH WARNINGS in 792.9s (13m12s)
[20:49:09]     ! runtime-schema finding (informational, not blocking): [post_audit_contract_report.runtime_schema_report] runtime_schema_value_error @ /entities/protein_complexes/0/generation_reason: Expected a 'single_protein_pathwhiz_wrapper'.
[20:49:09]     ! runtime-schema finding (informational, not blocking): [post_audit_contract_report.runtime_schema_report] entity_missing_mapping_meta @ /entities/proteins/8/mapping_meta: Mapped entity with a name is missing mapping_meta.
[20:49:09]     ! runtime-schema finding (informational, not blocking): [post_audit_contract_report.runtime_schema_report] entity_missing_mapping_meta @ /entities/protein_complexes/0/mapping_meta: Mapped entity with a name is missing mapping_meta.
[20:49:09]     ! runtime-schema finding (informational, not blocking): [post_audit_contract_report.runtime_schema_report] entity_missing_mapping_meta @ /entities/subcellular_locations/0/mapping_meta: Mapped entity with a name is missing mapping_meta.
[20:49:09]     ! runtime-schema finding (informational, not blocking): [post_enrichment_runtime_schema_report] runtime_schema_value_error @ /entities/protein_complexes/0/generation_reason: Expected a 'single_protein_pathwhiz_wrapper'.
[20:49:09]     ! runtime-schema finding (informational, not blocking): [post_enrichment_runtime_schema_report] generated_wrapper_reason_invalid @ /entities/protein_complexes/0/generation_reason: Generated wrapper rows must use the supported generation reason.
[20:49:09]     ! runtime-schema finding (informational, not blocking): [post_normalization_contract_report.runtime_schema_report] runtime_schema_value_error @ /entities/protein_complexes/0/generation_reason: Expected a 'single_protein_pathwhiz_wrapper'.
[20:49:09]     ! runtime-schema finding (informational, not blocking): [post_normalization_contract_report.runtime_schema_report] entity_missing_mapping_meta @ /entities/proteins/8/mapping_meta: Mapped entity with a name is missing mapping_meta.
[20:49:09]     ! runtime-schema finding (informational, not blocking): [post_normalization_contract_report.runtime_schema_report] entity_missing_mapping_meta @ /entities/protein_complexes/0/mapping_meta: Mapped entity with a name is missing mapping_meta.
[20:49:09]     ! runtime-schema finding (informational, not blocking): [post_normalization_contract_report.runtime_schema_report] entity_missing_mapping_meta @ /entities/subcellular_locations/0/mapping_meta: Mapped entity with a name is missing mapping_meta.
[20:49:09]     ! runtime-schema finding (informational, not blocking): and 4 more finding(s); all of them are in contract_reports.json
[20:49:09]     ! strict gate error (research mode: review flag, not blocking): gate.protein_fur_is_missing_a_uniprot_or_drugbank_identifier @ /entities/proteins/5: Protein 'Fur' is missing a UniProt or DrugBank identifier.
[20:49:09]     ! strict gate error (research mode: review flag, not blocking): gate.protein_enterobactin_synthase_is_missing_a_uniprot_or_drugbank_i @ /entities/proteins/8: Protein 'enterobactin synthase' is missing a UniProt or DrugBank identifier.
[20:49:09]     ! strict gate error (research mode: review flag, not blocking): gate.generated_protein_complex_enterobactin_synthase_complex_componen @ /entities/protein_complexes/0/components/0: Generated protein complex 'enterobactin synthase complex' component protein 'enterobactin synthase' is missing a UniProt or DrugBank identifier.
[20:49:09]     4/6 done | strict 1 pass 3 fail | research 3 pass 1 fail | 2 timeout | 4 NO DELIVERABLE | 1 RESEARCH DEFECT
[20:49:09] [9/12] PMC12856317 / strict -> starting (timeout 1800s)
[21:07:13] [9/12] PMC12856317 / strict -> PASS WITH WARNINGS in 1083.5s (18m03s)
[21:07:13]     ! runtime-schema finding (informational, not blocking): [post_audit_contract_report.runtime_schema_report] entity_missing_mapping_meta @ /entities/subcellular_locations/1/mapping_meta: Mapped entity with a name is missing mapping_meta.
[21:07:13]     ! runtime-schema finding (informational, not blocking): [post_audit_contract_report.runtime_schema_report] entity_missing_mapping_meta @ /entities/compounds/5/mapping_meta: Mapped entity with a name is missing mapping_meta.
[21:07:13]     ! runtime-schema finding (informational, not blocking): [post_audit_contract_report.runtime_schema_report] entity_missing_mapping_meta @ /entities/compounds/6/mapping_meta: Mapped entity with a name is missing mapping_meta.
[21:07:13]     ! runtime-schema finding (informational, not blocking): [post_audit_contract_report.runtime_schema_report] entity_missing_mapping_meta @ /entities/compounds/7/mapping_meta: Mapped entity with a name is missing mapping_meta.
[21:07:13]     ! runtime-schema finding (informational, not blocking): [post_normalization_contract_report.runtime_schema_report] entity_missing_mapping_meta @ /entities/subcellular_locations/1/mapping_meta: Mapped entity with a name is missing mapping_meta.
[21:07:13]     ! runtime-schema finding (informational, not blocking): [post_normalization_contract_report.runtime_schema_report] entity_missing_mapping_meta @ /entities/compounds/5/mapping_meta: Mapped entity with a name is missing mapping_meta.
[21:07:13]     ! runtime-schema finding (informational, not blocking): [post_normalization_contract_report.runtime_schema_report] entity_missing_mapping_meta @ /entities/compounds/6/mapping_meta: Mapped entity with a name is missing mapping_meta.
[21:07:13]     ! runtime-schema finding (informational, not blocking): [post_normalization_contract_report.runtime_schema_report] entity_missing_mapping_meta @ /entities/compounds/7/mapping_meta: Mapped entity with a name is missing mapping_meta.
[21:07:13]     5/6 done | strict 2 pass 3 fail | research 3 pass 1 fail | 2 timeout | 5 NO DELIVERABLE | 1 RESEARCH DEFECT
[21:07:13] [10/12] PMC12856317 / research -> starting (timeout 1800s)
[21:20:47] [10/12] PMC12856317 / research -> PASS WITH WARNINGS in 813.4s (13m33s)
[21:20:47]     ! runtime-schema finding (informational, not blocking): [post_audit_contract_report.runtime_schema_report] entity_missing_mapping_meta @ /entities/subcellular_locations/1/mapping_meta: Mapped entity with a name is missing mapping_meta.
[21:20:47]     ! runtime-schema finding (informational, not blocking): [post_normalization_contract_report.runtime_schema_report] entity_missing_mapping_meta @ /entities/subcellular_locations/1/mapping_meta: Mapped entity with a name is missing mapping_meta.
[21:20:47]     5/6 done | strict 2 pass 3 fail | research 4 pass 1 fail | 2 timeout | 6 NO DELIVERABLE | 1 RESEARCH DEFECT
[21:20:47] [11/12] PMC12782028 / strict -> starting (timeout 1800s)
[21:21:12] [11/12] PMC12782028 / strict -> FAIL (unknown) in 24.5s
[21:21:12]     6/6 done | strict 2 pass 4 fail | research 4 pass 1 fail | 2 timeout | 6 NO DELIVERABLE | 1 RESEARCH DEFECT
[21:21:12] [12/12] PMC12782028 / research -> starting (timeout 1800s)
[21:36:41] [12/12] PMC12782028 / research -> PASS WITH WARNINGS in 928.9s (15m28s)
[21:36:41]     ! runtime-schema finding (informational, not blocking): [post_audit_contract_report.runtime_schema_report] entity_missing_mapping_meta @ /entities/subcellular_locations/1/mapping_meta: Mapped entity with a name is missing mapping_meta.
[21:36:41]     ! runtime-schema finding (informational, not blocking): [post_normalization_contract_report.runtime_schema_report] entity_missing_mapping_meta @ /entities/subcellular_locations/1/mapping_meta: Mapped entity with a name is missing mapping_meta.
[21:36:41]     6/6 done | strict 2 pass 4 fail | research 5 pass 1 fail | 2 timeout | 7 NO DELIVERABLE | 1 RESEARCH DEFECT
[21:36:41] run directory : C:\Users\Angad\Desktop\SummerBIOIN\Project14-T2PW\runs_verify\2026-08-04_1754
[21:36:41] summary       : C:\Users\Angad\Desktop\SummerBIOIN\Project14-T2PW\runs_verify\2026-08-04_1754\SUMMARY.txt
[21:36:41] fix-list      : C:\Users\Angad\Desktop\SummerBIOIN\Project14-T2PW\runs_verify\2026-08-04_1754\failures_by_code.txt
[21:36:41] FAILURES: 5 of 12 paper+mode run(s) did not pass
