[21:35:06] STARTING a fresh run 2026-07-27_2135 (--fresh was given)
[21:35:06]   cache snapshot   : id_mapping_cache.json, enrichment_cache.json
[21:35:06] fetching papers (topics=C:\Users\Angad\Desktop\SummerBIOIN\Project14-T2PW\topics.txt, limit=none) ...
[21:35:49]   + PMC12444477__the-regulation-of-lipid-a-biosynthesis  (82306 chars)  The regulation of lipid A biosynthesis.
[21:35:49]   + PMC13278307__an-overview-of-mobile-colistin-resistance-mcr-g  (50377 chars)  An Overview of Mobile Colistin Resistance (mcr) Genes in Gram-Negative Bacilli.
[21:35:49]   + PMC13231680__mechanistic-insights-into-phthalylsulfacetamide  (61997 chars)  Mechanistic insights into phthalylsulfacetamide-induced restoration of meropenem bactericidal activity in NDM-1-positive Escherichia coli.
[21:35:49]   + PMC12624714__membrane-proteins-clcb-ptsi-and-ycam-mediate-th  (45965 chars)  Membrane Proteins ClcB, PtsI, and YcaM Mediate the Bactericidal Effects of Colistin in &lt;i&gt;Escherichia coli&lt;/i&gt;.
[21:35:49]   + PMC12971581__ochrobactrum-anthropi-causing-fournier-s-gangre  (19327 chars)  Ochrobactrum anthropi Causing Fournier's Gangrene: A Report of a Rare Case.
[21:35:49]   + PMC13139079__environmental-resistome-of-culturable-gram-nega  (99400 chars)  Environmental resistome of culturable gram-negative bacilli from the Yaque del Norte River: baseline genomic evidence for one health surveillance.
[21:35:49]   + PMC12312563__structures-of-listeria-monocytogenes-mend-in-th  (47406 chars)  Structures of Listeria monocytogenes MenD in ThDP-bound and in-crystallo captured intermediate I-bound forms.
[21:35:49]   + PMC12657337__high-level-production-of-vitamin-k2-in-lt-i-gt  (57814 chars)  High-level production of vitamin K2 in &lt;i&gt;Escherichia coli&lt;/i&gt; via modular molecular engineering.
[21:35:49]   + PMC12935629__microbial-biofortification-of-fermented-foods-a  (82075 chars)  Microbial biofortification of fermented foods: a review of probiotic-mediated nutrient enhancement.
[21:35:49]   + PMC12421875__the-growth-benefits-and-toxicity-of-quinone-bio  (62985 chars)  The growth benefits and toxicity of quinone biosynthesis are balanced by a dual regulatory mechanism and substrate limitations.
[21:35:49]   + PMC11946230__a-high-throughput-screening-strategy-for-lt-i-g  (56775 chars)  A High-Throughput Screening Strategy for &lt;i&gt;Bacillus subtilis&lt;/i&gt; Producing Menaquinone-7 Based on Fluorescence-Activated Cell Sorting.
[21:35:49]   + PMC13264790__comprehensive-bioinformatics-and-experimental-a  (56880 chars)  Comprehensive bioinformatics and experimental analysis of PPOX reveals its carcinogenic effect in clear cell renal cell carcinoma.
[21:35:49]   + PMC12180156__update-of-the-sideroflexin-slc56-gene-family  (67304 chars)  Update of the sideroflexin (SLC56) gene family.
[21:35:49]   + PMC13233763__glycine-the-missing-link-between-carbohydrate-a  (63898 chars)  Glycine: The missing link between carbohydrate and xenobiotic metabolism in the maturing human hepatocyte.
[21:35:49]   + PMC12898691__cladeoscope-gsa-revealing-evolutionary-associat  (27668 chars)  CladeOScope-GSA: Revealing Evolutionary Associations Across Gene Sets.
[21:35:49]   + PMC12856317__a-reversible-feedback-mechanism-regulating-mito  (54436 chars)  A reversible feedback mechanism regulating mitochondrial heme synthesis.
[21:35:49]   + PMC12797059__association-of-gender-and-main-comorbidities-wi  (43542 chars)  Association of gender and main comorbidities with expression of lncRNAs and mRNAs in COVID-19 patients
[21:35:49]   + PMC12452463__enterobactin-a-key-player-in-bacterial-iron-acq  (68085 chars)  Enterobactin: A key player in bacterial iron acquisition and virulence and its implications for vaccine development and antimicrobial strategies.
[21:35:49]   + PMC12649316__genotypic-characterization-of-virulence-factors  (62488 chars)  Genotypic Characterization of Virulence Factors in Extended-Spectrum Beta-Lactamase (ESBL)-Producing &lt;i&gt;Escherichia coli&lt;/i&gt; Strains from Chickens in Hungary.
[21:35:49]   + PMC12096016__the-enterobactin-biosynthetic-intermediate-2-3  (43667 chars)  The enterobactin biosynthetic intermediate 2,3-dihydroxybenzoic acid is a competitive inhibitor of the Escherichia coli isochorismatase EntB.
[21:35:49]   + PMC13010160__despite-inducing-antioxidant-regulation-superox  (45117 chars)  Despite inducing antioxidant regulation, superoxide dismutase deficiency makes &lt;i&gt;Escherichia coli&lt;/i&gt; more sensitive to hydrogen peroxide.
[21:35:49]   + PMC12737783__virulence-gene-profiles-of-extended-spectrum-la  (82731 chars)  Virulence Gene Profiles of Extended-Spectrum β-Lactamase (ESBL)-Producing &lt;i&gt;Escherichia coli&lt;/i&gt; Isolated from Turkeys in Hungary: A Whole-Genome Sequencing Study.
[21:35:49]   + PMC12113831__in-vitro-evaluation-of-the-healing-potential-an  (71594 chars)  In Vitro Evaluation of the Healing Potential and Proteomic Study of &lt;i&gt;Quercus robur&lt;/i&gt; L. Leaf Extracts in Human Keratinocytes.
[21:35:49]   + PMC12993329__cd79a-cd40-intracellular-domain-uses-a-4-1bb-li  (66524 chars)  CD79A/CD40 intracellular domain uses a 4-1BB-like metabolic pathway driven by cholesterol biosynthesis.
[21:35:49]   + PMC12428349__cholesterol-regulates-airway-epithelial-cell-di  (70054 chars)  Cholesterol Regulates Airway Epithelial Cell Differentiation by Inhibiting p53 Nuclear Translocation.
[21:35:49]   + PMC12782028__cholesterol-and-steroid-synthesis-pathways-may  (43679 chars)  Cholesterol and steroid synthesis pathways may be involved in the inhibition of osteosarcoma cell viability by calcium-sensing receptor antagonism.
[21:35:49]   + PMC11385646__a-multi-layered-integrative-analysis-reveals-a  (47420 chars)  A multi-layered integrative analysis reveals a cholesterol metabolic program in outer radial glia with implications for human brain evolution.
[21:35:49]   + PMC12705669__histone-methyltransferase-prdm9-promotes-surviv  (107536 chars)  Histone methyltransferase PRDM9 promotes survival of drug-tolerant persister cells in glioblastoma.
[21:35:49] planned 28 paper(s) x 2 mode(s) = 56 run(s); 8 candidate(s) skipped (see skipped.json)
[21:35:49] running 56 paper+mode pair(s) sequentially
[21:35:49] whole-night deadline : 10.0h from now
[21:35:49] [1/56] PMC12444477__the-regulation-of-lipid-a-biosynthesis / strict -> starting (timeout 3600s)
[21:35:50] [1/56] PMC12444477__the-regulation-of-lipid-a-biosynthesis / strict -> ERROR (crash) in 0.0s
[21:35:50]     1/28 done | strict 0 pass 1 fail | research 0 pass
[21:35:50] [2/56] PMC12444477__the-regulation-of-lipid-a-biosynthesis / research -> starting (timeout 3600s)
[21:35:50] [2/56] PMC12444477__the-regulation-of-lipid-a-biosynthesis / research -> ERROR (crash) in 0.0s
[21:35:50]     1/28 done | strict 0 pass 1 fail | research 0 pass 1 fail | 1 RESEARCH DEFECT
[21:35:50] [3/56] PMC13278307__an-overview-of-mobile-colistin-resistance-mcr-g / strict -> starting (timeout 3600s)
[21:35:50] [3/56] PMC13278307__an-overview-of-mobile-colistin-resistance-mcr-g / strict -> ERROR (crash) in 0.0s
[21:35:50]     2/28 done | strict 0 pass 2 fail | research 0 pass 1 fail | 1 RESEARCH DEFECT
[21:35:50] [4/56] PMC13278307__an-overview-of-mobile-colistin-resistance-mcr-g / research -> starting (timeout 3600s)
[21:35:51] [4/56] PMC13278307__an-overview-of-mobile-colistin-resistance-mcr-g / research -> ERROR (crash) in 0.0s
[21:35:51]     2/28 done | strict 0 pass 2 fail | research 0 pass 2 fail | 2 RESEARCH DEFECT
[21:35:51] [5/56] PMC13231680__mechanistic-insights-into-phthalylsulfacetamide / strict -> starting (timeout 3600s)
[21:35:51] [5/56] PMC13231680__mechanistic-insights-into-phthalylsulfacetamide / strict -> ERROR (crash) in 0.0s
[21:35:51]     3/28 done | strict 0 pass 3 fail | research 0 pass 2 fail | 2 RESEARCH DEFECT
[21:35:51] [6/56] PMC13231680__mechanistic-insights-into-phthalylsulfacetamide / research -> starting (timeout 3600s)
[21:35:52] [6/56] PMC13231680__mechanistic-insights-into-phthalylsulfacetamide / research -> ERROR (crash) in 0.0s
[21:35:52]     3/28 done | strict 0 pass 3 fail | research 0 pass 3 fail | 3 RESEARCH DEFECT
[21:35:52] [7/56] PMC12624714__membrane-proteins-clcb-ptsi-and-ycam-mediate-th / strict -> starting (timeout 3600s)
[21:35:52] [7/56] PMC12624714__membrane-proteins-clcb-ptsi-and-ycam-mediate-th / strict -> ERROR (crash) in 0.0s
[21:35:52]     4/28 done | strict 0 pass 4 fail | research 0 pass 3 fail | 3 RESEARCH DEFECT
[21:35:52] [8/56] PMC12624714__membrane-proteins-clcb-ptsi-and-ycam-mediate-th / research -> starting (timeout 3600s)
[21:35:52] [8/56] PMC12624714__membrane-proteins-clcb-ptsi-and-ycam-mediate-th / research -> ERROR (crash) in 0.0s
[21:35:52]     4/28 done | strict 0 pass 4 fail | research 0 pass 4 fail | 4 RESEARCH DEFECT
[21:35:52] [9/56] PMC12971581__ochrobactrum-anthropi-causing-fournier-s-gangre / strict -> starting (timeout 3600s)
[21:35:53] [9/56] PMC12971581__ochrobactrum-anthropi-causing-fournier-s-gangre / strict -> ERROR (crash) in 0.0s
[21:35:53]     5/28 done | strict 0 pass 5 fail | research 0 pass 4 fail | 4 RESEARCH DEFECT
[21:35:53] [10/56] PMC12971581__ochrobactrum-anthropi-causing-fournier-s-gangre / research -> starting (timeout 3600s)
[21:35:53] [10/56] PMC12971581__ochrobactrum-anthropi-causing-fournier-s-gangre / research -> ERROR (crash) in 0.0s
[21:35:53]     5/28 done | strict 0 pass 5 fail | research 0 pass 5 fail | 5 RESEARCH DEFECT
[21:35:53] [11/56] PMC13139079__environmental-resistome-of-culturable-gram-nega / strict -> starting (timeout 3600s)
[21:35:54] [11/56] PMC13139079__environmental-resistome-of-culturable-gram-nega / strict -> ERROR (crash) in 0.0s
[21:35:54]     6/28 done | strict 0 pass 6 fail | research 0 pass 5 fail | 5 RESEARCH DEFECT
[21:35:54] [12/56] PMC13139079__environmental-resistome-of-culturable-gram-nega / research -> starting (timeout 3600s)
[21:35:54] [12/56] PMC13139079__environmental-resistome-of-culturable-gram-nega / research -> ERROR (crash) in 0.0s
[21:35:54]     6/28 done | strict 0 pass 6 fail | research 0 pass 6 fail | 6 RESEARCH DEFECT
[21:35:54] [13/56] PMC12312563__structures-of-listeria-monocytogenes-mend-in-th / strict -> starting (timeout 3600s)
[21:35:55] [13/56] PMC12312563__structures-of-listeria-monocytogenes-mend-in-th / strict -> ERROR (crash) in 0.0s
[21:35:55]     7/28 done | strict 0 pass 7 fail | research 0 pass 6 fail | 6 RESEARCH DEFECT
[21:35:55] [14/56] PMC12312563__structures-of-listeria-monocytogenes-mend-in-th / research -> starting (timeout 3600s)
[21:35:55] [14/56] PMC12312563__structures-of-listeria-monocytogenes-mend-in-th / research -> ERROR (crash) in 0.0s
[21:35:55]     7/28 done | strict 0 pass 7 fail | research 0 pass 7 fail | 7 RESEARCH DEFECT
[21:35:55] [15/56] PMC12657337__high-level-production-of-vitamin-k2-in-lt-i-gt / strict -> starting (timeout 3600s)
[21:35:55] [15/56] PMC12657337__high-level-production-of-vitamin-k2-in-lt-i-gt / strict -> ERROR (crash) in 0.0s
[21:35:55]     8/28 done | strict 0 pass 8 fail | research 0 pass 7 fail | 7 RESEARCH DEFECT
[21:35:55] [16/56] PMC12657337__high-level-production-of-vitamin-k2-in-lt-i-gt / research -> starting (timeout 3600s)
[21:35:56] [16/56] PMC12657337__high-level-production-of-vitamin-k2-in-lt-i-gt / research -> ERROR (crash) in 0.0s
[21:35:56]     8/28 done | strict 0 pass 8 fail | research 0 pass 8 fail | 8 RESEARCH DEFECT
[21:35:56] [17/56] PMC12935629__microbial-biofortification-of-fermented-foods-a / strict -> starting (timeout 3600s)
[21:35:56] [17/56] PMC12935629__microbial-biofortification-of-fermented-foods-a / strict -> ERROR (crash) in 0.0s
[21:35:56]     9/28 done | strict 0 pass 9 fail | research 0 pass 8 fail | 8 RESEARCH DEFECT
[21:35:56] [18/56] PMC12935629__microbial-biofortification-of-fermented-foods-a / research -> starting (timeout 3600s)
[21:35:57] [18/56] PMC12935629__microbial-biofortification-of-fermented-foods-a / research -> ERROR (crash) in 0.0s
[21:35:57]     9/28 done | strict 0 pass 9 fail | research 0 pass 9 fail | 9 RESEARCH DEFECT
[21:35:57] [19/56] PMC12421875__the-growth-benefits-and-toxicity-of-quinone-bio / strict -> starting (timeout 3600s)
[21:35:57] [19/56] PMC12421875__the-growth-benefits-and-toxicity-of-quinone-bio / strict -> ERROR (crash) in 0.0s
[21:35:57]     10/28 done | strict 0 pass 10 fail | research 0 pass 9 fail | 9 RESEARCH DEFECT
[21:35:57] [20/56] PMC12421875__the-growth-benefits-and-toxicity-of-quinone-bio / research -> starting (timeout 3600s)
[21:35:58] [20/56] PMC12421875__the-growth-benefits-and-toxicity-of-quinone-bio / research -> ERROR (crash) in 0.0s
[21:35:58]     10/28 done | strict 0 pass 10 fail | research 0 pass 10 fail | 10 RESEARCH DEFECT
[21:35:58] [21/56] PMC11946230__a-high-throughput-screening-strategy-for-lt-i-g / strict -> starting (timeout 3600s)
[21:35:58] [21/56] PMC11946230__a-high-throughput-screening-strategy-for-lt-i-g / strict -> ERROR (crash) in 0.0s
[21:35:58]     11/28 done | strict 0 pass 11 fail | research 0 pass 10 fail | 10 RESEARCH DEFECT
[21:35:58] [22/56] PMC11946230__a-high-throughput-screening-strategy-for-lt-i-g / research -> starting (timeout 3600s)
[21:35:58] [22/56] PMC11946230__a-high-throughput-screening-strategy-for-lt-i-g / research -> ERROR (crash) in 0.0s
[21:35:58]     11/28 done | strict 0 pass 11 fail | research 0 pass 11 fail | 11 RESEARCH DEFECT
[21:35:58] [23/56] PMC13264790__comprehensive-bioinformatics-and-experimental-a / strict -> starting (timeout 3600s)
[21:35:59] [23/56] PMC13264790__comprehensive-bioinformatics-and-experimental-a / strict -> ERROR (crash) in 0.0s
[21:35:59]     12/28 done | strict 0 pass 12 fail | research 0 pass 11 fail | 11 RESEARCH DEFECT
[21:35:59] [24/56] PMC13264790__comprehensive-bioinformatics-and-experimental-a / research -> starting (timeout 3600s)
[21:35:59] [24/56] PMC13264790__comprehensive-bioinformatics-and-experimental-a / research -> ERROR (crash) in 0.0s
[21:35:59]     12/28 done | strict 0 pass 12 fail | research 0 pass 12 fail | 12 RESEARCH DEFECT
[21:35:59] [25/56] PMC12180156__update-of-the-sideroflexin-slc56-gene-family / strict -> starting (timeout 3600s)
[21:36:00] [25/56] PMC12180156__update-of-the-sideroflexin-slc56-gene-family / strict -> ERROR (crash) in 0.0s
[21:36:00]     13/28 done | strict 0 pass 13 fail | research 0 pass 12 fail | 12 RESEARCH DEFECT
[21:36:00] [26/56] PMC12180156__update-of-the-sideroflexin-slc56-gene-family / research -> starting (timeout 3600s)
[21:36:00] [26/56] PMC12180156__update-of-the-sideroflexin-slc56-gene-family / research -> ERROR (crash) in 0.0s
[21:36:00]     13/28 done | strict 0 pass 13 fail | research 0 pass 13 fail | 13 RESEARCH DEFECT
[21:36:00] [27/56] PMC13233763__glycine-the-missing-link-between-carbohydrate-a / strict -> starting (timeout 3600s)
[21:36:00] [27/56] PMC13233763__glycine-the-missing-link-between-carbohydrate-a / strict -> ERROR (crash) in 0.0s
[21:36:00]     14/28 done | strict 0 pass 14 fail | research 0 pass 13 fail | 13 RESEARCH DEFECT
[21:36:00] [28/56] PMC13233763__glycine-the-missing-link-between-carbohydrate-a / research -> starting (timeout 3600s)
[21:36:01] [28/56] PMC13233763__glycine-the-missing-link-between-carbohydrate-a / research -> ERROR (crash) in 0.0s
[21:36:01]     14/28 done | strict 0 pass 14 fail | research 0 pass 14 fail | 14 RESEARCH DEFECT
[21:36:01] [29/56] PMC12898691__cladeoscope-gsa-revealing-evolutionary-associat / strict -> starting (timeout 3600s)
[21:36:01] [29/56] PMC12898691__cladeoscope-gsa-revealing-evolutionary-associat / strict -> ERROR (crash) in 0.0s
[21:36:01]     15/28 done | strict 0 pass 15 fail | research 0 pass 14 fail | 14 RESEARCH DEFECT
[21:36:01] [30/56] PMC12898691__cladeoscope-gsa-revealing-evolutionary-associat / research -> starting (timeout 3600s)
[21:36:02] [30/56] PMC12898691__cladeoscope-gsa-revealing-evolutionary-associat / research -> ERROR (crash) in 0.0s
[21:36:02]     15/28 done | strict 0 pass 15 fail | research 0 pass 15 fail | 15 RESEARCH DEFECT
[21:36:02] [31/56] PMC12856317__a-reversible-feedback-mechanism-regulating-mito / strict -> starting (timeout 3600s)
[21:36:02] [31/56] PMC12856317__a-reversible-feedback-mechanism-regulating-mito / strict -> ERROR (crash) in 0.0s
[21:36:02]     16/28 done | strict 0 pass 16 fail | research 0 pass 15 fail | 15 RESEARCH DEFECT
[21:36:02] [32/56] PMC12856317__a-reversible-feedback-mechanism-regulating-mito / research -> starting (timeout 3600s)
[21:36:03] [32/56] PMC12856317__a-reversible-feedback-mechanism-regulating-mito / research -> ERROR (crash) in 0.0s
[21:36:03]     16/28 done | strict 0 pass 16 fail | research 0 pass 16 fail | 16 RESEARCH DEFECT
[21:36:03] [33/56] PMC12797059__association-of-gender-and-main-comorbidities-wi / strict -> starting (timeout 3600s)
[21:36:03] [33/56] PMC12797059__association-of-gender-and-main-comorbidities-wi / strict -> ERROR (crash) in 0.0s
[21:36:03]     17/28 done | strict 0 pass 17 fail | research 0 pass 16 fail | 16 RESEARCH DEFECT
[21:36:03] [34/56] PMC12797059__association-of-gender-and-main-comorbidities-wi / research -> starting (timeout 3600s)
[21:36:03] [34/56] PMC12797059__association-of-gender-and-main-comorbidities-wi / research -> ERROR (crash) in 0.0s
[21:36:03]     17/28 done | strict 0 pass 17 fail | research 0 pass 17 fail | 17 RESEARCH DEFECT
[21:36:03] [35/56] PMC12452463__enterobactin-a-key-player-in-bacterial-iron-acq / strict -> starting (timeout 3600s)
[21:36:04] [35/56] PMC12452463__enterobactin-a-key-player-in-bacterial-iron-acq / strict -> ERROR (crash) in 0.0s
[21:36:04]     18/28 done | strict 0 pass 18 fail | research 0 pass 17 fail | 17 RESEARCH DEFECT
[21:36:04] [36/56] PMC12452463__enterobactin-a-key-player-in-bacterial-iron-acq / research -> starting (timeout 3600s)
[21:36:04] [36/56] PMC12452463__enterobactin-a-key-player-in-bacterial-iron-acq / research -> ERROR (crash) in 0.0s
[21:36:04]     18/28 done | strict 0 pass 18 fail | research 0 pass 18 fail | 18 RESEARCH DEFECT
[21:36:04] [37/56] PMC12649316__genotypic-characterization-of-virulence-factors / strict -> starting (timeout 3600s)
[21:36:05] [37/56] PMC12649316__genotypic-characterization-of-virulence-factors / strict -> ERROR (crash) in 0.0s
[21:36:05]     19/28 done | strict 0 pass 19 fail | research 0 pass 18 fail | 18 RESEARCH DEFECT
[21:36:05] [38/56] PMC12649316__genotypic-characterization-of-virulence-factors / research -> starting (timeout 3600s)
[21:36:05] [38/56] PMC12649316__genotypic-characterization-of-virulence-factors / research -> ERROR (crash) in 0.0s
[21:36:05]     19/28 done | strict 0 pass 19 fail | research 0 pass 19 fail | 19 RESEARCH DEFECT
[21:36:05] [39/56] PMC12096016__the-enterobactin-biosynthetic-intermediate-2-3 / strict -> starting (timeout 3600s)
[21:36:06] [39/56] PMC12096016__the-enterobactin-biosynthetic-intermediate-2-3 / strict -> ERROR (crash) in 0.0s
[21:36:06]     20/28 done | strict 0 pass 20 fail | research 0 pass 19 fail | 19 RESEARCH DEFECT
[21:36:06] [40/56] PMC12096016__the-enterobactin-biosynthetic-intermediate-2-3 / research -> starting (timeout 3600s)
[21:36:06] [40/56] PMC12096016__the-enterobactin-biosynthetic-intermediate-2-3 / research -> ERROR (crash) in 0.0s
[21:36:06]     20/28 done | strict 0 pass 20 fail | research 0 pass 20 fail | 20 RESEARCH DEFECT
[21:36:06] [41/56] PMC13010160__despite-inducing-antioxidant-regulation-superox / strict -> starting (timeout 3600s)
[21:36:06] [41/56] PMC13010160__despite-inducing-antioxidant-regulation-superox / strict -> ERROR (crash) in 0.0s
[21:36:06]     21/28 done | strict 0 pass 21 fail | research 0 pass 20 fail | 20 RESEARCH DEFECT
[21:36:06] [42/56] PMC13010160__despite-inducing-antioxidant-regulation-superox / research -> starting (timeout 3600s)
[21:36:07] [42/56] PMC13010160__despite-inducing-antioxidant-regulation-superox / research -> ERROR (crash) in 0.0s
[21:36:07]     21/28 done | strict 0 pass 21 fail | research 0 pass 21 fail | 21 RESEARCH DEFECT
[21:36:07] [43/56] PMC12737783__virulence-gene-profiles-of-extended-spectrum-la / strict -> starting (timeout 3600s)
[21:36:07] [43/56] PMC12737783__virulence-gene-profiles-of-extended-spectrum-la / strict -> ERROR (crash) in 0.0s
[21:36:07]     22/28 done | strict 0 pass 22 fail | research 0 pass 21 fail | 21 RESEARCH DEFECT
[21:36:07] [44/56] PMC12737783__virulence-gene-profiles-of-extended-spectrum-la / research -> starting (timeout 3600s)
[21:36:08] [44/56] PMC12737783__virulence-gene-profiles-of-extended-spectrum-la / research -> ERROR (crash) in 0.0s
[21:36:08]     22/28 done | strict 0 pass 22 fail | research 0 pass 22 fail | 22 RESEARCH DEFECT
[21:36:08] [45/56] PMC12113831__in-vitro-evaluation-of-the-healing-potential-an / strict -> starting (timeout 3600s)
[21:36:08] [45/56] PMC12113831__in-vitro-evaluation-of-the-healing-potential-an / strict -> ERROR (crash) in 0.0s
[21:36:08]     23/28 done | strict 0 pass 23 fail | research 0 pass 22 fail | 22 RESEARCH DEFECT
[21:36:08] [46/56] PMC12113831__in-vitro-evaluation-of-the-healing-potential-an / research -> starting (timeout 3600s)
[21:36:08] [46/56] PMC12113831__in-vitro-evaluation-of-the-healing-potential-an / research -> ERROR (crash) in 0.0s
[21:36:08]     23/28 done | strict 0 pass 23 fail | research 0 pass 23 fail | 23 RESEARCH DEFECT
[21:36:08] [47/56] PMC12993329__cd79a-cd40-intracellular-domain-uses-a-4-1bb-li / strict -> starting (timeout 3600s)
[21:36:09] [47/56] PMC12993329__cd79a-cd40-intracellular-domain-uses-a-4-1bb-li / strict -> ERROR (crash) in 0.0s
[21:36:09]     24/28 done | strict 0 pass 24 fail | research 0 pass 23 fail | 23 RESEARCH DEFECT
[21:36:09] [48/56] PMC12993329__cd79a-cd40-intracellular-domain-uses-a-4-1bb-li / research -> starting (timeout 3600s)
[21:36:09] [48/56] PMC12993329__cd79a-cd40-intracellular-domain-uses-a-4-1bb-li / research -> ERROR (crash) in 0.0s
[21:36:09]     24/28 done | strict 0 pass 24 fail | research 0 pass 24 fail | 24 RESEARCH DEFECT
[21:36:09] [49/56] PMC12428349__cholesterol-regulates-airway-epithelial-cell-di / strict -> starting (timeout 3600s)
[21:36:10] [49/56] PMC12428349__cholesterol-regulates-airway-epithelial-cell-di / strict -> ERROR (crash) in 0.0s
[21:36:10]     25/28 done | strict 0 pass 25 fail | research 0 pass 24 fail | 24 RESEARCH DEFECT
[21:36:10] [50/56] PMC12428349__cholesterol-regulates-airway-epithelial-cell-di / research -> starting (timeout 3600s)
[21:36:10] [50/56] PMC12428349__cholesterol-regulates-airway-epithelial-cell-di / research -> ERROR (crash) in 0.0s
[21:36:10]     25/28 done | strict 0 pass 25 fail | research 0 pass 25 fail | 25 RESEARCH DEFECT
[21:36:10] [51/56] PMC12782028__cholesterol-and-steroid-synthesis-pathways-may / strict -> starting (timeout 3600s)
[21:36:11] [51/56] PMC12782028__cholesterol-and-steroid-synthesis-pathways-may / strict -> ERROR (crash) in 0.0s
[21:36:11]     26/28 done | strict 0 pass 26 fail | research 0 pass 25 fail | 25 RESEARCH DEFECT
[21:36:11] [52/56] PMC12782028__cholesterol-and-steroid-synthesis-pathways-may / research -> starting (timeout 3600s)
[21:36:11] [52/56] PMC12782028__cholesterol-and-steroid-synthesis-pathways-may / research -> ERROR (crash) in 0.0s
[21:36:11]     26/28 done | strict 0 pass 26 fail | research 0 pass 26 fail | 26 RESEARCH DEFECT
[21:36:11] [53/56] PMC11385646__a-multi-layered-integrative-analysis-reveals-a / strict -> starting (timeout 3600s)
[21:36:11] [53/56] PMC11385646__a-multi-layered-integrative-analysis-reveals-a / strict -> ERROR (crash) in 0.0s
[21:36:11]     27/28 done | strict 0 pass 27 fail | research 0 pass 26 fail | 26 RESEARCH DEFECT
[21:36:11] [54/56] PMC11385646__a-multi-layered-integrative-analysis-reveals-a / research -> starting (timeout 3600s)
[21:36:12] [54/56] PMC11385646__a-multi-layered-integrative-analysis-reveals-a / research -> ERROR (crash) in 0.0s
[21:36:12]     27/28 done | strict 0 pass 27 fail | research 0 pass 27 fail | 27 RESEARCH DEFECT
[21:36:12] [55/56] PMC12705669__histone-methyltransferase-prdm9-promotes-surviv / strict -> starting (timeout 3600s)
[21:36:12] [55/56] PMC12705669__histone-methyltransferase-prdm9-promotes-surviv / strict -> ERROR (crash) in 0.0s
[21:36:12]     28/28 done | strict 0 pass 28 fail | research 0 pass 27 fail | 27 RESEARCH DEFECT
[21:36:12] [56/56] PMC12705669__histone-methyltransferase-prdm9-promotes-surviv / research -> starting (timeout 3600s)
[21:36:13] [56/56] PMC12705669__histone-methyltransferase-prdm9-promotes-surviv / research -> ERROR (crash) in 0.0s
[21:36:13]     28/28 done | strict 0 pass 28 fail | research 0 pass 28 fail | 28 RESEARCH DEFECT
[21:36:13] run directory : C:\Users\Angad\Desktop\SummerBIOIN\Project14-T2PW\runs\2026-07-27_2135
[21:36:13] summary       : C:\Users\Angad\Desktop\SummerBIOIN\Project14-T2PW\runs\2026-07-27_2135\SUMMARY.txt
[21:36:13] fix-list      : C:\Users\Angad\Desktop\SummerBIOIN\Project14-T2PW\runs\2026-07-27_2135\failures_by_code.txt
[21:36:13] FAILURES: 56 of 56 paper+mode run(s) did not pass
